llvm-lit: /work/vendor/llvm-mos/llvm/utils/lit/lit/llvm/subst.py:130: note: Did not find lli in /work/build/llvm-mos/bin
llvm-lit: /work/vendor/llvm-mos/llvm/utils/lit/lit/llvm/subst.py:130: note: Did not find llvm-install-name-tool in /work/build/llvm-mos/bin
llvm-lit: /work/vendor/llvm-mos/llvm/utils/lit/lit/llvm/subst.py:130: note: Did not find llvm-bitcode-strip in /work/build/llvm-mos/bin
llvm-lit: /work/vendor/llvm-mos/llvm/utils/lit/lit/llvm/subst.py:130: note: Did not find dsymutil in /work/build/llvm-mos/bin
llvm-lit: /work/vendor/llvm-mos/llvm/utils/lit/lit/llvm/subst.py:130: note: Did not find lli in /work/build/llvm-mos/bin
llvm-lit: /work/vendor/llvm-mos/llvm/utils/lit/lit/llvm/subst.py:130: note: Did not find lli-child-target in /work/build/llvm-mos/bin
llvm-lit: /work/vendor/llvm-mos/llvm/utils/lit/lit/llvm/subst.py:130: note: Did not find llubi in /work/build/llvm-mos/bin
llvm-lit: /work/vendor/llvm-mos/llvm/utils/lit/lit/llvm/subst.py:130: note: Did not find llvm-as in /work/build/llvm-mos/bin
llvm-lit: /work/vendor/llvm-mos/llvm/utils/lit/lit/llvm/subst.py:130: note: Did not find llvm-bcanalyzer in /work/build/llvm-mos/bin
llvm-lit: /work/vendor/llvm-mos/llvm/utils/lit/lit/llvm/subst.py:130: note: Did not find llvm-bitcode-strip in /work/build/llvm-mos/bin
llvm-lit: /work/vendor/llvm-mos/llvm/utils/lit/lit/llvm/subst.py:130: note: Did not find llvm-cas in /work/build/llvm-mos/bin
llvm-lit: /work/vendor/llvm-mos/llvm/utils/lit/lit/llvm/subst.py:130: note: Did not find llvm-cgdata in /work/build/llvm-mos/bin
llvm-lit: /work/vendor/llvm-mos/llvm/utils/lit/lit/llvm/subst.py:130: note: Did not find llvm-cov in /work/build/llvm-mos/bin
llvm-lit: /work/vendor/llvm-mos/llvm/utils/lit/lit/llvm/subst.py:130: note: Did not find llvm-ctxprof-util in /work/build/llvm-mos/bin
llvm-lit: /work/vendor/llvm-mos/llvm/utils/lit/lit/llvm/subst.py:130: note: Did not find llvm-cxxdump in /work/build/llvm-mos/bin
llvm-lit: /work/vendor/llvm-mos/llvm/utils/lit/lit/llvm/subst.py:130: note: Did not find llvm-cvtres in /work/build/llvm-mos/bin
llvm-lit: /work/vendor/llvm-mos/llvm/utils/lit/lit/llvm/subst.py:130: note: Did not find llvm-debuginfod-find in /work/build/llvm-mos/bin
llvm-lit: /work/vendor/llvm-mos/llvm/utils/lit/lit/llvm/subst.py:130: note: Did not find llvm-debuginfo-analyzer in /work/build/llvm-mos/bin
llvm-lit: /work/vendor/llvm-mos/llvm/utils/lit/lit/llvm/subst.py:130: note: Did not find llvm-diff in /work/build/llvm-mos/bin
llvm-lit: /work/vendor/llvm-mos/llvm/utils/lit/lit/llvm/subst.py:130: note: Did not find llvm-dwarfutil in /work/build/llvm-mos/bin
llvm-lit: /work/vendor/llvm-mos/llvm/utils/lit/lit/llvm/subst.py:130: note: Did not find llvm-dwp in /work/build/llvm-mos/bin
llvm-lit: /work/vendor/llvm-mos/llvm/utils/lit/lit/llvm/subst.py:130: note: Did not find llvm-dlltool in /work/build/llvm-mos/bin
llvm-lit: /work/vendor/llvm-mos/llvm/utils/lit/lit/llvm/subst.py:130: note: Did not find llvm-exegesis in /work/build/llvm-mos/bin
llvm-lit: /work/vendor/llvm-mos/llvm/utils/lit/lit/llvm/subst.py:130: note: Did not find llvm-ir2vec in /work/build/llvm-mos/bin
llvm-lit: /work/vendor/llvm-mos/llvm/utils/lit/lit/llvm/subst.py:130: note: Did not find llvm-isel-fuzzer in /work/build/llvm-mos/bin
llvm-lit: /work/vendor/llvm-mos/llvm/utils/lit/lit/llvm/subst.py:130: note: Did not find llvm-ifs in /work/build/llvm-mos/bin
llvm-lit: /work/vendor/llvm-mos/llvm/utils/lit/lit/llvm/subst.py:130: note: Did not find llvm-install-name-tool in /work/build/llvm-mos/bin
llvm-lit: /work/vendor/llvm-mos/llvm/utils/lit/lit/llvm/subst.py:130: note: Did not find llvm-jitlink in /work/build/llvm-mos/bin
llvm-lit: /work/vendor/llvm-mos/llvm/utils/lit/lit/llvm/subst.py:130: note: Did not find llvm-opt-fuzzer in /work/build/llvm-mos/bin
llvm-lit: /work/vendor/llvm-mos/llvm/utils/lit/lit/llvm/subst.py:130: note: Did not find llvm-lib in /work/build/llvm-mos/bin
llvm-lit: /work/vendor/llvm-mos/llvm/utils/lit/lit/llvm/subst.py:130: note: Did not find llvm-link in /work/build/llvm-mos/bin
llvm-lit: /work/vendor/llvm-mos/llvm/utils/lit/lit/llvm/subst.py:130: note: Did not find llvm-lto in /work/build/llvm-mos/bin
llvm-lit: /work/vendor/llvm-mos/llvm/utils/lit/lit/llvm/subst.py:130: note: Did not find llvm-lto2 in /work/build/llvm-mos/bin
llvm-lit: /work/vendor/llvm-mos/llvm/utils/lit/lit/llvm/subst.py:130: note: Did not find llvm-mca in /work/build/llvm-mos/bin
llvm-lit: /work/vendor/llvm-mos/llvm/utils/lit/lit/llvm/subst.py:130: note: Did not find llvm-modextract in /work/build/llvm-mos/bin
llvm-lit: /work/vendor/llvm-mos/llvm/utils/lit/lit/llvm/subst.py:130: note: Did not find llvm-otool in /work/build/llvm-mos/bin
llvm-lit: /work/vendor/llvm-mos/llvm/utils/lit/lit/llvm/subst.py:130: note: Did not find llvm-pdbutil in /work/build/llvm-mos/bin
llvm-lit: /work/vendor/llvm-mos/llvm/utils/lit/lit/llvm/subst.py:130: note: Did not find llvm-profdata in /work/build/llvm-mos/bin
llvm-lit: /work/vendor/llvm-mos/llvm/utils/lit/lit/llvm/subst.py:130: note: Did not find llvm-profgen in /work/build/llvm-mos/bin
llvm-lit: /work/vendor/llvm-mos/llvm/utils/lit/lit/llvm/subst.py:130: note: Did not find llvm-rc in /work/build/llvm-mos/bin
llvm-lit: /work/vendor/llvm-mos/llvm/utils/lit/lit/llvm/subst.py:130: note: Did not find llvm-rtdyld in /work/build/llvm-mos/bin
llvm-lit: /work/vendor/llvm-mos/llvm/utils/lit/lit/llvm/subst.py:130: note: Did not find llvm-sim in /work/build/llvm-mos/bin
llvm-lit: /work/vendor/llvm-mos/llvm/utils/lit/lit/llvm/subst.py:130: note: Did not find llvm-split in /work/build/llvm-mos/bin
llvm-lit: /work/vendor/llvm-mos/llvm/utils/lit/lit/llvm/subst.py:130: note: Did not find llvm-stress in /work/build/llvm-mos/bin
llvm-lit: /work/vendor/llvm-mos/llvm/utils/lit/lit/llvm/subst.py:130: note: Did not find llvm-readtapi in /work/build/llvm-mos/bin
llvm-lit: /work/vendor/llvm-mos/llvm/utils/lit/lit/llvm/subst.py:130: note: Did not find llvm-undname in /work/build/llvm-mos/bin
llvm-lit: /work/vendor/llvm-mos/llvm/utils/lit/lit/llvm/subst.py:130: note: Did not find llvm-windres in /work/build/llvm-mos/bin
llvm-lit: /work/vendor/llvm-mos/llvm/utils/lit/lit/llvm/subst.py:130: note: Did not find llvm-c-test in /work/build/llvm-mos/bin
llvm-lit: /work/vendor/llvm-mos/llvm/utils/lit/lit/llvm/subst.py:130: note: Did not find llvm-xray in /work/build/llvm-mos/bin
llvm-lit: /work/vendor/llvm-mos/llvm/utils/lit/lit/llvm/subst.py:130: note: Did not find yaml2obj in /work/build/llvm-mos/bin
llvm-lit: /work/vendor/llvm-mos/llvm/utils/lit/lit/llvm/subst.py:130: note: Did not find obj2yaml in /work/build/llvm-mos/bin
llvm-lit: /work/vendor/llvm-mos/llvm/utils/lit/lit/llvm/subst.py:130: note: Did not find yaml-bench in /work/build/llvm-mos/bin
llvm-lit: /work/vendor/llvm-mos/llvm/utils/lit/lit/llvm/subst.py:130: note: Did not find verify-uselistorder in /work/build/llvm-mos/bin
llvm-lit: /work/vendor/llvm-mos/llvm/utils/lit/lit/llvm/subst.py:130: note: Did not find sancov in /work/build/llvm-mos/bin
llvm-lit: /work/vendor/llvm-mos/llvm/utils/lit/lit/llvm/subst.py:130: note: Did not find sanstats in /work/build/llvm-mos/bin
llvm-lit: /work/vendor/llvm-mos/llvm/utils/lit/lit/llvm/subst.py:130: note: Did not find llvm-remarkutil in /work/build/llvm-mos/bin
-- Testing: 172 tests, 8 workers --
PASS: LLVM :: CodeGen/MOS/legalizer.mir (1 of 172)
PASS: LLVM :: CodeGen/MOS/inline-spiller-coalesce-scratch-vreg.ll (2 of 172)
PASS: LLVM :: CodeGen/MOS/spill-hoist-scratch-vreg.ll (3 of 172)
PASS: LLVM :: MC/MOS/eflags.s (4 of 172)
PASS: LLVM :: CodeGen/MOS/instruction-selector.mir (5 of 172)
PASS: LLVM :: CodeGen/MOS/far-addressing.ll (6 of 172)
PASS: LLVM :: MC/MOS/eflags-ir.ll (7 of 172)
PASS: LLVM :: CodeGen/MOS/return-frame-address.ll (8 of 172)
PASS: LLVM :: CodeGen/MOS/scavenger-p-undef-6502.ll (9 of 172)
PASS: LLVM :: CodeGen/MOS/far-indir-indexed.ll (10 of 172)
PASS: LLVM :: CodeGen/MOS/inc-dec-65ce02.ll (11 of 172)
PASS: LLVM :: CodeGen/MOS/jump-table-limit.ll (12 of 172)
PASS: LLVM :: CodeGen/MOS/mixed-width-call.ll (13 of 172)
PASS: LLVM :: CodeGen/MOS/zero-page-indexed.mir (14 of 172)
PASS: LLVM :: CodeGen/MOS/inline-asm-physreg-width.ll (15 of 172)
PASS: LLVM :: CodeGen/MOS/a16-indirect-byte-store.ll (16 of 172)
PASS: LLVM :: CodeGen/MOS/vector-scalarize.ll (17 of 172)
PASS: LLVM :: CodeGen/MOS/a16-byte-store.ll (18 of 172)
PASS: LLVM :: CodeGen/MOS/prefetch.ll (19 of 172)
PASS: LLVM :: MC/MOS/brk-signature.s (20 of 172)
PASS: LLVM :: CodeGen/MOS/far-call.ll (21 of 172)
PASS: LLVM :: CodeGen/MOS/shift-rotate.ll (22 of 172)
PASS: LLVM :: CodeGen/MOS/branch-relaxation-bra.mir (23 of 172)
PASS: LLVM :: CodeGen/MOS/inline-asm-multi-register.ll (24 of 172)
PASS: LLVM :: CodeGen/MOS/register-named-globals.ll (25 of 172)
PASS: LLVM :: CodeGen/MOS/inline-asm-indirect-output.ll (26 of 172)
PASS: LLVM :: CodeGen/MOS/combiner.mir (27 of 172)
PASS: LLVM :: MC/MOS/65816-block-move-bank-order.s (28 of 172)
PASS: LLVM :: CodeGen/MOS/zero-page-indexed-stz.mir (29 of 172)
PASS: LLVM :: CodeGen/MOS/hello-world.ll (30 of 172)
PASS: LLVM :: CodeGen/MOS/twoaddr-reschedule-physreg.mir (31 of 172)
PASS: LLVM :: MC/MOS/register-named-symbols.s (32 of 172)
PASS: LLVM :: CodeGen/MOS/char-stats.ll (33 of 172)
PASS: LLVM :: CodeGen/MOS/insert-copies.mir (34 of 172)
PASS: LLVM :: MC/MOS/addressing-modes-65816.s (35 of 172)
PASS: LLVM :: CodeGen/MOS/zero-page-indexed.ll (36 of 172)
PASS: LLVM :: CodeGen/MOS/print-int.ll (37 of 172)
PASS: LLVM :: CodeGen/MOS/prologepilog-ir.mir (38 of 172)
PASS: LLVM :: CodeGen/MOS/float-vector.ll (39 of 172)
PASS: LLVM :: CodeGen/MOS/store-zero.ll (40 of 172)
PASS: LLVM :: CodeGen/MOS/far-legalizer-bridges.ll (41 of 172)
PASS: LLVM :: CodeGen/MOS/shift-rotate-chain.mir (42 of 172)
PASS: LLVM :: CodeGen/MOS/far-phi.ll (43 of 172)
PASS: LLVM :: CodeGen/MOS/cmpzero-terminator-invalid.mir (44 of 172)
PASS: LLVM :: CodeGen/MOS/integer-compare.ll (45 of 172)
PASS: LLVM :: CodeGen/MOS/immediate-remat.ll (46 of 172)
PASS: LLVM :: CodeGen/MOS/copy-opt-chain.mir (47 of 172)
PASS: LLVM :: CodeGen/MOS/zp-byte-index.ll (48 of 172)
PASS: LLVM :: CodeGen/MOS/inc-dec-65c02.ll (49 of 172)
PASS: LLVM :: CodeGen/MOS/char-stats-norecurse.ll (50 of 172)
PASS: LLVM :: CodeGen/MOS/prologepilog.mir (51 of 172)
PASS: LLVM :: CodeGen/MOS/asm-printer-spc700.mir (52 of 172)
PASS: LLVM :: CodeGen/MOS/nonreentrant-nointerrupts.ll (53 of 172)
PASS: LLVM :: CodeGen/MOS/zp-alloc.ll (54 of 172)
PASS: LLVM :: CodeGen/MOS/interrupt-width-65816.ll (55 of 172)
PASS: LLVM :: CodeGen/MOS/late-opt.mir (56 of 172)
PASS: LLVM :: CodeGen/MOS/coalesce-remat.ll (57 of 172)
PASS: LLVM :: CodeGen/MOS/light-spill.ll (58 of 172)
PASS: LLVM :: CodeGen/MOS/static-stack.ll (59 of 172)
PASS: LLVM :: CodeGen/MOS/legalizer-ir.mir (60 of 172)
PASS: LLVM :: CodeGen/MOS/inc-dec-6502x.ll (61 of 172)
PASS: LLVM :: CodeGen/MOS/virtregrewriter-undef-lane-identity-copy.mir (62 of 172)
PASS: LLVM :: CodeGen/MOS/instruction-selector-ir-spc700.mir (63 of 172)
PASS: LLVM :: CodeGen/MOS/legalizer-huc6280.mir (64 of 172)
PASS: LLVM :: CodeGen/MOS/instruction-selector-spc700.mir (65 of 172)
PASS: LLVM :: CodeGen/MOS/inc-dec.ll (66 of 172)
PASS: LLVM :: CodeGen/MOS/dp-pointer-arg.ll (67 of 172)
PASS: LLVM :: MC/MOS/register-named-symbols-65816.s (68 of 172)
PASS: LLVM :: MC/MOS/zeropage.s (69 of 172)
PASS: LLVM :: CodeGen/MOS/copy-opt-loop.mir (70 of 172)
PASS: LLVM :: CodeGen/MOS/inlineasm-constraint.mir (71 of 172)
PASS: LLVM :: CodeGen/MOS/branch-relaxation.mir (72 of 172)
PASS: LLVM :: CodeGen/MOS/postrapseudos-huc6280.mir (73 of 172)
PASS: LLVM :: CodeGen/MOS/zp-alloc-preexisting.ll (74 of 172)
PASS: LLVM :: CodeGen/MOS/whole-program-zp.ll (75 of 172)
PASS: LLVM :: CodeGen/MOS/postrapseudos.mir (76 of 172)
PASS: LLVM :: CodeGen/MOS/add-sub.ll (77 of 172)
PASS: LLVM :: CodeGen/MOS/late-opt-65816.mir (78 of 172)
PASS: LLVM :: CodeGen/MOS/nonreentrant.ll (79 of 172)
PASS: LLVM :: CodeGen/MOS/no-csr.ll (80 of 172)
PASS: LLVM :: CodeGen/MOS/asm-printer.mir (81 of 172)
PASS: LLVM :: CodeGen/MOS/internalize.mir (82 of 172)
PASS: LLVM :: MC/MOS/addr-asciz-roundtrip.s (83 of 172)
PASS: LLVM :: MC/MOS/long-address-roundtrip-65816.s (84 of 172)
PASS: LLVM :: CodeGen/MOS/scavenger-p-undef.mir (85 of 172)
PASS: LLVM :: CodeGen/MOS/asm-printer-huc6280.mir (86 of 172)
PASS: LLVM :: MC/MOS/addr-asciz.s (87 of 172)
PASS: LLVM :: MC/MOS/zeropage-huc6280.s (88 of 172)
PASS: LLVM :: CodeGen/MOS/a16-immediate-width.ll (89 of 172)
PASS: LLVM :: CodeGen/MOS/copy-phys-reg-reuse-dst.mir (90 of 172)
PASS: LLVM :: CodeGen/MOS/copy-phys-reg-65c02.mir (91 of 172)
PASS: LLVM :: CodeGen/MOS/instruction-selector-ir.mir (92 of 172)
PASS: LLVM :: CodeGen/MOS/inline-asm-zp-csr.ll (93 of 172)
PASS: LLVM :: MC/MOS/modifiers-65816.s (94 of 172)
PASS: LLVM :: CodeGen/MOS/ret-global-addr.ll (95 of 172)
PASS: LLVM :: CodeGen/MOS/finalize-isel.mir (96 of 172)
PASS: LLVM :: CodeGen/MOS/callee-saved-regs.ll (97 of 172)
PASS: LLVM :: MC/MOS/motorola-integers-default.s (98 of 172)
PASS: LLVM :: CodeGen/MOS/zeropage.ll (99 of 172)
PASS: LLVM :: CodeGen/MOS/regalloc.mir (100 of 172)
PASS: LLVM :: CodeGen/MOS/asm-printer-ir.mir (101 of 172)
PASS: LLVM :: CodeGen/MOS/lower-select.mir (102 of 172)
PASS: LLVM :: CodeGen/MOS/copy-phys-reg-huc6280.mir (103 of 172)
PASS: LLVM :: CodeGen/MOS/a16-trunc-i32.ll (104 of 172)
PASS: LLVM :: CodeGen/MOS/indvar-simplify-20230930.ll (105 of 172)
PASS: LLVM :: CodeGen/MOS/scavenger.mir (106 of 172)
PASS: LLVM :: CodeGen/MOS/late-opt-spc700.mir (107 of 172)
PASS: LLVM :: CodeGen/MOS/late-opt-cmpzero.mir (108 of 172)
PASS: LLVM :: CodeGen/MOS/return-address-spc700.ll (109 of 172)
PASS: LLVM :: CodeGen/MOS/copy-phys-reg-spc700.mir (110 of 172)
PASS: LLVM :: CodeGen/MOS/commute.mir (111 of 172)
PASS: LLVM :: CodeGen/MOS/copy-phys-reg.mir (112 of 172)
PASS: LLVM :: MC/MOS/modifiers.s (113 of 172)
PASS: LLVM :: CodeGen/MOS/call-lowering-spc700.mir (114 of 172)
PASS: LLVM :: CodeGen/MOS/cmp-select.ll (115 of 172)
PASS: LLVM :: CodeGen/MOS/trivial.ll (116 of 172)
PASS: LLVM :: CodeGen/MOS/indexiv.ll (117 of 172)
PASS: LLVM :: CodeGen/MOS/copy-opt.mir (118 of 172)
PASS: LLVM :: CodeGen/MOS/virtregrewriter-copy-liveness.mir (119 of 172)
PASS: LLVM :: CodeGen/MOS/insert-rep-sep-cloned-kills.mir (120 of 172)
PASS: LLVM :: CodeGen/MOS/copy-phys-reg-65816.mir (121 of 172)
PASS: LLVM :: MC/MOS/modifiers-spc700.s (122 of 172)
PASS: LLVM :: CodeGen/MOS/call-lowering-stack.mir (123 of 172)
PASS: LLVM :: MC/MOS/all-65ce02-opcodes.s (124 of 172)
PASS: LLVM :: CodeGen/MOS/branch-relaxation-inline-asm.mir (125 of 172)
FAIL: LLVM :: MC/MOS/bank-relax-section-offset.s (126 of 172)
******************** TEST 'LLVM :: MC/MOS/bank-relax-section-offset.s' FAILED ********************
Exit Code: 1

Command Output (stdout):
--
# RUN: at line 1
/work/build/llvm-mos/bin/llvm-mc -triple=mos -mcpu=mosw65816 -filetype=obj /work/vendor/llvm-mos/llvm/test/MC/MOS/bank-relax-section-offset.s -o /work/build/llvm-mos/test/MC/MOS/Output/bank-relax-section-offset.s.tmp
# executed command: /work/build/llvm-mos/bin/llvm-mc -triple=mos -mcpu=mosw65816 -filetype=obj /work/vendor/llvm-mos/llvm/test/MC/MOS/bank-relax-section-offset.s -o /work/build/llvm-mos/test/MC/MOS/Output/bank-relax-section-offset.s.tmp
# .---command stderr------------
# | error: Permission denied
# `-----------------------------
# error: command failed with exit status: 1

--

********************
PASS: LLVM :: CodeGen/MOS/call-lowering.mir (127 of 172)
PASS: LLVM :: CodeGen/MOS/instruction-selector-ir-65c02.mir (128 of 172)
PASS: LLVM :: CodeGen/MOS/zp-alloc-deterministic.ll (129 of 172)
PASS: LLVM :: CodeGen/MOS/instruction-selector-65dtv02.mir (130 of 172)
PASS: LLVM :: MC/MOS/long-branches-65816.s (131 of 172)
PASS: LLVM :: CodeGen/MOS/copy-phys-reg-liveness.mir (132 of 172)
PASS: LLVM :: CodeGen/MOS/postrapseudos-spc700.mir (133 of 172)
PASS: LLVM :: MC/MOS/align-nop.s (134 of 172)
PASS: LLVM :: MC/MOS/all-65el02-opcodes.s (135 of 172)
PASS: LLVM :: MC/MOS/all-6502x-opcodes.s (136 of 172)
PASS: LLVM :: MC/MOS/all-65816-opcodes.s (137 of 172)
PASS: LLVM :: MC/MOS/all-spc700-opcodes.s (138 of 172)
PASS: LLVM :: MC/MOS/do-init-array.s (139 of 172)
PASS: LLVM :: CodeGen/MOS/legalizer-65c02.mir (140 of 172)
PASS: LLVM :: MC/MOS/zp-regression.s (141 of 172)
PASS: LLVM :: MC/MOS/long-branches-65ce02.s (142 of 172)
PASS: LLVM :: MC/MOS/uppercase-registers.s (143 of 172)
PASS: LLVM :: CodeGen/MOS/leaf-20231021.ll (144 of 172)
PASS: LLVM :: CodeGen/MOS/scavenger-65c02.mir (145 of 172)
PASS: LLVM :: CodeGen/MOS/late-opt-65c02.mir (146 of 172)
PASS: LLVM :: MC/MOS/all-6502-opcodes.s (147 of 172)
PASS: LLVM :: MC/MOS/addr-asciz-invalid-modifier.s (148 of 172)
PASS: LLVM :: MC/MOS/all-65c02-opcodes.s (149 of 172)
PASS: LLVM :: MC/MOS/all-65816-aliases.s (150 of 172)
PASS: LLVM :: MC/MOS/all-huc6280-opcodes.s (151 of 172)
PASS: LLVM :: MC/MOS/all-spc700-aliases.s (152 of 172)
PASS: LLVM :: MC/MOS/branch-range-errors.s (153 of 172)
PASS: LLVM :: MC/MOS/do-init-stack.s (154 of 172)
PASS: LLVM :: MC/MOS/all-4510-opcodes.s (155 of 172)
PASS: LLVM :: MC/MOS/pc-rel-reloc.s (156 of 172)
PASS: LLVM :: MC/MOS/modifier-width.s (157 of 172)
PASS: LLVM :: MC/MOS/modifier-width-65816.s (158 of 172)
PASS: LLVM :: MC/MOS/do-copy-data.s (159 of 172)
PASS: LLVM :: MC/MOS/all-65dtv02-opcodes.s (160 of 172)
PASS: LLVM :: MC/MOS/trivial.s (161 of 172)
PASS: LLVM :: MC/MOS/modifier-width-errors.s (162 of 172)
PASS: LLVM :: MC/MOS/asm-errors.s (163 of 172)
UNSUPPORTED: LLVM :: CodeGen/MOS/getchar-regression.ll (164 of 172)
PASS: LLVM :: MC/MOS/do-fini-array.s (165 of 172)
PASS: LLVM :: MC/MOS/all-r65c02-opcodes.s (166 of 172)
UNSUPPORTED: LLVM :: CodeGen/MOS/legalizer-indexed-offset-observer.mir (167 of 172)
PASS: LLVM :: MC/MOS/all-45gs02-opcodes.s (168 of 172)
PASS: LLVM :: MC/MOS/ophis-hello-world.s (169 of 172)
PASS: LLVM :: MC/MOS/do-zero-bss.s (170 of 172)
PASS: LLVM :: MC/MOS/inst-lda.s (171 of 172)
PASS: LLVM :: MC/MOS/all-w65c02-opcodes.s (172 of 172)
********************
Failed Tests (1):
  LLVM :: MC/MOS/bank-relax-section-offset.s


Testing Time: 1.99s

Total Discovered Tests: 172
  Unsupported:   2 (1.16%)
  Passed     : 169 (98.26%)
  Failed     :   1 (0.58%)
