$ /home/will/llvm-mos-65816/build/llvm-mos/bin/llc -mtriple=mos -mcpu=mosw65816 -mattr=+mos-a16 -O0 -verify-machineinstrs /home/will/llvm-mos-65816/docs/defects/evidence/2026-09-25-mos-correctness/baseline/scal-to-vec1-O0.ll -o /dev/null
exit_code=-6
LLVM ERROR: saveScavengerRegister: cannot preserve a live processor-status register across an unbalanced stack range with no free index register
PLEASE submit a bug report to https://github.com/llvm/llvm-project/issues/ and include the crash backtrace and instructions to reproduce the bug.
Stack dump:
0.	Program arguments: /home/will/llvm-mos-65816/build/llvm-mos/bin/llc -mtriple=mos -mcpu=mosw65816 -mattr=+mos-a16 -O0 -verify-machineinstrs /home/will/llvm-mos-65816/docs/defects/evidence/2026-09-25-mos-correctness/baseline/scal-to-vec1-O0.ll -o /dev/null
1.	Running pass 'Function Pass Manager' on module '/home/will/llvm-mos-65816/docs/defects/evidence/2026-09-25-mos-correctness/baseline/scal-to-vec1-O0.ll'.
2.	Running pass 'Prologue/Epilogue Insertion & Frame Finalization' on function '@main'
 #0 0x000062d19c46e4e8 llvm::sys::PrintStackTrace(llvm::raw_ostream&, int) (/home/will/llvm-mos-65816/build/llvm-mos/bin/llc+0x201d4e8)
 #1 0x000062d19c46b7c5 llvm::sys::RunSignalHandlers() (/home/will/llvm-mos-65816/build/llvm-mos/bin/llc+0x201a7c5)
 #2 0x000062d19c46f261 SignalHandler(int, siginfo_t*, void*) Signals.cpp:0:0
 #3 0x00007e1ff6a45cb0 (/usr/lib/x86_64-linux-gnu/libc.so.6+0x45cb0)
 #4 0x00007e1ff6aa61ac pthread_kill (/usr/lib/x86_64-linux-gnu/libc.so.6+0xa61ac)
 #5 0x00007e1ff6a45b7e raise (/usr/lib/x86_64-linux-gnu/libc.so.6+0x45b7e)
 #6 0x00007e1ff6a288ec abort (/usr/lib/x86_64-linux-gnu/libc.so.6+0x288ec)
 #7 0x000062d19c3dbe05 llvm::report_fatal_error(llvm::Twine const&, bool) (/home/will/llvm-mos-65816/build/llvm-mos/bin/llc+0x1f8ae05)
 #8 0x000062d19c3dbc46 (/home/will/llvm-mos-65816/build/llvm-mos/bin/llc+0x1f8ac46)
 #9 0x000062d19af316c0 llvm::MOSRegisterInfo::saveScavengerRegister(llvm::MachineBasicBlock&, llvm::MachineInstrBundleIterator<llvm::MachineInstr, false>, llvm::MachineInstrBundleIterator<llvm::MachineInstr, false>&, llvm::TargetRegisterClass const*, llvm::Register) const MOSRegisterInfo.cpp:0:0
#10 0x000062d19b658fb4 llvm::RegScavenger::spill(llvm::Register, llvm::TargetRegisterClass const&, int, llvm::MachineInstrBundleIterator<llvm::MachineInstr, false>, llvm::MachineInstrBundleIterator<llvm::MachineInstr, false>&) (/home/will/llvm-mos-65816/build/llvm-mos/bin/llc+0x1207fb4)
#11 0x000062d19b659898 llvm::RegScavenger::scavengeRegisterBackwards(llvm::TargetRegisterClass const&, llvm::MachineInstrBundleIterator<llvm::MachineInstr, false>, bool, int, bool) (/home/will/llvm-mos-65816/build/llvm-mos/bin/llc+0x1208898)
#12 0x000062d19b659daf scavengeFrameVirtualRegsInBlock(llvm::MachineRegisterInfo&, llvm::RegScavenger&, llvm::MachineBasicBlock&) RegisterScavenging.cpp:0:0
#13 0x000062d19b6599bb llvm::scavengeFrameVirtualRegs(llvm::MachineFunction&, llvm::RegScavenger&) (/home/will/llvm-mos-65816/build/llvm-mos/bin/llc+0x12089bb)
#14 0x000062d19b5e9619 (anonymous namespace)::PEIImpl::run(llvm::MachineFunction&) PrologEpilogInserter.cpp:0:0
#15 0x000062d19b5ea4c9 (anonymous namespace)::PEILegacy::runOnMachineFunction(llvm::MachineFunction&) PrologEpilogInserter.cpp:0:0
#16 0x000062d19b467103 llvm::MachineFunctionPass::runOnFunction(llvm::Function&) (/home/will/llvm-mos-65816/build/llvm-mos/bin/llc+0x1016103)
#17 0x000062d19b8bd77a llvm::FPPassManager::runOnFunction(llvm::Function&) (/home/will/llvm-mos-65816/build/llvm-mos/bin/llc+0x146c77a)
#18 0x000062d19b8c3e1c llvm::FPPassManager::runOnModule(llvm::Module&) (/home/will/llvm-mos-65816/build/llvm-mos/bin/llc+0x1472e1c)
#19 0x000062d19b8be4a9 llvm::legacy::PassManagerImpl::run(llvm::Module&) (/home/will/llvm-mos-65816/build/llvm-mos/bin/llc+0x146d4a9)
#20 0x000062d19af1621d compileModule(char**, llvm::SmallVectorImpl<llvm::PassPlugin>&, llvm::LLVMContext&, std::__cxx11::basic_string<char, std::char_traits<char>, std::allocator<char>>&) llc.cpp:0:0
#21 0x000062d19af13bb3 main (/home/will/llvm-mos-65816/build/llvm-mos/bin/llc+0xac2bb3)
#22 0x00007e1ff6a2a601 (/usr/lib/x86_64-linux-gnu/libc.so.6+0x2a601)
#23 0x00007e1ff6a2a718 __libc_start_main (/usr/lib/x86_64-linux-gnu/libc.so.6+0x2a718)
#24 0x000062d19af0ff25 _start (/home/will/llvm-mos-65816/build/llvm-mos/bin/llc+0xabef25)
