mos6502: 90 inputs (54 compile before), 72 identical, 18 asm differ, 0 object-only differ
mosw65816: 90 inputs (79 compile before), 54 identical, 36 asm differ, 0 object-only differ
  asm mos6502 corpus/examples_snes_1d-ca.c.default.ll: ['0', '825598264430d0e5', '0', '8bc857f37a0aa1c1'] -> ['0', 'fa5cedc37338ce3b', '0', '8697045a1a3fa9d4']
  asm mos6502 corpus/examples_snes_bf-vm.c.default.ll: ['0', 'd22a1002c85490e8', '0', '984beb8d408a8ab7'] -> ['0', '6dfe1b4897fdd76e', '0', '47356195ede34364']
  asm mos6502 corpus/examples_snes_boids.c.default.ll: ['0', '7297a30df718ffbc', '0', '2fdd482b53494a5a'] -> ['0', 'e4638f754bef590a', '0', 'ffafcd6fea9e8098']
  asm mos6502 corpus/examples_snes_cardioid.c.default.ll: ['0', '4f89d54eda03b5fd', '0', '9f3e69dd40ce50b8'] -> ['0', '70245c84062bb69f', '0', 'b5c30e0194472e3d']
  asm mos6502 corpus/examples_snes_crctex.c.default.ll: ['0', 'a05b5b36953a949a', '0', '54c28fdfd262a908'] -> ['0', '5f6af9b5f2eaf414', '0', 'b2064a43ccf87ace']
  asm mos6502 corpus/examples_snes_dither.c.default.ll: ['0', '624d09a4b844bcf3', '0', 'eb5137ee3e4e037d'] -> ['0', '28f04a3f7b9862f8', '0', '7007e750fc3fb6e0']
  asm mos6502 corpus/examples_snes_epicycles.c.default.ll: ['0', '865d945afea6780d', '0', '662b1c8a67b9a0ac'] -> ['0', '2c70a620e884f981', '0', '24ea6d27317969e4']
  asm mos6502 corpus/examples_snes_funnelkal.c.default.ll: ['0', 'bb572a677defea50', '0', 'dc1188c8163a83cc'] -> ['0', 'cc29decfae85a791', '0', '9ad2e91206e609db']
  asm mos6502 corpus/examples_snes_huffman.c.default.ll: ['0', 'b145214c54d68e49', '0', '26d79c60cb6b5411'] -> ['0', '5265128715710553', '0', 'ae6bb8cd54e79102']
  asm mos6502 corpus/examples_snes_metaball.c.default.ll: ['0', '27a263a1015efcf2', '0', '8bfc1ac8db4bb8f4'] -> ['0', '338747c65ee7594c', '0', '5b5cda369c5bc26b']
  asm mos6502 corpus/examples_snes_mvscrl.c.default.ll: ['0', '99478a0877059ef6', '0', '5fc3c0786def8f95'] -> ['0', '42f1b93db53d0603', '0', 'e4f0742647d08f66']
  asm mos6502 corpus/examples_snes_packrec.c.default.ll: ['0', '835376d9a7ab33da', '0', '23bde142ae439680'] -> ['0', 'dec7025e738fe0f1', '0', 'a3f62153945436b8']
  asm mos6502 corpus/examples_snes_qsortviz.c.default.ll: ['0', '578c47946e6b3c5b', '0', 'bf6692fec9f2a7f4'] -> ['0', '391a38e5f9a0e886', '0', '38154813e820fc2a']
  asm mos6502 corpus/examples_snes_shift64seam.c.default.ll: ['0', '89a30e70fb9d1ee7', '0', '4d300ade6c8202fe'] -> ['0', 'ffa59c4c68a1e126', '0', '58bfbd38a03acfe6']
  asm mos6502 corpus/examples_snes_vaprintf.c.default.ll: ['0', '1d1b61fae0e2fa42', '0', 'c4b2c5a8b423b8ae'] -> ['0', 'f298ab26f43206b5', '0', '7c29ea9650eb2887']
  asm mos6502 tests/indvar-simplify-20230930.ll: ['0', '11feb9cd708f14c7', '0', 'b4200a2a9079e534'] -> ['0', '6c19d645e349fd37', '0', '960d73f7e8f65895']
  asm mos6502 tests/scmp-ucmp.ll: ['0', 'c2be0aa5225f18ae', '0', 'ef3b80d82c03e52a'] -> ['0', '13475089c1018f19', '0', 'ee46d038da33f7e0']
  asm mos6502 tests/vector-scalarize.ll: ['0', 'd57cc00e03a85c11', '0', 'b1c82bca506e40a3'] -> ['0', 'dbf8d4b91c8d4074', '0', 'af13629d81c73e3f']
  asm mosw65816 corpus/examples_65816_a16frameidx.c.default.ll: ['0', '1003d18a4dc64a51', '0', 'bb393281ddc74f90'] -> ['0', '3d71b3d0b4905d7c', '0', '615ce5b371456650']
  asm mosw65816 corpus/examples_65816_a16sunfold.c.default.ll: ['0', '1432fcb11bc9fef6', '0', '9bfbfe024833b324'] -> ['0', '24654c716b78bab6', '0', 'f813763fba41593a']
  asm mosw65816 corpus/examples_65816_k_bits.c.default.ll: ['0', '820fa956f66196cc', '0', 'a5b2f1b638cfe24c'] -> ['0', 'a1a8b27248a9d247', '0', '60eb904b0cae83a4']
  asm mosw65816 corpus/examples_snes_1d-ca.c.default.ll: ['0', '44be9879b508a51b', '0', '2d0410126966ce7f'] -> ['0', 'e681fd12a03cb77e', '0', '24780470f20a7e6b']
  asm mosw65816 corpus/examples_snes_bf-vm.c.default.ll: ['0', '22d297bdf8e98030', '0', '33f82366b5adce00'] -> ['0', '64483cee6cb4ea53', '0', 'ab8b045dc8e38268']
  asm mosw65816 corpus/examples_snes_boids.c.default.ll: ['0', '12c2b56d5cb5ee19', '0', '79b0492f01605e93'] -> ['0', 'c02730a2a0b1b258', '0', 'b44dc814dec75c88']
  asm mosw65816 corpus/examples_snes_cardioid.c.default.ll: ['0', '1d2d4bcd4239b68e', '0', '629f1c345fc4f7ee'] -> ['0', 'dad7ed32a935f759', '0', 'bafe95c2f35601ec']
  asm mosw65816 corpus/examples_snes_corpus_avalanche_sim.c.default.ll: ['0', '90600eed1b5b20cb', '0', 'de7f67c93e97c8d4'] -> ['0', 'd55e8e4b954b4529', '0', 'e7ebbd7239c5df66']
  asm mosw65816 corpus/examples_snes_corpus_boids_sim.c.default.ll: ['0', 'b2ddbed1bac66b62', '0', 'a5ec4043d80ac3aa'] -> ['0', '7a4066d6428202a6', '0', 'dbe4cc2111750097']
  asm mosw65816 corpus/examples_snes_corpus_cgrade_sim.c.default.ll: ['0', '235f96af0af50e19', '0', 'c7374e8352d83063'] -> ['0', '106a65fe1b88a4ce', '0', '34a7050d253795b0']
  asm mosw65816 corpus/examples_snes_corpus_critters_sim.c.default.ll: ['0', '85f516e71550ed86', '0', 'f2960df2ea5616ba'] -> ['0', '3bbf097855d5cdb2', '0', '2f2ac8685cc90802']
  asm mosw65816 corpus/examples_snes_corpus_fenwick_sim.c.default.ll: ['0', '84e5ea48acbdba69', '0', '874540923fe573f2'] -> ['0', '01a40b81052ed38c', '0', 'b5d9624e86ae878c']
  asm mosw65816 corpus/examples_snes_corpus_grid3d_sim.c.default.ll: ['0', '806f03e050d02211', '0', '4aa1cd8feff1352a'] -> ['0', 'e463696bb6e2baf4', '0', '43085d8b7247a12a']
  asm mosw65816 corpus/examples_snes_corpus_jt256_sim.c.default.ll: ['0', '2f9cba0ca949ced0', '0', '29daae83dbe911ca'] -> ['0', '8bd75a32f49231d2', '0', '9deb9282f1de514d']
  asm mosw65816 corpus/examples_snes_corpus_lzdec_sim.c.default.ll: ['0', 'b4221b68f943ef42', '0', 'a602e89d5b4ee941'] -> ['0', '072e4ad11882773a', '0', 'b6a428e74f3d1599']
  asm mosw65816 corpus/examples_snes_corpus_montorbit_sim.c.default.ll: ['0', '1a906b4d852ea62e', '0', '2e8a1631ad9c2166'] -> ['0', '1c65f2b66d5bd83d', '0', 'bf87e5879b906d25']
  asm mosw65816 corpus/examples_snes_corpus_nmitally_sim.c.default.ll: ['0', '0c0218f635a4652e', '0', '33a87e39e58fa79e'] -> ['0', '56db1b01f0d6f4ab', '0', '0e7503434d0eb323']
  asm mosw65816 corpus/examples_snes_corpus_rangecode_sim.c.default.ll: ['0', '444a871080b10376', '0', 'c946b629e6e9cd84'] -> ['0', '10a829a8a8a1b3ff', '0', '8f9227b1bb1f5ef6']
  asm mosw65816 corpus/examples_snes_corpus_sodo_sim.c.default.ll: ['0', '785e5d8204c5d80e', '0', '9a40cf4f66fb5965'] -> ['0', '5e907724eff058d7', '0', '065dcbdd7bde97f7']
  asm mosw65816 corpus/examples_snes_corpus_tea_sim.c.default.ll: ['0', 'a31c5cb5b869dd10', '0', '2b7a51e290447e21'] -> ['0', 'adfb7d6288c3e060', '0', '74d44218b2a4e4d4']
  asm mosw65816 corpus/examples_snes_crctex.c.default.ll: ['0', '7373c2aa019852ea', '0', '6807acbcfdfb58ff'] -> ['0', '5d0912f6f92956b1', '0', 'bc8c54daccf36dba']
  asm mosw65816 corpus/examples_snes_dither.c.default.ll: ['0', 'c463fcb20df37f5c', '0', '4f03a173ed9635ca'] -> ['0', '5c6eca7b5decb95d', '0', 'd6f5d6570d9a8ce3']
  asm mosw65816 corpus/examples_snes_epicycles.c.default.ll: ['0', 'c0c552bb74c819f9', '0', 'e7fd9dcb3a1866ec'] -> ['0', '782ceda9c00add67', '0', 'b3ef928ab92b08c6']
  asm mosw65816 corpus/examples_snes_funnelkal.c.default.ll: ['0', '2ee249d169f79ff3', '0', 'ba8bb4e8f85c2b1f'] -> ['0', '49f192626ecb6d16', '0', 'e17002c1610ffb4c']
  asm mosw65816 corpus/examples_snes_huffman.c.default.ll: ['0', 'b1942183b098b989', '0', '5625ac476670e868'] -> ['0', '102b7842e994dc2c', '0', 'fe3d86790193bb35']
  asm mosw65816 corpus/examples_snes_metaball.c.default.ll: ['0', 'ebef61306c9493d8', '0', 'caa881ba4b7b5933'] -> ['0', 'bffa0566fb2cf797', '0', 'fda25c4132150b50']
  asm mosw65816 corpus/examples_snes_mvscrl.c.default.ll: ['0', '5880a459a1a3c431', '0', 'defb481d254b38e3'] -> ['0', '6770fdef70543bd2', '0', 'b726711793ef6d24']
  asm mosw65816 corpus/examples_snes_packrec.c.default.ll: ['0', '541d6a2ae435fcd1', '0', '9bdaf47ee27c7de0'] -> ['0', 'dd3206314f1fb20d', '0', '86a031a35c1125d9']
  asm mosw65816 corpus/examples_snes_qsortviz.c.default.ll: ['0', '9a8944512f919b9a', '0', 'e1f038885c1be966'] -> ['0', '22a27cacb46b1994', '0', '1db90a863570997d']
  asm mosw65816 corpus/examples_snes_shift64seam.c.default.ll: ['0', '1f7ef50be6905481', '0', 'f2c73a96e9a18cb8'] -> ['0', '50bd6a8672a455fc', '0', '421e1c923a4a41c3']
  asm mosw65816 corpus/examples_snes_sodo.c.default.ll: ['0', '81eaf3365d671840', '0', '2857150e8fd45281'] -> ['0', 'bdeb76a85478c812', '0', '9d165a12971bfd2b']
  asm mosw65816 corpus/examples_snes_vaprintf.c.default.ll: ['0', '9faac67d9b7f6774', '0', '5f4ba84ff17dec74'] -> ['0', '3290134fe648e89c', '0', '4a148896322cf455']
  asm mosw65816 tests/hello-world.ll: ['0', '055c97dc357943a4', '0', '95bb36ca4b45a516'] -> ['0', '19fc06c146ce94b6', '0', '635e7107e9294b46']
  asm mosw65816 tests/indvar-simplify-20230930.ll: ['0', 'b54f954fa538a3e4', '0', '386744a94a31e0ec'] -> ['0', '30d65397a4e15da9', '0', '6d4431449dd96b92']
  asm mosw65816 tests/scmp-ucmp.ll: ['0', 'e3d3e25a36419bdb', '0', '52bbf8c58c3a2dc7'] -> ['0', '222d76cfc02720a8', '0', '8e8ba353d3f33b6f']
  asm mosw65816 tests/vector-scalarize.ll: ['0', '4b18b023252dbb90', '0', 'f17a018aee6a37e8'] -> ['0', 'bf3d5b53f874eb88', '0', 'f90ad8e4f3007f1f']
RESULT: DIFFER (54 input/mode results changed)
exit=1
