$ /home/will/llvm-mos-65816/build/0041-inlineasm-build/llc-0041 -mtriple=aarch64 -global-isel=0 -O0 -verify-machineinstrs /home/will/llvm-mos-65816/docs/defects/evidence/2026-09-25-selectiondag-inlineasm/bad_callbr_pair.ll -o /dev/null
llc-0041: /work/build/register-exhaustion-src/llvm/lib/CodeGen/SelectionDAG/SelectionDAGBuilder.cpp:10149: std::optional<unsigned int> getRegistersForValue(SelectionDAG &, const SDLoc &, SDISelAsmOperandInfo &, SDISelAsmOperandInfo &): Assertion `I != RC->end() && "Ran out of registers to allocate!"' failed.
PLEASE submit a bug report to https://github.com/llvm/llvm-project/issues/ and include the crash backtrace and instructions to reproduce the bug.
Stack dump:
0.	Program arguments: /home/will/llvm-mos-65816/build/0041-inlineasm-build/llc-0041 -mtriple=aarch64 -global-isel=0 -O0 -verify-machineinstrs /home/will/llvm-mos-65816/docs/defects/evidence/2026-09-25-selectiondag-inlineasm/bad_callbr_pair.ll -o /dev/null
1.	Running pass 'Function Pass Manager' on module '/home/will/llvm-mos-65816/docs/defects/evidence/2026-09-25-selectiondag-inlineasm/bad_callbr_pair.ll'.
2.	Running pass 'AArch64 Instruction Selection' on function '@bad_callbr_pair'
Stack dump without symbol names (ensure you have llvm-symbolizer in your PATH or set the environment var `LLVM_SYMBOLIZER_PATH` to point to it):
0  llc-0041  0x00005bd4791d425b llvm::sys::PrintStackTrace(llvm::raw_ostream&, int) + 43
1  llc-0041  0x00005bd4791d10e1 llvm::sys::RunSignalHandlers() + 369
2  llc-0041  0x00005bd4791d506b
3  libc.so.6 0x00007cc244645cb0
4  libc.so.6 0x00007cc2446a61ac pthread_kill + 284
5  libc.so.6 0x00007cc244645b7e gsignal + 30
6  libc.so.6 0x00007cc2446288ec abort + 39
7  libc.so.6 0x00007cc244629979
8  libc.so.6 0x00007cc24463bf75 __assert_fail + 181
9  llc-0041  0x00005bd478f1673e
10 llc-0041  0x00005bd478ee7d40 llvm::SelectionDAGBuilder::visitInlineAsm(llvm::CallBase const&, llvm::BasicBlock const*) + 5024
11 llc-0041  0x00005bd478ececbd llvm::SelectionDAGBuilder::visitCallBr(llvm::CallBrInst const&) + 125
12 llc-0041  0x00005bd478ec92e6 llvm::SelectionDAGBuilder::visit(llvm::Instruction const&) + 246
13 llc-0041  0x00005bd478f9ece5 llvm::SelectionDAGISel::SelectBasicBlock(llvm::ilist_iterator_w_bits<llvm::ilist_detail::node_options<llvm::Instruction, true, false, void, true, llvm::BasicBlock>, false, true>, llvm::ilist_iterator_w_bits<llvm::ilist_detail::node_options<llvm::Instruction, true, false, void, true, llvm::BasicBlock>, false, true>, bool&) + 261
14 llc-0041  0x00005bd478f9e27a llvm::SelectionDAGISel::SelectAllBasicBlocks(llvm::Function const&) + 6858
15 llc-0041  0x00005bd478f9b541 llvm::SelectionDAGISel::runOnMachineFunction(llvm::MachineFunction&) + 609
16 llc-0041  0x00005bd478f98bdc llvm::SelectionDAGISelLegacy::runOnMachineFunction(llvm::MachineFunction&) + 140
17 llc-0041  0x00005bd477e6f059 llvm::MachineFunctionPass::runOnFunction(llvm::Function&) + 649
18 llc-0041  0x00005bd478401840 llvm::FPPassManager::runOnFunction(llvm::Function&) + 1120
19 llc-0041  0x00005bd478409942 llvm::FPPassManager::runOnModule(llvm::Module&) + 50
20 llc-0041  0x00005bd478402604 llvm::legacy::PassManagerImpl::run(llvm::Module&) + 2228
21 llc-0041  0x00005bd476dd180b
22 llc-0041  0x00005bd476dcead3 main + 1443
23 libc.so.6 0x00007cc24462a601
24 libc.so.6 0x00007cc24462a718 __libc_start_main + 136
25 llc-0041  0x00005bd476dcdce5 _start + 37

exit_code=-6
