$ /home/will/llvm-mos-65816/build/0041-inlineasm-build/llc-0041 -mtriple=aarch64 -global-isel=0 -O2 -verify-machineinstrs /home/will/llvm-mos-65816/docs/defects/evidence/2026-09-25-selectiondag-inlineasm/bad_callbr_input.ll -o /dev/null
llc-0041: /work/build/register-exhaustion-src/llvm/lib/CodeGen/SelectionDAG/SelectionDAGBuilder.cpp:10149: std::optional<unsigned int> getRegistersForValue(SelectionDAG &, const SDLoc &, SDISelAsmOperandInfo &, SDISelAsmOperandInfo &): Assertion `I != RC->end() && "Ran out of registers to allocate!"' failed.
PLEASE submit a bug report to https://github.com/llvm/llvm-project/issues/ and include the crash backtrace and instructions to reproduce the bug.
Stack dump:
0.	Program arguments: /home/will/llvm-mos-65816/build/0041-inlineasm-build/llc-0041 -mtriple=aarch64 -global-isel=0 -O2 -verify-machineinstrs /home/will/llvm-mos-65816/docs/defects/evidence/2026-09-25-selectiondag-inlineasm/bad_callbr_input.ll -o /dev/null
1.	Running pass 'Function Pass Manager' on module '/home/will/llvm-mos-65816/docs/defects/evidence/2026-09-25-selectiondag-inlineasm/bad_callbr_input.ll'.
2.	Running pass 'AArch64 Instruction Selection' on function '@bad_callbr_input'
Stack dump without symbol names (ensure you have llvm-symbolizer in your PATH or set the environment var `LLVM_SYMBOLIZER_PATH` to point to it):
0  llc-0041  0x00005fddde60a25b llvm::sys::PrintStackTrace(llvm::raw_ostream&, int) + 43
1  llc-0041  0x00005fddde6070e1 llvm::sys::RunSignalHandlers() + 369
2  llc-0041  0x00005fddde60b06b
3  libc.so.6 0x0000717eeee45cb0
4  libc.so.6 0x0000717eeeea61ac pthread_kill + 284
5  libc.so.6 0x0000717eeee45b7e gsignal + 30
6  libc.so.6 0x0000717eeee288ec abort + 39
7  libc.so.6 0x0000717eeee29979
8  libc.so.6 0x0000717eeee3bf75 __assert_fail + 181
9  llc-0041  0x00005fddde34c73e
10 llc-0041  0x00005fddde31dd40 llvm::SelectionDAGBuilder::visitInlineAsm(llvm::CallBase const&, llvm::BasicBlock const*) + 5024
11 llc-0041  0x00005fddde304cbd llvm::SelectionDAGBuilder::visitCallBr(llvm::CallBrInst const&) + 125
12 llc-0041  0x00005fddde2ff2e6 llvm::SelectionDAGBuilder::visit(llvm::Instruction const&) + 246
13 llc-0041  0x00005fddde3d4ce5 llvm::SelectionDAGISel::SelectBasicBlock(llvm::ilist_iterator_w_bits<llvm::ilist_detail::node_options<llvm::Instruction, true, false, void, true, llvm::BasicBlock>, false, true>, llvm::ilist_iterator_w_bits<llvm::ilist_detail::node_options<llvm::Instruction, true, false, void, true, llvm::BasicBlock>, false, true>, bool&) + 261
14 llc-0041  0x00005fddde3d427a llvm::SelectionDAGISel::SelectAllBasicBlocks(llvm::Function const&) + 6858
15 llc-0041  0x00005fddde3d1541 llvm::SelectionDAGISel::runOnMachineFunction(llvm::MachineFunction&) + 609
16 llc-0041  0x00005fddde3cebdc llvm::SelectionDAGISelLegacy::runOnMachineFunction(llvm::MachineFunction&) + 140
17 llc-0041  0x00005fdddd2a5059 llvm::MachineFunctionPass::runOnFunction(llvm::Function&) + 649
18 llc-0041  0x00005fdddd837840 llvm::FPPassManager::runOnFunction(llvm::Function&) + 1120
19 llc-0041  0x00005fdddd83f942 llvm::FPPassManager::runOnModule(llvm::Module&) + 50
20 llc-0041  0x00005fdddd838604 llvm::legacy::PassManagerImpl::run(llvm::Module&) + 2228
21 llc-0041  0x00005fdddc20780b
22 llc-0041  0x00005fdddc204ad3 main + 1443
23 libc.so.6 0x0000717eeee2a601
24 libc.so.6 0x0000717eeee2a718 __libc_start_main + 136
25 llc-0041  0x00005fdddc203ce5 _start + 37

exit_code=-6
