$ /home/will/llvm-mos-65816/build/0041-inlineasm-build/llc-0041 -mtriple=aarch64 -global-isel=0 -O2 -verify-machineinstrs /home/will/llvm-mos-65816/docs/defects/evidence/2026-09-25-selectiondag-inlineasm/bad_indirect.ll -o /dev/null
llc-0041: /work/build/register-exhaustion-src/llvm/lib/CodeGen/SelectionDAG/SelectionDAGBuilder.cpp:10149: std::optional<unsigned int> getRegistersForValue(SelectionDAG &, const SDLoc &, SDISelAsmOperandInfo &, SDISelAsmOperandInfo &): Assertion `I != RC->end() && "Ran out of registers to allocate!"' failed.
PLEASE submit a bug report to https://github.com/llvm/llvm-project/issues/ and include the crash backtrace and instructions to reproduce the bug.
Stack dump:
0.	Program arguments: /home/will/llvm-mos-65816/build/0041-inlineasm-build/llc-0041 -mtriple=aarch64 -global-isel=0 -O2 -verify-machineinstrs /home/will/llvm-mos-65816/docs/defects/evidence/2026-09-25-selectiondag-inlineasm/bad_indirect.ll -o /dev/null
1.	Running pass 'Function Pass Manager' on module '/home/will/llvm-mos-65816/docs/defects/evidence/2026-09-25-selectiondag-inlineasm/bad_indirect.ll'.
2.	Running pass 'AArch64 Instruction Selection' on function '@bad_indirect'
Stack dump without symbol names (ensure you have llvm-symbolizer in your PATH or set the environment var `LLVM_SYMBOLIZER_PATH` to point to it):
0  llc-0041  0x0000651a0535d25b llvm::sys::PrintStackTrace(llvm::raw_ostream&, int) + 43
1  llc-0041  0x0000651a0535a0e1 llvm::sys::RunSignalHandlers() + 369
2  llc-0041  0x0000651a0535e06b
3  libc.so.6 0x00007f2926445cb0
4  libc.so.6 0x00007f29264a61ac pthread_kill + 284
5  libc.so.6 0x00007f2926445b7e gsignal + 30
6  libc.so.6 0x00007f29264288ec abort + 39
7  libc.so.6 0x00007f2926429979
8  libc.so.6 0x00007f292643bf75 __assert_fail + 181
9  llc-0041  0x0000651a0509f73e
10 llc-0041  0x0000651a05070d40 llvm::SelectionDAGBuilder::visitInlineAsm(llvm::CallBase const&, llvm::BasicBlock const*) + 5024
11 llc-0041  0x0000651a050522e6 llvm::SelectionDAGBuilder::visit(llvm::Instruction const&) + 246
12 llc-0041  0x0000651a05127ce5 llvm::SelectionDAGISel::SelectBasicBlock(llvm::ilist_iterator_w_bits<llvm::ilist_detail::node_options<llvm::Instruction, true, false, void, true, llvm::BasicBlock>, false, true>, llvm::ilist_iterator_w_bits<llvm::ilist_detail::node_options<llvm::Instruction, true, false, void, true, llvm::BasicBlock>, false, true>, bool&) + 261
13 llc-0041  0x0000651a0512727a llvm::SelectionDAGISel::SelectAllBasicBlocks(llvm::Function const&) + 6858
14 llc-0041  0x0000651a05124541 llvm::SelectionDAGISel::runOnMachineFunction(llvm::MachineFunction&) + 609
15 llc-0041  0x0000651a05121bdc llvm::SelectionDAGISelLegacy::runOnMachineFunction(llvm::MachineFunction&) + 140
16 llc-0041  0x0000651a03ff8059 llvm::MachineFunctionPass::runOnFunction(llvm::Function&) + 649
17 llc-0041  0x0000651a0458a840 llvm::FPPassManager::runOnFunction(llvm::Function&) + 1120
18 llc-0041  0x0000651a04592942 llvm::FPPassManager::runOnModule(llvm::Module&) + 50
19 llc-0041  0x0000651a0458b604 llvm::legacy::PassManagerImpl::run(llvm::Module&) + 2228
20 llc-0041  0x0000651a02f5a80b
21 llc-0041  0x0000651a02f57ad3 main + 1443
22 libc.so.6 0x00007f292642a601
23 libc.so.6 0x00007f292642a718 __libc_start_main + 136
24 llc-0041  0x0000651a02f56ce5 _start + 37

exit_code=-6
