$ /home/will/llvm-mos-65816/build/0041-inlineasm-build/llc-0041 -mtriple=aarch64 -global-isel=0 -O0 -verify-machineinstrs /home/will/llvm-mos-65816/docs/defects/evidence/2026-09-25-selectiondag-inlineasm/asm-cc.ll -o /dev/null
llc-0041: /work/build/register-exhaustion-src/llvm/lib/CodeGen/SelectionDAG/SelectionDAGBuilder.cpp:10149: std::optional<unsigned int> getRegistersForValue(SelectionDAG &, const SDLoc &, SDISelAsmOperandInfo &, SDISelAsmOperandInfo &): Assertion `I != RC->end() && "Ran out of registers to allocate!"' failed.
PLEASE submit a bug report to https://github.com/llvm/llvm-project/issues/ and include the crash backtrace and instructions to reproduce the bug.
Stack dump:
0.	Program arguments: /home/will/llvm-mos-65816/build/0041-inlineasm-build/llc-0041 -mtriple=aarch64 -global-isel=0 -O0 -verify-machineinstrs /home/will/llvm-mos-65816/docs/defects/evidence/2026-09-25-selectiondag-inlineasm/asm-cc.ll -o /dev/null
1.	Running pass 'Function Pass Manager' on module '/home/will/llvm-mos-65816/docs/defects/evidence/2026-09-25-selectiondag-inlineasm/asm-cc.ll'.
2.	Running pass 'AArch64 Instruction Selection' on function '@wide'
Stack dump without symbol names (ensure you have llvm-symbolizer in your PATH or set the environment var `LLVM_SYMBOLIZER_PATH` to point to it):
0  llc-0041  0x00005c604e7ac25b llvm::sys::PrintStackTrace(llvm::raw_ostream&, int) + 43
1  llc-0041  0x00005c604e7a90e1 llvm::sys::RunSignalHandlers() + 369
2  llc-0041  0x00005c604e7ad06b
3  libc.so.6 0x00007625a7e45cb0
4  libc.so.6 0x00007625a7ea61ac pthread_kill + 284
5  libc.so.6 0x00007625a7e45b7e gsignal + 30
6  libc.so.6 0x00007625a7e288ec abort + 39
7  libc.so.6 0x00007625a7e29979
8  libc.so.6 0x00007625a7e3bf75 __assert_fail + 181
9  llc-0041  0x00005c604e4ee73e
10 llc-0041  0x00005c604e4bfd40 llvm::SelectionDAGBuilder::visitInlineAsm(llvm::CallBase const&, llvm::BasicBlock const*) + 5024
11 llc-0041  0x00005c604e4a12e6 llvm::SelectionDAGBuilder::visit(llvm::Instruction const&) + 246
12 llc-0041  0x00005c604e576ce5 llvm::SelectionDAGISel::SelectBasicBlock(llvm::ilist_iterator_w_bits<llvm::ilist_detail::node_options<llvm::Instruction, true, false, void, true, llvm::BasicBlock>, false, true>, llvm::ilist_iterator_w_bits<llvm::ilist_detail::node_options<llvm::Instruction, true, false, void, true, llvm::BasicBlock>, false, true>, bool&) + 261
13 llc-0041  0x00005c604e57627a llvm::SelectionDAGISel::SelectAllBasicBlocks(llvm::Function const&) + 6858
14 llc-0041  0x00005c604e573541 llvm::SelectionDAGISel::runOnMachineFunction(llvm::MachineFunction&) + 609
15 llc-0041  0x00005c604e570bdc llvm::SelectionDAGISelLegacy::runOnMachineFunction(llvm::MachineFunction&) + 140
16 llc-0041  0x00005c604d447059 llvm::MachineFunctionPass::runOnFunction(llvm::Function&) + 649
17 llc-0041  0x00005c604d9d9840 llvm::FPPassManager::runOnFunction(llvm::Function&) + 1120
18 llc-0041  0x00005c604d9e1942 llvm::FPPassManager::runOnModule(llvm::Module&) + 50
19 llc-0041  0x00005c604d9da604 llvm::legacy::PassManagerImpl::run(llvm::Module&) + 2228
20 llc-0041  0x00005c604c3a980b
21 llc-0041  0x00005c604c3a6ad3 main + 1443
22 libc.so.6 0x00007625a7e2a601
23 libc.so.6 0x00007625a7e2a718 __libc_start_main + 136
24 llc-0041  0x00005c604c3a5ce5 _start + 37
compiler_exit_code=-6
Clean SelectionDAG diagnostic: FAIL
