$ /home/will/llvm-mos-65816/build/0041-inlineasm-build/llc-0041 -mtriple=aarch64 -global-isel=0 -O0 -verify-machineinstrs -stop-after=finalize-isel /home/will/llvm-mos-65816/docs/defects/evidence/2026-09-25-selectiondag-inlineasm/integer-many-virtual.ll -o /home/will/llvm-mos-65816/docs/defects/evidence/2026-09-25-selectiondag-inlineasm/integer-baseline.mir
Value type is non-standard value, Other.
UNREACHABLE executed at /work/build/register-exhaustion-src/llvm/include/llvm/CodeGenTypes/MachineValueType.h:375!
PLEASE submit a bug report to https://github.com/llvm/llvm-project/issues/ and include the crash backtrace and instructions to reproduce the bug.
Stack dump:
0.	Program arguments: /home/will/llvm-mos-65816/build/0041-inlineasm-build/llc-0041 -mtriple=aarch64 -global-isel=0 -O0 -verify-machineinstrs -stop-after=finalize-isel /home/will/llvm-mos-65816/docs/defects/evidence/2026-09-25-selectiondag-inlineasm/integer-many-virtual.ll -o /home/will/llvm-mos-65816/docs/defects/evidence/2026-09-25-selectiondag-inlineasm/integer-baseline.mir
1.	Running pass 'Function Pass Manager' on module '/home/will/llvm-mos-65816/docs/defects/evidence/2026-09-25-selectiondag-inlineasm/integer-many-virtual.ll'.
2.	Running pass 'AArch64 Instruction Selection' on function '@many_virtual'
Stack dump without symbol names (ensure you have llvm-symbolizer in your PATH or set the environment var `LLVM_SYMBOLIZER_PATH` to point to it):
0  llc-0041  0x00005c4eacef525b llvm::sys::PrintStackTrace(llvm::raw_ostream&, int) + 43
1  llc-0041  0x00005c4eacef20e1 llvm::sys::RunSignalHandlers() + 369
2  llc-0041  0x00005c4eacef606b
3  libc.so.6 0x000071b301645cb0
4  libc.so.6 0x000071b3016a61ac pthread_kill + 284
5  libc.so.6 0x000071b301645b7e gsignal + 30
6  libc.so.6 0x000071b3016288ec abort + 39
7  llc-0041  0x00005c4eace50a1f
8  llc-0041  0x00005c4eaac0702a
9  llc-0041  0x00005c4eab202eb3
10 llc-0041  0x00005c4eacc371cd
11 llc-0041  0x00005c4eacc08d40 llvm::SelectionDAGBuilder::visitInlineAsm(llvm::CallBase const&, llvm::BasicBlock const*) + 5024
12 llc-0041  0x00005c4eacbea2e6 llvm::SelectionDAGBuilder::visit(llvm::Instruction const&) + 246
13 llc-0041  0x00005c4eaccbfce5 llvm::SelectionDAGISel::SelectBasicBlock(llvm::ilist_iterator_w_bits<llvm::ilist_detail::node_options<llvm::Instruction, true, false, void, true, llvm::BasicBlock>, false, true>, llvm::ilist_iterator_w_bits<llvm::ilist_detail::node_options<llvm::Instruction, true, false, void, true, llvm::BasicBlock>, false, true>, bool&) + 261
14 llc-0041  0x00005c4eaccbeddb llvm::SelectionDAGISel::SelectAllBasicBlocks(llvm::Function const&) + 5675
15 llc-0041  0x00005c4eaccbc541 llvm::SelectionDAGISel::runOnMachineFunction(llvm::MachineFunction&) + 609
16 llc-0041  0x00005c4eaccb9bdc llvm::SelectionDAGISelLegacy::runOnMachineFunction(llvm::MachineFunction&) + 140
17 llc-0041  0x00005c4eabb90059 llvm::MachineFunctionPass::runOnFunction(llvm::Function&) + 649
18 llc-0041  0x00005c4eac122840 llvm::FPPassManager::runOnFunction(llvm::Function&) + 1120
19 llc-0041  0x00005c4eac12a942 llvm::FPPassManager::runOnModule(llvm::Module&) + 50
20 llc-0041  0x00005c4eac123604 llvm::legacy::PassManagerImpl::run(llvm::Module&) + 2228
21 llc-0041  0x00005c4eaaaf280b
22 llc-0041  0x00005c4eaaaefad3 main + 1443
23 libc.so.6 0x000071b30162a601
24 libc.so.6 0x000071b30162a718 __libc_start_main + 136
25 llc-0041  0x00005c4eaaaeece5 _start + 37

exit_code=-6
