$ /home/will/llvm-mos-65816/build/0041-inlineasm-build/llc-0041 -mtriple=aarch64 -global-isel=0 -O0 -verify-machineinstrs -stop-after=finalize-isel /home/will/llvm-mos-65816/docs/defects/evidence/2026-09-25-selectiondag-inlineasm/asm-many-virtual.ll -o /dev/null
llc-0041: /work/build/register-exhaustion-src/llvm/lib/CodeGen/SelectionDAG/SelectionDAGBuilder.cpp:10149: std::optional<unsigned int> getRegistersForValue(SelectionDAG &, const SDLoc &, SDISelAsmOperandInfo &, SDISelAsmOperandInfo &): Assertion `I != RC->end() && "Ran out of registers to allocate!"' failed.
PLEASE submit a bug report to https://github.com/llvm/llvm-project/issues/ and include the crash backtrace and instructions to reproduce the bug.
Stack dump:
0.	Program arguments: /home/will/llvm-mos-65816/build/0041-inlineasm-build/llc-0041 -mtriple=aarch64 -global-isel=0 -O0 -verify-machineinstrs -stop-after=finalize-isel /home/will/llvm-mos-65816/docs/defects/evidence/2026-09-25-selectiondag-inlineasm/asm-many-virtual.ll -o /dev/null
1.	Running pass 'Function Pass Manager' on module '/home/will/llvm-mos-65816/docs/defects/evidence/2026-09-25-selectiondag-inlineasm/asm-many-virtual.ll'.
2.	Running pass 'AArch64 Instruction Selection' on function '@many_virtual'
Stack dump without symbol names (ensure you have llvm-symbolizer in your PATH or set the environment var `LLVM_SYMBOLIZER_PATH` to point to it):
0  llc-0041  0x000055f749c2425b llvm::sys::PrintStackTrace(llvm::raw_ostream&, int) + 43
1  llc-0041  0x000055f749c210e1 llvm::sys::RunSignalHandlers() + 369
2  llc-0041  0x000055f749c2506b
3  libc.so.6 0x00007107af045cb0
4  libc.so.6 0x00007107af0a61ac pthread_kill + 284
5  libc.so.6 0x00007107af045b7e gsignal + 30
6  libc.so.6 0x00007107af0288ec abort + 39
7  libc.so.6 0x00007107af029979
8  libc.so.6 0x00007107af03bf75 __assert_fail + 181
9  llc-0041  0x000055f74996673e
10 llc-0041  0x000055f749937d40 llvm::SelectionDAGBuilder::visitInlineAsm(llvm::CallBase const&, llvm::BasicBlock const*) + 5024
11 llc-0041  0x000055f7499192e6 llvm::SelectionDAGBuilder::visit(llvm::Instruction const&) + 246
12 llc-0041  0x000055f7499eece5 llvm::SelectionDAGISel::SelectBasicBlock(llvm::ilist_iterator_w_bits<llvm::ilist_detail::node_options<llvm::Instruction, true, false, void, true, llvm::BasicBlock>, false, true>, llvm::ilist_iterator_w_bits<llvm::ilist_detail::node_options<llvm::Instruction, true, false, void, true, llvm::BasicBlock>, false, true>, bool&) + 261
13 llc-0041  0x000055f7499edddb llvm::SelectionDAGISel::SelectAllBasicBlocks(llvm::Function const&) + 5675
14 llc-0041  0x000055f7499eb541 llvm::SelectionDAGISel::runOnMachineFunction(llvm::MachineFunction&) + 609
15 llc-0041  0x000055f7499e8bdc llvm::SelectionDAGISelLegacy::runOnMachineFunction(llvm::MachineFunction&) + 140
16 llc-0041  0x000055f7488bf059 llvm::MachineFunctionPass::runOnFunction(llvm::Function&) + 649
17 llc-0041  0x000055f748e51840 llvm::FPPassManager::runOnFunction(llvm::Function&) + 1120
18 llc-0041  0x000055f748e59942 llvm::FPPassManager::runOnModule(llvm::Module&) + 50
19 llc-0041  0x000055f748e52604 llvm::legacy::PassManagerImpl::run(llvm::Module&) + 2228
20 llc-0041  0x000055f74782180b
21 llc-0041  0x000055f74781ead3 main + 1443
22 libc.so.6 0x00007107af02a601
23 libc.so.6 0x00007107af02a718 __libc_start_main + 136
24 llc-0041  0x000055f74781dce5 _start + 37

exit_code=-6
