avalanche_sim	O2	a16	head	PASS	981	50567974	-	-
avalanche_sim	O2	a16xy16	head	PASS	981	50567974	-	-
avalanche_sim	O3	a16	head	PASS	981	50567974	-	-
avalanche_sim	O3	a16xy16	head	PASS	981	50567974	-	-
avalanche_sim	Os	a16	head	PASS	1058	50602326	-	-
avalanche_sim	Os	a16xy16	head	PASS	1058	50602326	-	-
avalanche_sim	Oz	a16	head	PASS	1118	50689342	-	-
avalanche_sim	Oz	a16xy16	head	PASS	1118	50689342	-	-
boids_sim	O2	a16	head	PASS	4440	87634898	-	-
boids_sim	O2	a16xy16	head	PASS	4396	87559492	-	-
boids_sim	O3	a16	head	PASS	12805	86621458	-	-
boids_sim	O3	a16xy16	head	PASS	12765	86550396	-	-
boids_sim	Os	a16	head	PASS	4031	87702482	-	-
boids_sim	Os	a16xy16	head	PASS	3987	87627036	-	-
boids_sim	Oz	a16	head	PASS	4025	87877628	-	-
boids_sim	Oz	a16xy16	head	PASS	3975	87801298	-	-
cgrade_sim	O2	a16	head	PASS	937	2805208	-	-
cgrade_sim	O2	a16xy16	head	PASS	937	2805208	-	-
cgrade_sim	O3	a16	head	PASS	965	2810714	-	-
cgrade_sim	O3	a16xy16	head	PASS	965	2810714	-	-
cgrade_sim	Os	a16	head	PASS	928	2805148	-	-
cgrade_sim	Os	a16xy16	head	PASS	928	2805148	-	-
cgrade_sim	Oz	a16	head	PASS	977	2940854	-	-
cgrade_sim	Oz	a16xy16	head	PASS	977	2940854	-	-
critters_sim	O2	a16	head	PASS	658	9226808	-	-
critters_sim	O2	a16xy16	head	PASS	651	8782392	-	-
critters_sim	O3	a16	head	PASS	658	9226808	-	-
critters_sim	O3	a16xy16	head	PASS	651	8782392	-	-
critters_sim	Os	a16	head	PASS	641	9220154	-	-
critters_sim	Os	a16xy16	head	PASS	629	8805658	-	-
critters_sim	Oz	a16	head	PASS	605	8229772	-	-
critters_sim	Oz	a16xy16	head	PASS	593	7815276	-	-
domcol_sim	O2	a16	head	PASS	1822	23747476	-	-
domcol_sim	O2	a16xy16	head	PASS	1822	23747476	-	-
domcol_sim	O3	a16	head	PASS	1828	23747444	-	-
domcol_sim	O3	a16xy16	head	PASS	1828	23747444	-	-
domcol_sim	Os	a16	head	PASS	1808	23746842	-	-
domcol_sim	Os	a16xy16	head	PASS	1808	23746842	-	-
domcol_sim	Oz	a16	head	llc-fail rc=-6	-	-	-	['Remaining virtual register %1270...']
domcol_sim	Oz	a16xy16	head	llc-fail rc=-6	-	-	-	['Remaining virtual register %1270...']
fenwick_sim	O2	a16	head	PASS	676	14332966	-	-
fenwick_sim	O2	a16xy16	head	PASS	647	13294246	-	-
fenwick_sim	O3	a16	head	PASS	773	10476780	-	-
fenwick_sim	O3	a16xy16	head	PASS	762	9709300	-	-
fenwick_sim	Os	a16	head	PASS	666	14323508	-	-
fenwick_sim	Os	a16xy16	head	PASS	637	13284788	-	-
fenwick_sim	Oz	a16	head	PASS	697	14682612	-	-
fenwick_sim	Oz	a16xy16	head	PASS	693	14663572	-	-
grid3d_sim	O2	a16	head	PASS	2829	24596746	-	-
grid3d_sim	O2	a16xy16	head	PASS	2802	23769238	-	-
grid3d_sim	O3	a16	head	llc-fail rc=-6	-	-	-	['Remaining virtual register %5151...']
grid3d_sim	O3	a16xy16	head	llc-fail rc=-6	-	-	-	['Remaining virtual register %5123...']
grid3d_sim	Os	a16	head	PASS	1335	44988338	-	-
grid3d_sim	Os	a16xy16	head	PASS	1335	44988338	-	-
grid3d_sim	Oz	a16	head	PASS	1386	44464662	-	-
grid3d_sim	Oz	a16xy16	head	PASS	1386	44464662	-	-
jt256_sim	O2	a16	head	PASS	7064	7042182	-	-
jt256_sim	O2	a16xy16	head	PASS	7110	6809030	-	-
jt256_sim	O3	a16	head	PASS	9355	7072944	-	-
jt256_sim	O3	a16xy16	head	PASS	9322	6826984	-	-
jt256_sim	Os	a16	head	PASS	6962	7031174	-	-
jt256_sim	Os	a16xy16	head	PASS	6983	6798102	-	-
jt256_sim	Oz	a16	head	PASS	6646	7067346	-	-
jt256_sim	Oz	a16xy16	head	PASS	6659	6851042	-	-
lzdec_sim	O2	a16	head	PASS	741	479884	-	-
lzdec_sim	O2	a16xy16	head	PASS	646	460806	-	-
lzdec_sim	O3	a16	head	PASS	768	479984	-	-
lzdec_sim	O3	a16xy16	head	PASS	671	460906	-	-
lzdec_sim	Os	a16	head	PASS	724	480428	-	-
lzdec_sim	Os	a16xy16	head	PASS	629	461350	-	-
lzdec_sim	Oz	a16	head	PASS	745	531980	-	-
lzdec_sim	Oz	a16xy16	head	PASS	659	516686	-	-
montorbit_sim	O2	a16	head	PASS	400	2736608	-	-
montorbit_sim	O2	a16xy16	head	PASS	400	2736608	-	-
montorbit_sim	O3	a16	head	PASS	400	2736608	-	-
montorbit_sim	O3	a16xy16	head	PASS	400	2736608	-	-
montorbit_sim	Os	a16	head	PASS	392	2736358	-	-
montorbit_sim	Os	a16xy16	head	PASS	392	2736358	-	-
montorbit_sim	Oz	a16	head	PASS	321	2799334	-	-
montorbit_sim	Oz	a16xy16	head	PASS	321	2799334	-	-
nmitally_sim	O2	a16	head	PASS	827	6278140	-	-
nmitally_sim	O2	a16xy16	head	PASS	827	6278140	-	-
nmitally_sim	O3	a16	head	PASS	856	6287582	-	-
nmitally_sim	O3	a16xy16	head	PASS	856	6287582	-	-
nmitally_sim	Os	a16	head	PASS	818	6275120	-	-
nmitally_sim	Os	a16xy16	head	PASS	818	6275120	-	-
nmitally_sim	Oz	a16	head	PASS	810	6217658	-	-
nmitally_sim	Oz	a16xy16	head	PASS	810	6217658	-	-
perlin_sim	O2	a16	head	llc-fail rc=-6	-	-	-	['Remaining virtual register %3240...']
perlin_sim	O2	a16xy16	head	llc-fail rc=-6	-	-	-	['Remaining virtual register %3224...']
perlin_sim	O3	a16	head	llc-fail rc=-6	-	-	-	['Remaining virtual register %3240...']
perlin_sim	O3	a16xy16	head	llc-fail rc=-6	-	-	-	['Remaining virtual register %3224...']
perlin_sim	Os	a16	head	llc-fail rc=-6	-	-	-	['Remaining virtual register %3240...']
perlin_sim	Os	a16xy16	head	llc-fail rc=-6	-	-	-	['Remaining virtual register %3224...']
perlin_sim	Oz	a16	head	PASS	1649	15518022	-	-
perlin_sim	Oz	a16xy16	head	PASS	1614	15430132	-	-
rangecode_sim	O2	a16	head	PASS	877	2905660	-	-
rangecode_sim	O2	a16xy16	head	PASS	877	2905660	-	-
rangecode_sim	O3	a16	head	PASS	892	2905500	-	-
rangecode_sim	O3	a16xy16	head	PASS	892	2905500	-	-
rangecode_sim	Os	a16	head	PASS	772	2876188	-	-
rangecode_sim	Os	a16xy16	head	PASS	772	2876188	-	-
rangecode_sim	Oz	a16	head	PASS	764	3080534	-	-
rangecode_sim	Oz	a16xy16	head	PASS	764	3080534	-	-
satcast_sim	O2	a16	head	llc-fail rc=-6	-	-	-	['Remaining virtual register %709...']
satcast_sim	O2	a16xy16	head	llc-fail rc=-6	-	-	-	['Remaining virtual register %709...']
satcast_sim	O3	a16	head	llc-fail rc=-6	-	-	-	['Remaining virtual register %936...']
satcast_sim	O3	a16xy16	head	llc-fail rc=-6	-	-	-	['Remaining virtual register %936...']
satcast_sim	Os	a16	head	llc-fail rc=-6	-	-	-	['Remaining virtual register %709...']
satcast_sim	Os	a16xy16	head	llc-fail rc=-6	-	-	-	['Remaining virtual register %709...']
satcast_sim	Oz	a16	head	llc-fail rc=-6	-	-	-	['Remaining virtual register %701...']
satcast_sim	Oz	a16xy16	head	llc-fail rc=-6	-	-	-	['Remaining virtual register %701...']
sodo_sim	O2	a16	head	PASS	1140	68745004	-	-
sodo_sim	O2	a16xy16	head	PASS	1140	68745004	-	-
sodo_sim	O3	a16	head	PASS	1140	68745004	-	-
sodo_sim	O3	a16xy16	head	PASS	1140	68745004	-	-
sodo_sim	Os	a16	head	PASS	422	69255694	-	-
sodo_sim	Os	a16xy16	head	PASS	422	69255694	-	-
sodo_sim	Oz	a16	head	PASS	412	69137218	-	-
sodo_sim	Oz	a16xy16	head	PASS	412	69137218	-	-
tea_sim	O2	a16	head	PASS	1089	2446958	-	-
tea_sim	O2	a16xy16	head	PASS	1089	2446958	-	-
tea_sim	O3	a16	head	PASS	13	96	-	-
tea_sim	O3	a16xy16	head	PASS	13	96	-	-
tea_sim	Os	a16	head	PASS	1077	2444046	-	-
tea_sim	Os	a16xy16	head	PASS	1077	2444046	-	-
tea_sim	Oz	a16	head	PASS	1051	2444438	-	-
tea_sim	Oz	a16xy16	head	PASS	1051	2444438	-	-
ulam_sim	O2	a16	head	PASS	424	7652912	-	-
ulam_sim	O2	a16xy16	head	PASS	376	7162844	-	-
ulam_sim	O3	a16	head	PASS	424	7652912	-	-
ulam_sim	O3	a16xy16	head	PASS	376	7162844	-	-
ulam_sim	Os	a16	head	PASS	410	7644328	-	-
ulam_sim	Os	a16xy16	head	PASS	365	7160576	-	-
ulam_sim	Oz	a16	head	PASS	441	7736858	-	-
ulam_sim	Oz	a16xy16	head	PASS	396	7186156	-	-
avalanche_sim	O2	a16	t4	PASS	980	50551094	-	-
avalanche_sim	O2	a16	gate2	PASS	990	50583254	-	-
avalanche_sim	O2	a16	gate1	PASS	980	50551094	-	-
avalanche_sim	O2	a16	memb1	PASS	990	50583254	-	-
avalanche_sim	O2	a16xy16	t4	PASS	980	50551094	-	-
avalanche_sim	O2	a16xy16	gate2	PASS	990	50583254	-	-
avalanche_sim	O2	a16xy16	gate1	PASS	980	50551094	-	-
avalanche_sim	O2	a16xy16	memb1	PASS	990	50583254	-	-
avalanche_sim	O3	a16	t4	PASS	980	50551094	-	-
avalanche_sim	O3	a16	gate2	PASS	990	50583254	-	-
avalanche_sim	O3	a16	gate1	PASS	980	50551094	-	-
avalanche_sim	O3	a16	memb1	PASS	990	50583254	-	-
avalanche_sim	O3	a16xy16	t4	PASS	980	50551094	-	-
avalanche_sim	O3	a16xy16	gate2	PASS	990	50583254	-	-
avalanche_sim	O3	a16xy16	gate1	PASS	980	50551094	-	-
avalanche_sim	O3	a16xy16	memb1	PASS	990	50583254	-	-
avalanche_sim	Os	a16	t4	PASS	1031	50498472	-	-
avalanche_sim	Os	a16	gate2	PASS	1031	50498472	-	-
avalanche_sim	Os	a16	gate1	PASS	1060	50635032	-	-
avalanche_sim	Os	a16	memb1	PASS	1060	50635032	-	-
avalanche_sim	Os	a16xy16	t4	PASS	1031	50498472	-	-
avalanche_sim	Os	a16xy16	gate2	PASS	1031	50498472	-	-
avalanche_sim	Os	a16xy16	gate1	PASS	1060	50635032	-	-
avalanche_sim	Os	a16xy16	memb1	PASS	1060	50635032	-	-
avalanche_sim	Oz	a16	t4	PASS	1118	50689342	-	-
avalanche_sim	Oz	a16	gate2	PASS	1118	50689342	-	-
avalanche_sim	Oz	a16	gate1	PASS	1112	50652906	-	-
avalanche_sim	Oz	a16	memb1	PASS	1112	50652906	-	-
avalanche_sim	Oz	a16xy16	t4	PASS	1118	50689342	-	-
avalanche_sim	Oz	a16xy16	gate2	PASS	1118	50689342	-	-
avalanche_sim	Oz	a16xy16	gate1	PASS	1112	50652906	-	-
avalanche_sim	Oz	a16xy16	memb1	PASS	1112	50652906	-	-
boids_sim	O2	a16	t4	PASS	4440	87634898	True	-
boids_sim	O2	a16	gate2	PASS	4419	87513962	-	-
boids_sim	O2	a16	gate1	PASS	4440	87634898	True	-
boids_sim	O2	a16	memb1	PASS	4419	87513962	-	-
boids_sim	O2	a16xy16	t4	PASS	4396	87559492	True	-
boids_sim	O2	a16xy16	gate2	PASS	4375	87438556	-	-
boids_sim	O2	a16xy16	gate1	PASS	4396	87559492	True	-
boids_sim	O2	a16xy16	memb1	PASS	4375	87438556	-	-
boids_sim	O3	a16	t4	PASS	12807	86621482	-	-
boids_sim	O3	a16	gate2	PASS	12807	86621482	-	-
boids_sim	O3	a16	gate1	PASS	12807	86621482	-	-
boids_sim	O3	a16	memb1	PASS	12807	86621482	-	-
boids_sim	O3	a16xy16	t4	PASS	12767	86550420	-	-
boids_sim	O3	a16xy16	gate2	PASS	12767	86550420	-	-
boids_sim	O3	a16xy16	gate1	PASS	12767	86550420	-	-
boids_sim	O3	a16xy16	memb1	PASS	12767	86550420	-	-
boids_sim	Os	a16	t4	PASS	4031	87702482	True	-
boids_sim	Os	a16	gate2	PASS	4031	87702482	True	-
boids_sim	Os	a16	gate1	PASS	4010	87581546	-	-
boids_sim	Os	a16	memb1	PASS	4010	87581546	-	-
boids_sim	Os	a16xy16	t4	PASS	3987	87627036	True	-
boids_sim	Os	a16xy16	gate2	PASS	3987	87627036	True	-
boids_sim	Os	a16xy16	gate1	PASS	3966	87506140	-	-
boids_sim	Os	a16xy16	memb1	PASS	3966	87506140	-	-
boids_sim	Oz	a16	t4	PASS	4025	87877628	True	-
boids_sim	Oz	a16	gate2	PASS	4025	87877628	True	-
boids_sim	Oz	a16	gate1	PASS	4027	87879076	-	-
boids_sim	Oz	a16	memb1	PASS	4027	87879076	-	-
boids_sim	Oz	a16xy16	t4	PASS	3975	87801298	True	-
boids_sim	Oz	a16xy16	gate2	PASS	3975	87801298	True	-
boids_sim	Oz	a16xy16	gate1	PASS	3977	87802746	-	-
boids_sim	Oz	a16xy16	memb1	PASS	3977	87802746	-	-
cgrade_sim	O2	a16	t4	PASS	937	2805208	True	-
cgrade_sim	O2	a16	gate2	PASS	933	2804204	-	-
cgrade_sim	O2	a16	gate1	PASS	937	2805208	True	-
cgrade_sim	O2	a16	memb1	PASS	933	2804204	-	-
cgrade_sim	O2	a16xy16	t4	PASS	937	2805208	True	-
cgrade_sim	O2	a16xy16	gate2	PASS	933	2804204	-	-
cgrade_sim	O2	a16xy16	gate1	PASS	937	2805208	True	-
cgrade_sim	O2	a16xy16	memb1	PASS	933	2804204	-	-
cgrade_sim	O3	a16	t4	PASS	965	2810714	True	-
cgrade_sim	O3	a16	gate2	PASS	933	2804204	-	-
cgrade_sim	O3	a16	gate1	PASS	965	2810714	True	-
cgrade_sim	O3	a16	memb1	PASS	933	2804204	-	-
cgrade_sim	O3	a16xy16	t4	PASS	965	2810714	True	-
cgrade_sim	O3	a16xy16	gate2	PASS	933	2804204	-	-
cgrade_sim	O3	a16xy16	gate1	PASS	965	2810714	True	-
cgrade_sim	O3	a16xy16	memb1	PASS	933	2804204	-	-
cgrade_sim	Os	a16	t4	PASS	928	2805148	True	-
cgrade_sim	Os	a16	gate2	PASS	928	2805148	True	-
cgrade_sim	Os	a16	gate1	PASS	924	2804144	-	-
cgrade_sim	Os	a16	memb1	PASS	924	2804144	-	-
cgrade_sim	Os	a16xy16	t4	PASS	928	2805148	True	-
cgrade_sim	Os	a16xy16	gate2	PASS	928	2805148	True	-
cgrade_sim	Os	a16xy16	gate1	PASS	924	2804144	-	-
cgrade_sim	Os	a16xy16	memb1	PASS	924	2804144	-	-
cgrade_sim	Oz	a16	t4	PASS	977	2940854	True	-
cgrade_sim	Oz	a16	gate2	PASS	977	2940854	True	-
cgrade_sim	Oz	a16	gate1	PASS	949	2914930	-	-
cgrade_sim	Oz	a16	memb1	PASS	949	2914930	-	-
cgrade_sim	Oz	a16xy16	t4	PASS	977	2940854	True	-
cgrade_sim	Oz	a16xy16	gate2	PASS	977	2940854	True	-
cgrade_sim	Oz	a16xy16	gate1	PASS	949	2914930	-	-
cgrade_sim	Oz	a16xy16	memb1	PASS	949	2914930	-	-
critters_sim	O2	a16	t4	PASS	658	9226808	True	-
critters_sim	O2	a16	gate2	PASS	656	9097440	-	-
critters_sim	O2	a16	gate1	PASS	658	9226808	True	-
critters_sim	O2	a16	memb1	PASS	656	9097440	-	-
critters_sim	O2	a16xy16	t4	PASS	651	8782392	True	-
critters_sim	O2	a16xy16	gate2	PASS	651	8718304	-	-
critters_sim	O2	a16xy16	gate1	PASS	651	8782392	True	-
critters_sim	O2	a16xy16	memb1	PASS	651	8718304	-	-
critters_sim	O3	a16	t4	PASS	658	9226808	True	-
critters_sim	O3	a16	gate2	PASS	656	9097440	-	-
critters_sim	O3	a16	gate1	PASS	658	9226808	True	-
critters_sim	O3	a16	memb1	PASS	656	9097440	-	-
critters_sim	O3	a16xy16	t4	PASS	651	8782392	True	-
critters_sim	O3	a16xy16	gate2	PASS	651	8718304	-	-
critters_sim	O3	a16xy16	gate1	PASS	651	8782392	True	-
critters_sim	O3	a16xy16	memb1	PASS	651	8718304	-	-
critters_sim	Os	a16	t4	PASS	641	9220154	True	-
critters_sim	Os	a16	gate2	PASS	641	9220154	True	-
critters_sim	Os	a16	gate1	PASS	639	9090786	-	-
critters_sim	Os	a16	memb1	PASS	639	9090786	-	-
critters_sim	Os	a16xy16	t4	PASS	629	8805658	True	-
critters_sim	Os	a16xy16	gate2	PASS	629	8805658	True	-
critters_sim	Os	a16xy16	gate1	PASS	629	8741570	-	-
critters_sim	Os	a16xy16	memb1	PASS	629	8741570	-	-
critters_sim	Oz	a16	t4	PASS	605	8229772	True	-
critters_sim	Oz	a16	gate2	PASS	605	8229772	True	-
critters_sim	Oz	a16	gate1	PASS	602	8099828	-	-
critters_sim	Oz	a16	memb1	PASS	602	8099828	-	-
critters_sim	Oz	a16xy16	t4	PASS	593	7815276	True	-
critters_sim	Oz	a16xy16	gate2	PASS	593	7815276	True	-
critters_sim	Oz	a16xy16	gate1	PASS	592	7750612	-	-
critters_sim	Oz	a16xy16	memb1	PASS	592	7750612	-	-
domcol_sim	O2	a16	t4	PASS	1822	23747476	True	-
domcol_sim	O2	a16	gate2	PASS	1822	23747476	True	-
domcol_sim	O2	a16	gate1	PASS	1822	23747476	True	-
domcol_sim	O2	a16	memb1	PASS	1822	23747476	True	-
domcol_sim	O2	a16xy16	t4	PASS	1822	23747476	True	-
domcol_sim	O2	a16xy16	gate2	PASS	1822	23747476	True	-
domcol_sim	O2	a16xy16	gate1	PASS	1822	23747476	True	-
domcol_sim	O2	a16xy16	memb1	PASS	1822	23747476	True	-
domcol_sim	O3	a16	t4	PASS	1828	23747444	True	-
domcol_sim	O3	a16	gate2	PASS	1828	23747444	True	-
domcol_sim	O3	a16	gate1	PASS	1828	23747444	True	-
domcol_sim	O3	a16	memb1	PASS	1828	23747444	True	-
domcol_sim	O3	a16xy16	t4	PASS	1828	23747444	True	-
domcol_sim	O3	a16xy16	gate2	PASS	1828	23747444	True	-
domcol_sim	O3	a16xy16	gate1	PASS	1828	23747444	True	-
domcol_sim	O3	a16xy16	memb1	PASS	1828	23747444	True	-
domcol_sim	Os	a16	t4	PASS	1808	23746842	True	-
domcol_sim	Os	a16	gate2	PASS	1808	23746842	True	-
domcol_sim	Os	a16	gate1	PASS	1808	23746842	True	-
domcol_sim	Os	a16	memb1	PASS	1808	23746842	True	-
domcol_sim	Os	a16xy16	t4	PASS	1808	23746842	True	-
domcol_sim	Os	a16xy16	gate2	PASS	1808	23746842	True	-
domcol_sim	Os	a16xy16	gate1	PASS	1808	23746842	True	-
domcol_sim	Os	a16xy16	memb1	PASS	1808	23746842	True	-
domcol_sim	Oz	a16	t4	llc-fail rc=-6	-	-	-	['Remaining virtual register %1270...']
domcol_sim	Oz	a16	gate2	llc-fail rc=-6	-	-	-	['Remaining virtual register %1270...']
domcol_sim	Oz	a16	gate1	llc-fail rc=-6	-	-	-	['Remaining virtual register %1270...']
domcol_sim	Oz	a16	memb1	llc-fail rc=-6	-	-	-	['Remaining virtual register %1270...']
domcol_sim	Oz	a16xy16	t4	llc-fail rc=-6	-	-	-	['Remaining virtual register %1270...']
domcol_sim	Oz	a16xy16	gate2	llc-fail rc=-6	-	-	-	['Remaining virtual register %1270...']
domcol_sim	Oz	a16xy16	gate1	llc-fail rc=-6	-	-	-	['Remaining virtual register %1270...']
domcol_sim	Oz	a16xy16	memb1	llc-fail rc=-6	-	-	-	['Remaining virtual register %1270...']
fenwick_sim	O2	a16	t4	PASS	676	14332966	True	-
fenwick_sim	O2	a16	gate2	PASS	676	14332966	True	-
fenwick_sim	O2	a16	gate1	PASS	676	14332966	True	-
fenwick_sim	O2	a16	memb1	PASS	676	14332966	True	-
fenwick_sim	O2	a16xy16	t4	PASS	647	13294246	True	-
fenwick_sim	O2	a16xy16	gate2	PASS	647	13294246	True	-
fenwick_sim	O2	a16xy16	gate1	PASS	647	13294246	True	-
fenwick_sim	O2	a16xy16	memb1	PASS	647	13294246	True	-
fenwick_sim	O3	a16	t4	PASS	773	10476780	True	-
fenwick_sim	O3	a16	gate2	PASS	773	10476780	True	-
fenwick_sim	O3	a16	gate1	PASS	773	10476780	True	-
fenwick_sim	O3	a16	memb1	PASS	773	10476780	True	-
fenwick_sim	O3	a16xy16	t4	PASS	762	9709300	True	-
fenwick_sim	O3	a16xy16	gate2	PASS	762	9709300	True	-
fenwick_sim	O3	a16xy16	gate1	PASS	762	9709300	True	-
fenwick_sim	O3	a16xy16	memb1	PASS	762	9709300	True	-
fenwick_sim	Os	a16	t4	PASS	666	14323508	True	-
fenwick_sim	Os	a16	gate2	PASS	666	14323508	True	-
fenwick_sim	Os	a16	gate1	PASS	666	14323508	True	-
fenwick_sim	Os	a16	memb1	PASS	666	14323508	True	-
fenwick_sim	Os	a16xy16	t4	PASS	637	13284788	True	-
fenwick_sim	Os	a16xy16	gate2	PASS	637	13284788	True	-
fenwick_sim	Os	a16xy16	gate1	PASS	637	13284788	True	-
fenwick_sim	Os	a16xy16	memb1	PASS	637	13284788	True	-
fenwick_sim	Oz	a16	t4	PASS	697	14682612	True	-
fenwick_sim	Oz	a16	gate2	PASS	697	14682612	True	-
fenwick_sim	Oz	a16	gate1	PASS	697	14682612	True	-
fenwick_sim	Oz	a16	memb1	PASS	697	14682612	True	-
fenwick_sim	Oz	a16xy16	t4	PASS	693	14663572	True	-
fenwick_sim	Oz	a16xy16	gate2	PASS	693	14663572	True	-
fenwick_sim	Oz	a16xy16	gate1	PASS	693	14663572	True	-
fenwick_sim	Oz	a16xy16	memb1	PASS	693	14663572	True	-
grid3d_sim	O2	a16	t4	PASS	2829	24596746	True	-
grid3d_sim	O2	a16	gate2	PASS	2860	24630764	-	-
grid3d_sim	O2	a16	gate1	PASS	2829	24596746	True	-
grid3d_sim	O2	a16	memb1	PASS	2860	24630764	-	-
grid3d_sim	O2	a16xy16	t4	PASS	2802	23769238	True	-
grid3d_sim	O2	a16xy16	gate2	PASS	2843	23820512	-	-
grid3d_sim	O2	a16xy16	gate1	PASS	2802	23769238	True	-
grid3d_sim	O2	a16xy16	memb1	PASS	2843	23820512	-	-
grid3d_sim	O3	a16	t4	llc-fail rc=-6	-	-	-	['Remaining virtual register %5171...']
grid3d_sim	O3	a16	gate2	PASS	8378	20013270	-	-
grid3d_sim	O3	a16	gate1	llc-fail rc=-6	-	-	-	['Remaining virtual register %5171...']
grid3d_sim	O3	a16	memb1	PASS	8378	20013270	-	-
grid3d_sim	O3	a16xy16	t4	llc-fail rc=-6	-	-	-	['Remaining virtual register %5143...']
grid3d_sim	O3	a16xy16	gate2	PASS	8345	19737998	-	-
grid3d_sim	O3	a16xy16	gate1	llc-fail rc=-6	-	-	-	['Remaining virtual register %5143...']
grid3d_sim	O3	a16xy16	memb1	PASS	8345	19737998	-	-
grid3d_sim	Os	a16	t4	PASS	1335	44988338	True	-
grid3d_sim	Os	a16	gate2	PASS	1335	44988338	True	-
grid3d_sim	Os	a16	gate1	PASS	1360	45093370	-	-
grid3d_sim	Os	a16	memb1	PASS	1360	45093370	-	-
grid3d_sim	Os	a16xy16	t4	PASS	1335	44988338	True	-
grid3d_sim	Os	a16xy16	gate2	PASS	1335	44988338	True	-
grid3d_sim	Os	a16xy16	gate1	PASS	1360	45093370	-	-
grid3d_sim	Os	a16xy16	memb1	PASS	1360	45093370	-	-
grid3d_sim	Oz	a16	t4	PASS	1386	44464662	True	-
grid3d_sim	Oz	a16	gate2	PASS	1386	44464662	True	-
grid3d_sim	Oz	a16	gate1	PASS	1401	44483982	-	-
grid3d_sim	Oz	a16	memb1	PASS	1401	44483982	-	-
grid3d_sim	Oz	a16xy16	t4	PASS	1386	44464662	True	-
grid3d_sim	Oz	a16xy16	gate2	PASS	1386	44464662	True	-
grid3d_sim	Oz	a16xy16	gate1	PASS	1401	44483982	-	-
grid3d_sim	Oz	a16xy16	memb1	PASS	1401	44483982	-	-
jt256_sim	O2	a16	t4	PASS	7064	7042182	True	-
jt256_sim	O2	a16	gate2	PASS	7066	7056982	-	-
jt256_sim	O2	a16	gate1	PASS	7064	7042182	True	-
jt256_sim	O2	a16	memb1	PASS	7066	7056982	-	-
jt256_sim	O2	a16xy16	t4	PASS	7110	6809030	True	-
jt256_sim	O2	a16xy16	gate2	PASS	7110	6809030	True	-
jt256_sim	O2	a16xy16	gate1	PASS	7110	6809030	True	-
jt256_sim	O2	a16xy16	memb1	PASS	7110	6809030	True	-
jt256_sim	O3	a16	t4	PASS	9355	7072944	True	-
jt256_sim	O3	a16	gate2	PASS	9357	7087744	-	-
jt256_sim	O3	a16	gate1	PASS	9355	7072944	True	-
jt256_sim	O3	a16	memb1	PASS	9357	7087744	-	-
jt256_sim	O3	a16xy16	t4	PASS	9322	6826984	True	-
jt256_sim	O3	a16xy16	gate2	PASS	9322	6826984	True	-
jt256_sim	O3	a16xy16	gate1	PASS	9322	6826984	True	-
jt256_sim	O3	a16xy16	memb1	PASS	9322	6826984	True	-
jt256_sim	Os	a16	t4	PASS	6962	7031174	True	-
jt256_sim	Os	a16	gate2	PASS	6962	7031174	True	-
jt256_sim	Os	a16	gate1	PASS	6964	7045974	-	-
jt256_sim	Os	a16	memb1	PASS	6964	7045974	-	-
jt256_sim	Os	a16xy16	t4	PASS	6983	6798102	True	-
jt256_sim	Os	a16xy16	gate2	PASS	6983	6798102	True	-
jt256_sim	Os	a16xy16	gate1	PASS	6983	6798102	True	-
jt256_sim	Os	a16xy16	memb1	PASS	6983	6798102	True	-
jt256_sim	Oz	a16	t4	PASS	6646	7067346	True	-
jt256_sim	Oz	a16	gate2	PASS	6646	7067346	True	-
jt256_sim	Oz	a16	gate1	PASS	6654	7101210	-	-
jt256_sim	Oz	a16	memb1	PASS	6654	7101210	-	-
jt256_sim	Oz	a16xy16	t4	PASS	6659	6851042	True	-
jt256_sim	Oz	a16xy16	gate2	PASS	6659	6851042	True	-
jt256_sim	Oz	a16xy16	gate1	PASS	6665	6870106	-	-
jt256_sim	Oz	a16xy16	memb1	PASS	6665	6870106	-	-
lzdec_sim	O2	a16	t4	PASS	741	479884	True	-
lzdec_sim	O2	a16	gate2	PASS	733	477912	-	-
lzdec_sim	O2	a16	gate1	PASS	741	479884	True	-
lzdec_sim	O2	a16	memb1	PASS	733	477912	-	-
lzdec_sim	O2	a16xy16	t4	PASS	646	460806	True	-
lzdec_sim	O2	a16xy16	gate2	PASS	646	460806	True	-
lzdec_sim	O2	a16xy16	gate1	PASS	646	460806	True	-
lzdec_sim	O2	a16xy16	memb1	PASS	646	460806	True	-
lzdec_sim	O3	a16	t4	PASS	768	479984	True	-
lzdec_sim	O3	a16	gate2	PASS	760	478012	-	-
lzdec_sim	O3	a16	gate1	PASS	768	479984	True	-
lzdec_sim	O3	a16	memb1	PASS	760	478012	-	-
lzdec_sim	O3	a16xy16	t4	PASS	671	460906	True	-
lzdec_sim	O3	a16xy16	gate2	PASS	671	460906	True	-
lzdec_sim	O3	a16xy16	gate1	PASS	671	460906	True	-
lzdec_sim	O3	a16xy16	memb1	PASS	671	460906	True	-
lzdec_sim	Os	a16	t4	PASS	724	480428	True	-
lzdec_sim	Os	a16	gate2	PASS	724	480428	True	-
lzdec_sim	Os	a16	gate1	PASS	716	478456	-	-
lzdec_sim	Os	a16	memb1	PASS	716	478456	-	-
lzdec_sim	Os	a16xy16	t4	PASS	629	461350	True	-
lzdec_sim	Os	a16xy16	gate2	PASS	629	461350	True	-
lzdec_sim	Os	a16xy16	gate1	PASS	629	461350	True	-
lzdec_sim	Os	a16xy16	memb1	PASS	629	461350	True	-
lzdec_sim	Oz	a16	t4	PASS	745	531980	True	-
lzdec_sim	Oz	a16	gate2	PASS	745	531980	True	-
lzdec_sim	Oz	a16	gate1	PASS	745	532640	-	-
lzdec_sim	Oz	a16	memb1	PASS	745	532640	-	-
lzdec_sim	Oz	a16xy16	t4	PASS	659	516686	True	-
lzdec_sim	Oz	a16xy16	gate2	PASS	659	516686	True	-
lzdec_sim	Oz	a16xy16	gate1	PASS	657	516718	-	-
lzdec_sim	Oz	a16xy16	memb1	PASS	657	516718	-	-
montorbit_sim	O2	a16	t4	PASS	400	2736608	True	-
montorbit_sim	O2	a16	gate2	PASS	372	2721064	-	-
montorbit_sim	O2	a16	gate1	PASS	400	2736608	True	-
montorbit_sim	O2	a16	memb1	PASS	372	2721064	-	-
montorbit_sim	O2	a16xy16	t4	PASS	400	2736608	True	-
montorbit_sim	O2	a16xy16	gate2	PASS	372	2721064	-	-
montorbit_sim	O2	a16xy16	gate1	PASS	400	2736608	True	-
montorbit_sim	O2	a16xy16	memb1	PASS	372	2721064	-	-
montorbit_sim	O3	a16	t4	PASS	400	2736608	True	-
montorbit_sim	O3	a16	gate2	PASS	372	2721064	-	-
montorbit_sim	O3	a16	gate1	PASS	400	2736608	True	-
montorbit_sim	O3	a16	memb1	PASS	372	2721064	-	-
montorbit_sim	O3	a16xy16	t4	PASS	400	2736608	True	-
montorbit_sim	O3	a16xy16	gate2	PASS	372	2721064	-	-
montorbit_sim	O3	a16xy16	gate1	PASS	400	2736608	True	-
montorbit_sim	O3	a16xy16	memb1	PASS	372	2721064	-	-
montorbit_sim	Os	a16	t4	PASS	392	2736358	True	-
montorbit_sim	Os	a16	gate2	PASS	392	2736358	True	-
montorbit_sim	Os	a16	gate1	PASS	364	2720814	-	-
montorbit_sim	Os	a16	memb1	PASS	364	2720814	-	-
montorbit_sim	Os	a16xy16	t4	PASS	392	2736358	True	-
montorbit_sim	Os	a16xy16	gate2	PASS	392	2736358	True	-
montorbit_sim	Os	a16xy16	gate1	PASS	364	2720814	-	-
montorbit_sim	Os	a16xy16	memb1	PASS	364	2720814	-	-
montorbit_sim	Oz	a16	t4	PASS	321	2799334	True	-
montorbit_sim	Oz	a16	gate2	PASS	321	2799334	True	-
montorbit_sim	Oz	a16	gate1	PASS	321	2799334	True	-
montorbit_sim	Oz	a16	memb1	PASS	321	2799334	True	-
montorbit_sim	Oz	a16xy16	t4	PASS	321	2799334	True	-
montorbit_sim	Oz	a16xy16	gate2	PASS	321	2799334	True	-
montorbit_sim	Oz	a16xy16	gate1	PASS	321	2799334	True	-
montorbit_sim	Oz	a16xy16	memb1	PASS	321	2799334	True	-
nmitally_sim	O2	a16	t4	PASS	824	6330266	-	-
nmitally_sim	O2	a16	gate2	PASS	650	5914130	-	-
nmitally_sim	O2	a16	gate1	PASS	824	6330266	-	-
nmitally_sim	O2	a16	memb1	PASS	650	5914130	-	-
nmitally_sim	O2	a16xy16	t4	PASS	824	6330266	-	-
nmitally_sim	O2	a16xy16	gate2	PASS	650	5914130	-	-
nmitally_sim	O2	a16xy16	gate1	PASS	824	6330266	-	-
nmitally_sim	O2	a16xy16	memb1	PASS	650	5914130	-	-
nmitally_sim	O3	a16	t4	PASS	866	6346094	-	-
nmitally_sim	O3	a16	gate2	PASS	650	5914130	-	-
nmitally_sim	O3	a16	gate1	PASS	866	6346094	-	-
nmitally_sim	O3	a16	memb1	PASS	650	5914130	-	-
nmitally_sim	O3	a16xy16	t4	PASS	866	6346094	-	-
nmitally_sim	O3	a16xy16	gate2	PASS	650	5914130	-	-
nmitally_sim	O3	a16xy16	gate1	PASS	866	6346094	-	-
nmitally_sim	O3	a16xy16	memb1	PASS	650	5914130	-	-
nmitally_sim	Os	a16	t4	PASS	815	6327246	-	-
nmitally_sim	Os	a16	gate2	PASS	815	6327246	-	-
nmitally_sim	Os	a16	gate1	PASS	650	5914130	-	-
nmitally_sim	Os	a16	memb1	PASS	650	5914130	-	-
nmitally_sim	Os	a16xy16	t4	PASS	815	6327246	-	-
nmitally_sim	Os	a16xy16	gate2	PASS	815	6327246	-	-
nmitally_sim	Os	a16xy16	gate1	PASS	650	5914130	-	-
nmitally_sim	Os	a16xy16	memb1	PASS	650	5914130	-	-
nmitally_sim	Oz	a16	t4	PASS	666	5956268	-	-
nmitally_sim	Oz	a16	gate2	PASS	666	5956268	-	-
nmitally_sim	Oz	a16	gate1	PASS	705	6078954	-	-
nmitally_sim	Oz	a16	memb1	PASS	705	6078954	-	-
nmitally_sim	Oz	a16xy16	t4	PASS	666	5956268	-	-
nmitally_sim	Oz	a16xy16	gate2	PASS	666	5956268	-	-
nmitally_sim	Oz	a16xy16	gate1	PASS	705	6078954	-	-
nmitally_sim	Oz	a16xy16	memb1	PASS	705	6078954	-	-
perlin_sim	O2	a16	t4	llc-fail rc=-6	-	-	-	['Remaining virtual register %3240...']
perlin_sim	O2	a16	gate2	llc-fail rc=-6	-	-	-	['Remaining virtual register %3257...']
perlin_sim	O2	a16	gate1	llc-fail rc=-6	-	-	-	['Remaining virtual register %3240...']
perlin_sim	O2	a16	memb1	llc-fail rc=-6	-	-	-	['Remaining virtual register %3257...']
perlin_sim	O2	a16xy16	t4	llc-fail rc=-6	-	-	-	['Remaining virtual register %3224...']
perlin_sim	O2	a16xy16	gate2	llc-fail rc=-6	-	-	-	['Remaining virtual register %3235...']
perlin_sim	O2	a16xy16	gate1	llc-fail rc=-6	-	-	-	['Remaining virtual register %3224...']
perlin_sim	O2	a16xy16	memb1	llc-fail rc=-6	-	-	-	['Remaining virtual register %3235...']
perlin_sim	O3	a16	t4	llc-fail rc=-6	-	-	-	['Remaining virtual register %3240...']
perlin_sim	O3	a16	gate2	llc-fail rc=-6	-	-	-	['Remaining virtual register %3257...']
perlin_sim	O3	a16	gate1	llc-fail rc=-6	-	-	-	['Remaining virtual register %3240...']
perlin_sim	O3	a16	memb1	llc-fail rc=-6	-	-	-	['Remaining virtual register %3257...']
perlin_sim	O3	a16xy16	t4	llc-fail rc=-6	-	-	-	['Remaining virtual register %3224...']
perlin_sim	O3	a16xy16	gate2	llc-fail rc=-6	-	-	-	['Remaining virtual register %3235...']
perlin_sim	O3	a16xy16	gate1	llc-fail rc=-6	-	-	-	['Remaining virtual register %3224...']
perlin_sim	O3	a16xy16	memb1	llc-fail rc=-6	-	-	-	['Remaining virtual register %3235...']
perlin_sim	Os	a16	t4	llc-fail rc=-6	-	-	-	['Remaining virtual register %3240...']
perlin_sim	Os	a16	gate2	llc-fail rc=-6	-	-	-	['Remaining virtual register %3240...']
perlin_sim	Os	a16	gate1	llc-fail rc=-6	-	-	-	['Remaining virtual register %3257...']
perlin_sim	Os	a16	memb1	llc-fail rc=-6	-	-	-	['Remaining virtual register %3257...']
perlin_sim	Os	a16xy16	t4	llc-fail rc=-6	-	-	-	['Remaining virtual register %3224...']
perlin_sim	Os	a16xy16	gate2	llc-fail rc=-6	-	-	-	['Remaining virtual register %3224...']
perlin_sim	Os	a16xy16	gate1	llc-fail rc=-6	-	-	-	['Remaining virtual register %3235...']
perlin_sim	Os	a16xy16	memb1	llc-fail rc=-6	-	-	-	['Remaining virtual register %3235...']
perlin_sim	Oz	a16	t4	PASS	1649	15518022	True	-
perlin_sim	Oz	a16	gate2	PASS	1649	15518022	True	-
perlin_sim	Oz	a16	gate1	PASS	1645	15503002	-	-
perlin_sim	Oz	a16	memb1	PASS	1645	15503002	-	-
perlin_sim	Oz	a16xy16	t4	PASS	1614	15430132	True	-
perlin_sim	Oz	a16xy16	gate2	PASS	1614	15430132	True	-
perlin_sim	Oz	a16xy16	gate1	PASS	1614	15426692	-	-
perlin_sim	Oz	a16xy16	memb1	PASS	1614	15426692	-	-
rangecode_sim	O2	a16	t4	PASS	877	2905660	True	-
rangecode_sim	O2	a16	gate2	PASS	862	2890916	-	-
rangecode_sim	O2	a16	gate1	PASS	877	2905660	True	-
rangecode_sim	O2	a16	memb1	PASS	862	2890916	-	-
rangecode_sim	O2	a16xy16	t4	PASS	877	2905660	True	-
rangecode_sim	O2	a16xy16	gate2	PASS	862	2890916	-	-
rangecode_sim	O2	a16xy16	gate1	PASS	877	2905660	True	-
rangecode_sim	O2	a16xy16	memb1	PASS	862	2890916	-	-
rangecode_sim	O3	a16	t4	PASS	892	2905500	True	-
rangecode_sim	O3	a16	gate2	PASS	902	2890072	-	-
rangecode_sim	O3	a16	gate1	PASS	892	2905500	True	-
rangecode_sim	O3	a16	memb1	PASS	902	2890072	-	-
rangecode_sim	O3	a16xy16	t4	PASS	892	2905500	True	-
rangecode_sim	O3	a16xy16	gate2	PASS	902	2890072	-	-
rangecode_sim	O3	a16xy16	gate1	PASS	892	2905500	True	-
rangecode_sim	O3	a16xy16	memb1	PASS	902	2890072	-	-
rangecode_sim	Os	a16	t4	PASS	772	2876188	True	-
rangecode_sim	Os	a16	gate2	PASS	772	2876188	True	-
rangecode_sim	Os	a16	gate1	PASS	801	2895378	-	-
rangecode_sim	Os	a16	memb1	PASS	801	2895378	-	-
rangecode_sim	Os	a16xy16	t4	PASS	772	2876188	True	-
rangecode_sim	Os	a16xy16	gate2	PASS	772	2876188	True	-
rangecode_sim	Os	a16xy16	gate1	PASS	801	2895378	-	-
rangecode_sim	Os	a16xy16	memb1	PASS	801	2895378	-	-
rangecode_sim	Oz	a16	t4	PASS	764	3080534	True	-
rangecode_sim	Oz	a16	gate2	PASS	764	3080534	True	-
rangecode_sim	Oz	a16	gate1	PASS	751	3084416	-	-
rangecode_sim	Oz	a16	memb1	PASS	751	3084416	-	-
rangecode_sim	Oz	a16xy16	t4	PASS	764	3080534	True	-
rangecode_sim	Oz	a16xy16	gate2	PASS	764	3080534	True	-
rangecode_sim	Oz	a16xy16	gate1	PASS	751	3084416	-	-
rangecode_sim	Oz	a16xy16	memb1	PASS	751	3084416	-	-
satcast_sim	O2	a16	t4	llc-fail rc=-6	-	-	-	['Remaining virtual register %709...']
satcast_sim	O2	a16	gate2	llc-fail rc=-6	-	-	-	['Remaining virtual register %723...']
satcast_sim	O2	a16	gate1	llc-fail rc=-6	-	-	-	['Remaining virtual register %709...']
satcast_sim	O2	a16	memb1	llc-fail rc=-6	-	-	-	['Remaining virtual register %723...']
satcast_sim	O2	a16xy16	t4	llc-fail rc=-6	-	-	-	['Remaining virtual register %709...']
satcast_sim	O2	a16xy16	gate2	llc-fail rc=-6	-	-	-	['Remaining virtual register %723...']
satcast_sim	O2	a16xy16	gate1	llc-fail rc=-6	-	-	-	['Remaining virtual register %709...']
satcast_sim	O2	a16xy16	memb1	llc-fail rc=-6	-	-	-	['Remaining virtual register %723...']
satcast_sim	O3	a16	t4	llc-fail rc=-6	-	-	-	['Remaining virtual register %936...']
satcast_sim	O3	a16	gate2	llc-fail rc=-6	-	-	-	['Remaining virtual register %936...']
satcast_sim	O3	a16	gate1	llc-fail rc=-6	-	-	-	['Remaining virtual register %936...']
satcast_sim	O3	a16	memb1	llc-fail rc=-6	-	-	-	['Remaining virtual register %936...']
satcast_sim	O3	a16xy16	t4	llc-fail rc=-6	-	-	-	['Remaining virtual register %936...']
satcast_sim	O3	a16xy16	gate2	llc-fail rc=-6	-	-	-	['Remaining virtual register %936...']
satcast_sim	O3	a16xy16	gate1	llc-fail rc=-6	-	-	-	['Remaining virtual register %936...']
satcast_sim	O3	a16xy16	memb1	llc-fail rc=-6	-	-	-	['Remaining virtual register %936...']
satcast_sim	Os	a16	t4	llc-fail rc=-6	-	-	-	['Remaining virtual register %709...']
satcast_sim	Os	a16	gate2	llc-fail rc=-6	-	-	-	['Remaining virtual register %709...']
satcast_sim	Os	a16	gate1	llc-fail rc=-6	-	-	-	['Remaining virtual register %723...']
satcast_sim	Os	a16	memb1	llc-fail rc=-6	-	-	-	['Remaining virtual register %723...']
satcast_sim	Os	a16xy16	t4	llc-fail rc=-6	-	-	-	['Remaining virtual register %709...']
satcast_sim	Os	a16xy16	gate2	llc-fail rc=-6	-	-	-	['Remaining virtual register %709...']
satcast_sim	Os	a16xy16	gate1	llc-fail rc=-6	-	-	-	['Remaining virtual register %723...']
satcast_sim	Os	a16xy16	memb1	llc-fail rc=-6	-	-	-	['Remaining virtual register %723...']
satcast_sim	Oz	a16	t4	llc-fail rc=-6	-	-	-	['Remaining virtual register %701...']
satcast_sim	Oz	a16	gate2	llc-fail rc=-6	-	-	-	['Remaining virtual register %701...']
satcast_sim	Oz	a16	gate1	llc-fail rc=-6	-	-	-	['Remaining virtual register %715...']
satcast_sim	Oz	a16	memb1	llc-fail rc=-6	-	-	-	['Remaining virtual register %715...']
satcast_sim	Oz	a16xy16	t4	llc-fail rc=-6	-	-	-	['Remaining virtual register %701...']
satcast_sim	Oz	a16xy16	gate2	llc-fail rc=-6	-	-	-	['Remaining virtual register %701...']
satcast_sim	Oz	a16xy16	gate1	llc-fail rc=-6	-	-	-	['Remaining virtual register %715...']
satcast_sim	Oz	a16xy16	memb1	llc-fail rc=-6	-	-	-	['Remaining virtual register %715...']
sodo_sim	O2	a16	t4	PASS	1140	68745004	True	-
sodo_sim	O2	a16	gate2	PASS	1140	68745004	True	-
sodo_sim	O2	a16	gate1	PASS	1140	68745004	True	-
sodo_sim	O2	a16	memb1	PASS	1140	68745004	True	-
sodo_sim	O2	a16xy16	t4	PASS	1140	68745004	True	-
sodo_sim	O2	a16xy16	gate2	PASS	1140	68745004	True	-
sodo_sim	O2	a16xy16	gate1	PASS	1140	68745004	True	-
sodo_sim	O2	a16xy16	memb1	PASS	1140	68745004	True	-
sodo_sim	O3	a16	t4	PASS	1140	68745004	True	-
sodo_sim	O3	a16	gate2	PASS	1140	68745004	True	-
sodo_sim	O3	a16	gate1	PASS	1140	68745004	True	-
sodo_sim	O3	a16	memb1	PASS	1140	68745004	True	-
sodo_sim	O3	a16xy16	t4	PASS	1140	68745004	True	-
sodo_sim	O3	a16xy16	gate2	PASS	1140	68745004	True	-
sodo_sim	O3	a16xy16	gate1	PASS	1140	68745004	True	-
sodo_sim	O3	a16xy16	memb1	PASS	1140	68745004	True	-
sodo_sim	Os	a16	t4	PASS	422	69255694	True	-
sodo_sim	Os	a16	gate2	PASS	422	69255694	True	-
sodo_sim	Os	a16	gate1	PASS	422	69255694	True	-
sodo_sim	Os	a16	memb1	PASS	422	69255694	True	-
sodo_sim	Os	a16xy16	t4	PASS	422	69255694	True	-
sodo_sim	Os	a16xy16	gate2	PASS	422	69255694	True	-
sodo_sim	Os	a16xy16	gate1	PASS	422	69255694	True	-
sodo_sim	Os	a16xy16	memb1	PASS	422	69255694	True	-
sodo_sim	Oz	a16	t4	PASS	412	69137218	True	-
sodo_sim	Oz	a16	gate2	PASS	412	69137218	True	-
sodo_sim	Oz	a16	gate1	PASS	412	69137218	True	-
sodo_sim	Oz	a16	memb1	PASS	412	69137218	True	-
sodo_sim	Oz	a16xy16	t4	PASS	412	69137218	True	-
sodo_sim	Oz	a16xy16	gate2	PASS	412	69137218	True	-
sodo_sim	Oz	a16xy16	gate1	PASS	412	69137218	True	-
sodo_sim	Oz	a16xy16	memb1	PASS	412	69137218	True	-
tea_sim	O2	a16	t4	PASS	800	1957044	-	-
tea_sim	O2	a16	gate2	PASS	799	1909788	-	-
tea_sim	O2	a16	gate1	PASS	800	1957044	-	-
tea_sim	O2	a16	memb1	PASS	799	1909788	-	-
tea_sim	O2	a16xy16	t4	PASS	800	1957044	-	-
tea_sim	O2	a16xy16	gate2	PASS	799	1909788	-	-
tea_sim	O2	a16xy16	gate1	PASS	800	1957044	-	-
tea_sim	O2	a16xy16	memb1	PASS	799	1909788	-	-
tea_sim	O3	a16	t4	PASS	13	96	True	-
tea_sim	O3	a16	gate2	PASS	13	96	True	-
tea_sim	O3	a16	gate1	PASS	13	96	True	-
tea_sim	O3	a16	memb1	PASS	13	96	True	-
tea_sim	O3	a16xy16	t4	PASS	13	96	True	-
tea_sim	O3	a16xy16	gate2	PASS	13	96	True	-
tea_sim	O3	a16xy16	gate1	PASS	13	96	True	-
tea_sim	O3	a16xy16	memb1	PASS	13	96	True	-
tea_sim	Os	a16	t4	PASS	788	1954132	-	-
tea_sim	Os	a16	gate2	PASS	788	1954132	-	-
tea_sim	Os	a16	gate1	PASS	787	1907564	-	-
tea_sim	Os	a16	memb1	PASS	787	1907564	-	-
tea_sim	Os	a16xy16	t4	PASS	788	1954132	-	-
tea_sim	Os	a16xy16	gate2	PASS	788	1954132	-	-
tea_sim	Os	a16xy16	gate1	PASS	787	1907564	-	-
tea_sim	Os	a16xy16	memb1	PASS	787	1907564	-	-
tea_sim	Oz	a16	t4	PASS	833	2065402	-	-
tea_sim	Oz	a16	gate2	PASS	833	2065402	-	-
tea_sim	Oz	a16	gate1	PASS	733	1870330	-	-
tea_sim	Oz	a16	memb1	PASS	733	1870330	-	-
tea_sim	Oz	a16xy16	t4	PASS	833	2065402	-	-
tea_sim	Oz	a16xy16	gate2	PASS	833	2065402	-	-
tea_sim	Oz	a16xy16	gate1	PASS	733	1870330	-	-
tea_sim	Oz	a16xy16	memb1	PASS	733	1870330	-	-
ulam_sim	O2	a16	t4	PASS	424	7652912	True	-
ulam_sim	O2	a16	gate2	PASS	424	7652912	True	-
ulam_sim	O2	a16	gate1	PASS	424	7652912	True	-
ulam_sim	O2	a16	memb1	PASS	424	7652912	True	-
ulam_sim	O2	a16xy16	t4	PASS	376	7162844	True	-
ulam_sim	O2	a16xy16	gate2	PASS	376	7162844	True	-
ulam_sim	O2	a16xy16	gate1	PASS	376	7162844	True	-
ulam_sim	O2	a16xy16	memb1	PASS	376	7162844	True	-
ulam_sim	O3	a16	t4	PASS	424	7652912	True	-
ulam_sim	O3	a16	gate2	PASS	424	7652912	True	-
ulam_sim	O3	a16	gate1	PASS	424	7652912	True	-
ulam_sim	O3	a16	memb1	PASS	424	7652912	True	-
ulam_sim	O3	a16xy16	t4	PASS	376	7162844	True	-
ulam_sim	O3	a16xy16	gate2	PASS	376	7162844	True	-
ulam_sim	O3	a16xy16	gate1	PASS	376	7162844	True	-
ulam_sim	O3	a16xy16	memb1	PASS	376	7162844	True	-
ulam_sim	Os	a16	t4	PASS	410	7644328	True	-
ulam_sim	Os	a16	gate2	PASS	410	7644328	True	-
ulam_sim	Os	a16	gate1	PASS	410	7644328	True	-
ulam_sim	Os	a16	memb1	PASS	410	7644328	True	-
ulam_sim	Os	a16xy16	t4	PASS	365	7160576	True	-
ulam_sim	Os	a16xy16	gate2	PASS	365	7160576	True	-
ulam_sim	Os	a16xy16	gate1	PASS	365	7160576	True	-
ulam_sim	Os	a16xy16	memb1	PASS	365	7160576	True	-
ulam_sim	Oz	a16	t4	PASS	441	7736858	True	-
ulam_sim	Oz	a16	gate2	PASS	441	7736858	True	-
ulam_sim	Oz	a16	gate1	PASS	441	7736858	True	-
ulam_sim	Oz	a16	memb1	PASS	441	7736858	True	-
ulam_sim	Oz	a16xy16	t4	PASS	396	7186156	True	-
ulam_sim	Oz	a16xy16	gate2	PASS	396	7186156	True	-
ulam_sim	Oz	a16xy16	gate1	PASS	396	7186156	True	-
ulam_sim	Oz	a16xy16	memb1	PASS	396	7186156	True	-
runtime rc=0
