2026-09-30T12:05:14Z Os.head rc=0
2026-09-30T12:05:15Z Os.t4 rc=0
2026-09-30T12:05:16Z Os.gate1 rc=0
2026-09-30T12:05:16Z Os.memb1 rc=0
2026-09-30T12:06:36Z Os.cand1 rc=0
2026-09-30T12:06:50Z Os.def.upstream rc=0
2026-09-30T12:06:52Z Os.def.cand1 rc=0
2026-09-30T12:06:53Z Os.def.t4-01 rc=0
2026-09-30T12:08:08Z Os.def.t4 rc=0
2026-09-30T12:08:13Z Oz.head rc=0
2026-09-30T12:08:15Z Oz.t4 rc=0
2026-09-30T12:08:19Z Os.def.gate1 rc=0
2026-09-30T12:09:25Z Oz.gate1 rc=0
2026-09-30T12:09:29Z Oz.memb1 rc=0
2026-09-30T12:09:32Z Oz.cand1 rc=0
2026-09-30T12:09:44Z Oz.def.upstream rc=0
2026-09-30T12:10:55Z Oz.def.t4-01 rc=0
2026-09-30T12:11:01Z Oz.def.cand1 rc=0
2026-09-30T12:11:04Z Oz.def.t4 rc=0
2026-09-30T12:11:16Z Oz.def.gate1 rc=0
2026-09-30T12:12:11Z O2.head rc=0
2026-09-30T12:12:17Z O2.t4 rc=0
2026-09-30T12:12:23Z O2.gate2 rc=0
2026-09-30T12:12:33Z O2.memb1 rc=0
2026-09-30T12:13:35Z O2.cand1 rc=0
2026-09-30T12:13:53Z O2.def.upstream rc=0
2026-09-30T12:13:57Z O2.def.t4-01 rc=0
2026-09-30T12:14:06Z O2.def.cand1 rc=0
2026-09-30T12:15:05Z O2.def.t4 rc=0
2026-09-30T12:15:22Z O3.head rc=0
2026-09-30T12:15:27Z O2.def.gate2 rc=0
2026-09-30T12:15:29Z O3.t4 rc=0
2026-09-30T12:16:25Z O3.gate2 rc=0
2026-09-30T12:16:42Z O3.memb1 rc=0
2026-09-30T12:16:47Z O3.cand1 rc=0
2026-09-30T12:17:00Z O3.def.upstream rc=0
2026-09-30T12:17:59Z O3.def.t4-01 rc=0
2026-09-30T12:18:16Z O3.def.cand1 rc=0
2026-09-30T12:18:22Z O3.def.t4 rc=0
2026-09-30T12:18:36Z O3.def.gate2 rc=0
2026-09-30T12:19:11Z Os.gate0 rc=0
matrix rc=0
