$ /home/will/llvm-mos-65816/build/aarch64-asm-type-fix/llc -mtriple=aarch64 -global-isel=0 -O0 -verify-machineinstrs -stop-after=finalize-isel /home/will/llvm-mos-65816/docs/defects/evidence/2026-09-25-aarch64-vector-asm/probes/2xi64-default.ll -o /home/will/llvm-mos-65816/docs/defects/evidence/2026-09-25-aarch64-vector-asm/probes/2xi64-default.mir
llc: /work/build/selectiondag-inlineasm-fix/SelectionDAGBuilder.cpp:745: void getCopyToPartsVector(SelectionDAG &, const SDLoc &, SDValue, SDValue *, unsigned int, MVT, const Value *, std::optional<CallingConv::ID>): Assertion `PartVT.getFixedSizeInBits() > ValueSize && "lossy conversion of vector to scalar type"' failed.
PLEASE submit a bug report to https://github.com/llvm/llvm-project/issues/ and include the crash backtrace and instructions to reproduce the bug.
Stack dump:
0.	Program arguments: /home/will/llvm-mos-65816/build/aarch64-asm-type-fix/llc -mtriple=aarch64 -global-isel=0 -O0 -verify-machineinstrs -stop-after=finalize-isel /home/will/llvm-mos-65816/docs/defects/evidence/2026-09-25-aarch64-vector-asm/probes/2xi64-default.ll -o /home/will/llvm-mos-65816/docs/defects/evidence/2026-09-25-aarch64-vector-asm/probes/2xi64-default.mir
1.	Running pass 'Function Pass Manager' on module '/home/will/llvm-mos-65816/docs/defects/evidence/2026-09-25-aarch64-vector-asm/probes/2xi64-default.ll'.
2.	Running pass 'AArch64 Instruction Selection' on function '@f'
Stack dump without symbol names (ensure you have llvm-symbolizer in your PATH or set the environment var `LLVM_SYMBOLIZER_PATH` to point to it):
0  llc       0x00005eb9ddbdb01b llvm::sys::PrintStackTrace(llvm::raw_ostream&, int) + 43
1  llc       0x00005eb9ddbd7ea1 llvm::sys::RunSignalHandlers() + 369
2  llc       0x00005eb9ddbdbe2b
3  libc.so.6 0x00007502e9445cb0
4  libc.so.6 0x00007502e94a61ac pthread_kill + 284
5  libc.so.6 0x00007502e9445b7e gsignal + 30
6  libc.so.6 0x00007502e94288ec abort + 39
7  libc.so.6 0x00007502e9429979
8  libc.so.6 0x00007502e943bf75 __assert_fail + 181
9  llc       0x00005eb9dd8cc4f4
10 llc       0x00005eb9dd8c9ff9 llvm::RegsForValue::getCopyToRegs(llvm::SDValue, llvm::SelectionDAG&, llvm::SDLoc const&, llvm::SDValue&, llvm::SDValue*, llvm::Value const*, llvm::ISD::NodeType) const + 617
11 llc       0x00005eb9dd8eef5b llvm::SelectionDAGBuilder::visitInlineAsm(llvm::CallBase const&, llvm::BasicBlock const*) + 5739
12 llc       0x00005eb9dd8d0236 llvm::SelectionDAGBuilder::visit(llvm::Instruction const&) + 246
13 llc       0x00005eb9dd9a5aa5 llvm::SelectionDAGISel::SelectBasicBlock(llvm::ilist_iterator_w_bits<llvm::ilist_detail::node_options<llvm::Instruction, true, false, void, true, llvm::BasicBlock>, false, true>, llvm::ilist_iterator_w_bits<llvm::ilist_detail::node_options<llvm::Instruction, true, false, void, true, llvm::BasicBlock>, false, true>, bool&) + 261
14 llc       0x00005eb9dd9a4b9b llvm::SelectionDAGISel::SelectAllBasicBlocks(llvm::Function const&) + 5675
15 llc       0x00005eb9dd9a2301 llvm::SelectionDAGISel::runOnMachineFunction(llvm::MachineFunction&) + 609
16 llc       0x00005eb9dd99f99c llvm::SelectionDAGISelLegacy::runOnMachineFunction(llvm::MachineFunction&) + 140
17 llc       0x00005eb9dc875fa9 llvm::MachineFunctionPass::runOnFunction(llvm::Function&) + 649
18 llc       0x00005eb9dce08790 llvm::FPPassManager::runOnFunction(llvm::Function&) + 1120
19 llc       0x00005eb9dce10892 llvm::FPPassManager::runOnModule(llvm::Module&) + 50
20 llc       0x00005eb9dce09554 llvm::legacy::PassManagerImpl::run(llvm::Module&) + 2228
21 llc       0x00005eb9db7d874b
22 llc       0x00005eb9db7d5a13 main + 1443
23 libc.so.6 0x00007502e942a601
24 libc.so.6 0x00007502e942a718 __libc_start_main + 136
25 llc       0x00005eb9db7d4c25 _start + 37

exit_code=-6
