mos6502: 90 inputs (54 compile before), 74 identical, 16 asm differ, 0 object-only differ
mosw65816: 90 inputs (78 compile before), 20 identical, 31 asm differ, 39 object-only differ
  asm mos6502 corpus/examples_snes_1d-ca.c.default.ll: ['0', '91a7dc134fb87447', '0', 'ab847cc5725246cf'] -> ['0', 'fa5cedc37338ce3b', '0', '8697045a1a3fa9d4']
  asm mos6502 corpus/examples_snes_bf-vm.c.default.ll: ['0', 'ebcdd017ea57f4db', '0', '29194259b26f596f'] -> ['0', '6dfe1b4897fdd76e', '0', '47356195ede34364']
  asm mos6502 corpus/examples_snes_boids.c.default.ll: ['0', '6638c463541bc6d0', '0', '32c9223670d159a5'] -> ['0', 'e4638f754bef590a', '0', 'ffafcd6fea9e8098']
  asm mos6502 corpus/examples_snes_cardioid.c.default.ll: ['0', 'c860fb5789f3fa60', '0', '73feae740aa62d77'] -> ['0', '70245c84062bb69f', '0', 'b5c30e0194472e3d']
  asm mos6502 corpus/examples_snes_crctex.c.default.ll: ['0', 'ff11835e14586179', '0', '4fe1836476a4d025'] -> ['0', '5f6af9b5f2eaf414', '0', 'b2064a43ccf87ace']
  asm mos6502 corpus/examples_snes_dither.c.default.ll: ['0', 'cec2b428e9bb555c', '0', 'f6cd45ab15fff0d1'] -> ['0', '28f04a3f7b9862f8', '0', '7007e750fc3fb6e0']
  asm mos6502 corpus/examples_snes_epicycles.c.default.ll: ['0', 'c59d9d6f90a0646d', '0', 'e04d2d76168d0ebf'] -> ['0', '2c70a620e884f981', '0', '24ea6d27317969e4']
  asm mos6502 corpus/examples_snes_funnelkal.c.default.ll: ['0', '92989a9835d4c186', '0', 'c8c1d1e99b0e2613'] -> ['0', 'cc29decfae85a791', '0', '9ad2e91206e609db']
  asm mos6502 corpus/examples_snes_huffman.c.default.ll: ['0', 'bf37bcf3cdcdcf84', '0', '8ce87e52f7b8d4eb'] -> ['0', '5265128715710553', '0', 'ae6bb8cd54e79102']
  asm mos6502 corpus/examples_snes_metaball.c.default.ll: ['0', 'cbeb3cf7527c7dd4', '0', '59752a532d4d4101'] -> ['0', '338747c65ee7594c', '0', '5b5cda369c5bc26b']
  asm mos6502 corpus/examples_snes_mvscrl.c.default.ll: ['0', '992a8ae5b15938a2', '0', '0c961e75246505bf'] -> ['0', '42f1b93db53d0603', '0', 'e4f0742647d08f66']
  asm mos6502 corpus/examples_snes_packrec.c.default.ll: ['0', 'b05a0a774733ade9', '0', 'ce8d6f0f94f67902'] -> ['0', 'dec7025e738fe0f1', '0', 'a3f62153945436b8']
  asm mos6502 corpus/examples_snes_qsortviz.c.default.ll: ['0', 'd85950ff677311f8', '0', 'cf1868533385c185'] -> ['0', '391a38e5f9a0e886', '0', '38154813e820fc2a']
  asm mos6502 corpus/examples_snes_shift64seam.c.default.ll: ['0', '084cb1cef6a31b49', '0', 'dd6014cd5f9c1ea8'] -> ['0', 'ffa59c4c68a1e126', '0', '58bfbd38a03acfe6']
  asm mos6502 corpus/examples_snes_vaprintf.c.default.ll: ['0', 'a0af1baaa3ad5ccf', '0', 'b597f753b9707ac1'] -> ['0', 'f298ab26f43206b5', '0', '7c29ea9650eb2887']
  asm mos6502 tests/vector-scalarize.ll: ['0', '2f8e97794a0bdd62', '0', 'ae2cff7201e75ddb'] -> ['0', 'dbf8d4b91c8d4074', '0', 'af13629d81c73e3f']
  obj mosw65816 corpus/examples_65816_a16abs.c.default.ll: ['0', 'ce7c200ad2b6e6bb', '0', '009ba387c1bfee33'] -> ['0', 'ce7c200ad2b6e6bb', '0', 'fd895294df1818c0']
  obj mosw65816 corpus/examples_65816_a16call.c.default.ll: ['0', 'e228b168a168e975', '0', '277cdff9b1a0f64d'] -> ['0', 'e228b168a168e975', '0', '24657bcd29742ce2']
  obj mosw65816 corpus/examples_65816_a16copy.c.default.ll: ['0', 'e10ee750fc3bbca0', '0', '4b2ec63acfbb3fac'] -> ['0', 'e10ee750fc3bbca0', '0', '73d52d9444bc8c32']
  obj mosw65816 corpus/examples_65816_a16frameidx.c.default.ll: ['0', '3d71b3d0b4905d7c', '0', '85f190726d73f96f'] -> ['0', '3d71b3d0b4905d7c', '0', '615ce5b371456650']
  obj mosw65816 corpus/examples_65816_a16loadcall.c.default.ll: ['0', '16f7afad338a408c', '0', '1d083833df1ea10a'] -> ['0', '16f7afad338a408c', '0', '7d5fb946702fca44']
  obj mosw65816 corpus/examples_65816_a16loopred.c.default.ll: ['0', '34fb44fc6c1be15d', '0', 'ecb53dfff7e1fbd9'] -> ['0', '34fb44fc6c1be15d', '0', 'efb4cabf24e1db64']
  obj mosw65816 corpus/examples_65816_a16scavnz.c.default.ll: ['0', 'ecb05bb4474fbaeb', '0', 'f53218004ea2a0f9'] -> ['0', 'ecb05bb4474fbaeb', '0', 'f5c499a051707960']
  obj mosw65816 corpus/examples_65816_a16sunfold.c.default.ll: ['0', '24654c716b78bab6', '0', 'b125ddc461980931'] -> ['0', '24654c716b78bab6', '0', 'f813763fba41593a']
  asm mosw65816 corpus/examples_65816_k_bits.c.default.ll: ['0', '83c0315b12304ec7', '0', '6941d1b77aa82208'] -> ['0', 'a1a8b27248a9d247', '0', '60eb904b0cae83a4']
  obj mosw65816 corpus/examples_65816_mixedwidth-probe.c.default.ll: ['0', '5f231f464a0c7942', '0', 'b6b7eaf415b9405b'] -> ['0', '5f231f464a0c7942', '0', '9008ef2f37dc67b4']
  obj mosw65816 corpus/examples_65816_xy16basic.c.default.ll: ['0', '789dbbebcb3c80e2', '0', 'a4a02c6160fb2c5c'] -> ['0', '789dbbebcb3c80e2', '0', '973ff47245009397']
  asm mosw65816 corpus/examples_snes_1d-ca.c.default.ll: ['0', 'e722775f364cc38b', '0', '72701d8cfdf8d7dc'] -> ['0', 'e681fd12a03cb77e', '0', '24780470f20a7e6b']
  asm mosw65816 corpus/examples_snes_bf-vm.c.default.ll: ['0', '8e7ec8a3a8fc79c1', '0', 'a1aef622a2e4ee1f'] -> ['0', '64483cee6cb4ea53', '0', 'ab8b045dc8e38268']
  asm mosw65816 corpus/examples_snes_boids.c.default.ll: ['0', '33a4dfcf0869e725', '0', 'c8fd66e5c1534efb'] -> ['0', 'c02730a2a0b1b258', '0', 'b44dc814dec75c88']
  asm mosw65816 corpus/examples_snes_cardioid.c.default.ll: ['0', '712cd7362a45a6b2', '0', '02530c4063f0aecc'] -> ['0', 'dad7ed32a935f759', '0', 'bafe95c2f35601ec']
  obj mosw65816 corpus/examples_snes_corpus_avalanche_sim.c.default.ll: ['0', 'd55e8e4b954b4529', '0', '0eab15d76bdc1c8e'] -> ['0', 'd55e8e4b954b4529', '0', 'e7ebbd7239c5df66']
  asm mosw65816 corpus/examples_snes_corpus_boids_sim.c.default.ll: ['0', '172c73cfca2605ae', '0', '0b2a7cf1ed95119c'] -> ['0', '7a4066d6428202a6', '0', 'dbe4cc2111750097']
  asm mosw65816 corpus/examples_snes_corpus_cgrade_sim.c.default.ll: ['0', 'f8a79f76c5cdbd42', '0', '6387a33e2b0c1e71'] -> ['0', '106a65fe1b88a4ce', '0', '34a7050d253795b0']
  asm mosw65816 corpus/examples_snes_corpus_critters_sim.c.default.ll: ['0', '3d555d2ea794b284', '0', '4364a51ce36c2521'] -> ['0', '3bbf097855d5cdb2', '0', '2f2ac8685cc90802']
  asm mosw65816 corpus/examples_snes_corpus_fenwick_sim.c.default.ll: ['0', '8f644c17eeb1e816', '0', 'f5bd700830e7e6d6'] -> ['0', '01a40b81052ed38c', '0', 'b5d9624e86ae878c']
  asm mosw65816 corpus/examples_snes_corpus_grid3d_sim.c.default.ll: ['0', 'dae2dff6952f15fd', '0', '5956ea7f0c7abcba'] -> ['0', 'e463696bb6e2baf4', '0', '43085d8b7247a12a']
  asm mosw65816 corpus/examples_snes_corpus_jt256_sim.c.default.ll: ['0', '112fb333c012e3bb', '0', '7bc91683f303de95'] -> ['0', '8bd75a32f49231d2', '0', '9deb9282f1de514d']
  asm mosw65816 corpus/examples_snes_corpus_lzdec_sim.c.default.ll: ['0', 'e6f68e496fbb4bb3', '0', '688a08f07b482a18'] -> ['0', '072e4ad11882773a', '0', 'b6a428e74f3d1599']
  obj mosw65816 corpus/examples_snes_corpus_montorbit_sim.c.default.ll: ['0', '1c65f2b66d5bd83d', '0', '64d38483e3f9c95c'] -> ['0', '1c65f2b66d5bd83d', '0', 'bf87e5879b906d25']
  obj mosw65816 corpus/examples_snes_corpus_nmitally_sim.c.default.ll: ['0', '56db1b01f0d6f4ab', '0', '9e934606fa3b0ee2'] -> ['0', '56db1b01f0d6f4ab', '0', '0e7503434d0eb323']
  obj mosw65816 corpus/examples_snes_corpus_rangecode_sim.c.default.ll: ['0', '10a829a8a8a1b3ff', '0', '907053a3defaad81'] -> ['0', '10a829a8a8a1b3ff', '0', '8f9227b1bb1f5ef6']
  asm mosw65816 corpus/examples_snes_corpus_sodo_sim.c.default.ll: ['0', 'b761903be062d9e1', '0', '659f180eb1c63689'] -> ['0', '5e907724eff058d7', '0', '065dcbdd7bde97f7']
  obj mosw65816 corpus/examples_snes_corpus_tea_sim.c.default.ll: ['0', 'adfb7d6288c3e060', '0', '9b3cfb37a0a43b96'] -> ['0', 'adfb7d6288c3e060', '0', '74d44218b2a4e4d4']
  obj mosw65816 corpus/examples_snes_corpus_ulam_sim.c.default.ll: ['0', 'bddc97838d41d5cb', '0', '78c98e1fe22a34d6'] -> ['0', 'bddc97838d41d5cb', '0', '6f2c40461fa08a17']
  asm mosw65816 corpus/examples_snes_crctex.c.default.ll: ['0', 'ad8e688592cf63a5', '0', '70cc0ec97a0660a4'] -> ['0', '5d0912f6f92956b1', '0', 'bc8c54daccf36dba']
  asm mosw65816 corpus/examples_snes_dither.c.default.ll: ['0', '0e72c124fa7cbdd6', '0', 'd368f2843c3123ee'] -> ['0', '5c6eca7b5decb95d', '0', 'd6f5d6570d9a8ce3']
  asm mosw65816 corpus/examples_snes_epicycles.c.default.ll: ['0', '3e52a4056e877f45', '0', '63a2721fc37de270'] -> ['0', '782ceda9c00add67', '0', 'b3ef928ab92b08c6']
  asm mosw65816 corpus/examples_snes_funnelkal.c.default.ll: ['0', '342c4f7c4664efa9', '0', 'a895ae219620bacf'] -> ['0', '49f192626ecb6d16', '0', 'e17002c1610ffb4c']
  asm mosw65816 corpus/examples_snes_huffman.c.default.ll: ['0', '11d57256d08ba768', '0', 'e7bd1475e66fc5cb'] -> ['0', '102b7842e994dc2c', '0', 'fe3d86790193bb35']
  asm mosw65816 corpus/examples_snes_metaball.c.default.ll: ['0', 'ab4c3bbbb8cf8aaa', '0', '585925cda1591a01'] -> ['0', 'bffa0566fb2cf797', '0', 'fda25c4132150b50']
  asm mosw65816 corpus/examples_snes_mvscrl.c.default.ll: ['0', '653a2db515f53f7a', '0', '309205d81cbebb06'] -> ['0', '6770fdef70543bd2', '0', 'b726711793ef6d24']
  asm mosw65816 corpus/examples_snes_packrec.c.default.ll: ['0', 'cbd5ad60e8da3f85', '0', '40c5c32ae234a249'] -> ['0', 'dd3206314f1fb20d', '0', '86a031a35c1125d9']
  asm mosw65816 corpus/examples_snes_qsortviz.c.default.ll: ['0', '15a10d672ba7921d', '0', 'b5bf60e51946e5bb'] -> ['0', '22a27cacb46b1994', '0', '1db90a863570997d']
  asm mosw65816 corpus/examples_snes_shift64seam.c.default.ll: ['0', 'bb881fb79bcae250', '0', '452dc36ea964c0df'] -> ['0', '50bd6a8672a455fc', '0', '421e1c923a4a41c3']
  asm mosw65816 corpus/examples_snes_sodo.c.default.ll: ['134', 'err:ceadc743c1c3', '134', '-'] -> ['0', 'bdeb76a85478c812', '0', '9d165a12971bfd2b']
  asm mosw65816 corpus/examples_snes_vaprintf.c.default.ll: ['0', 'ef01924555cf09eb', '0', 'eb1984acdd3cb149'] -> ['0', '3290134fe648e89c', '0', '4a148896322cf455']
  obj mosw65816 tests/add-sub.ll: ['0', '23facc093b5bdbd7', '0', '90c77d0aa514a82e'] -> ['0', '23facc093b5bdbd7', '0', '19766bd9bbd39cf4']
  obj mosw65816 tests/callee-saved-regs.ll: ['0', '8db41f1ae01586bb', '0', '4f9f6041aafbb68b'] -> ['0', '8db41f1ae01586bb', '0', '4916bec189f1300d']
  obj mosw65816 tests/char-stats-norecurse.ll: ['0', '70ccfe51722b5232', '0', 'caa0f1c538046330'] -> ['0', '70ccfe51722b5232', '0', '85ccea80a7a1e1d4']
  obj mosw65816 tests/char-stats.ll: ['0', 'a2a8bed4f0031cd5', '0', '36cac9e2c89bf263'] -> ['0', 'a2a8bed4f0031cd5', '0', '2defcd58293292d8']
  obj mosw65816 tests/cmp-select.ll: ['0', 'a9650e80dae8da1f', '0', '8fff124fccfa96a8'] -> ['0', 'a9650e80dae8da1f', '0', 'd77bf02afc2f9f27']
  obj mosw65816 tests/coalesce-remat.ll: ['0', '4141e6e7f93d69d8', '0', 'b8553095b90fc31e'] -> ['0', '4141e6e7f93d69d8', '0', '128335cc41181a70']
  obj mosw65816 tests/fcmp.ll: ['0', '5c99b243f92e5bbe', '0', '1a54f75e3d1cd6c5'] -> ['0', '5c99b243f92e5bbe', '0', 'b634513c70a9d5ab']
  asm mosw65816 tests/hello-world.ll: ['0', '25df4e7f99937e0d', '0', '38713a7b9d6d963b'] -> ['0', '19fc06c146ce94b6', '0', '635e7107e9294b46']
  obj mosw65816 tests/immediate-remat.ll: ['0', 'ee1e7b07c9646f20', '0', 'af0f0c1edc5ebf48'] -> ['0', 'ee1e7b07c9646f20', '0', 'c55cd1eb4b96b393']
  obj mosw65816 tests/inc-dec-6502x.ll: ['0', '9cb8b618b544084d', '0', '415ad9e3ca51e5ed'] -> ['0', '9cb8b618b544084d', '0', 'a6d4eebc2bc291d7']
  obj mosw65816 tests/inc-dec-65c02.ll: ['0', 'e5022014ac0139c5', '0', 'e35985fb3c57c74a'] -> ['0', 'e5022014ac0139c5', '0', '7f0afb973ac397ff']
  obj mosw65816 tests/inc-dec-65ce02.ll: ['0', '49d7db6576b0635e', '0', '7e5fd038a2f5f7ed'] -> ['0', '49d7db6576b0635e', '0', 'c8ad4e4e819389ca']
  obj mosw65816 tests/inc-dec.ll: ['0', 'd55e74aec1c6f17f', '0', '010fa476963718de'] -> ['0', 'd55e74aec1c6f17f', '0', 'e6d43070318719d8']
  asm mosw65816 tests/indvar-simplify-20230930.ll: ['0', '75abeffebf815ab1', '0', '08f775d1175dc0da'] -> ['0', '30d65397a4e15da9', '0', '6d4431449dd96b92']
  obj mosw65816 tests/inline-asm-zp-csr.ll: ['0', '1a7e04b10336b738', '0', '2926c9fcd7275f26'] -> ['0', '1a7e04b10336b738', '0', 'a449ad9de07bba6e']
  obj mosw65816 tests/integer-compare.ll: ['0', 'b7390a1bf833ad6f', '0', '374c1dcb5ca1c589'] -> ['0', 'b7390a1bf833ad6f', '0', '8a6d8567d0a17cf7']
  obj mosw65816 tests/jump-table-limit.ll: ['0', '1374a33190c4e460', '0', 'eeb8e794fea23fc3'] -> ['0', '1374a33190c4e460', '0', '8afc737df14a2e20']
  obj mosw65816 tests/light-spill.ll: ['0', 'bc1e597509384061', '0', '0b1530e4a96b7c37'] -> ['0', 'bc1e597509384061', '0', 'dec4d93e2a0ed57b']
  obj mosw65816 tests/no-csr.ll: ['0', '54f66831c8c9942d', '0', '1be50cb9d7356c3b'] -> ['0', '54f66831c8c9942d', '0', '60b91b8020bad104']
  asm mosw65816 tests/nonreentrant.ll: ['0', 'c4cb5fd7b6129790', '0', '040ae8a6bda6c18b'] -> ['0', 'a29c7c8227f51b69', '0', '48d9ca81f48f194e']
  obj mosw65816 tests/print-int.ll: ['0', '7cf60733809a7c5a', '0', 'dd2aa8c8e13bf7ae'] -> ['0', '7cf60733809a7c5a', '0', '7af373b3eac7c37f']
  obj mosw65816 tests/scmp-ucmp.ll: ['0', '222d76cfc02720a8', '0', '5d2297fb7104b34e'] -> ['0', '222d76cfc02720a8', '0', '8e8ba353d3f33b6f']
  obj mosw65816 tests/shift-rotate.ll: ['0', '3dffaa085ea351ea', '0', '241c0e205618133b'] -> ['0', '3dffaa085ea351ea', '0', '7d304baa13c01b01']
  asm mosw65816 tests/static-stack.ll: ['0', 'a794a206e8768fc1', '0', '57b7612bc4edf46f'] -> ['0', '5cccfa8fce7d32f7', '0', '87cd1e238e3812f9']
  asm mosw65816 tests/vector-scalarize.ll: ['0', 'fd2f9c8dfc291964', '0', 'da96c87092ccb4cc'] -> ['0', 'bf3d5b53f874eb88', '0', 'f90ad8e4f3007f1f']
  obj mosw65816 tests/whole-program-zp.ll: ['0', '537f4c10196a623d', '0', '9c6542d4afa403b2'] -> ['0', '537f4c10196a623d', '0', 'f4154a745b8de621']
  obj mosw65816 tests/zp-alloc-deterministic.ll: ['0', 'e9eb7fc00458e708', '0', '615ca856cb2d9dd0'] -> ['0', 'e9eb7fc00458e708', '0', '29010da3201ec98d']
  obj mosw65816 tests/zp-alloc-preexisting.ll: ['0', '5904d99873542053', '0', 'bca97b862c686c55'] -> ['0', '5904d99873542053', '0', '9e136364f8e4ded1']
  asm mosw65816 tests/zp-alloc.ll: ['0', '8b62db651eea7730', '0', '44430e3fb04a97e2'] -> ['0', 'efd97aa38f22ce43', '0', '24f1f2d1f613f6dd']
RESULT: DIFFER (86 input/mode results changed)
exit=1
