$ python3 dev/check-vector-asm-diagnostic.py --llc /home/will/llvm-mos-65816/build/aarch64-asm-type-fix/llc
$ /home/will/llvm-mos-65816/build/aarch64-asm-type-fix/llc -mtriple=aarch64 -global-isel=0 -O0 -verify-machineinstrs -stop-after=finalize-isel /home/will/llvm-mos-65816/docs/defects/evidence/2026-09-25-selectiondag-inlineasm/asm-many-virtual.ll -o /dev/null
llc: /work/build/selectiondag-inlineasm-fix/SelectionDAGBuilder.cpp:774: void getCopyToPartsVector(SelectionDAG &, const SDLoc &, SDValue, SDValue *, unsigned int, MVT, const Value *, std::optional<CallingConv::ID>): Assertion `RegisterVT == PartVT && "Part type doesn't match vector breakdown!"' failed.
PLEASE submit a bug report to https://github.com/llvm/llvm-project/issues/ and include the crash backtrace and instructions to reproduce the bug.
Stack dump:
0.	Program arguments: /home/will/llvm-mos-65816/build/aarch64-asm-type-fix/llc -mtriple=aarch64 -global-isel=0 -O0 -verify-machineinstrs -stop-after=finalize-isel /home/will/llvm-mos-65816/docs/defects/evidence/2026-09-25-selectiondag-inlineasm/asm-many-virtual.ll -o /dev/null
1.	Running pass 'Function Pass Manager' on module '/home/will/llvm-mos-65816/docs/defects/evidence/2026-09-25-selectiondag-inlineasm/asm-many-virtual.ll'.
2.	Running pass 'AArch64 Instruction Selection' on function '@many_virtual'
Stack dump without symbol names (ensure you have llvm-symbolizer in your PATH or set the environment var `LLVM_SYMBOLIZER_PATH` to point to it):
0  llc       0x00005b79f93a301b llvm::sys::PrintStackTrace(llvm::raw_ostream&, int) + 43
1  llc       0x00005b79f939fea1 llvm::sys::RunSignalHandlers() + 369
2  llc       0x00005b79f93a3e2b
3  libc.so.6 0x000078e21ca45cb0
4  libc.so.6 0x000078e21caa61ac pthread_kill + 284
5  libc.so.6 0x000078e21ca45b7e gsignal + 30
6  libc.so.6 0x000078e21ca288ec abort + 39
7  libc.so.6 0x000078e21ca29979
8  libc.so.6 0x000078e21ca3bf75 __assert_fail + 181
9  llc       0x00005b79f9094323
10 llc       0x00005b79f9091ff9 llvm::RegsForValue::getCopyToRegs(llvm::SDValue, llvm::SelectionDAG&, llvm::SDLoc const&, llvm::SDValue&, llvm::SDValue*, llvm::Value const*, llvm::ISD::NodeType) const + 617
11 llc       0x00005b79f90b6f5b llvm::SelectionDAGBuilder::visitInlineAsm(llvm::CallBase const&, llvm::BasicBlock const*) + 5739
12 llc       0x00005b79f9098236 llvm::SelectionDAGBuilder::visit(llvm::Instruction const&) + 246
13 llc       0x00005b79f916daa5 llvm::SelectionDAGISel::SelectBasicBlock(llvm::ilist_iterator_w_bits<llvm::ilist_detail::node_options<llvm::Instruction, true, false, void, true, llvm::BasicBlock>, false, true>, llvm::ilist_iterator_w_bits<llvm::ilist_detail::node_options<llvm::Instruction, true, false, void, true, llvm::BasicBlock>, false, true>, bool&) + 261
14 llc       0x00005b79f916cb9b llvm::SelectionDAGISel::SelectAllBasicBlocks(llvm::Function const&) + 5675
15 llc       0x00005b79f916a301 llvm::SelectionDAGISel::runOnMachineFunction(llvm::MachineFunction&) + 609
16 llc       0x00005b79f916799c llvm::SelectionDAGISelLegacy::runOnMachineFunction(llvm::MachineFunction&) + 140
17 llc       0x00005b79f803dfa9 llvm::MachineFunctionPass::runOnFunction(llvm::Function&) + 649
18 llc       0x00005b79f85d0790 llvm::FPPassManager::runOnFunction(llvm::Function&) + 1120
19 llc       0x00005b79f85d8892 llvm::FPPassManager::runOnModule(llvm::Module&) + 50
20 llc       0x00005b79f85d1554 llvm::legacy::PassManagerImpl::run(llvm::Module&) + 2228
21 llc       0x00005b79f6fa074b
22 llc       0x00005b79f6f9da13 main + 1443
23 libc.so.6 0x000078e21ca2a601
24 libc.so.6 0x000078e21ca2a718 __libc_start_main + 136
25 llc       0x00005b79f6f9cc25 _start + 37
compiler_exit_code=-6
Vector constraint diagnostic: FAIL
runner_exit_code=1
