$ /home/will/llvm-mos-65816/build/llvm-mos-install/bin/clang-23 --target=mos --config /home/will/llvm-mos-65816/build/install/bin/mos-snes.cfg -mcpu=mosw65816 -Xclang -target-feature -Xclang +mos-a16 -Xclang -target-feature -Xclang +mos-xy16 -Os -fno-lto -E -x c /home/will/llvm-mos-65816/examples/65816/far_memset.c -o /home/will/llvm-mos-65816/docs/defects/evidence/2026-09-26-far-memset/xy16-Os/input.i

$ /home/will/llvm-mos-65816/build/llvm-mos-install/bin/clang-23 --target=mos --config /home/will/llvm-mos-65816/build/install/bin/mos-snes.cfg -mcpu=mosw65816 -Xclang -target-feature -Xclang +mos-a16 -Xclang -target-feature -Xclang +mos-xy16 -Os -fno-lto -S -emit-llvm -x cpp-output /home/will/llvm-mos-65816/docs/defects/evidence/2026-09-26-far-memset/xy16-Os/input.i -o /home/will/llvm-mos-65816/docs/defects/evidence/2026-09-26-far-memset/xy16-Os/input.ll

$ /home/will/llvm-mos-65816/build/llvm-mos-install/bin/clang-23 --target=mos --config /home/will/llvm-mos-65816/build/install/bin/mos-snes.cfg -mcpu=mosw65816 -Xclang -target-feature -Xclang +mos-a16 -Xclang -target-feature -Xclang +mos-xy16 -Os -fno-lto -mllvm -verify-machineinstrs -c -x cpp-output /home/will/llvm-mos-65816/docs/defects/evidence/2026-09-26-far-memset/xy16-Os/input.i -o /home/will/llvm-mos-65816/docs/defects/evidence/2026-09-26-far-memset/xy16-Os/c-entry.o

$ /home/will/llvm-mos-65816/build/llvm-mos/bin/llc -mtriple=mos -mcpu=mosw65816 -mattr=+mos-a16,+mos-xy16 -O2 -verify-machineinstrs /home/will/llvm-mos-65816/docs/defects/evidence/2026-09-26-far-memset/xy16-Os/input.ll -stop-before=legalizer -o /home/will/llvm-mos-65816/docs/defects/evidence/2026-09-26-far-memset/xy16-Os/prelegalizer.mir

$ /home/will/llvm-mos-65816/build/llvm-mos/bin/llc -mtriple=mos -mcpu=mosw65816 -mattr=+mos-a16,+mos-xy16 -O2 -verify-machineinstrs /home/will/llvm-mos-65816/docs/defects/evidence/2026-09-26-far-memset/xy16-Os/input.ll -stop-after=legalizer -o /home/will/llvm-mos-65816/docs/defects/evidence/2026-09-26-far-memset/xy16-Os/legalized.mir

$ /home/will/llvm-mos-65816/build/llvm-mos/bin/llc -mtriple=mos -mcpu=mosw65816 -mattr=+mos-a16,+mos-xy16 -O2 -verify-machineinstrs /home/will/llvm-mos-65816/docs/defects/evidence/2026-09-26-far-memset/xy16-Os/input.ll -filetype=obj -o /home/will/llvm-mos-65816/docs/defects/evidence/2026-09-26-far-memset/xy16-Os/input.o

$ /home/will/llvm-mos-65816/build/llvm-mos/bin/llvm-objdump -dr --mcpu=mosw65816 /home/will/llvm-mos-65816/docs/defects/evidence/2026-09-26-far-memset/xy16-Os/input.o

/home/will/llvm-mos-65816/docs/defects/evidence/2026-09-26-far-memset/xy16-Os/input.o:	file format elf32-mos

Disassembly of section .text:

00000000 <main>:
       0: 64 00        	stz	$0                      ; 0x0 <main>
			00000001:  R_MOS_ADDR8	__rc21
       2: a2 00        	ldx	#$0
       4: 86 00        	stx	$0                      ; 0x0 <main>
			00000005:  R_MOS_ADDR8	__rc4
       6: a2 20        	ldx	#$20
       8: 86 00        	stx	$0                      ; 0x0 <main>
			00000009:  R_MOS_ADDR8	__rc5
       a: a2 7e        	ldx	#$7e
       c: 86 00        	stx	$0                      ; 0x0 <main>
			0000000d:  R_MOS_ADDR8	__rc6
       e: a2 00        	ldx	#$0
      10: 86 00        	stx	$0                      ; 0x0 <main>
			00000011:  R_MOS_ADDR8	__rc7
      12: a2 10        	ldx	#$10
      14: a9 42        	lda	#$42
      16: 86 00        	stx	$0                      ; 0x0 <main>
			00000017:  R_MOS_ADDR8	__rc2
      18: a2 00        	ldx	#$0
      1a: 20 00 00     	jsr	$0 <main>
			0000001b:  R_MOS_ADDR16	__memset_far
      1d: 64 00        	stz	$0                      ; 0x0 <main>
			0000001e:  R_MOS_ADDR8	__rc2
      1f: 64 00        	stz	$0                      ; 0x0 <main>
			00000020:  R_MOS_ADDR8	__rc3
      21: 64 00        	stz	$0                      ; 0x0 <main>
			00000022:  R_MOS_ADDR8	__rc4
      23: 64 00        	stz	$0                      ; 0x0 <main>
			00000024:  R_MOS_ADDR8	__rc5
      25: e2 20        	sep	#$20
      27: c2 10        	rep	#$10
      29: a6 00        	ldx	$0                      ; 0x0 <main>
			0000002a:  R_MOS_ADDR8	__rc2
      2b: bf 00 20 7e  	lda	$7e2000,x               ; 0x7e2000 <main+0x7e2000>
      2f: 85 00        	sta	$0                      ; 0x0 <main>
			00000030:  R_MOS_ADDR8	__rc20
      31: c2 20        	rep	#$20
      33: a5 00        	lda	$0                      ; 0x0 <main>
			00000034:  R_MOS_ADDR8	__rc4
      35: 18           	clc
      36: 65 00        	adc	$0                      ; 0x0 <main>
			00000037:  R_MOS_ADDR8	__rc20
      38: 85 00        	sta	$0                      ; 0x0 <main>
			00000039:  R_MOS_ADDR8	__rc4
      3a: a5 00        	lda	$0                      ; 0x0 <main>
			0000003b:  R_MOS_ADDR8	__rc2
      3c: 1a           	inc
      3d: 85 00        	sta	$0                      ; 0x0 <main>
			0000003e:  R_MOS_ADDR8	__rc2
      3f: c9 00 10     	cmp	#$1000
      42: d0 e1        	bne	$25 <main+0x25>
      44: a5 00        	lda	$0                      ; 0x0 <main>
			00000045:  R_MOS_ADDR8	__rc4
      46: 8d 00 00     	sta	$0                      ; 0x0 <main>
			00000047:  R_MOS_ADDR16	corpus_result
      49: e2 20        	sep	#$20
      4b: cb           	wai
      4c: 80 fd        	bra	$4b <main+0x4b>
$ /home/will/llvm-mos-65816/build/llvm-mos-install/bin/clang-23 --target=mos --config /home/will/llvm-mos-65816/build/install/bin/mos-snes.cfg -mcpu=mosw65816 -Xclang -target-feature -Xclang +mos-a16 -Xclang -target-feature -Xclang +mos-xy16 -Os -fno-lto -Wl,-Map=/home/will/llvm-mos-65816/docs/defects/evidence/2026-09-26-far-memset/xy16-Os/input.map /home/will/llvm-mos-65816/docs/defects/evidence/2026-09-26-far-memset/xy16-Os/input.o -o /home/will/llvm-mos-65816/docs/defects/evidence/2026-09-26-far-memset/xy16-Os/input.sfc

$ python3 /home/will/llvm-mos-65816/tools/snes-checksum.py /home/will/llvm-mos-65816/docs/defects/evidence/2026-09-26-far-memset/xy16-Os/input.sfc
/home/will/llvm-mos-65816/docs/defects/evidence/2026-09-26-far-memset/xy16-Os/input.sfc: lorom size=32KiB devices=256Kbit map_mode=0x20 rom_size_byte=0x05 ram_size_byte=0x00 cart_type=0x00 checksum=0x70CB complement=0x8F34
$ /home/will/llvm-mos-65816/build/jgxcheck /home/will/llvm-mos-65816/docs/defects/evidence/2026-09-26-far-memset/xy16-Os/input.sfc /home/will/llvm-mos-65816/vendor/bsnes-jg/Database 200 2 2000 300
SMOKE: PASS off=0x200 len=2 got=0x2000 (ran 300 frames, bsnes-jg)
PASS: physical WRAM $7E2000..$7E2FFF: all 4096 bytes equal 0x42
RESULT: PASS
