llvm-lit: /work/build/register-exhaustion-src/llvm/utils/lit/lit/llvm/subst.py:130: note: Did not find lli in /work/build/0029-cross-target-build/bin
llvm-lit: /work/build/register-exhaustion-src/llvm/utils/lit/lit/llvm/subst.py:130: note: Did not find llvm-strip in /work/build/0029-cross-target-build/bin
llvm-lit: /work/build/register-exhaustion-src/llvm/utils/lit/lit/llvm/subst.py:130: note: Did not find llvm-install-name-tool in /work/build/0029-cross-target-build/bin
llvm-lit: /work/build/register-exhaustion-src/llvm/utils/lit/lit/llvm/subst.py:130: note: Did not find llvm-bitcode-strip in /work/build/0029-cross-target-build/bin
llvm-lit: /work/build/register-exhaustion-src/llvm/utils/lit/lit/llvm/subst.py:130: note: Did not find llvm-extract-bundle-entry in /work/build/0029-cross-target-build/bin
llvm-lit: /work/build/register-exhaustion-src/llvm/utils/lit/lit/llvm/subst.py:130: note: Did not find dsymutil in /work/build/0029-cross-target-build/bin
llvm-lit: /work/build/register-exhaustion-src/llvm/utils/lit/lit/llvm/subst.py:130: note: Did not find lli in /work/build/0029-cross-target-build/bin
llvm-lit: /work/build/register-exhaustion-src/llvm/utils/lit/lit/llvm/subst.py:130: note: Did not find lli-child-target in /work/build/0029-cross-target-build/bin
llvm-lit: /work/build/register-exhaustion-src/llvm/utils/lit/lit/llvm/subst.py:130: note: Did not find llubi in /work/build/0029-cross-target-build/bin
llvm-lit: /work/build/register-exhaustion-src/llvm/utils/lit/lit/llvm/subst.py:130: note: Did not find llvm-ar in /work/build/0029-cross-target-build/bin
llvm-lit: /work/build/register-exhaustion-src/llvm/utils/lit/lit/llvm/subst.py:130: note: Did not find llvm-addr2line in /work/build/0029-cross-target-build/bin
llvm-lit: /work/build/register-exhaustion-src/llvm/utils/lit/lit/llvm/subst.py:130: note: Did not find llvm-bcanalyzer in /work/build/0029-cross-target-build/bin
llvm-lit: /work/build/register-exhaustion-src/llvm/utils/lit/lit/llvm/subst.py:130: note: Did not find llvm-bitcode-strip in /work/build/0029-cross-target-build/bin
llvm-lit: /work/build/register-exhaustion-src/llvm/utils/lit/lit/llvm/subst.py:130: note: Did not find llvm-cas in /work/build/0029-cross-target-build/bin
llvm-lit: /work/build/register-exhaustion-src/llvm/utils/lit/lit/llvm/subst.py:130: note: Did not find llvm-cov in /work/build/0029-cross-target-build/bin
llvm-lit: /work/build/register-exhaustion-src/llvm/utils/lit/lit/llvm/subst.py:130: note: Did not find llvm-ctxprof-util in /work/build/0029-cross-target-build/bin
llvm-lit: /work/build/register-exhaustion-src/llvm/utils/lit/lit/llvm/subst.py:130: note: Did not find llvm-cxxdump in /work/build/0029-cross-target-build/bin
llvm-lit: /work/build/register-exhaustion-src/llvm/utils/lit/lit/llvm/subst.py:130: note: Did not find llvm-cvtres in /work/build/0029-cross-target-build/bin
llvm-lit: /work/build/register-exhaustion-src/llvm/utils/lit/lit/llvm/subst.py:130: note: Did not find llvm-debuginfod-find in /work/build/0029-cross-target-build/bin
llvm-lit: /work/build/register-exhaustion-src/llvm/utils/lit/lit/llvm/subst.py:130: note: Did not find llvm-debuginfo-analyzer in /work/build/0029-cross-target-build/bin
llvm-lit: /work/build/register-exhaustion-src/llvm/utils/lit/lit/llvm/subst.py:130: note: Did not find llvm-diff in /work/build/0029-cross-target-build/bin
llvm-lit: /work/build/register-exhaustion-src/llvm/utils/lit/lit/llvm/subst.py:130: note: Did not find llvm-dwarfutil in /work/build/0029-cross-target-build/bin
llvm-lit: /work/build/register-exhaustion-src/llvm/utils/lit/lit/llvm/subst.py:130: note: Did not find llvm-dwp in /work/build/0029-cross-target-build/bin
llvm-lit: /work/build/register-exhaustion-src/llvm/utils/lit/lit/llvm/subst.py:130: note: Did not find llvm-dlltool in /work/build/0029-cross-target-build/bin
llvm-lit: /work/build/register-exhaustion-src/llvm/utils/lit/lit/llvm/subst.py:130: note: Did not find llvm-exegesis in /work/build/0029-cross-target-build/bin
llvm-lit: /work/build/register-exhaustion-src/llvm/utils/lit/lit/llvm/subst.py:130: note: Did not find llvm-extract in /work/build/0029-cross-target-build/bin
llvm-lit: /work/build/register-exhaustion-src/llvm/utils/lit/lit/llvm/subst.py:130: note: Did not find llvm-extract-bundle-entry in /work/build/0029-cross-target-build/bin
llvm-lit: /work/build/register-exhaustion-src/llvm/utils/lit/lit/llvm/subst.py:130: note: Did not find llvm-ir2vec in /work/build/0029-cross-target-build/bin
llvm-lit: /work/build/register-exhaustion-src/llvm/utils/lit/lit/llvm/subst.py:130: note: Did not find llvm-isel-fuzzer in /work/build/0029-cross-target-build/bin
llvm-lit: /work/build/register-exhaustion-src/llvm/utils/lit/lit/llvm/subst.py:130: note: Did not find llvm-ifs in /work/build/0029-cross-target-build/bin
llvm-lit: /work/build/register-exhaustion-src/llvm/utils/lit/lit/llvm/subst.py:130: note: Did not find llvm-install-name-tool in /work/build/0029-cross-target-build/bin
llvm-lit: /work/build/register-exhaustion-src/llvm/utils/lit/lit/llvm/subst.py:130: note: Did not find llvm-jitlink in /work/build/0029-cross-target-build/bin
llvm-lit: /work/build/register-exhaustion-src/llvm/utils/lit/lit/llvm/subst.py:130: note: Did not find llvm-opt-fuzzer in /work/build/0029-cross-target-build/bin
llvm-lit: /work/build/register-exhaustion-src/llvm/utils/lit/lit/llvm/subst.py:130: note: Did not find llvm-lib in /work/build/0029-cross-target-build/bin
llvm-lit: /work/build/register-exhaustion-src/llvm/utils/lit/lit/llvm/subst.py:130: note: Did not find llvm-lto in /work/build/0029-cross-target-build/bin
llvm-lit: /work/build/register-exhaustion-src/llvm/utils/lit/lit/llvm/subst.py:130: note: Did not find llvm-mca in /work/build/0029-cross-target-build/bin
llvm-lit: /work/build/register-exhaustion-src/llvm/utils/lit/lit/llvm/subst.py:130: note: Did not find llvm-modextract in /work/build/0029-cross-target-build/bin
llvm-lit: /work/build/register-exhaustion-src/llvm/utils/lit/lit/llvm/subst.py:130: note: Did not find llvm-otool in /work/build/0029-cross-target-build/bin
llvm-lit: /work/build/register-exhaustion-src/llvm/utils/lit/lit/llvm/subst.py:130: note: Did not find llvm-pdbutil in /work/build/0029-cross-target-build/bin
llvm-lit: /work/build/register-exhaustion-src/llvm/utils/lit/lit/llvm/subst.py:130: note: Did not find llvm-profgen in /work/build/0029-cross-target-build/bin
llvm-lit: /work/build/register-exhaustion-src/llvm/utils/lit/lit/llvm/subst.py:130: note: Did not find llvm-ranlib in /work/build/0029-cross-target-build/bin
llvm-lit: /work/build/register-exhaustion-src/llvm/utils/lit/lit/llvm/subst.py:130: note: Did not find llvm-rc in /work/build/0029-cross-target-build/bin
llvm-lit: /work/build/register-exhaustion-src/llvm/utils/lit/lit/llvm/subst.py:130: note: Did not find llvm-rtdyld in /work/build/0029-cross-target-build/bin
llvm-lit: /work/build/register-exhaustion-src/llvm/utils/lit/lit/llvm/subst.py:130: note: Did not find llvm-split in /work/build/0029-cross-target-build/bin
llvm-lit: /work/build/register-exhaustion-src/llvm/utils/lit/lit/llvm/subst.py:130: note: Did not find llvm-stress in /work/build/0029-cross-target-build/bin
llvm-lit: /work/build/register-exhaustion-src/llvm/utils/lit/lit/llvm/subst.py:130: note: Did not find llvm-strings in /work/build/0029-cross-target-build/bin
llvm-lit: /work/build/register-exhaustion-src/llvm/utils/lit/lit/llvm/subst.py:130: note: Did not find llvm-strip in /work/build/0029-cross-target-build/bin
llvm-lit: /work/build/register-exhaustion-src/llvm/utils/lit/lit/llvm/subst.py:130: note: Did not find llvm-readtapi in /work/build/0029-cross-target-build/bin
llvm-lit: /work/build/register-exhaustion-src/llvm/utils/lit/lit/llvm/subst.py:130: note: Did not find llvm-undname in /work/build/0029-cross-target-build/bin
llvm-lit: /work/build/register-exhaustion-src/llvm/utils/lit/lit/llvm/subst.py:130: note: Did not find llvm-windres in /work/build/0029-cross-target-build/bin
llvm-lit: /work/build/register-exhaustion-src/llvm/utils/lit/lit/llvm/subst.py:130: note: Did not find llvm-c-test in /work/build/0029-cross-target-build/bin
llvm-lit: /work/build/register-exhaustion-src/llvm/utils/lit/lit/llvm/subst.py:130: note: Did not find llvm-cxxfilt in /work/build/0029-cross-target-build/bin
llvm-lit: /work/build/register-exhaustion-src/llvm/utils/lit/lit/llvm/subst.py:130: note: Did not find llvm-xray in /work/build/0029-cross-target-build/bin
llvm-lit: /work/build/register-exhaustion-src/llvm/utils/lit/lit/llvm/subst.py:130: note: Did not find obj2yaml in /work/build/0029-cross-target-build/bin
llvm-lit: /work/build/register-exhaustion-src/llvm/utils/lit/lit/llvm/subst.py:130: note: Did not find yaml-bench in /work/build/0029-cross-target-build/bin
llvm-lit: /work/build/register-exhaustion-src/llvm/utils/lit/lit/llvm/subst.py:130: note: Did not find llvm-symbolizer in /work/build/0029-cross-target-build/bin
llvm-lit: /work/build/register-exhaustion-src/llvm/utils/lit/lit/llvm/subst.py:130: note: Did not find sancov in /work/build/0029-cross-target-build/bin
llvm-lit: /work/build/register-exhaustion-src/llvm/utils/lit/lit/llvm/subst.py:130: note: Did not find sanstats in /work/build/0029-cross-target-build/bin
llvm-lit: /work/build/register-exhaustion-src/llvm/utils/lit/lit/llvm/subst.py:130: note: Did not find llvm-remarkutil in /work/build/0029-cross-target-build/bin
-- Testing: 143 tests, 2 workers --
PASS: LLVM :: CodeGen/MOS/legalizer.mir (1 of 143)
PASS: LLVM :: CodeGen/MOS/inc-dec-65ce02.ll (2 of 143)
PASS: LLVM :: MC/MOS/branch-range-boundary.s (3 of 143)
PASS: LLVM :: MC/MOS/eflags-ir.ll (4 of 143)
PASS: LLVM :: CodeGen/MOS/instruction-selector.mir (5 of 143)
PASS: LLVM :: CodeGen/MOS/vector-scalarize.ll (6 of 143)
PASS: LLVM :: CodeGen/MOS/jump-table-limit.ll (7 of 143)
PASS: LLVM :: CodeGen/MOS/a16-indirect-byte-store.ll (8 of 143)
PASS: LLVM :: CodeGen/MOS/shift-rotate.ll (9 of 143)
PASS: LLVM :: CodeGen/MOS/a16-byte-store.ll (10 of 143)
PASS: LLVM :: MC/MOS/eflags.s (11 of 143)
PASS: LLVM :: CodeGen/MOS/scmp-ucmp.ll (12 of 143)
PASS: LLVM :: CodeGen/MOS/fcmp.ll (13 of 143)
PASS: LLVM :: CodeGen/MOS/anyext-wide.mir (14 of 143)
PASS: LLVM :: CodeGen/MOS/char-stats-norecurse.ll (15 of 143)
PASS: LLVM :: CodeGen/MOS/anyext-masked-byte.ll (16 of 143)
PASS: LLVM :: CodeGen/MOS/zp-byte-index.ll (17 of 143)
PASS: LLVM :: CodeGen/MOS/xy16-near-indir-y.ll (18 of 143)
PASS: LLVM :: CodeGen/MOS/integer-compare.ll (19 of 143)
PASS: LLVM :: CodeGen/MOS/char-stats.ll (20 of 143)
PASS: LLVM :: CodeGen/MOS/branch-relaxation-65ce02.mir (21 of 143)
PASS: LLVM :: CodeGen/MOS/hello-world.ll (22 of 143)
PASS: LLVM :: CodeGen/MOS/store-zero.ll (23 of 143)
PASS: LLVM :: CodeGen/MOS/static-stack.ll (24 of 143)
PASS: LLVM :: CodeGen/MOS/print-int.ll (25 of 143)
PASS: LLVM :: CodeGen/MOS/inc-dec.ll (26 of 143)
PASS: LLVM :: CodeGen/MOS/insert-rep-sep-stack.mir (27 of 143)
PASS: LLVM :: MC/MOS/long-branches-65ce02.s (28 of 143)
PASS: LLVM :: CodeGen/MOS/inc-dec-6502x.ll (29 of 143)
PASS: LLVM :: CodeGen/MOS/prologepilog-ir.mir (30 of 143)
PASS: LLVM :: CodeGen/MOS/copy-opt-chain.mir (31 of 143)
PASS: LLVM :: CodeGen/MOS/zp-alloc.ll (32 of 143)
PASS: LLVM :: CodeGen/MOS/immediate-remat.ll (33 of 143)
PASS: LLVM :: CodeGen/MOS/add-sub.ll (34 of 143)
PASS: LLVM :: CodeGen/MOS/copy-opt-loop.mir (35 of 143)
PASS: LLVM :: CodeGen/MOS/branch-relaxation-bra.mir (36 of 143)
PASS: LLVM :: CodeGen/MOS/asm-printer-spc700.mir (37 of 143)
PASS: LLVM :: CodeGen/MOS/asm-printer.mir (38 of 143)
PASS: LLVM :: CodeGen/MOS/combiner.mir (39 of 143)
PASS: LLVM :: CodeGen/MOS/inc-dec-65c02.ll (40 of 143)
PASS: LLVM :: CodeGen/MOS/light-spill.ll (41 of 143)
PASS: LLVM :: CodeGen/MOS/no-csr.ll (42 of 143)
PASS: LLVM :: CodeGen/MOS/dp-pointer-arg.ll (43 of 143)
PASS: LLVM :: CodeGen/MOS/legalizer-huc6280.mir (44 of 143)
PASS: LLVM :: CodeGen/MOS/instruction-selector-ir.mir (45 of 143)
PASS: LLVM :: MC/MOS/branch-range-matrix-bcc8.s (46 of 143)
PASS: LLVM :: CodeGen/MOS/callee-saved-regs.ll (47 of 143)
PASS: LLVM :: CodeGen/MOS/a16-immediate-width.ll (48 of 143)
PASS: LLVM :: CodeGen/MOS/coalesce-remat.ll (49 of 143)
PASS: LLVM :: CodeGen/MOS/shift-rotate-chain.mir (50 of 143)
PASS: LLVM :: CodeGen/MOS/zp-alloc-preexisting.ll (51 of 143)
PASS: LLVM :: CodeGen/MOS/legalizer-ir.mir (52 of 143)
PASS: LLVM :: CodeGen/MOS/inline-asm-zp-csr.ll (53 of 143)
PASS: LLVM :: CodeGen/MOS/late-opt.mir (54 of 143)
PASS: LLVM :: CodeGen/MOS/ret-global-addr.ll (55 of 143)
PASS: LLVM :: CodeGen/MOS/instruction-selector-ir-spc700.mir (56 of 143)
PASS: LLVM :: CodeGen/MOS/whole-program-zp.ll (57 of 143)
PASS: LLVM :: CodeGen/MOS/postrapseudos.mir (58 of 143)
PASS: LLVM :: CodeGen/MOS/finalize-isel.mir (59 of 143)
PASS: LLVM :: CodeGen/MOS/zeropage.ll (60 of 143)
PASS: LLVM :: CodeGen/MOS/call-lowering-spc700.mir (61 of 143)
PASS: LLVM :: CodeGen/MOS/prologepilog.mir (62 of 143)
PASS: LLVM :: CodeGen/MOS/cmp-select.ll (63 of 143)
PASS: LLVM :: CodeGen/MOS/zp-alloc-deterministic.ll (64 of 143)
PASS: LLVM :: CodeGen/MOS/instruction-selector-spc700.mir (65 of 143)
PASS: LLVM :: CodeGen/MOS/branch-relaxation-inline-asm.mir (66 of 143)
PASS: LLVM :: CodeGen/MOS/late-opt-65816.mir (67 of 143)
PASS: LLVM :: CodeGen/MOS/copy-phys-reg.mir (68 of 143)
PASS: LLVM :: CodeGen/MOS/legalizer-65c02.mir (69 of 143)
PASS: LLVM :: CodeGen/MOS/insert-copies.mir (70 of 143)
PASS: LLVM :: CodeGen/MOS/scavenger-65c02.mir (71 of 143)
PASS: LLVM :: CodeGen/MOS/indvar-simplify-20230930.ll (72 of 143)
PASS: LLVM :: CodeGen/MOS/lower-select.mir (73 of 143)
PASS: LLVM :: CodeGen/MOS/copy-phys-reg-spc700.mir (74 of 143)
PASS: LLVM :: CodeGen/MOS/call-lowering-stack.mir (75 of 143)
PASS: LLVM :: CodeGen/MOS/inlineasm-constraint.mir (76 of 143)
PASS: LLVM :: CodeGen/MOS/call-lowering.mir (77 of 143)
PASS: LLVM :: CodeGen/MOS/interrupt-width-65816.ll (78 of 143)
PASS: LLVM :: CodeGen/MOS/insert-rep-sep-cloned-kills.mir (79 of 143)
PASS: LLVM :: CodeGen/MOS/copy-phys-reg-65c02.mir (80 of 143)
PASS: LLVM :: CodeGen/MOS/postrapseudos-spc700.mir (81 of 143)
PASS: LLVM :: CodeGen/MOS/copy-opt.mir (82 of 143)
PASS: LLVM :: CodeGen/MOS/trivial.ll (83 of 143)
PASS: LLVM :: CodeGen/MOS/commute.mir (84 of 143)
PASS: LLVM :: CodeGen/MOS/asm-printer-huc6280.mir (85 of 143)
PASS: LLVM :: CodeGen/MOS/instruction-selector-ir-65c02.mir (86 of 143)
PASS: LLVM :: MC/MOS/modifiers.s (87 of 143)
PASS: LLVM :: CodeGen/MOS/leaf-20231021.ll (88 of 143)
PASS: LLVM :: CodeGen/MOS/late-opt-65c02.mir (89 of 143)
PASS: LLVM :: MC/MOS/addressing-modes-65816.s (90 of 143)
PASS: LLVM :: CodeGen/MOS/asm-printer-ir.mir (91 of 143)
PASS: LLVM :: CodeGen/MOS/regalloc.mir (92 of 143)
PASS: LLVM :: CodeGen/MOS/instruction-selector-65dtv02.mir (93 of 143)
PASS: LLVM :: CodeGen/MOS/indexiv.ll (94 of 143)
PASS: LLVM :: CodeGen/MOS/internalize.mir (95 of 143)
PASS: LLVM :: CodeGen/MOS/scavenger.mir (96 of 143)
PASS: LLVM :: CodeGen/MOS/legalizer-indexed-offset-observer.mir (97 of 143)
PASS: LLVM :: CodeGen/MOS/copy-phys-reg-huc6280.mir (98 of 143)
PASS: LLVM :: MC/MOS/branch-range-matrix-65ce02.s (99 of 143)
PASS: LLVM :: CodeGen/MOS/nonreentrant-nointerrupts.ll (100 of 143)
PASS: LLVM :: CodeGen/MOS/branch-relaxation.mir (101 of 143)
PASS: LLVM :: CodeGen/MOS/nonreentrant.ll (102 of 143)
PASS: LLVM :: CodeGen/MOS/copy-phys-reg-65816.mir (103 of 143)
PASS: LLVM :: CodeGen/MOS/postrapseudos-huc6280.mir (104 of 143)
PASS: LLVM :: MC/MOS/zeropage-huc6280.s (105 of 143)
PASS: LLVM :: MC/MOS/branch-range-matrix-65816.s (106 of 143)
PASS: LLVM :: MC/MOS/zeropage.s (107 of 143)
PASS: LLVM :: MC/MOS/bit-branch-target-r65c02.s (108 of 143)
PASS: LLVM :: MC/MOS/align-nop.s (109 of 143)
PASS: LLVM :: MC/MOS/addr-asciz.s (110 of 143)
PASS: LLVM :: MC/MOS/long-branches-65816.s (111 of 143)
PASS: LLVM :: MC/MOS/zp-regression.s (112 of 143)
PASS: LLVM :: MC/MOS/modifiers-spc700.s (113 of 143)
PASS: LLVM :: MC/MOS/motorola-integers-default.s (114 of 143)
PASS: LLVM :: MC/MOS/modifiers-65816.s (115 of 143)
PASS: LLVM :: MC/MOS/all-65816-opcodes.s (116 of 143)
PASS: LLVM :: MC/MOS/all-spc700-opcodes.s (117 of 143)
PASS: LLVM :: MC/MOS/pc-rel-reloc.s (118 of 143)
PASS: LLVM :: MC/MOS/all-65dtv02-opcodes.s (119 of 143)
PASS: LLVM :: MC/MOS/all-65c02-opcodes.s (120 of 143)
PASS: LLVM :: MC/MOS/asm-errors.s (121 of 143)
PASS: LLVM :: MC/MOS/all-4510-opcodes.s (122 of 143)
PASS: LLVM :: MC/MOS/all-65ce02-opcodes.s (123 of 143)
PASS: LLVM :: MC/MOS/uppercase-registers.s (124 of 143)
PASS: LLVM :: MC/MOS/branch-range-errors.s (125 of 143)
PASS: LLVM :: MC/MOS/all-6502-opcodes.s (126 of 143)
PASS: LLVM :: MC/MOS/all-spc700-aliases.s (127 of 143)
PASS: LLVM :: MC/MOS/all-w65c02-opcodes.s (128 of 143)
PASS: LLVM :: MC/MOS/all-huc6280-opcodes.s (129 of 143)
PASS: LLVM :: MC/MOS/inst-lda.s (130 of 143)
PASS: LLVM :: MC/MOS/ophis-hello-world.s (131 of 143)
PASS: LLVM :: MC/MOS/do-init-array.s (132 of 143)
PASS: LLVM :: MC/MOS/all-65el02-opcodes.s (133 of 143)
PASS: LLVM :: MC/MOS/all-65816-aliases.s (134 of 143)
PASS: LLVM :: MC/MOS/do-zero-bss.s (135 of 143)
PASS: LLVM :: MC/MOS/all-45gs02-opcodes.s (136 of 143)
PASS: LLVM :: MC/MOS/trivial.s (137 of 143)
PASS: LLVM :: MC/MOS/do-init-stack.s (138 of 143)
PASS: LLVM :: MC/MOS/all-6502x-opcodes.s (139 of 143)
UNSUPPORTED: LLVM :: CodeGen/MOS/getchar-regression.ll (140 of 143)
PASS: LLVM :: MC/MOS/all-r65c02-opcodes.s (141 of 143)
PASS: LLVM :: MC/MOS/do-fini-array.s (142 of 143)
PASS: LLVM :: MC/MOS/do-copy-data.s (143 of 143)

Testing Time: 3.50s

Total Discovered Tests: 143
  Unsupported:   1 (0.70%)
  Passed     : 142 (99.30%)
