$ /home/will/llvm-mos-65816/build/0041-inlineasm-build/llc-0041 -mtriple=aarch64 -global-isel -global-isel-abort=1 -O0 /home/will/llvm-mos-65816/docs/defects/evidence/2026-09-25-shift-inlineasm-fixes/asm-cc.ll -o /dev/null
llc-0041: /work/build/register-exhaustion-src/llvm/lib/CodeGen/GlobalISel/InlineAsmLowering.cpp:155: void getRegistersForValue(MachineFunction &, MachineIRBuilder &, GISelAsmOperandInfo &, GISelAsmOperandInfo &): Assertion `I != RC->end() && "Ran out of registers to allocate!"' failed.
PLEASE submit a bug report to https://github.com/llvm/llvm-project/issues/ and include the crash backtrace and instructions to reproduce the bug.
Stack dump:
0.	Program arguments: /home/will/llvm-mos-65816/build/0041-inlineasm-build/llc-0041 -mtriple=aarch64 -global-isel -global-isel-abort=1 -O0 /home/will/llvm-mos-65816/docs/defects/evidence/2026-09-25-shift-inlineasm-fixes/asm-cc.ll -o /dev/null
1.	Running pass 'Function Pass Manager' on module '/home/will/llvm-mos-65816/docs/defects/evidence/2026-09-25-shift-inlineasm-fixes/asm-cc.ll'.
2.	Running pass 'IRTranslator' on function '@wide'
Stack dump without symbol names (ensure you have llvm-symbolizer in your PATH or set the environment var `LLVM_SYMBOLIZER_PATH` to point to it):
0  llc-0041  0x00005a3b67ed225b llvm::sys::PrintStackTrace(llvm::raw_ostream&, int) + 43
1  llc-0041  0x00005a3b67ecf0e1 llvm::sys::RunSignalHandlers() + 369
2  llc-0041  0x00005a3b67ed306b
3  libc.so.6 0x0000735d3c845cb0
4  libc.so.6 0x0000735d3c8a61ac pthread_kill + 284
5  libc.so.6 0x0000735d3c845b7e gsignal + 30
6  libc.so.6 0x0000735d3c8288ec abort + 39
7  libc.so.6 0x0000735d3c829979
8  libc.so.6 0x0000735d3c83bf75 __assert_fail + 181
9  llc-0041  0x00005a3b68576a7c llvm::InlineAsmLowering::lowerInlineAsm(llvm::MachineIRBuilder&, llvm::CallBase const&, std::function<llvm::ArrayRef<llvm::Register> (llvm::Value const&)>) const + 13692
10 llc-0041  0x00005a3b6856624e llvm::IRTranslatorImpl::translateInlineAsm(llvm::CallBase const&, llvm::MachineIRBuilder&) + 110
11 llc-0041  0x00005a3b685664bd llvm::IRTranslatorImpl::translateCall(llvm::User const&, llvm::MachineIRBuilder&) + 445
12 llc-0041  0x00005a3b6856dc7c llvm::IRTranslatorImpl::runOnMachineFunction(llvm::MachineFunction&, llvm::function_ref<llvm::GISelCSEInfo* ()>, bool, llvm::function_ref<llvm::AAResults* ()>, llvm::function_ref<llvm::BranchProbabilityInfo* ()>, llvm::function_ref<llvm::AssumptionCache* ()>, llvm::TargetLibraryInfo*, llvm::LibcallLoweringInfo const*, llvm::SSPLayoutInfo*) + 4124
13 llc-0041  0x00005a3b6856ebea llvm::IRTranslatorLegacy::runOnMachineFunction(llvm::MachineFunction&) + 554
14 llc-0041  0x00005a3b66b6d059 llvm::MachineFunctionPass::runOnFunction(llvm::Function&) + 649
15 llc-0041  0x00005a3b670ff840 llvm::FPPassManager::runOnFunction(llvm::Function&) + 1120
16 llc-0041  0x00005a3b67107942 llvm::FPPassManager::runOnModule(llvm::Module&) + 50
17 llc-0041  0x00005a3b67100604 llvm::legacy::PassManagerImpl::run(llvm::Module&) + 2228
18 llc-0041  0x00005a3b65acf80b
19 llc-0041  0x00005a3b65accad3 main + 1443
20 libc.so.6 0x0000735d3c82a601
21 libc.so.6 0x0000735d3c82a718 __libc_start_main + 136
22 llc-0041  0x00005a3b65acbce5 _start + 37

exit_code=-6
