$ build/far-review-defects/downstream/llc -mtriple=mos -mcpu=mosw65816 -O2 -verify-machineinstrs docs/defects/evidence/2026-09-30-far-pointer-arg-exhaustion/abi4.ll -o /dev/null

# After IRTranslator
# Machine code for function callee4: IsSSA, TracksLiveness

bb.1 (%ir-block.0):
  liveins: $rl1, $rl2, $rl3, $rs1
  %0:_(p2) = COPY $rl1
  %1:_(p2) = COPY $rl2
  %2:_(p2) = COPY $rl3
  %3:_(p2) = COPY $rs1
  %4:_(s8) = G_LOAD %0:_(p2) :: (volatile load (s8) from %ir.a, addrspace 2)
  %5:_(s8) = G_LOAD %3:_(p2) :: (volatile load (s8) from %ir.d, addrspace 2)
  %6:_(s8) = G_ADD %4:_, %5:_
  $a = COPY %6:_(s8)
  RTS implicit $a

# End machine code for function callee4.

*** Bad machine code: Copy Instruction is illegal with mismatching sizes ***
- function:    callee4
- basic block: %bb.1  (0x557c106e4b30)
- instruction: %3:_(p2) = COPY $rs1
Def Size = 32, Src Size = 16
LLVM ERROR: Found 1 machine code errors.
PLEASE submit a bug report to https://github.com/llvm/llvm-project/issues/ and include the crash backtrace and instructions to reproduce the bug.
Stack dump:
0.	Program arguments: build/far-review-defects/downstream/llc -mtriple=mos -mcpu=mosw65816 -O2 -verify-machineinstrs docs/defects/evidence/2026-09-30-far-pointer-arg-exhaustion/abi4.ll -o /dev/null
1.	Running pass 'Function Pass Manager' on module 'docs/defects/evidence/2026-09-30-far-pointer-arg-exhaustion/abi4.ll'.
2.	Running pass 'Verify generated machine code' on function '@callee4'
Stack dump without symbol names (ensure you have llvm-symbolizer in your PATH or set the environment var `LLVM_SYMBOLIZER_PATH` to point to it):
0  llc       0x0000557bde0b0178 llvm::sys::PrintStackTrace(llvm::raw_ostream&, int) + 40
1  llc       0x0000557bde0ad455 llvm::sys::RunSignalHandlers() + 293
2  llc       0x0000557bde0b0ef1
3  libc.so.6 0x00007e7bdde45cb0
4  libc.so.6 0x00007e7bddea61ac pthread_kill + 284
5  libc.so.6 0x00007e7bdde45b7e gsignal + 30
6  libc.so.6 0x00007e7bdde288ec abort + 39
7  llc       0x0000557bde01da95 llvm::report_fatal_error(llvm::Twine const&, bool) + 437
8  llc       0x0000557bdd1853b7
9  llc       0x0000557bdd186691
10 llc       0x0000557bdd0a8d73 llvm::MachineFunctionPass::runOnFunction(llvm::Function&) + 723
11 llc       0x0000557bdd4ff2da llvm::FPPassManager::runOnFunction(llvm::Function&) + 618
12 llc       0x0000557bdd50597c llvm::FPPassManager::runOnModule(llvm::Module&) + 44
13 llc       0x0000557bdd500009 llvm::legacy::PassManagerImpl::run(llvm::Module&) + 2601
14 llc       0x0000557bdcb4e21d
15 llc       0x0000557bdcb4bbb3 main + 1331
16 libc.so.6 0x00007e7bdde2a601
17 libc.so.6 0x00007e7bdde2a718 __libc_start_main + 136
18 llc       0x0000557bdcb47f25 _start + 37
exit_code=-6
