llvm-lit: /home/will/llvm-mos-65816/vendor/llvm-mos/llvm/utils/lit/lit/llvm/subst.py:130: note: Did not find lli in /home/will/llvm-mos-65816/build/llvm-mos/bin
llvm-lit: /home/will/llvm-mos-65816/vendor/llvm-mos/llvm/utils/lit/lit/llvm/subst.py:130: note: Did not find llvm-install-name-tool in /home/will/llvm-mos-65816/build/llvm-mos/bin
llvm-lit: /home/will/llvm-mos-65816/vendor/llvm-mos/llvm/utils/lit/lit/llvm/subst.py:130: note: Did not find llvm-bitcode-strip in /home/will/llvm-mos-65816/build/llvm-mos/bin
llvm-lit: /home/will/llvm-mos-65816/vendor/llvm-mos/llvm/utils/lit/lit/llvm/subst.py:130: note: Did not find dsymutil in /home/will/llvm-mos-65816/build/llvm-mos/bin
llvm-lit: /home/will/llvm-mos-65816/vendor/llvm-mos/llvm/utils/lit/lit/llvm/subst.py:130: note: Did not find lli in /home/will/llvm-mos-65816/build/llvm-mos/bin
llvm-lit: /home/will/llvm-mos-65816/vendor/llvm-mos/llvm/utils/lit/lit/llvm/subst.py:130: note: Did not find lli-child-target in /home/will/llvm-mos-65816/build/llvm-mos/bin
llvm-lit: /home/will/llvm-mos-65816/vendor/llvm-mos/llvm/utils/lit/lit/llvm/subst.py:130: note: Did not find llubi in /home/will/llvm-mos-65816/build/llvm-mos/bin
llvm-lit: /home/will/llvm-mos-65816/vendor/llvm-mos/llvm/utils/lit/lit/llvm/subst.py:130: note: Did not find llvm-as in /home/will/llvm-mos-65816/build/llvm-mos/bin
llvm-lit: /home/will/llvm-mos-65816/vendor/llvm-mos/llvm/utils/lit/lit/llvm/subst.py:130: note: Did not find llvm-bcanalyzer in /home/will/llvm-mos-65816/build/llvm-mos/bin
llvm-lit: /home/will/llvm-mos-65816/vendor/llvm-mos/llvm/utils/lit/lit/llvm/subst.py:130: note: Did not find llvm-bitcode-strip in /home/will/llvm-mos-65816/build/llvm-mos/bin
llvm-lit: /home/will/llvm-mos-65816/vendor/llvm-mos/llvm/utils/lit/lit/llvm/subst.py:130: note: Did not find llvm-cas in /home/will/llvm-mos-65816/build/llvm-mos/bin
llvm-lit: /home/will/llvm-mos-65816/vendor/llvm-mos/llvm/utils/lit/lit/llvm/subst.py:130: note: Did not find llvm-cgdata in /home/will/llvm-mos-65816/build/llvm-mos/bin
llvm-lit: /home/will/llvm-mos-65816/vendor/llvm-mos/llvm/utils/lit/lit/llvm/subst.py:130: note: Did not find llvm-cov in /home/will/llvm-mos-65816/build/llvm-mos/bin
llvm-lit: /home/will/llvm-mos-65816/vendor/llvm-mos/llvm/utils/lit/lit/llvm/subst.py:130: note: Did not find llvm-ctxprof-util in /home/will/llvm-mos-65816/build/llvm-mos/bin
llvm-lit: /home/will/llvm-mos-65816/vendor/llvm-mos/llvm/utils/lit/lit/llvm/subst.py:130: note: Did not find llvm-cxxdump in /home/will/llvm-mos-65816/build/llvm-mos/bin
llvm-lit: /home/will/llvm-mos-65816/vendor/llvm-mos/llvm/utils/lit/lit/llvm/subst.py:130: note: Did not find llvm-cvtres in /home/will/llvm-mos-65816/build/llvm-mos/bin
llvm-lit: /home/will/llvm-mos-65816/vendor/llvm-mos/llvm/utils/lit/lit/llvm/subst.py:130: note: Did not find llvm-debuginfod-find in /home/will/llvm-mos-65816/build/llvm-mos/bin
llvm-lit: /home/will/llvm-mos-65816/vendor/llvm-mos/llvm/utils/lit/lit/llvm/subst.py:130: note: Did not find llvm-debuginfo-analyzer in /home/will/llvm-mos-65816/build/llvm-mos/bin
llvm-lit: /home/will/llvm-mos-65816/vendor/llvm-mos/llvm/utils/lit/lit/llvm/subst.py:130: note: Did not find llvm-diff in /home/will/llvm-mos-65816/build/llvm-mos/bin
llvm-lit: /home/will/llvm-mos-65816/vendor/llvm-mos/llvm/utils/lit/lit/llvm/subst.py:130: note: Did not find llvm-dwarfutil in /home/will/llvm-mos-65816/build/llvm-mos/bin
llvm-lit: /home/will/llvm-mos-65816/vendor/llvm-mos/llvm/utils/lit/lit/llvm/subst.py:130: note: Did not find llvm-dwp in /home/will/llvm-mos-65816/build/llvm-mos/bin
llvm-lit: /home/will/llvm-mos-65816/vendor/llvm-mos/llvm/utils/lit/lit/llvm/subst.py:130: note: Did not find llvm-dlltool in /home/will/llvm-mos-65816/build/llvm-mos/bin
llvm-lit: /home/will/llvm-mos-65816/vendor/llvm-mos/llvm/utils/lit/lit/llvm/subst.py:130: note: Did not find llvm-exegesis in /home/will/llvm-mos-65816/build/llvm-mos/bin
llvm-lit: /home/will/llvm-mos-65816/vendor/llvm-mos/llvm/utils/lit/lit/llvm/subst.py:130: note: Did not find llvm-ir2vec in /home/will/llvm-mos-65816/build/llvm-mos/bin
llvm-lit: /home/will/llvm-mos-65816/vendor/llvm-mos/llvm/utils/lit/lit/llvm/subst.py:130: note: Did not find llvm-isel-fuzzer in /home/will/llvm-mos-65816/build/llvm-mos/bin
llvm-lit: /home/will/llvm-mos-65816/vendor/llvm-mos/llvm/utils/lit/lit/llvm/subst.py:130: note: Did not find llvm-ifs in /home/will/llvm-mos-65816/build/llvm-mos/bin
llvm-lit: /home/will/llvm-mos-65816/vendor/llvm-mos/llvm/utils/lit/lit/llvm/subst.py:130: note: Did not find llvm-install-name-tool in /home/will/llvm-mos-65816/build/llvm-mos/bin
llvm-lit: /home/will/llvm-mos-65816/vendor/llvm-mos/llvm/utils/lit/lit/llvm/subst.py:130: note: Did not find llvm-jitlink in /home/will/llvm-mos-65816/build/llvm-mos/bin
llvm-lit: /home/will/llvm-mos-65816/vendor/llvm-mos/llvm/utils/lit/lit/llvm/subst.py:130: note: Did not find llvm-opt-fuzzer in /home/will/llvm-mos-65816/build/llvm-mos/bin
llvm-lit: /home/will/llvm-mos-65816/vendor/llvm-mos/llvm/utils/lit/lit/llvm/subst.py:130: note: Did not find llvm-lib in /home/will/llvm-mos-65816/build/llvm-mos/bin
llvm-lit: /home/will/llvm-mos-65816/vendor/llvm-mos/llvm/utils/lit/lit/llvm/subst.py:130: note: Did not find llvm-link in /home/will/llvm-mos-65816/build/llvm-mos/bin
llvm-lit: /home/will/llvm-mos-65816/vendor/llvm-mos/llvm/utils/lit/lit/llvm/subst.py:130: note: Did not find llvm-lto in /home/will/llvm-mos-65816/build/llvm-mos/bin
llvm-lit: /home/will/llvm-mos-65816/vendor/llvm-mos/llvm/utils/lit/lit/llvm/subst.py:130: note: Did not find llvm-lto2 in /home/will/llvm-mos-65816/build/llvm-mos/bin
llvm-lit: /home/will/llvm-mos-65816/vendor/llvm-mos/llvm/utils/lit/lit/llvm/subst.py:130: note: Did not find llvm-mca in /home/will/llvm-mos-65816/build/llvm-mos/bin
llvm-lit: /home/will/llvm-mos-65816/vendor/llvm-mos/llvm/utils/lit/lit/llvm/subst.py:130: note: Did not find llvm-modextract in /home/will/llvm-mos-65816/build/llvm-mos/bin
llvm-lit: /home/will/llvm-mos-65816/vendor/llvm-mos/llvm/utils/lit/lit/llvm/subst.py:130: note: Did not find llvm-otool in /home/will/llvm-mos-65816/build/llvm-mos/bin
llvm-lit: /home/will/llvm-mos-65816/vendor/llvm-mos/llvm/utils/lit/lit/llvm/subst.py:130: note: Did not find llvm-pdbutil in /home/will/llvm-mos-65816/build/llvm-mos/bin
llvm-lit: /home/will/llvm-mos-65816/vendor/llvm-mos/llvm/utils/lit/lit/llvm/subst.py:130: note: Did not find llvm-profdata in /home/will/llvm-mos-65816/build/llvm-mos/bin
llvm-lit: /home/will/llvm-mos-65816/vendor/llvm-mos/llvm/utils/lit/lit/llvm/subst.py:130: note: Did not find llvm-profgen in /home/will/llvm-mos-65816/build/llvm-mos/bin
llvm-lit: /home/will/llvm-mos-65816/vendor/llvm-mos/llvm/utils/lit/lit/llvm/subst.py:130: note: Did not find llvm-rc in /home/will/llvm-mos-65816/build/llvm-mos/bin
llvm-lit: /home/will/llvm-mos-65816/vendor/llvm-mos/llvm/utils/lit/lit/llvm/subst.py:130: note: Did not find llvm-rtdyld in /home/will/llvm-mos-65816/build/llvm-mos/bin
llvm-lit: /home/will/llvm-mos-65816/vendor/llvm-mos/llvm/utils/lit/lit/llvm/subst.py:130: note: Did not find llvm-sim in /home/will/llvm-mos-65816/build/llvm-mos/bin
llvm-lit: /home/will/llvm-mos-65816/vendor/llvm-mos/llvm/utils/lit/lit/llvm/subst.py:130: note: Did not find llvm-split in /home/will/llvm-mos-65816/build/llvm-mos/bin
llvm-lit: /home/will/llvm-mos-65816/vendor/llvm-mos/llvm/utils/lit/lit/llvm/subst.py:130: note: Did not find llvm-stress in /home/will/llvm-mos-65816/build/llvm-mos/bin
llvm-lit: /home/will/llvm-mos-65816/vendor/llvm-mos/llvm/utils/lit/lit/llvm/subst.py:130: note: Did not find llvm-readtapi in /home/will/llvm-mos-65816/build/llvm-mos/bin
llvm-lit: /home/will/llvm-mos-65816/vendor/llvm-mos/llvm/utils/lit/lit/llvm/subst.py:130: note: Did not find llvm-undname in /home/will/llvm-mos-65816/build/llvm-mos/bin
llvm-lit: /home/will/llvm-mos-65816/vendor/llvm-mos/llvm/utils/lit/lit/llvm/subst.py:130: note: Did not find llvm-windres in /home/will/llvm-mos-65816/build/llvm-mos/bin
llvm-lit: /home/will/llvm-mos-65816/vendor/llvm-mos/llvm/utils/lit/lit/llvm/subst.py:130: note: Did not find llvm-c-test in /home/will/llvm-mos-65816/build/llvm-mos/bin
llvm-lit: /home/will/llvm-mos-65816/vendor/llvm-mos/llvm/utils/lit/lit/llvm/subst.py:130: note: Did not find llvm-xray in /home/will/llvm-mos-65816/build/llvm-mos/bin
llvm-lit: /home/will/llvm-mos-65816/vendor/llvm-mos/llvm/utils/lit/lit/llvm/subst.py:130: note: Did not find yaml2obj in /home/will/llvm-mos-65816/build/llvm-mos/bin
llvm-lit: /home/will/llvm-mos-65816/vendor/llvm-mos/llvm/utils/lit/lit/llvm/subst.py:130: note: Did not find obj2yaml in /home/will/llvm-mos-65816/build/llvm-mos/bin
llvm-lit: /home/will/llvm-mos-65816/vendor/llvm-mos/llvm/utils/lit/lit/llvm/subst.py:130: note: Did not find yaml-bench in /home/will/llvm-mos-65816/build/llvm-mos/bin
llvm-lit: /home/will/llvm-mos-65816/vendor/llvm-mos/llvm/utils/lit/lit/llvm/subst.py:130: note: Did not find verify-uselistorder in /home/will/llvm-mos-65816/build/llvm-mos/bin
llvm-lit: /home/will/llvm-mos-65816/vendor/llvm-mos/llvm/utils/lit/lit/llvm/subst.py:130: note: Did not find sancov in /home/will/llvm-mos-65816/build/llvm-mos/bin
llvm-lit: /home/will/llvm-mos-65816/vendor/llvm-mos/llvm/utils/lit/lit/llvm/subst.py:130: note: Did not find sanstats in /home/will/llvm-mos-65816/build/llvm-mos/bin
llvm-lit: /home/will/llvm-mos-65816/vendor/llvm-mos/llvm/utils/lit/lit/llvm/subst.py:130: note: Did not find llvm-remarkutil in /home/will/llvm-mos-65816/build/llvm-mos/bin
-- Testing: 183 tests, 4 workers --
PASS: LLVM :: CodeGen/MOS/far-indir-indexed.ll (1 of 183)
PASS: LLVM :: CodeGen/MOS/inline-asm-physreg-width.ll (2 of 183)
PASS: LLVM :: CodeGen/MOS/carry-pressure-gate.mir (3 of 183)
PASS: LLVM :: CodeGen/MOS/float-vector.ll (4 of 183)
PASS: LLVM :: CodeGen/MOS/legalizer.mir (5 of 183)
PASS: LLVM :: MC/MOS/eflags-ir.ll (6 of 183)
PASS: LLVM :: CodeGen/MOS/jump-table-limit.ll (7 of 183)
PASS: LLVM :: CodeGen/MOS/scavenger-p-undef-6502.ll (8 of 183)
PASS: LLVM :: CodeGen/MOS/vector-scalarize.ll (9 of 183)
PASS: LLVM :: MC/MOS/eflags.s (10 of 183)
PASS: LLVM :: CodeGen/MOS/inline-spiller-coalesce-scratch-vreg.ll (11 of 183)
PASS: LLVM :: CodeGen/MOS/instruction-selector.mir (12 of 183)
PASS: LLVM :: CodeGen/MOS/spill-hoist-scratch-vreg.ll (13 of 183)
PASS: LLVM :: CodeGen/MOS/leaf-20231021.ll (14 of 183)
PASS: LLVM :: CodeGen/MOS/a16-near-store-profit.ll (15 of 183)
PASS: LLVM :: CodeGen/MOS/inline-asm-multi-register.ll (16 of 183)
PASS: LLVM :: CodeGen/MOS/a16-indirect-byte-store.ll (17 of 183)
PASS: LLVM :: CodeGen/MOS/a16-byte-store.ll (18 of 183)
PASS: LLVM :: CodeGen/MOS/return-frame-address.ll (19 of 183)
PASS: LLVM :: CodeGen/MOS/carry-pressure-schedule.mir (20 of 183)
PASS: LLVM :: CodeGen/MOS/zero-page-indexed.mir (21 of 183)
PASS: LLVM :: CodeGen/MOS/mixed-width-call.ll (22 of 183)
PASS: LLVM :: CodeGen/MOS/inc-dec-65ce02.ll (23 of 183)
PASS: LLVM :: CodeGen/MOS/shift-rotate.ll (24 of 183)
PASS: LLVM :: CodeGen/MOS/far-call.ll (25 of 183)
PASS: LLVM :: CodeGen/MOS/far-native-word.ll (26 of 183)
PASS: LLVM :: CodeGen/MOS/zero-page-indexed.ll (27 of 183)
PASS: LLVM :: CodeGen/MOS/zp-byte-index.ll (28 of 183)
PASS: LLVM :: CodeGen/MOS/far-absolute-extload.mir (29 of 183)
PASS: LLVM :: MC/MOS/65816-block-move-bank-order.s (30 of 183)
PASS: LLVM :: CodeGen/MOS/inline-asm-indirect-output.ll (31 of 183)
PASS: LLVM :: CodeGen/MOS/anyext-wide.mir (32 of 183)
PASS: LLVM :: CodeGen/MOS/anyext-masked-byte.ll (33 of 183)
PASS: LLVM :: CodeGen/MOS/xy16-near-indir-y.ll (34 of 183)
PASS: LLVM :: CodeGen/MOS/char-stats-norecurse.ll (35 of 183)
PASS: LLVM :: CodeGen/MOS/register-named-globals.ll (36 of 183)
PASS: LLVM :: CodeGen/MOS/twoaddr-reschedule-physreg.mir (37 of 183)
PASS: LLVM :: CodeGen/MOS/char-stats.ll (38 of 183)
PASS: LLVM :: MC/MOS/register-named-symbols.s (39 of 183)
PASS: LLVM :: CodeGen/MOS/zero-page-indexed-stz.mir (40 of 183)
PASS: LLVM :: CodeGen/MOS/integer-compare.ll (41 of 183)
PASS: LLVM :: CodeGen/MOS/far-addressing.ll (42 of 183)
PASS: LLVM :: CodeGen/MOS/far-memset.ll (43 of 183)
PASS: LLVM :: CodeGen/MOS/far-legalizer-bridges.ll (44 of 183)
PASS: LLVM :: CodeGen/MOS/far-global-long-x.ll (45 of 183)
PASS: LLVM :: CodeGen/MOS/far-phi.ll (46 of 183)
PASS: LLVM :: MC/MOS/brk-signature.s (47 of 183)
PASS: LLVM :: CodeGen/MOS/hello-world.ll (48 of 183)
PASS: LLVM :: CodeGen/MOS/prologepilog-ir.mir (49 of 183)
PASS: LLVM :: CodeGen/MOS/store-zero.ll (50 of 183)
PASS: LLVM :: CodeGen/MOS/print-int.ll (51 of 183)
PASS: LLVM :: CodeGen/MOS/inc-dec-6502x.ll (52 of 183)
PASS: LLVM :: CodeGen/MOS/branch-relaxation-bra.mir (53 of 183)
PASS: LLVM :: CodeGen/MOS/legalizer-ir.mir (54 of 183)
PASS: LLVM :: CodeGen/MOS/scavenger-status-save-range.mir (55 of 183)
PASS: LLVM :: CodeGen/MOS/copy-opt-chain.mir (56 of 183)
PASS: LLVM :: CodeGen/MOS/combiner.mir (57 of 183)
PASS: LLVM :: CodeGen/MOS/prefetch.ll (58 of 183)
PASS: LLVM :: CodeGen/MOS/static-stack.ll (59 of 183)
PASS: LLVM :: CodeGen/MOS/add-sub.ll (60 of 183)
PASS: LLVM :: CodeGen/MOS/cmpzero-terminator-invalid.mir (61 of 183)
PASS: LLVM :: CodeGen/MOS/copy-opt-loop.mir (62 of 183)
PASS: LLVM :: CodeGen/MOS/zp-alloc.ll (63 of 183)
PASS: LLVM :: CodeGen/MOS/inc-dec.ll (64 of 183)
PASS: LLVM :: CodeGen/MOS/copy-phys-reg.mir (65 of 183)
PASS: LLVM :: CodeGen/MOS/inc-dec-65c02.ll (66 of 183)
PASS: LLVM :: MC/MOS/addr-asciz-roundtrip.s (67 of 183)
PASS: LLVM :: CodeGen/MOS/immediate-remat.ll (68 of 183)
PASS: LLVM :: CodeGen/MOS/legalizer-huc6280.mir (69 of 183)
PASS: LLVM :: MC/MOS/register-named-symbols-65816.s (70 of 183)
PASS: LLVM :: CodeGen/MOS/whole-program-zp.ll (71 of 183)
PASS: LLVM :: CodeGen/MOS/late-opt.mir (72 of 183)
PASS: LLVM :: CodeGen/MOS/indvar-simplify-20230930.ll (73 of 183)
PASS: LLVM :: CodeGen/MOS/instruction-selector-ir.mir (74 of 183)
PASS: LLVM :: CodeGen/MOS/no-csr.ll (75 of 183)
PASS: LLVM :: CodeGen/MOS/virtregrewriter-copy-liveness.mir (76 of 183)
PASS: LLVM :: CodeGen/MOS/a16-immediate-width.ll (77 of 183)
PASS: LLVM :: CodeGen/MOS/a16-trunc-i32.ll (78 of 183)
PASS: LLVM :: CodeGen/MOS/asm-printer.mir (79 of 183)
PASS: LLVM :: CodeGen/MOS/light-spill.ll (80 of 183)
PASS: LLVM :: CodeGen/MOS/zeropage.ll (81 of 183)
PASS: LLVM :: CodeGen/MOS/shift-rotate-chain.mir (82 of 183)
PASS: LLVM :: CodeGen/MOS/asm-printer-spc700.mir (83 of 183)
PASS: LLVM :: CodeGen/MOS/coalesce-remat.ll (84 of 183)
PASS: LLVM :: CodeGen/MOS/cmp-select.ll (85 of 183)
PASS: LLVM :: CodeGen/MOS/callee-saved-regs.ll (86 of 183)
PASS: LLVM :: CodeGen/MOS/zp-alloc-preexisting.ll (87 of 183)
PASS: LLVM :: CodeGen/MOS/return-address-spc700.ll (88 of 183)
PASS: LLVM :: CodeGen/MOS/instruction-selector-ir-spc700.mir (89 of 183)
PASS: LLVM :: CodeGen/MOS/prologepilog.mir (90 of 183)
PASS: LLVM :: MC/MOS/addressing-modes-65816.s (91 of 183)
PASS: LLVM :: CodeGen/MOS/copy-phys-reg-huc6280.mir (92 of 183)
PASS: LLVM :: CodeGen/MOS/call-lowering.mir (93 of 183)
PASS: LLVM :: CodeGen/MOS/lower-select.mir (94 of 183)
PASS: LLVM :: CodeGen/MOS/copy-opt.mir (95 of 183)
PASS: LLVM :: CodeGen/MOS/scavenger-p-undef.mir (96 of 183)
PASS: LLVM :: CodeGen/MOS/branch-relaxation-inline-asm.mir (97 of 183)
PASS: LLVM :: CodeGen/MOS/instruction-selector-spc700.mir (98 of 183)
PASS: LLVM :: CodeGen/MOS/commute.mir (99 of 183)
PASS: LLVM :: CodeGen/MOS/dp-pointer-arg.ll (100 of 183)
PASS: LLVM :: CodeGen/MOS/ret-global-addr.ll (101 of 183)
PASS: LLVM :: CodeGen/MOS/postrapseudos.mir (102 of 183)
PASS: LLVM :: CodeGen/MOS/late-opt-spc700.mir (103 of 183)
PASS: LLVM :: CodeGen/MOS/insert-copies.mir (104 of 183)
PASS: LLVM :: CodeGen/MOS/zp-alloc-deterministic.ll (105 of 183)
PASS: LLVM :: MC/MOS/addr-asciz.s (106 of 183)
PASS: LLVM :: CodeGen/MOS/copy-phys-reg-reuse-dst.mir (107 of 183)
PASS: LLVM :: CodeGen/MOS/inlineasm-constraint.mir (108 of 183)
PASS: LLVM :: CodeGen/MOS/postrapseudos-spc700.mir (109 of 183)
PASS: LLVM :: CodeGen/MOS/inline-asm-zp-csr.ll (110 of 183)
PASS: LLVM :: CodeGen/MOS/finalize-isel.mir (111 of 183)
PASS: LLVM :: MC/MOS/zeropage-huc6280.s (112 of 183)
PASS: LLVM :: CodeGen/MOS/asm-printer-huc6280.mir (113 of 183)
PASS: LLVM :: CodeGen/MOS/interrupt-width-65816.ll (114 of 183)
PASS: LLVM :: CodeGen/MOS/postrapseudos-huc6280.mir (115 of 183)
PASS: LLVM :: CodeGen/MOS/copy-phys-reg-65816.mir (116 of 183)
PASS: LLVM :: CodeGen/MOS/insert-rep-sep-cloned-kills.mir (117 of 183)
PASS: LLVM :: CodeGen/MOS/indexiv.ll (118 of 183)
PASS: LLVM :: CodeGen/MOS/virtregrewriter-undef-lane-identity-copy.mir (119 of 183)
PASS: LLVM :: MC/MOS/long-address-roundtrip-65816.s (120 of 183)
PASS: LLVM :: CodeGen/MOS/late-opt-65816.mir (121 of 183)
PASS: LLVM :: CodeGen/MOS/copy-phys-reg-65c02.mir (122 of 183)
PASS: LLVM :: CodeGen/MOS/trivial.ll (123 of 183)
PASS: LLVM :: CodeGen/MOS/asm-printer-ir.mir (124 of 183)
PASS: LLVM :: CodeGen/MOS/copy-phys-reg-spc700.mir (125 of 183)
PASS: LLVM :: CodeGen/MOS/call-lowering-stack.mir (126 of 183)
PASS: LLVM :: CodeGen/MOS/instruction-selector-ir-65c02.mir (127 of 183)
PASS: LLVM :: CodeGen/MOS/nonreentrant.ll (128 of 183)
PASS: LLVM :: CodeGen/MOS/copy-phys-reg-liveness.mir (129 of 183)
PASS: LLVM :: CodeGen/MOS/regalloc.mir (130 of 183)
PASS: LLVM :: CodeGen/MOS/scavenger-65c02.mir (131 of 183)
PASS: LLVM :: CodeGen/MOS/branch-relaxation.mir (132 of 183)
PASS: LLVM :: MC/MOS/long-branches-65ce02.s (133 of 183)
PASS: LLVM :: CodeGen/MOS/scavenger.mir (134 of 183)
PASS: LLVM :: CodeGen/MOS/call-lowering-spc700.mir (135 of 183)
PASS: LLVM :: MC/MOS/zp-regression.s (136 of 183)
PASS: LLVM :: CodeGen/MOS/nonreentrant-nointerrupts.ll (137 of 183)
PASS: LLVM :: MC/MOS/modifiers.s (138 of 183)
PASS: LLVM :: MC/MOS/long-branches-65816.s (139 of 183)
PASS: LLVM :: CodeGen/MOS/late-opt-cmpzero.mir (140 of 183)
PASS: LLVM :: CodeGen/MOS/legalizer-65c02.mir (141 of 183)
PASS: LLVM :: MC/MOS/modifiers-spc700.s (142 of 183)
PASS: LLVM :: CodeGen/MOS/instruction-selector-65dtv02.mir (143 of 183)
PASS: LLVM :: MC/MOS/motorola-integers-default.s (144 of 183)
PASS: LLVM :: CodeGen/MOS/internalize.mir (145 of 183)
PASS: LLVM :: CodeGen/MOS/late-opt-65c02.mir (146 of 183)
PASS: LLVM :: MC/MOS/zeropage.s (147 of 183)
PASS: LLVM :: MC/MOS/bank-relax-section-offset.s (148 of 183)
PASS: LLVM :: MC/MOS/align-nop.s (149 of 183)
PASS: LLVM :: MC/MOS/modifiers-65816.s (150 of 183)
PASS: LLVM :: MC/MOS/pc-rel-reloc.s (151 of 183)
PASS: LLVM :: MC/MOS/trivial.s (152 of 183)
PASS: LLVM :: MC/MOS/modifier-width-errors.s (153 of 183)
PASS: LLVM :: MC/MOS/all-spc700-opcodes.s (154 of 183)
PASS: LLVM :: MC/MOS/all-6502-opcodes.s (155 of 183)
PASS: LLVM :: MC/MOS/do-init-stack.s (156 of 183)
PASS: LLVM :: MC/MOS/branch-range-errors.s (157 of 183)
PASS: LLVM :: MC/MOS/all-4510-opcodes.s (158 of 183)
PASS: LLVM :: MC/MOS/all-spc700-aliases.s (159 of 183)
PASS: LLVM :: MC/MOS/all-45gs02-opcodes.s (160 of 183)
PASS: LLVM :: MC/MOS/do-copy-data.s (161 of 183)
PASS: LLVM :: MC/MOS/all-r65c02-opcodes.s (162 of 183)
PASS: LLVM :: MC/MOS/ophis-hello-world.s (163 of 183)
PASS: LLVM :: MC/MOS/asm-errors.s (164 of 183)
PASS: LLVM :: MC/MOS/all-6502x-opcodes.s (165 of 183)
PASS: LLVM :: MC/MOS/inst-lda.s (166 of 183)
PASS: LLVM :: MC/MOS/uppercase-registers.s (167 of 183)
PASS: LLVM :: MC/MOS/all-65816-opcodes.s (168 of 183)
PASS: LLVM :: MC/MOS/modifier-width.s (169 of 183)
PASS: LLVM :: MC/MOS/all-65ce02-opcodes.s (170 of 183)
PASS: LLVM :: MC/MOS/modifier-width-65816.s (171 of 183)
PASS: LLVM :: MC/MOS/all-65dtv02-opcodes.s (172 of 183)
PASS: LLVM :: MC/MOS/all-65el02-opcodes.s (173 of 183)
PASS: LLVM :: MC/MOS/all-w65c02-opcodes.s (174 of 183)
PASS: LLVM :: MC/MOS/do-zero-bss.s (175 of 183)
PASS: LLVM :: MC/MOS/addr-asciz-invalid-modifier.s (176 of 183)
PASS: LLVM :: MC/MOS/all-65c02-opcodes.s (177 of 183)
PASS: LLVM :: MC/MOS/all-huc6280-opcodes.s (178 of 183)
UNSUPPORTED: LLVM :: CodeGen/MOS/getchar-regression.ll (179 of 183)
UNSUPPORTED: LLVM :: CodeGen/MOS/legalizer-indexed-offset-observer.mir (180 of 183)
PASS: LLVM :: MC/MOS/all-65816-aliases.s (181 of 183)
PASS: LLVM :: MC/MOS/do-init-array.s (182 of 183)
PASS: LLVM :: MC/MOS/do-fini-array.s (183 of 183)

Testing Time: 2.70s

Total Discovered Tests: 183
  Unsupported:   2 (1.09%)
  Passed     : 181 (98.91%)
