baseline-farblit-a16-Os SMOKE: PASS addr=0x7E021F len=4 got=0x1E56EE65 (ran 600 ticks)
baseline-farblit-a16-Oz SMOKE: PASS addr=0x7E021F len=4 got=0x1E56EE65 (ran 600 ticks)
baseline-farblit-a16-O2 SMOKE: PASS addr=0x7E021F len=4 got=0x1E56EE65 (ran 600 ticks)
baseline-farblit-xy16-Os SMOKE: PASS addr=0x7E021F len=4 got=0x1E56EE65 (ran 600 ticks)
baseline-farblit-xy16-Oz SMOKE: PASS addr=0x7E021F len=4 got=0x1E56EE65 (ran 600 ticks)
baseline-farblit-xy16-O2 SMOKE: PASS addr=0x7E021F len=4 got=0x1E56EE65 (ran 600 ticks)
baseline-farblit_press-a16-Os SMOKE: PASS addr=0x7E020A len=2 got=0xD695 (ran 600 ticks)
baseline-farblit_press-a16-Oz SMOKE: PASS addr=0x7E020A len=2 got=0xD695 (ran 600 ticks)
baseline-farblit_press-a16-O2 SMOKE: PASS addr=0x7E020A len=2 got=0xD695 (ran 600 ticks)
baseline-farblit_press-xy16-Os SMOKE: PASS addr=0x7E020A len=2 got=0xD695 (ran 600 ticks)
baseline-farblit_press-xy16-Oz SMOKE: PASS addr=0x7E020A len=2 got=0xD695 (ran 600 ticks)
baseline-farblit_press-xy16-O2 SMOKE: PASS addr=0x7E020A len=2 got=0xD695 (ran 600 ticks)
baseline-bounds-a16-Os SMOKE: PASS addr=0x7E0200 len=4 got=0xC9276F1E (ran 600 ticks)
baseline-bounds-a16-Oz SMOKE: PASS addr=0x7E0200 len=4 got=0xC9276F1E (ran 600 ticks)
baseline-bounds-a16-O2 SMOKE: PASS addr=0x7E0200 len=4 got=0xC9276F1E (ran 600 ticks)
baseline-bounds-xy16-Os SMOKE: PASS addr=0x7E0200 len=4 got=0xC9276F1E (ran 600 ticks)
baseline-bounds-xy16-Oz SMOKE: PASS addr=0x7E0200 len=4 got=0xC9276F1E (ran 600 ticks)
baseline-bounds-xy16-O2 SMOKE: PASS addr=0x7E0200 len=4 got=0xC9276F1E (ran 600 ticks)
candidate-farblit-a16-Os SMOKE: PASS addr=0x7E021F len=4 got=0x1E56EE65 (ran 600 ticks)
candidate-farblit-a16-Oz SMOKE: PASS addr=0x7E021F len=4 got=0x1E56EE65 (ran 600 ticks)
candidate-farblit-a16-O2 SMOKE: PASS addr=0x7E021F len=4 got=0x1E56EE65 (ran 600 ticks)
candidate-farblit-xy16-Os SMOKE: PASS addr=0x7E021F len=4 got=0x1E56EE65 (ran 600 ticks)
candidate-farblit-xy16-Oz SMOKE: PASS addr=0x7E021F len=4 got=0x1E56EE65 (ran 600 ticks)
candidate-farblit-xy16-O2 SMOKE: PASS addr=0x7E021F len=4 got=0x1E56EE65 (ran 600 ticks)
candidate-farblit_press-a16-Os SMOKE: PASS addr=0x7E020A len=2 got=0xD695 (ran 600 ticks)
candidate-farblit_press-a16-Oz SMOKE: PASS addr=0x7E020A len=2 got=0xD695 (ran 600 ticks)
candidate-farblit_press-a16-O2 SMOKE: PASS addr=0x7E020A len=2 got=0xD695 (ran 600 ticks)
candidate-farblit_press-xy16-Os SMOKE: PASS addr=0x7E020A len=2 got=0xD695 (ran 600 ticks)
candidate-farblit_press-xy16-Oz SMOKE: PASS addr=0x7E020A len=2 got=0xD695 (ran 600 ticks)
candidate-farblit_press-xy16-O2 SMOKE: PASS addr=0x7E020A len=2 got=0xD695 (ran 600 ticks)
candidate-bounds-a16-Os SMOKE: PASS addr=0x7E0200 len=4 got=0xC9276F1E (ran 600 ticks)
candidate-bounds-a16-Oz SMOKE: PASS addr=0x7E0200 len=4 got=0xC9276F1E (ran 600 ticks)
candidate-bounds-a16-O2 SMOKE: PASS addr=0x7E0200 len=4 got=0xC9276F1E (ran 600 ticks)
candidate-bounds-xy16-Os SMOKE: PASS addr=0x7E0200 len=4 got=0xC9276F1E (ran 600 ticks)
candidate-bounds-xy16-Oz SMOKE: PASS addr=0x7E0200 len=4 got=0xC9276F1E (ran 600 ticks)
candidate-bounds-xy16-O2 SMOKE: PASS addr=0x7E0200 len=4 got=0xC9276F1E (ran 600 ticks)
