$ /home/will/llvm-mos-65816/build/selectiondag-inlineasm-fix/llc -mtriple=aarch64 -global-isel=0 -O0 -verify-machineinstrs /home/will/llvm-mos-65816/docs/defects/evidence/2026-09-25-aarch64-asm-type/cases/output-r.ll -o /dev/null
Value type is non-standard value, Other.
UNREACHABLE executed at /work/build/register-exhaustion-src/llvm/include/llvm/CodeGenTypes/MachineValueType.h:375!
PLEASE submit a bug report to https://github.com/llvm/llvm-project/issues/ and include the crash backtrace and instructions to reproduce the bug.
Stack dump:
0.	Program arguments: /home/will/llvm-mos-65816/build/selectiondag-inlineasm-fix/llc -mtriple=aarch64 -global-isel=0 -O0 -verify-machineinstrs /home/will/llvm-mos-65816/docs/defects/evidence/2026-09-25-aarch64-asm-type/cases/output-r.ll -o /dev/null
1.	Running pass 'Function Pass Manager' on module '/home/will/llvm-mos-65816/docs/defects/evidence/2026-09-25-aarch64-asm-type/cases/output-r.ll'.
2.	Running pass 'AArch64 Instruction Selection' on function '@output_r'
Stack dump without symbol names (ensure you have llvm-symbolizer in your PATH or set the environment var `LLVM_SYMBOLIZER_PATH` to point to it):
0  llc       0x00005c11f4bc800b llvm::sys::PrintStackTrace(llvm::raw_ostream&, int) + 43
1  llc       0x00005c11f4bc4e91 llvm::sys::RunSignalHandlers() + 369
2  llc       0x00005c11f4bc8e1b
3  libc.so.6 0x00007d97ac845cb0
4  libc.so.6 0x00007d97ac8a61ac pthread_kill + 284
5  libc.so.6 0x00007d97ac845b7e gsignal + 30
6  libc.so.6 0x00007d97ac8288ec abort + 39
7  llc       0x00005c11f4b237cf
8  llc       0x00005c11f28d9f6a
9  llc       0x00005c11f2ed5df3
10 llc       0x00005c11f4909fde
11 llc       0x00005c11f48dbc80 llvm::SelectionDAGBuilder::visitInlineAsm(llvm::CallBase const&, llvm::BasicBlock const*) + 5024
12 llc       0x00005c11f48bd226 llvm::SelectionDAGBuilder::visit(llvm::Instruction const&) + 246
13 llc       0x00005c11f4992a95 llvm::SelectionDAGISel::SelectBasicBlock(llvm::ilist_iterator_w_bits<llvm::ilist_detail::node_options<llvm::Instruction, true, false, void, true, llvm::BasicBlock>, false, true>, llvm::ilist_iterator_w_bits<llvm::ilist_detail::node_options<llvm::Instruction, true, false, void, true, llvm::BasicBlock>, false, true>, bool&) + 261
14 llc       0x00005c11f499202a llvm::SelectionDAGISel::SelectAllBasicBlocks(llvm::Function const&) + 6858
15 llc       0x00005c11f498f2f1 llvm::SelectionDAGISel::runOnMachineFunction(llvm::MachineFunction&) + 609
16 llc       0x00005c11f498c98c llvm::SelectionDAGISelLegacy::runOnMachineFunction(llvm::MachineFunction&) + 140
17 llc       0x00005c11f3862f99 llvm::MachineFunctionPass::runOnFunction(llvm::Function&) + 649
18 llc       0x00005c11f3df5780 llvm::FPPassManager::runOnFunction(llvm::Function&) + 1120
19 llc       0x00005c11f3dfd882 llvm::FPPassManager::runOnModule(llvm::Module&) + 50
20 llc       0x00005c11f3df6544 llvm::legacy::PassManagerImpl::run(llvm::Module&) + 2228
21 llc       0x00005c11f27c574b
22 llc       0x00005c11f27c2a13 main + 1443
23 libc.so.6 0x00007d97ac82a601
24 libc.so.6 0x00007d97ac82a718 __libc_start_main + 136
25 llc       0x00005c11f27c1c25 _start + 37

exit_code=-6
