$ /home/will/llvm-mos-65816/build/selectiondag-inlineasm-fix/llc -mtriple=aarch64 -global-isel=0 -O2 -verify-machineinstrs -mattr=+ls64 /home/will/llvm-mos-65816/docs/defects/evidence/2026-09-25-aarch64-asm-type/cases/callbr.ll -o /dev/null
Value type is non-standard value, Other.
UNREACHABLE executed at /work/build/register-exhaustion-src/llvm/include/llvm/CodeGenTypes/MachineValueType.h:375!
PLEASE submit a bug report to https://github.com/llvm/llvm-project/issues/ and include the crash backtrace and instructions to reproduce the bug.
Stack dump:
0.	Program arguments: /home/will/llvm-mos-65816/build/selectiondag-inlineasm-fix/llc -mtriple=aarch64 -global-isel=0 -O2 -verify-machineinstrs -mattr=+ls64 /home/will/llvm-mos-65816/docs/defects/evidence/2026-09-25-aarch64-asm-type/cases/callbr.ll -o /dev/null
1.	Running pass 'Function Pass Manager' on module '/home/will/llvm-mos-65816/docs/defects/evidence/2026-09-25-aarch64-asm-type/cases/callbr.ll'.
2.	Running pass 'AArch64 Instruction Selection' on function '@branch'
Stack dump without symbol names (ensure you have llvm-symbolizer in your PATH or set the environment var `LLVM_SYMBOLIZER_PATH` to point to it):
0  llc       0x00005711a4fed00b llvm::sys::PrintStackTrace(llvm::raw_ostream&, int) + 43
1  llc       0x00005711a4fe9e91 llvm::sys::RunSignalHandlers() + 369
2  llc       0x00005711a4fede1b
3  libc.so.6 0x000077a581a45cb0
4  libc.so.6 0x000077a581aa61ac pthread_kill + 284
5  libc.so.6 0x000077a581a45b7e gsignal + 30
6  libc.so.6 0x000077a581a288ec abort + 39
7  llc       0x00005711a4f487cf
8  llc       0x00005711a2cfef6a
9  llc       0x00005711a32faab2
10 llc       0x00005711a4d2efde
11 llc       0x00005711a4d00c80 llvm::SelectionDAGBuilder::visitInlineAsm(llvm::CallBase const&, llvm::BasicBlock const*) + 5024
12 llc       0x00005711a4ce7bfd llvm::SelectionDAGBuilder::visitCallBr(llvm::CallBrInst const&) + 125
13 llc       0x00005711a4ce2226 llvm::SelectionDAGBuilder::visit(llvm::Instruction const&) + 246
14 llc       0x00005711a4db7a95 llvm::SelectionDAGISel::SelectBasicBlock(llvm::ilist_iterator_w_bits<llvm::ilist_detail::node_options<llvm::Instruction, true, false, void, true, llvm::BasicBlock>, false, true>, llvm::ilist_iterator_w_bits<llvm::ilist_detail::node_options<llvm::Instruction, true, false, void, true, llvm::BasicBlock>, false, true>, bool&) + 261
15 llc       0x00005711a4db702a llvm::SelectionDAGISel::SelectAllBasicBlocks(llvm::Function const&) + 6858
16 llc       0x00005711a4db42f1 llvm::SelectionDAGISel::runOnMachineFunction(llvm::MachineFunction&) + 609
17 llc       0x00005711a4db198c llvm::SelectionDAGISelLegacy::runOnMachineFunction(llvm::MachineFunction&) + 140
18 llc       0x00005711a3c87f99 llvm::MachineFunctionPass::runOnFunction(llvm::Function&) + 649
19 llc       0x00005711a421a780 llvm::FPPassManager::runOnFunction(llvm::Function&) + 1120
20 llc       0x00005711a4222882 llvm::FPPassManager::runOnModule(llvm::Module&) + 50
21 llc       0x00005711a421b544 llvm::legacy::PassManagerImpl::run(llvm::Module&) + 2228
22 llc       0x00005711a2bea74b
23 llc       0x00005711a2be7a13 main + 1443
24 libc.so.6 0x000077a581a2a601
25 libc.so.6 0x000077a581a2a718 __libc_start_main + 136
26 llc       0x00005711a2be6c25 _start + 37

exit_code=-6
