$ /home/will/llvm-mos-65816/build/selectiondag-inlineasm-fix/llc -mtriple=aarch64 -global-isel=0 -O0 -verify-machineinstrs -mattr=+ls64 /home/will/llvm-mos-65816/docs/defects/evidence/2026-09-25-aarch64-asm-type/cases/callbr.ll -o /dev/null
Value type is non-standard value, Other.
UNREACHABLE executed at /work/build/register-exhaustion-src/llvm/include/llvm/CodeGenTypes/MachineValueType.h:375!
PLEASE submit a bug report to https://github.com/llvm/llvm-project/issues/ and include the crash backtrace and instructions to reproduce the bug.
Stack dump:
0.	Program arguments: /home/will/llvm-mos-65816/build/selectiondag-inlineasm-fix/llc -mtriple=aarch64 -global-isel=0 -O0 -verify-machineinstrs -mattr=+ls64 /home/will/llvm-mos-65816/docs/defects/evidence/2026-09-25-aarch64-asm-type/cases/callbr.ll -o /dev/null
1.	Running pass 'Function Pass Manager' on module '/home/will/llvm-mos-65816/docs/defects/evidence/2026-09-25-aarch64-asm-type/cases/callbr.ll'.
2.	Running pass 'AArch64 Instruction Selection' on function '@branch'
Stack dump without symbol names (ensure you have llvm-symbolizer in your PATH or set the environment var `LLVM_SYMBOLIZER_PATH` to point to it):
0  llc       0x000063bd5f26000b llvm::sys::PrintStackTrace(llvm::raw_ostream&, int) + 43
1  llc       0x000063bd5f25ce91 llvm::sys::RunSignalHandlers() + 369
2  llc       0x000063bd5f260e1b
3  libc.so.6 0x0000757f96245cb0
4  libc.so.6 0x0000757f962a61ac pthread_kill + 284
5  libc.so.6 0x0000757f96245b7e gsignal + 30
6  libc.so.6 0x0000757f962288ec abort + 39
7  llc       0x000063bd5f1bb7cf
8  llc       0x000063bd5cf71f6a
9  llc       0x000063bd5d56dab2
10 llc       0x000063bd5efa1fde
11 llc       0x000063bd5ef73c80 llvm::SelectionDAGBuilder::visitInlineAsm(llvm::CallBase const&, llvm::BasicBlock const*) + 5024
12 llc       0x000063bd5ef5abfd llvm::SelectionDAGBuilder::visitCallBr(llvm::CallBrInst const&) + 125
13 llc       0x000063bd5ef55226 llvm::SelectionDAGBuilder::visit(llvm::Instruction const&) + 246
14 llc       0x000063bd5f02aa95 llvm::SelectionDAGISel::SelectBasicBlock(llvm::ilist_iterator_w_bits<llvm::ilist_detail::node_options<llvm::Instruction, true, false, void, true, llvm::BasicBlock>, false, true>, llvm::ilist_iterator_w_bits<llvm::ilist_detail::node_options<llvm::Instruction, true, false, void, true, llvm::BasicBlock>, false, true>, bool&) + 261
15 llc       0x000063bd5f02a02a llvm::SelectionDAGISel::SelectAllBasicBlocks(llvm::Function const&) + 6858
16 llc       0x000063bd5f0272f1 llvm::SelectionDAGISel::runOnMachineFunction(llvm::MachineFunction&) + 609
17 llc       0x000063bd5f02498c llvm::SelectionDAGISelLegacy::runOnMachineFunction(llvm::MachineFunction&) + 140
18 llc       0x000063bd5defaf99 llvm::MachineFunctionPass::runOnFunction(llvm::Function&) + 649
19 llc       0x000063bd5e48d780 llvm::FPPassManager::runOnFunction(llvm::Function&) + 1120
20 llc       0x000063bd5e495882 llvm::FPPassManager::runOnModule(llvm::Module&) + 50
21 llc       0x000063bd5e48e544 llvm::legacy::PassManagerImpl::run(llvm::Module&) + 2228
22 llc       0x000063bd5ce5d74b
23 llc       0x000063bd5ce5aa13 main + 1443
24 libc.so.6 0x0000757f9622a601
25 libc.so.6 0x0000757f9622a718 __libc_start_main + 136
26 llc       0x000063bd5ce59c25 _start + 37

exit_code=-6
