$ /home/will/llvm-mos-65816/build/selectiondag-inlineasm-fix/llc -mtriple=aarch64 -global-isel=0 -O0 -verify-machineinstrs -mattr=+ls64 /home/will/llvm-mos-65816/docs/defects/evidence/2026-09-25-aarch64-asm-type/cases/callbr-input.ll -o /dev/null
Value type is non-standard value, Other.
UNREACHABLE executed at /work/build/register-exhaustion-src/llvm/include/llvm/CodeGenTypes/MachineValueType.h:375!
PLEASE submit a bug report to https://github.com/llvm/llvm-project/issues/ and include the crash backtrace and instructions to reproduce the bug.
Stack dump:
0.	Program arguments: /home/will/llvm-mos-65816/build/selectiondag-inlineasm-fix/llc -mtriple=aarch64 -global-isel=0 -O0 -verify-machineinstrs -mattr=+ls64 /home/will/llvm-mos-65816/docs/defects/evidence/2026-09-25-aarch64-asm-type/cases/callbr-input.ll -o /dev/null
1.	Running pass 'Function Pass Manager' on module '/home/will/llvm-mos-65816/docs/defects/evidence/2026-09-25-aarch64-asm-type/cases/callbr-input.ll'.
2.	Running pass 'AArch64 Instruction Selection' on function '@branch_input'
Stack dump without symbol names (ensure you have llvm-symbolizer in your PATH or set the environment var `LLVM_SYMBOLIZER_PATH` to point to it):
0  llc       0x000062d7db6b500b llvm::sys::PrintStackTrace(llvm::raw_ostream&, int) + 43
1  llc       0x000062d7db6b1e91 llvm::sys::RunSignalHandlers() + 369
2  llc       0x000062d7db6b5e1b
3  libc.so.6 0x00007319aca45cb0
4  libc.so.6 0x00007319acaa61ac pthread_kill + 284
5  libc.so.6 0x00007319aca45b7e gsignal + 30
6  libc.so.6 0x00007319aca288ec abort + 39
7  llc       0x000062d7db6107cf
8  llc       0x000062d7d93c6f6a
9  llc       0x000062d7d99c2ab2
10 llc       0x000062d7db3f6fde
11 llc       0x000062d7db3c8c80 llvm::SelectionDAGBuilder::visitInlineAsm(llvm::CallBase const&, llvm::BasicBlock const*) + 5024
12 llc       0x000062d7db3afbfd llvm::SelectionDAGBuilder::visitCallBr(llvm::CallBrInst const&) + 125
13 llc       0x000062d7db3aa226 llvm::SelectionDAGBuilder::visit(llvm::Instruction const&) + 246
14 llc       0x000062d7db47fa95 llvm::SelectionDAGISel::SelectBasicBlock(llvm::ilist_iterator_w_bits<llvm::ilist_detail::node_options<llvm::Instruction, true, false, void, true, llvm::BasicBlock>, false, true>, llvm::ilist_iterator_w_bits<llvm::ilist_detail::node_options<llvm::Instruction, true, false, void, true, llvm::BasicBlock>, false, true>, bool&) + 261
15 llc       0x000062d7db47f02a llvm::SelectionDAGISel::SelectAllBasicBlocks(llvm::Function const&) + 6858
16 llc       0x000062d7db47c2f1 llvm::SelectionDAGISel::runOnMachineFunction(llvm::MachineFunction&) + 609
17 llc       0x000062d7db47998c llvm::SelectionDAGISelLegacy::runOnMachineFunction(llvm::MachineFunction&) + 140
18 llc       0x000062d7da34ff99 llvm::MachineFunctionPass::runOnFunction(llvm::Function&) + 649
19 llc       0x000062d7da8e2780 llvm::FPPassManager::runOnFunction(llvm::Function&) + 1120
20 llc       0x000062d7da8ea882 llvm::FPPassManager::runOnModule(llvm::Module&) + 50
21 llc       0x000062d7da8e3544 llvm::legacy::PassManagerImpl::run(llvm::Module&) + 2228
22 llc       0x000062d7d92b274b
23 llc       0x000062d7d92afa13 main + 1443
24 libc.so.6 0x00007319aca2a601
25 libc.so.6 0x00007319aca2a718 __libc_start_main + 136
26 llc       0x000062d7d92aec25 _start + 37

exit_code=-6
