$ /home/will/llvm-mos-65816/build/0041-inlineasm-build/llc-0041 -mtriple=aarch64 -global-isel=0 -O0 -verify-machineinstrs /home/will/llvm-mos-65816/docs/defects/evidence/2026-09-25-aarch64-asm-type/cases/callbr.ll -o /dev/null
Value type is non-standard value, Other.
UNREACHABLE executed at /work/build/register-exhaustion-src/llvm/include/llvm/CodeGenTypes/MachineValueType.h:375!
PLEASE submit a bug report to https://github.com/llvm/llvm-project/issues/ and include the crash backtrace and instructions to reproduce the bug.
Stack dump:
0.	Program arguments: /home/will/llvm-mos-65816/build/0041-inlineasm-build/llc-0041 -mtriple=aarch64 -global-isel=0 -O0 -verify-machineinstrs /home/will/llvm-mos-65816/docs/defects/evidence/2026-09-25-aarch64-asm-type/cases/callbr.ll -o /dev/null
1.	Running pass 'Function Pass Manager' on module '/home/will/llvm-mos-65816/docs/defects/evidence/2026-09-25-aarch64-asm-type/cases/callbr.ll'.
2.	Running pass 'AArch64 Instruction Selection' on function '@branch'
Stack dump without symbol names (ensure you have llvm-symbolizer in your PATH or set the environment var `LLVM_SYMBOLIZER_PATH` to point to it):
0  llc-0041  0x0000639e09b1525b llvm::sys::PrintStackTrace(llvm::raw_ostream&, int) + 43
1  llc-0041  0x0000639e09b120e1 llvm::sys::RunSignalHandlers() + 369
2  llc-0041  0x0000639e09b1606b
3  libc.so.6 0x000074253be45cb0
4  libc.so.6 0x000074253bea61ac pthread_kill + 284
5  libc.so.6 0x000074253be45b7e gsignal + 30
6  libc.so.6 0x000074253be288ec abort + 39
7  llc-0041  0x0000639e09a70a1f
8  llc-0041  0x0000639e0782702a
9  llc-0041  0x0000639e07e22eb3
10 llc-0041  0x0000639e098571cd
11 llc-0041  0x0000639e09828d40 llvm::SelectionDAGBuilder::visitInlineAsm(llvm::CallBase const&, llvm::BasicBlock const*) + 5024
12 llc-0041  0x0000639e0980fcbd llvm::SelectionDAGBuilder::visitCallBr(llvm::CallBrInst const&) + 125
13 llc-0041  0x0000639e0980a2e6 llvm::SelectionDAGBuilder::visit(llvm::Instruction const&) + 246
14 llc-0041  0x0000639e098dfce5 llvm::SelectionDAGISel::SelectBasicBlock(llvm::ilist_iterator_w_bits<llvm::ilist_detail::node_options<llvm::Instruction, true, false, void, true, llvm::BasicBlock>, false, true>, llvm::ilist_iterator_w_bits<llvm::ilist_detail::node_options<llvm::Instruction, true, false, void, true, llvm::BasicBlock>, false, true>, bool&) + 261
15 llc-0041  0x0000639e098df27a llvm::SelectionDAGISel::SelectAllBasicBlocks(llvm::Function const&) + 6858
16 llc-0041  0x0000639e098dc541 llvm::SelectionDAGISel::runOnMachineFunction(llvm::MachineFunction&) + 609
17 llc-0041  0x0000639e098d9bdc llvm::SelectionDAGISelLegacy::runOnMachineFunction(llvm::MachineFunction&) + 140
18 llc-0041  0x0000639e087b0059 llvm::MachineFunctionPass::runOnFunction(llvm::Function&) + 649
19 llc-0041  0x0000639e08d42840 llvm::FPPassManager::runOnFunction(llvm::Function&) + 1120
20 llc-0041  0x0000639e08d4a942 llvm::FPPassManager::runOnModule(llvm::Module&) + 50
21 llc-0041  0x0000639e08d43604 llvm::legacy::PassManagerImpl::run(llvm::Module&) + 2228
22 llc-0041  0x0000639e0771280b
23 llc-0041  0x0000639e0770fad3 main + 1443
24 libc.so.6 0x000074253be2a601
25 libc.so.6 0x000074253be2a718 __libc_start_main + 136
26 llc-0041  0x0000639e0770ece5 _start + 37

exit_code=-6
