$ /home/will/llvm-mos-65816/build/selectiondag-inlineasm-fix/llc -mtriple=aarch64 -global-isel=0 -O2 -verify-machineinstrs -mattr=+ls64 /home/will/llvm-mos-65816/docs/defects/evidence/2026-09-25-aarch64-asm-type/cases/tied.ll -o /dev/null
Value type is non-standard value, Other.
UNREACHABLE executed at /work/build/register-exhaustion-src/llvm/include/llvm/CodeGenTypes/MachineValueType.h:375!
PLEASE submit a bug report to https://github.com/llvm/llvm-project/issues/ and include the crash backtrace and instructions to reproduce the bug.
Stack dump:
0.	Program arguments: /home/will/llvm-mos-65816/build/selectiondag-inlineasm-fix/llc -mtriple=aarch64 -global-isel=0 -O2 -verify-machineinstrs -mattr=+ls64 /home/will/llvm-mos-65816/docs/defects/evidence/2026-09-25-aarch64-asm-type/cases/tied.ll -o /dev/null
1.	Running pass 'Function Pass Manager' on module '/home/will/llvm-mos-65816/docs/defects/evidence/2026-09-25-aarch64-asm-type/cases/tied.ll'.
2.	Running pass 'AArch64 Instruction Selection' on function '@tied'
Stack dump without symbol names (ensure you have llvm-symbolizer in your PATH or set the environment var `LLVM_SYMBOLIZER_PATH` to point to it):
0  llc       0x00005ff9e4e5500b llvm::sys::PrintStackTrace(llvm::raw_ostream&, int) + 43
1  llc       0x00005ff9e4e51e91 llvm::sys::RunSignalHandlers() + 369
2  llc       0x00005ff9e4e55e1b
3  libc.so.6 0x00007ef927a45cb0
4  libc.so.6 0x00007ef927aa61ac pthread_kill + 284
5  libc.so.6 0x00007ef927a45b7e gsignal + 30
6  libc.so.6 0x00007ef927a288ec abort + 39
7  llc       0x00005ff9e4db07cf
8  llc       0x00005ff9e2b66f6a
9  llc       0x00005ff9e3162ab2
10 llc       0x00005ff9e4b96fde
11 llc       0x00005ff9e4b68c80 llvm::SelectionDAGBuilder::visitInlineAsm(llvm::CallBase const&, llvm::BasicBlock const*) + 5024
12 llc       0x00005ff9e4b4a226 llvm::SelectionDAGBuilder::visit(llvm::Instruction const&) + 246
13 llc       0x00005ff9e4c1fa95 llvm::SelectionDAGISel::SelectBasicBlock(llvm::ilist_iterator_w_bits<llvm::ilist_detail::node_options<llvm::Instruction, true, false, void, true, llvm::BasicBlock>, false, true>, llvm::ilist_iterator_w_bits<llvm::ilist_detail::node_options<llvm::Instruction, true, false, void, true, llvm::BasicBlock>, false, true>, bool&) + 261
14 llc       0x00005ff9e4c1f02a llvm::SelectionDAGISel::SelectAllBasicBlocks(llvm::Function const&) + 6858
15 llc       0x00005ff9e4c1c2f1 llvm::SelectionDAGISel::runOnMachineFunction(llvm::MachineFunction&) + 609
16 llc       0x00005ff9e4c1998c llvm::SelectionDAGISelLegacy::runOnMachineFunction(llvm::MachineFunction&) + 140
17 llc       0x00005ff9e3aeff99 llvm::MachineFunctionPass::runOnFunction(llvm::Function&) + 649
18 llc       0x00005ff9e4082780 llvm::FPPassManager::runOnFunction(llvm::Function&) + 1120
19 llc       0x00005ff9e408a882 llvm::FPPassManager::runOnModule(llvm::Module&) + 50
20 llc       0x00005ff9e4083544 llvm::legacy::PassManagerImpl::run(llvm::Module&) + 2228
21 llc       0x00005ff9e2a5274b
22 llc       0x00005ff9e2a4fa13 main + 1443
23 libc.so.6 0x00007ef927a2a601
24 libc.so.6 0x00007ef927a2a718 __libc_start_main + 136
25 llc       0x00005ff9e2a4ec25 _start + 37

exit_code=-6
