$ /home/will/llvm-mos-65816/build/0041-inlineasm-build/llc-0041 -mtriple=aarch64 -global-isel=0 -O0 -verify-machineinstrs /home/will/llvm-mos-65816/docs/defects/evidence/2026-09-25-aarch64-asm-type/cases/callbr-input.ll -o /dev/null
Value type is non-standard value, Other.
UNREACHABLE executed at /work/build/register-exhaustion-src/llvm/include/llvm/CodeGenTypes/MachineValueType.h:375!
PLEASE submit a bug report to https://github.com/llvm/llvm-project/issues/ and include the crash backtrace and instructions to reproduce the bug.
Stack dump:
0.	Program arguments: /home/will/llvm-mos-65816/build/0041-inlineasm-build/llc-0041 -mtriple=aarch64 -global-isel=0 -O0 -verify-machineinstrs /home/will/llvm-mos-65816/docs/defects/evidence/2026-09-25-aarch64-asm-type/cases/callbr-input.ll -o /dev/null
1.	Running pass 'Function Pass Manager' on module '/home/will/llvm-mos-65816/docs/defects/evidence/2026-09-25-aarch64-asm-type/cases/callbr-input.ll'.
2.	Running pass 'AArch64 Instruction Selection' on function '@branch_input'
Stack dump without symbol names (ensure you have llvm-symbolizer in your PATH or set the environment var `LLVM_SYMBOLIZER_PATH` to point to it):
0  llc-0041  0x0000627106b5625b llvm::sys::PrintStackTrace(llvm::raw_ostream&, int) + 43
1  llc-0041  0x0000627106b530e1 llvm::sys::RunSignalHandlers() + 369
2  llc-0041  0x0000627106b5706b
3  libc.so.6 0x00007d8ef9245cb0
4  libc.so.6 0x00007d8ef92a61ac pthread_kill + 284
5  libc.so.6 0x00007d8ef9245b7e gsignal + 30
6  libc.so.6 0x00007d8ef92288ec abort + 39
7  llc-0041  0x0000627106ab1a1f
8  llc-0041  0x000062710486802a
9  llc-0041  0x0000627104e63eb3
10 llc-0041  0x00006271068981cd
11 llc-0041  0x0000627106869d40 llvm::SelectionDAGBuilder::visitInlineAsm(llvm::CallBase const&, llvm::BasicBlock const*) + 5024
12 llc-0041  0x0000627106850cbd llvm::SelectionDAGBuilder::visitCallBr(llvm::CallBrInst const&) + 125
13 llc-0041  0x000062710684b2e6 llvm::SelectionDAGBuilder::visit(llvm::Instruction const&) + 246
14 llc-0041  0x0000627106920ce5 llvm::SelectionDAGISel::SelectBasicBlock(llvm::ilist_iterator_w_bits<llvm::ilist_detail::node_options<llvm::Instruction, true, false, void, true, llvm::BasicBlock>, false, true>, llvm::ilist_iterator_w_bits<llvm::ilist_detail::node_options<llvm::Instruction, true, false, void, true, llvm::BasicBlock>, false, true>, bool&) + 261
15 llc-0041  0x000062710692027a llvm::SelectionDAGISel::SelectAllBasicBlocks(llvm::Function const&) + 6858
16 llc-0041  0x000062710691d541 llvm::SelectionDAGISel::runOnMachineFunction(llvm::MachineFunction&) + 609
17 llc-0041  0x000062710691abdc llvm::SelectionDAGISelLegacy::runOnMachineFunction(llvm::MachineFunction&) + 140
18 llc-0041  0x00006271057f1059 llvm::MachineFunctionPass::runOnFunction(llvm::Function&) + 649
19 llc-0041  0x0000627105d83840 llvm::FPPassManager::runOnFunction(llvm::Function&) + 1120
20 llc-0041  0x0000627105d8b942 llvm::FPPassManager::runOnModule(llvm::Module&) + 50
21 llc-0041  0x0000627105d84604 llvm::legacy::PassManagerImpl::run(llvm::Module&) + 2228
22 llc-0041  0x000062710475380b
23 llc-0041  0x0000627104750ad3 main + 1443
24 libc.so.6 0x00007d8ef922a601
25 libc.so.6 0x00007d8ef922a718 __libc_start_main + 136
26 llc-0041  0x000062710474fce5 _start + 37

exit_code=-6
