$ /home/will/llvm-mos-65816/build/0041-inlineasm-build/llc-0041 -mtriple=aarch64 -global-isel=0 -O0 -verify-machineinstrs /home/will/llvm-mos-65816/docs/defects/evidence/2026-09-25-aarch64-asm-type/cases/tied.ll -o /dev/null
Value type is non-standard value, Other.
UNREACHABLE executed at /work/build/register-exhaustion-src/llvm/include/llvm/CodeGenTypes/MachineValueType.h:375!
PLEASE submit a bug report to https://github.com/llvm/llvm-project/issues/ and include the crash backtrace and instructions to reproduce the bug.
Stack dump:
0.	Program arguments: /home/will/llvm-mos-65816/build/0041-inlineasm-build/llc-0041 -mtriple=aarch64 -global-isel=0 -O0 -verify-machineinstrs /home/will/llvm-mos-65816/docs/defects/evidence/2026-09-25-aarch64-asm-type/cases/tied.ll -o /dev/null
1.	Running pass 'Function Pass Manager' on module '/home/will/llvm-mos-65816/docs/defects/evidence/2026-09-25-aarch64-asm-type/cases/tied.ll'.
2.	Running pass 'AArch64 Instruction Selection' on function '@tied'
Stack dump without symbol names (ensure you have llvm-symbolizer in your PATH or set the environment var `LLVM_SYMBOLIZER_PATH` to point to it):
0  llc-0041  0x00005d6b6053f25b llvm::sys::PrintStackTrace(llvm::raw_ostream&, int) + 43
1  llc-0041  0x00005d6b6053c0e1 llvm::sys::RunSignalHandlers() + 369
2  llc-0041  0x00005d6b6054006b
3  libc.so.6 0x0000713a6c245cb0
4  libc.so.6 0x0000713a6c2a61ac pthread_kill + 284
5  libc.so.6 0x0000713a6c245b7e gsignal + 30
6  libc.so.6 0x0000713a6c2288ec abort + 39
7  llc-0041  0x00005d6b6049aa1f
8  llc-0041  0x00005d6b5e25102a
9  llc-0041  0x00005d6b5e84ceb3
10 llc-0041  0x00005d6b602811cd
11 llc-0041  0x00005d6b60252d40 llvm::SelectionDAGBuilder::visitInlineAsm(llvm::CallBase const&, llvm::BasicBlock const*) + 5024
12 llc-0041  0x00005d6b602342e6 llvm::SelectionDAGBuilder::visit(llvm::Instruction const&) + 246
13 llc-0041  0x00005d6b60309ce5 llvm::SelectionDAGISel::SelectBasicBlock(llvm::ilist_iterator_w_bits<llvm::ilist_detail::node_options<llvm::Instruction, true, false, void, true, llvm::BasicBlock>, false, true>, llvm::ilist_iterator_w_bits<llvm::ilist_detail::node_options<llvm::Instruction, true, false, void, true, llvm::BasicBlock>, false, true>, bool&) + 261
14 llc-0041  0x00005d6b6030927a llvm::SelectionDAGISel::SelectAllBasicBlocks(llvm::Function const&) + 6858
15 llc-0041  0x00005d6b60306541 llvm::SelectionDAGISel::runOnMachineFunction(llvm::MachineFunction&) + 609
16 llc-0041  0x00005d6b60303bdc llvm::SelectionDAGISelLegacy::runOnMachineFunction(llvm::MachineFunction&) + 140
17 llc-0041  0x00005d6b5f1da059 llvm::MachineFunctionPass::runOnFunction(llvm::Function&) + 649
18 llc-0041  0x00005d6b5f76c840 llvm::FPPassManager::runOnFunction(llvm::Function&) + 1120
19 llc-0041  0x00005d6b5f774942 llvm::FPPassManager::runOnModule(llvm::Module&) + 50
20 llc-0041  0x00005d6b5f76d604 llvm::legacy::PassManagerImpl::run(llvm::Module&) + 2228
21 llc-0041  0x00005d6b5e13c80b
22 llc-0041  0x00005d6b5e139ad3 main + 1443
23 libc.so.6 0x0000713a6c22a601
24 libc.so.6 0x0000713a6c22a718 __libc_start_main + 136
25 llc-0041  0x00005d6b5e138ce5 _start + 37

exit_code=-6
