$ build/split-320-321/llc/p-321-00 -mtriple=mos -mcpu=mosspc700 -O2 docs/defects/evidence/2026-10-01-spc700-hint-outside-order/boids.ll -o /dev/null
# llc sha256 2f5c17683f93825767f9d4888ab6a15c929e9508ef2817c3267f9199e14d39a7
p-321-00: /work/build/register-exhaustion-src/llvm/lib/CodeGen/AllocationOrder.cpp:49: static AllocationOrder llvm::AllocationOrder::create(Register, const VirtRegMap &, const RegisterClassInfo &, const LiveRegMatrix *): Assertion `all_of(Hints, [&](MCPhysReg Hint) { return is_contained(Order, Hint); }) && "Target hint is outside allocation order."' failed.
PLEASE submit a bug report to https://github.com/llvm/llvm-project/issues/ and include the crash backtrace and instructions to reproduce the bug.
Stack dump:
0.	Program arguments: build/split-320-321/llc/p-321-00 -mtriple=mos -mcpu=mosspc700 -O2 docs/defects/evidence/2026-10-01-spc700-hint-outside-order/boids.ll -o /dev/null
1.	Running pass 'Function Pass Manager' on module 'docs/defects/evidence/2026-10-01-spc700-hint-outside-order/boids.ll'.
2.	Running pass 'Greedy Register Allocator' on function '@main'
 #0 0x000059a51427898b llvm::sys::PrintStackTrace(llvm::raw_ostream&, int) (build/split-320-321/llc/p-321-00+0x452e98b)
 #1 0x000059a514275811 llvm::sys::RunSignalHandlers() (build/split-320-321/llc/p-321-00+0x452b811)
 #2 0x000059a51427979b SignalHandler(int, siginfo_t*, void*) Signals.cpp:0:0
 #3 0x00007f3d2a838cb0 (/usr/lib/x86_64-linux-gnu/libc.so.6+0x45cb0)
 #4 0x00007f3d2a8991ac pthread_kill (/usr/lib/x86_64-linux-gnu/libc.so.6+0xa61ac)
 #5 0x00007f3d2a838b7e raise (/usr/lib/x86_64-linux-gnu/libc.so.6+0x45b7e)
 #6 0x00007f3d2a81b8ec abort (/usr/lib/x86_64-linux-gnu/libc.so.6+0x288ec)
 #7 0x00007f3d2a81c979 (/usr/lib/x86_64-linux-gnu/libc.so.6+0x29979)
 #8 0x00007f3d2a82ef75 __assert_fail (/usr/lib/x86_64-linux-gnu/libc.so.6+0x3bf75)
 #9 0x000059a51312f211 llvm::AllocationOrder::create(llvm::Register, llvm::VirtRegMap const&, llvm::RegisterClassInfo const&, llvm::LiveRegMatrix const*) AllocationOrder.cpp:0:0
#10 0x000059a513160d26 llvm::RAGreedy::selectOrSplitImpl(llvm::LiveInterval const&, llvm::SmallVectorImpl<llvm::Register>&, llvm::SmallSet<llvm::Register, 16u, std::less<llvm::Register>>&, llvm::SmallVector<std::pair<llvm::LiveInterval const*, llvm::MCRegister>, 8u>&, unsigned int) RegAllocGreedy.cpp:0:0
#11 0x000059a5131615b7 llvm::RAGreedy::selectOrSplit(llvm::LiveInterval const&, llvm::SmallVectorImpl<llvm::Register>&) RegAllocGreedy.cpp:0:0
#12 0x000059a51312aa0a llvm::RegAllocBase::allocatePhysRegs() (build/split-320-321/llc/p-321-00+0x33e0a0a)
#13 0x000059a513153237 llvm::RAGreedy::run(llvm::MachineFunction&) RegAllocGreedy.cpp:0:0
#14 0x000059a5131662d9 (anonymous namespace)::RAGreedyLegacy::runOnMachineFunction(llvm::MachineFunction&) RegAllocGreedy.cpp:0:0
#15 0x000059a512f13379 llvm::MachineFunctionPass::runOnFunction(llvm::Function&) (build/split-320-321/llc/p-321-00+0x31c9379)
#16 0x000059a5134a5750 llvm::FPPassManager::runOnFunction(llvm::Function&) (build/split-320-321/llc/p-321-00+0x375b750)
#17 0x000059a5134ad852 llvm::FPPassManager::runOnModule(llvm::Module&) (build/split-320-321/llc/p-321-00+0x3763852)
#18 0x000059a5134a6514 llvm::legacy::PassManagerImpl::run(llvm::Module&) (build/split-320-321/llc/p-321-00+0x375c514)
#19 0x000059a511e76a8b compileModule(char**, llvm::SmallVectorImpl<llvm::PassPlugin>&, llvm::LLVMContext&, std::__cxx11::basic_string<char, std::char_traits<char>, std::allocator<char>>&) llc.cpp:0:0
#20 0x000059a511e73d53 main (build/split-320-321/llc/p-321-00+0x2129d53)
#21 0x00007f3d2a81d601 (/usr/lib/x86_64-linux-gnu/libc.so.6+0x2a601)
#22 0x00007f3d2a81d718 __libc_start_main (/usr/lib/x86_64-linux-gnu/libc.so.6+0x2a718)
#23 0x000059a511e72f65 _start (build/split-320-321/llc/p-321-00+0x2128f65)
exit_code=134
