installed-farblit-a16-Os.o identical
installed-farblit-a16-Os.sfc identical
installed-farblit-a16-Oz.o identical
installed-farblit-a16-Oz.sfc identical
installed-farblit-a16-O2.o identical
installed-farblit-a16-O2.sfc identical
installed-farblit-xy16-Os.o identical
installed-farblit-xy16-Os.sfc identical
installed-farblit-xy16-Oz.o identical
installed-farblit-xy16-Oz.sfc identical
installed-farblit-xy16-O2.o identical
installed-farblit-xy16-O2.sfc identical
installed-farblit_press-a16-Os.o identical
installed-farblit_press-a16-Os.sfc identical
installed-farblit_press-a16-Oz.o identical
installed-farblit_press-a16-Oz.sfc identical
installed-farblit_press-a16-O2.o identical
installed-farblit_press-a16-O2.sfc identical
installed-farblit_press-xy16-Os.o identical
installed-farblit_press-xy16-Os.sfc identical
installed-farblit_press-xy16-Oz.o identical
installed-farblit_press-xy16-Oz.sfc identical
installed-farblit_press-xy16-O2.o identical
installed-farblit_press-xy16-O2.sfc identical
installed-bounds-a16-Os.o identical
installed-bounds-a16-Os.sfc identical
installed-bounds-a16-Oz.o identical
installed-bounds-a16-Oz.sfc identical
installed-bounds-a16-O2.o identical
installed-bounds-a16-O2.sfc identical
installed-bounds-xy16-Os.o identical
installed-bounds-xy16-Os.sfc identical
installed-bounds-xy16-Oz.o identical
installed-bounds-xy16-Oz.sfc identical
installed-bounds-xy16-O2.o identical
installed-bounds-xy16-O2.sfc identical
installed-farindex-a16-Os.o identical
installed-farindex-a16-Oz.o identical
installed-farindex-a16-O2.o identical
installed-farindex-xy16-Os.o identical
installed-farindex-xy16-Oz.o identical
installed-farindex-xy16-O2.o identical
installed-farbank-a16-Os.o identical
installed-farbank-a16-Oz.o identical
installed-farbank-a16-O2.o identical
installed-farbank-xy16-Os.o identical
installed-farbank-xy16-Oz.o identical
installed-farbank-xy16-O2.o identical
installed-far_loop-a16-Os.o identical
installed-far_loop-a16-Oz.o identical
installed-far_loop-a16-O2.o identical
installed-far_loop-xy16-Os.o identical
installed-far_loop-xy16-Oz.o identical
installed-far_loop-xy16-O2.o identical
installed-far_indir-a16-Os.o identical
installed-far_indir-a16-Oz.o identical
installed-far_indir-a16-O2.o identical
installed-far_indir-xy16-Os.o identical
installed-far_indir-xy16-Oz.o identical
installed-far_indir-xy16-O2.o identical
installed-far_store-a16-Os.o identical
installed-far_store-a16-Oz.o identical
installed-far_store-a16-O2.o identical
installed-far_store-xy16-Os.o identical
installed-far_store-xy16-Oz.o identical
installed-far_store-xy16-O2.o identical
installed-far_memset-a16-Os.o identical
installed-far_memset-a16-Oz.o identical
installed-far_memset-a16-O2.o identical
installed-far_memset-xy16-Os.o identical
installed-far_memset-xy16-Oz.o identical
installed-far_memset-xy16-O2.o identical
installed-far_memops-a16-Os.o identical
installed-far_memops-a16-Oz.o identical
installed-far_memops-a16-O2.o identical
installed-far_memops-xy16-Os.o identical
installed-far_memops-xy16-Oz.o identical
installed-far_memops-xy16-O2.o identical
installed-far_cast-a16-Os.o identical
installed-far_cast-a16-Oz.o identical
installed-far_cast-a16-O2.o identical
installed-far_cast-xy16-Os.o identical
installed-far_cast-xy16-Oz.o identical
installed-far_cast-xy16-O2.o identical
installed-far_arith-a16-Os.o identical
installed-far_arith-a16-Oz.o identical
installed-far_arith-a16-O2.o identical
installed-far_arith-xy16-Os.o identical
installed-far_arith-xy16-Oz.o identical
installed-far_arith-xy16-O2.o identical
installed-near-index-wrap-a16-Os.o identical
installed-near-index-wrap-a16-Oz.o identical
installed-near-index-wrap-a16-O2.o identical
installed-near-index-wrap-xy16-Os.o identical
installed-near-index-wrap-xy16-Oz.o identical
installed-near-index-wrap-xy16-O2.o identical
installed-k_mandel_far-a16-Os.o identical
installed-k_mandel_far-a16-Oz.o identical
installed-k_mandel_far-a16-O2.o identical
installed-k_mandel_far-xy16-Os.o identical
installed-k_mandel_far-xy16-Oz.o identical
installed-k_mandel_far-xy16-O2.o identical
installed-k_buddha_far-a16-Os.o identical
installed-k_buddha_far-a16-Oz.o identical
installed-k_buddha_far-a16-O2.o identical
installed-k_buddha_far-xy16-Os.o identical
installed-k_buddha_far-xy16-Oz.o identical
installed-k_buddha_far-xy16-O2.o identical
installed-k_blossom_far-a16-Os.o identical
installed-k_blossom_far-a16-Oz.o identical
installed-k_blossom_far-a16-O2.o identical
installed-k_blossom_far-xy16-Os.o identical
installed-k_blossom_far-xy16-Oz.o identical
installed-k_blossom_far-xy16-O2.o identical
