off-farblit-a16-Os main [('indirect', 16, 8)]
off-bounds-a16-Os word128 [('indirect', 16, 8)]
off-bounds-a16-Os word129 [('indirect', 16, 8)]
off-bounds-a16-Os word_wrap [('indirect', 16, 8)]
off-bounds-a16-Os word256 [('indirect', 16, 8)]
off-bounds-a16-Os word_wrapped_index [('indirect', 16, 8)]
off-bounds-a16-Os word_step2 [('indirect', 16, 8)]
off-bounds-a16-Os word_pressure [('indirect', 16, 8)]
off-farblit-a16-Oz main [('indirect', 16, 8)]
off-bounds-a16-Oz word128 [('indirect', 16, 8)]
off-bounds-a16-Oz word129 [('indirect', 16, 8)]
off-bounds-a16-Oz word_wrap [('indirect', 16, 8)]
off-bounds-a16-Oz word256 [('indirect', 16, 8)]
off-bounds-a16-Oz word_wrapped_index [('indirect', 16, 8)]
off-bounds-a16-Oz word_step2 [('indirect', 16, 8)]
off-bounds-a16-Oz word_pressure [('indirect', 16, 8)]
off-farblit-a16-O2 main [('indirect', 16, 8)]
off-bounds-a16-O2 word128 [('indirect', 16, 8)]
off-bounds-a16-O2 word129 [('indirect', 16, 8)]
off-bounds-a16-O2 word_wrap [('indirect', 8, 8), ('indirect', 16, 8), ('indirect', 8, 8), ('indirect', 16, 8), ('indirect', 16, 8), ('indirect', 16, 8), ('indirect', 16, 8), ('indirect', 16, 8), ('indirect-y', 16, 8), ('indirect', 16, 8), ('indirect', 16, 8), ('indirect', 16, 8), ('indirect', 16, 8)]
off-bounds-a16-O2 word256 [('indirect', 16, 8)]
off-bounds-a16-O2 word_wrapped_index [('indirect', 16, 8)]
off-bounds-a16-O2 word_step2 [('indirect', 16, 8)]
off-bounds-a16-O2 word_pressure [('indirect', 16, 8)]
off-farblit-xy16-Os main [('indirect', 16, 8)]
off-bounds-xy16-Os word128 [('indirect', 16, 8)]
off-bounds-xy16-Os word129 [('indirect', 16, 8)]
off-bounds-xy16-Os word_wrap [('indirect', 16, 8)]
off-bounds-xy16-Os word256 [('indirect', 16, 8)]
off-bounds-xy16-Os word_wrapped_index [('indirect', 16, 8)]
off-bounds-xy16-Os word_step2 [('indirect', 16, 8)]
off-bounds-xy16-Os word_pressure [('indirect', 16, 8)]
off-farblit-xy16-Oz main [('indirect', 16, 8)]
off-bounds-xy16-Oz word128 [('indirect', 16, 8)]
off-bounds-xy16-Oz word129 [('indirect', 16, 8)]
off-bounds-xy16-Oz word_wrap [('indirect', 16, 8)]
off-bounds-xy16-Oz word256 [('indirect', 16, 8)]
off-bounds-xy16-Oz word_wrapped_index [('indirect', 16, 8)]
off-bounds-xy16-Oz word_step2 [('indirect', 16, 8)]
off-bounds-xy16-Oz word_pressure [('indirect', 16, 8)]
off-farblit-xy16-O2 main [('indirect', 16, 8)]
off-bounds-xy16-O2 word128 [('indirect', 16, 8)]
off-bounds-xy16-O2 word129 [('indirect', 16, 8)]
off-bounds-xy16-O2 word_wrap [('indirect', 8, 8), ('indirect', 16, 8), ('indirect', 8, 8), ('indirect', 16, 8), ('indirect', 16, 8), ('indirect', 16, 8), ('indirect', 16, 8), ('indirect', 16, 8), ('indirect-y', 16, 8), ('indirect', 16, 8), ('indirect', 16, 8), ('indirect', 16, 8), ('indirect', 16, 8)]
off-bounds-xy16-O2 word256 [('indirect', 16, 8)]
off-bounds-xy16-O2 word_wrapped_index [('indirect', 16, 8)]
off-bounds-xy16-O2 word_step2 [('indirect', 16, 8)]
off-bounds-xy16-O2 word_pressure [('indirect', 16, 8)]
speed-farblit-a16-Os main [('indirect', 16, 8)]
speed-bounds-a16-Os word128 [('indirect', 16, 8)]
speed-bounds-a16-Os word129 [('indirect', 16, 8)]
speed-bounds-a16-Os word_wrap [('indirect', 16, 8)]
speed-bounds-a16-Os word256 [('indirect', 16, 8)]
speed-bounds-a16-Os word_wrapped_index [('indirect', 16, 8)]
speed-bounds-a16-Os word_step2 [('indirect', 16, 8)]
speed-bounds-a16-Os word_pressure [('indirect', 16, 8)]
speed-farblit-a16-Oz main [('indirect', 16, 8)]
speed-bounds-a16-Oz word128 [('indirect', 16, 8)]
speed-bounds-a16-Oz word129 [('indirect', 16, 8)]
speed-bounds-a16-Oz word_wrap [('indirect', 16, 8)]
speed-bounds-a16-Oz word256 [('indirect', 16, 8)]
speed-bounds-a16-Oz word_wrapped_index [('indirect', 16, 8)]
speed-bounds-a16-Oz word_step2 [('indirect', 16, 8)]
speed-bounds-a16-Oz word_pressure [('indirect', 16, 8)]
speed-farblit-a16-O2 main [('indirect-y', 16, 8)]
speed-bounds-a16-O2 word128 [('indirect-y', 16, 8)]
speed-bounds-a16-O2 word129 [('indirect', 16, 8)]
speed-bounds-a16-O2 word_wrap [('indirect', 8, 8), ('indirect', 16, 8), ('indirect', 8, 8), ('indirect', 16, 8), ('indirect', 16, 8), ('indirect', 16, 8), ('indirect', 16, 8), ('indirect', 16, 8), ('indirect-y', 16, 8), ('indirect', 16, 8), ('indirect', 16, 8), ('indirect', 16, 8), ('indirect', 16, 8)]
speed-bounds-a16-O2 word256 [('indirect', 16, 8)]
speed-bounds-a16-O2 word_wrapped_index [('indirect', 16, 8)]
speed-bounds-a16-O2 word_step2 [('indirect', 16, 8)]
speed-bounds-a16-O2 word_pressure [('indirect-y', 16, 8)]
speed-farblit-xy16-Os main [('indirect', 16, 8)]
speed-bounds-xy16-Os word128 [('indirect', 16, 8)]
speed-bounds-xy16-Os word129 [('indirect', 16, 8)]
speed-bounds-xy16-Os word_wrap [('indirect', 16, 8)]
speed-bounds-xy16-Os word256 [('indirect', 16, 8)]
speed-bounds-xy16-Os word_wrapped_index [('indirect', 16, 8)]
speed-bounds-xy16-Os word_step2 [('indirect', 16, 8)]
speed-bounds-xy16-Os word_pressure [('indirect', 16, 8)]
speed-farblit-xy16-Oz main [('indirect', 16, 8)]
speed-bounds-xy16-Oz word128 [('indirect', 16, 8)]
speed-bounds-xy16-Oz word129 [('indirect', 16, 8)]
speed-bounds-xy16-Oz word_wrap [('indirect', 16, 8)]
speed-bounds-xy16-Oz word256 [('indirect', 16, 8)]
speed-bounds-xy16-Oz word_wrapped_index [('indirect', 16, 8)]
speed-bounds-xy16-Oz word_step2 [('indirect', 16, 8)]
speed-bounds-xy16-Oz word_pressure [('indirect', 16, 8)]
speed-farblit-xy16-O2 main [('indirect-y', 16, 8)]
speed-bounds-xy16-O2 word128 [('indirect-y', 16, 8)]
speed-bounds-xy16-O2 word129 [('indirect', 16, 8)]
speed-bounds-xy16-O2 word_wrap [('indirect', 8, 8), ('indirect', 16, 8), ('indirect', 8, 8), ('indirect', 16, 8), ('indirect', 16, 8), ('indirect', 16, 8), ('indirect', 16, 8), ('indirect', 16, 8), ('indirect-y', 16, 8), ('indirect', 16, 8), ('indirect', 16, 8), ('indirect', 16, 8), ('indirect', 16, 8)]
speed-bounds-xy16-O2 word256 [('indirect', 16, 8)]
speed-bounds-xy16-O2 word_wrapped_index [('indirect', 16, 8)]
speed-bounds-xy16-O2 word_step2 [('indirect', 16, 8)]
speed-bounds-xy16-O2 word_pressure [('indirect-y', 16, 8)]
all-farblit-a16-Os main [('indirect-y', 16, 8)]
all-bounds-a16-Os word128 [('indirect-y', 16, 8)]
all-bounds-a16-Os word129 [('indirect', 16, 8)]
all-bounds-a16-Os word_wrap [('indirect', 16, 8)]
all-bounds-a16-Os word256 [('indirect', 16, 8)]
all-bounds-a16-Os word_wrapped_index [('indirect', 16, 8)]
all-bounds-a16-Os word_step2 [('indirect', 16, 8)]
all-bounds-a16-Os word_pressure [('indirect-y', 16, 8)]
all-farblit-a16-Oz main [('indirect', 16, 8)]
all-bounds-a16-Oz word128 [('indirect', 16, 8)]
all-bounds-a16-Oz word129 [('indirect', 16, 8)]
all-bounds-a16-Oz word_wrap [('indirect', 16, 8)]
all-bounds-a16-Oz word256 [('indirect', 16, 8)]
all-bounds-a16-Oz word_wrapped_index [('indirect', 16, 8)]
all-bounds-a16-Oz word_step2 [('indirect', 16, 8)]
all-bounds-a16-Oz word_pressure [('indirect', 16, 8)]
all-farblit-a16-O2 main [('indirect-y', 16, 8)]
all-bounds-a16-O2 word128 [('indirect-y', 16, 8)]
all-bounds-a16-O2 word129 [('indirect', 16, 8)]
all-bounds-a16-O2 word_wrap [('indirect', 8, 8), ('indirect', 16, 8), ('indirect', 8, 8), ('indirect', 16, 8), ('indirect', 16, 8), ('indirect', 16, 8), ('indirect', 16, 8), ('indirect', 16, 8), ('indirect-y', 16, 8), ('indirect', 16, 8), ('indirect', 16, 8), ('indirect', 16, 8), ('indirect', 16, 8)]
all-bounds-a16-O2 word256 [('indirect', 16, 8)]
all-bounds-a16-O2 word_wrapped_index [('indirect', 16, 8)]
all-bounds-a16-O2 word_step2 [('indirect', 16, 8)]
all-bounds-a16-O2 word_pressure [('indirect-y', 16, 8)]
all-farblit-xy16-Os main [('indirect-y', 16, 8)]
all-bounds-xy16-Os word128 [('indirect-y', 16, 8)]
all-bounds-xy16-Os word129 [('indirect', 16, 8)]
all-bounds-xy16-Os word_wrap [('indirect', 16, 8)]
all-bounds-xy16-Os word256 [('indirect', 16, 8)]
all-bounds-xy16-Os word_wrapped_index [('indirect', 16, 8)]
all-bounds-xy16-Os word_step2 [('indirect', 16, 8)]
all-bounds-xy16-Os word_pressure [('indirect-y', 16, 8)]
all-farblit-xy16-Oz main [('indirect', 16, 8)]
all-bounds-xy16-Oz word128 [('indirect', 16, 8)]
all-bounds-xy16-Oz word129 [('indirect', 16, 8)]
all-bounds-xy16-Oz word_wrap [('indirect', 16, 8)]
all-bounds-xy16-Oz word256 [('indirect', 16, 8)]
all-bounds-xy16-Oz word_wrapped_index [('indirect', 16, 8)]
all-bounds-xy16-Oz word_step2 [('indirect', 16, 8)]
all-bounds-xy16-Oz word_pressure [('indirect', 16, 8)]
all-farblit-xy16-O2 main [('indirect-y', 16, 8)]
all-bounds-xy16-O2 word128 [('indirect-y', 16, 8)]
all-bounds-xy16-O2 word129 [('indirect', 16, 8)]
all-bounds-xy16-O2 word_wrap [('indirect', 8, 8), ('indirect', 16, 8), ('indirect', 8, 8), ('indirect', 16, 8), ('indirect', 16, 8), ('indirect', 16, 8), ('indirect', 16, 8), ('indirect', 16, 8), ('indirect-y', 16, 8), ('indirect', 16, 8), ('indirect', 16, 8), ('indirect', 16, 8), ('indirect', 16, 8)]
all-bounds-xy16-O2 word256 [('indirect', 16, 8)]
all-bounds-xy16-O2 word_wrapped_index [('indirect', 16, 8)]
all-bounds-xy16-O2 word_step2 [('indirect', 16, 8)]
all-bounds-xy16-O2 word_pressure [('indirect-y', 16, 8)]
