	.zeropage	__rc0
	.zeropage	__rc1
	.zeropage	__rc2
	.zeropage	__rc3
	.zeropage	__rc4
	.zeropage	__rc5
	.zeropage	__rc6
	.zeropage	__rc7
	.zeropage	__rc8
	.zeropage	__rc9
	.zeropage	__rc10
	.zeropage	__rc11
	.zeropage	__rc12
	.zeropage	__rc13
	.zeropage	__rc14
	.zeropage	__rc15
	.zeropage	__rc16
	.zeropage	__rc17
	.zeropage	__rc18
	.zeropage	__rc19
	.zeropage	__rc20
	.zeropage	__rc21
	.zeropage	__rc22
	.zeropage	__rc23
	.zeropage	__rc24
	.zeropage	__rc25
	.zeropage	__rc26
	.zeropage	__rc27
	.zeropage	__rc28
	.zeropage	__rc29
	.zeropage	__rc30
	.zeropage	__rc31
	.file	"arith.c"
	.text
	.globl	main                            ; -- Begin function main
	.type	main,@function
main:                                   ; @main
; %bb.0:
	ldx	a8
	stx	__rc2
	lda	b8
	clc
	adc	__rc2
	ldx	#0
	stx	__rc20
	sta	__rc3
	txa
	adc	#0
	tay
	ldx	a8
	stx	__rc2
	lda	b8
	and	__rc2
	sta	__rc2
	ldx	__rc20
	cpx	#1
	lda	__rc3
	adc	__rc2
	sta	__rc4
	tya
	adc	#0
	sta	__rc3
	ldx	a8
	stx	__rc2
	lda	b8
	ora	__rc2
	sta	__rc2
	ldx	__rc20
	cpx	#1
	lda	__rc4
	adc	__rc2
	sta	__rc4
	lda	__rc3
	adc	#0
	sta	__rc3
	ldx	a8
	stx	__rc2
	lda	b8
	eor	__rc2
	sta	__rc2
	ldx	__rc20
	cpx	#1
	lda	__rc4
	adc	__rc2
	sta	__rc22
	lda	__rc3
	adc	#0
	sta	__rc21
	ldy	a16
	lda	a16+1
	ldx	b16
	stx	__rc4
	ldx	b16+1
	sty	__rc2
	sta	__rc3
	lda	__rc4
	jsr	__mulhi3
	sta	__rc2
	stx	__rc3
	ldx	__rc20
	cpx	#1
	lda	__rc22
	adc	__rc2
	sta	__rc22
	lda	__rc21
	adc	__rc3
	sta	__rc21
	ldx	a16
	stx	__rc4
	lda	a16+1
	ldy	b16
	ldx	b16+1
	sty	__rc2
	stx	__rc3
	tax
	lda	__rc4
	jsr	__udivhi3
	sta	__rc2
	stx	__rc3
	ldx	__rc20
	cpx	#1
	lda	__rc22
	adc	__rc2
	sta	__rc22
	lda	__rc21
	adc	__rc3
	sta	__rc21
	ldx	a16
	stx	__rc4
	lda	a16+1
	ldy	b16
	ldx	b16+1
	sty	__rc2
	stx	__rc3
	tax
	lda	__rc4
	jsr	__umodhi3
	sta	__rc2
	stx	__rc3
	ldx	__rc20
	cpx	#1
	lda	__rc22
	adc	__rc2
	sta	__rc22
	lda	__rc21
	adc	__rc3
	sta	__rc21
	ldx	a32
	stx	__rc8
	ldx	a32+1
	stx	__rc9
	ldx	a32+2
	stx	__rc2
	ldx	a32+3
	stx	__rc3
	ldy	b32
	ldx	b32+1
	stx	__rc5
	lda	b32+2
	ldx	b32+3
	sty	__rc4
	sta	__rc6
	stx	__rc7
	ldx	__rc9
	lda	__rc8
	jsr	__udivsi3
	sta	__rc2
	stx	__rc3
	ldx	__rc20
	cpx	#1
	lda	__rc22
	adc	__rc2
	sta	__rc22
	lda	__rc21
	adc	__rc3
	sta	__rc21
	ldx	a32
	stx	__rc8
	ldx	a32+1
	stx	__rc9
	ldx	a32+2
	stx	__rc2
	ldx	a32+3
	stx	__rc3
	ldy	b32
	ldx	b32+1
	stx	__rc5
	lda	b32+2
	ldx	b32+3
	sty	__rc4
	sta	__rc6
	stx	__rc7
	ldx	__rc9
	lda	__rc8
	jsr	__umodsi3
	sta	__rc2
	stx	__rc3
	ldx	__rc20
	cpx	#1
	lda	__rc22
	adc	__rc2
	sta	__rc5
	lda	__rc21
	adc	__rc3
	sta	__rc4
	lda	a16
	ldx	a16+1
	asl
	sta	__rc2
	stx	__rc3
	rol	__rc3
	ldx	__rc20
	cpx	#1
	lda	__rc5
	adc	__rc2
	sta	__rc5
	lda	__rc4
	adc	__rc3
	sta	__rc4
	ldx	a16
	stx	__rc2
	lda	a16+1
	lsr
	ror	__rc2
	ldx	__rc2
	stx	__rc3
	lsr
	sta	__rc2
	ror	__rc3
	lda	__rc5
	ldx	__rc20
	cpx	#1
	adc	__rc3
	tax
	lda	__rc4
	adc	__rc2
	stx	corpus_result
	sta	corpus_result+1
.LBB0_1:                                ; =>This Inner Loop Header: Depth=1
	;APP
	;NO_APP
	jmp	.LBB0_1
.Lfunc_end0:
	.size	main, .Lfunc_end0-main
                                        ; -- End function
	.type	a8,@object                      ; @a8
	.data
	.globl	a8
a8:
	.byte	240                             ; 0xf0
	.size	a8, 1

	.type	b8,@object                      ; @b8
	.globl	b8
b8:
	.byte	15                              ; 0xf
	.size	b8, 1

	.type	a16,@object                     ; @a16
	.globl	a16
a16:
	.short	1000                            ; 0x3e8
	.size	a16, 2

	.type	b16,@object                     ; @b16
	.globl	b16
b16:
	.short	7                               ; 0x7
	.size	b16, 2

	.type	a32,@object                     ; @a32
	.globl	a32
a32:
	.long	100000                          ; 0x186a0
	.size	a32, 4

	.type	b32,@object                     ; @b32
	.globl	b32
b32:
	.long	3                               ; 0x3
	.size	b32, 4

	.type	corpus_result,@object           ; @corpus_result
	.bss
	.globl	corpus_result
corpus_result:
	.short	0                               ; 0x0
	.size	corpus_result, 2

	.ident	"clang version 23.0.0git (/upstream 8be0546128a55e78c63ca571d466aa72a782cd36)"
	.section	".note.GNU-stack","",@progbits
	;Declaring this symbol tells the CRT that there is something in .bss, so it may need to be zeroed.
	.globl	__do_zero_bss
	;Declaring this symbol tells the CRT that there is something in .data, so it may need to be copied from LMA to VMA.
	.globl	__do_copy_data
	;Declaring this symbol tells the CRT that the stack pointer needs to be initialized.
	.globl	__do_init_stack
