	.zeropage	__rc0
	.zeropage	__rc1
	.zeropage	__rc2
	.zeropage	__rc3
	.zeropage	__rc4
	.zeropage	__rc5
	.zeropage	__rc6
	.zeropage	__rc7
	.zeropage	__rc8
	.zeropage	__rc9
	.zeropage	__rc10
	.zeropage	__rc11
	.zeropage	__rc12
	.zeropage	__rc13
	.zeropage	__rc14
	.zeropage	__rc15
	.zeropage	__rc16
	.zeropage	__rc17
	.zeropage	__rc18
	.zeropage	__rc19
	.zeropage	__rc20
	.zeropage	__rc21
	.zeropage	__rc22
	.zeropage	__rc23
	.zeropage	__rc24
	.zeropage	__rc25
	.zeropage	__rc26
	.zeropage	__rc27
	.zeropage	__rc28
	.zeropage	__rc29
	.zeropage	__rc30
	.zeropage	__rc31
	.file	"sections.ll"
	.text
	.globl	ctor                            ; -- Begin function ctor
	.type	ctor,@function
ctor:                                   ; @ctor
; %bb.0:
	rts
.Lfunc_end0:
	.size	ctor, .Lfunc_end0-ctor
                                        ; -- End function
	.globl	dtor                            ; -- Begin function dtor
	.type	dtor,@function
dtor:                                   ; @dtor
; %bb.0:
	rts
.Lfunc_end1:
	.size	dtor, .Lfunc_end1-dtor
                                        ; -- End function
	.type	data,@object                    ; @data
	.data
	.globl	data
data:
	.byte	1                               ; 0x1
	.size	data, 1

	.type	bss,@object                     ; @bss
	.bss
	.globl	bss
bss:
	.byte	0                               ; 0x0
	.size	bss, 1

	.type	zp_data,@object                 ; @zp_data
	.section	.zp.data,"aw",@progbits
	.globl	zp_data
zp_data:
	.byte	1                               ; 0x1
	.size	zp_data, 1

	.type	zp_bss,@object                  ; @zp_bss
	.section	.zp.bss,"aw",@nobits
	.globl	zp_bss
zp_bss:
	.byte	0                               ; 0x0
	.size	zp_bss, 1

	.section	.init_array,"aw",@init_array
	.short	ctor
	.section	.fini_array,"aw",@fini_array
	.short	dtor
	.section	".note.GNU-stack","",@progbits
	;Declaring this symbol tells the CRT that there is something in .bss, so it may need to be zeroed.
	.globl	__do_zero_bss
	;Declaring this symbol tells the CRT that there is something in .zp.bss, so it may need to be zeroed.
	.globl	__do_zero_zp_bss
	;Declaring this symbol tells the CRT that there is something in .data, so it may need to be copied from LMA to VMA.
	.globl	__do_copy_data
	;Declaring this symbol tells the CRT that there is something in .zp.data, so it may need to be copied from LMA to VMA.
	.globl	__do_copy_zp_data
	;Declaring this symbol tells the CRT that there are initialization routines to be run in .init_array
	.globl	__do_init_array
	;Declaring this symbol tells the CRT that there are finalization routines to be run in .fini_array
	.globl	__do_fini_array
	;Declaring this symbol tells the CRT that the stack pointer needs to be initialized.
	.globl	__do_init_stack
