2026-09-30T02:09:20Z build start c33eb63d65a3858e58eb02e3fec74187420b21ac
ninja: Entering directory `/work/build/0029-cross-target-build'
[0/1] Re-running CMake...
-- Doxygen disabled.
-- Could NOT find LibXml2 (missing: LIBXML2_LIBRARY LIBXML2_INCLUDE_DIR) (found version "")
-- Could NOT find LibEdit (missing: LibEdit_INCLUDE_DIRS LibEdit_LIBRARIES) 
-- LLVM host triple: x86_64-unknown-linux-gnu
-- Native target architecture is X86
-- Threads enabled.
-- Ninja version: 1.13.2
-- Could NOT find OCaml (missing: OCAMLFIND OCAML_VERSION OCAML_STDLIB_PATH) 
-- Could NOT find OCaml (missing: OCAMLFIND OCAML_VERSION OCAML_STDLIB_PATH) 
-- OCaml bindings disabled.
-- LLVM default target triple: x86_64-unknown-linux-gnu
-- Building with -fPIC
-- Precompiled headers enabled.
-- Targeting X86
-- Targeting ARM
-- Targeting AArch64
-- Targeting MOS
-- Not building llvm-mt because libxml2 is not available
-- Registering ExampleIRTransforms as a pass plugin (static build: OFF)
-- Registering Bye as a pass plugin (static build: OFF)
-- Failed to find LLVM FileCheck
-- Google Benchmark version: v1.9.5, normalized to 1.9.5
CMake Warning at /work/build/register-exhaustion-src/third-party/benchmark/CMakeLists.txt:329 (message):
  Using std::regex with exceptions disabled is not fully supported


-- Configuring done (19.9s)
-- Generating done (13.1s)
-- Build files have been written to: /work/build/0029-cross-target-build
[1/74] Building CXX object lib/TargetParser/CMakeFiles/LLVMTargetParser.dir/TargetDataLayout.cpp.o
[2/74] Linking CXX static library lib/libLLVMTargetParser.a
[3/74] Building CXX object lib/CodeGen/CMakeFiles/LLVMCodeGen.dir/VirtRegMap.cpp.o
[4/74] Linking CXX executable bin/llvm-dis
[5/74] Linking CXX static library lib/libLLVMCodeGen.a
[6/74] Building MOSGenAsmWriter.inc...
[7/74] Linking CXX executable bin/llvm-readobj
[8/74] Generating ../../bin/llvm-readelf
[9/74] Building MOSGenAsmMatcher.inc...
[10/74] Linking CXX executable bin/llvm-as
[11/74] Linking CXX executable bin/llvm-size
[12/74] Building MOSGenCallingConv.inc...
[13/74] Building MOSGenDAGISel.inc...
[14/74] Building MOSGenDisassemblerTables.inc...
[15/74] Building MOSGenGICombiner.inc...
[16/74] Building MOSGenGlobalISel.inc...
[17/74] Building MOSGenInstrInfo.inc...
[18/74] Building MOSGenMCCodeEmitter.inc...
[19/74] Building MOSGenRegisterBank.inc...
[20/74] Building MOSGenMCPseudoLowering.inc...
[21/74] Building MOSGenRegisterInfo.inc...
[22/74] Building MOSGenSearchableTables.inc...
[23/74] Building MOSGenSubtargetInfo.inc...
[24/74] Building CXX object lib/Target/MOS/MCTargetDesc/CMakeFiles/LLVMMOSDesc.dir/MOSInstPrinter.cpp.o
[25/74] Building CXX object lib/Target/MOS/MCTargetDesc/CMakeFiles/LLVMMOSDesc.dir/MOSELFObjectWriter.cpp.o
[26/74] Building CXX object lib/Target/MOS/MCTargetDesc/CMakeFiles/LLVMMOSDesc.dir/MOSMCAsmInfo.cpp.o
[27/74] Building CXX object lib/Target/MOS/MCTargetDesc/CMakeFiles/LLVMMOSDesc.dir/MOSMCCodeEmitter.cpp.o
[28/74] Building CXX object lib/Target/MOS/MCTargetDesc/CMakeFiles/LLVMMOSDesc.dir/MOSMCELFStreamer.cpp.o
[29/74] Building CXX object lib/Target/MOS/MCTargetDesc/CMakeFiles/LLVMMOSDesc.dir/MOSMCTargetDesc.cpp.o
[30/74] Building CXX object lib/Target/MOS/MCTargetDesc/CMakeFiles/LLVMMOSDesc.dir/MOSAsmBackend.cpp.o
[31/74] Building CXX object lib/Target/MOS/MCTargetDesc/CMakeFiles/LLVMMOSDesc.dir/MOSTargetStreamer.cpp.o
[32/74] Building CXX object lib/Target/MOS/MCTargetDesc/CMakeFiles/LLVMMOSDesc.dir/MOSMCInstrAnalysis.cpp.o
[33/74] Building CXX object lib/Target/MOS/CMakeFiles/LLVMMOSCodeGen.dir/MOSCallingConv.cpp.o
[34/74] Building CXX object lib/Target/MOS/CMakeFiles/LLVMMOSCodeGen.dir/MOSCallLowering.cpp.o
[35/74] Building CXX object lib/Target/MOS/CMakeFiles/LLVMMOSCodeGen.dir/MOSConventionalSSA.cpp.o
[36/74] Building CXX object lib/Target/MOS/CMakeFiles/LLVMMOSCodeGen.dir/MOSAsmPrinter.cpp.o
[37/74] Building CXX object lib/Target/MOS/CMakeFiles/LLVMMOSCodeGen.dir/MOSCopyOpt.cpp.o
[38/74] Building CXX object lib/Target/MOS/CMakeFiles/LLVMMOSCodeGen.dir/MOSFrameLowering.cpp.o
[39/74] Building CXX object lib/Target/MOS/CMakeFiles/LLVMMOSCodeGen.dir/MOSImagRegAlloc.cpp.o
[40/74] Building CXX object lib/Target/MOS/CMakeFiles/LLVMMOSCodeGen.dir/MOSIndexIV.cpp.o
[41/74] Building CXX object lib/Target/MOS/CMakeFiles/LLVMMOSCodeGen.dir/MOSInsertCopies.cpp.o
[42/74] Building CXX object lib/Target/MOS/CMakeFiles/LLVMMOSCodeGen.dir/MOSISelLowering.cpp.o
[43/74] Building CXX object lib/Target/MOS/CMakeFiles/LLVMMOSCodeGen.dir/MOSCombiner.cpp.o
[44/74] Building CXX object lib/Target/MOS/CMakeFiles/LLVMMOSCodeGen.dir/MOSInsertREPSEP.cpp.o
[45/74] Building CXX object lib/Target/MOS/CMakeFiles/LLVMMOSCodeGen.dir/MOSInternalize.cpp.o
[46/74] Building CXX object lib/Target/MOS/CMakeFiles/LLVMMOSCodeGen.dir/MOSInstrInfo.cpp.o
[47/74] Building CXX object lib/Target/MOS/CMakeFiles/LLVMMOSCodeGen.dir/MOSLateOptimization.cpp.o
[48/74] Building CXX object lib/Target/MOS/CMakeFiles/LLVMMOSCodeGen.dir/MOSLowerSelect.cpp.o
[49/74] Building CXX object lib/Target/MOS/CMakeFiles/LLVMMOSCodeGen.dir/MOSInstructionSelector.cpp.o
[50/74] Building CXX object lib/Target/MOS/CMakeFiles/LLVMMOSCodeGen.dir/MOSMCInstLower.cpp.o
[51/74] Building CXX object lib/Target/MOS/CMakeFiles/LLVMMOSCodeGen.dir/MOSNonReentrant.cpp.o
[52/74] Building CXX object lib/Target/MOS/CMakeFiles/LLVMMOSCodeGen.dir/MOSLegalizerInfo.cpp.o
[53/74] Building CXX object lib/Target/MOS/CMakeFiles/LLVMMOSCodeGen.dir/MOSRegAlloc.cpp.o
[54/74] Building CXX object lib/Target/MOS/CMakeFiles/LLVMMOSCodeGen.dir/MOSMachineScheduler.cpp.o
[55/74] Building CXX object lib/Target/MOS/CMakeFiles/LLVMMOSCodeGen.dir/MOSPostRAScavenging.cpp.o
[56/74] Building CXX object lib/Target/MOS/CMakeFiles/LLVMMOSCodeGen.dir/MOSRegisterBankInfo.cpp.o
[57/74] Building CXX object lib/Target/MOS/CMakeFiles/LLVMMOSCodeGen.dir/MOSShiftRotateChain.cpp.o
[58/74] Building CXX object lib/Target/MOS/CMakeFiles/LLVMMOSCodeGen.dir/MOSSubtarget.cpp.o
[59/74] Building CXX object lib/Target/MOS/CMakeFiles/LLVMMOSCodeGen.dir/MOSStaticStackAlloc.cpp.o
[60/74] Building CXX object lib/Target/MOS/CMakeFiles/LLVMMOSCodeGen.dir/MOSTargetObjectFile.cpp.o
[61/74] Building CXX object lib/Target/MOS/CMakeFiles/LLVMMOSCodeGen.dir/MOSRegisterInfo.cpp.o
[62/74] Building CXX object lib/Target/MOS/AsmParser/CMakeFiles/LLVMMOSAsmParser.dir/MOSAsmParser.cpp.o
[63/74] Linking CXX static library lib/libLLVMMOSDesc.a
[64/74] Linking CXX static library lib/libLLVMMOSAsmParser.a
[65/74] Building CXX object lib/Target/MOS/CMakeFiles/LLVMMOSCodeGen.dir/MOSZeroPageAlloc.cpp.o
[66/74] Building CXX object lib/Target/MOS/CMakeFiles/LLVMMOSCodeGen.dir/MOSTargetMachine.cpp.o
[67/74] Linking CXX static library lib/libLLVMMOSCodeGen.a
[68/74] Linking CXX executable bin/llc
[69/74] Linking CXX executable bin/opt
[70/74] Building CXX object lib/Target/MOS/Disassembler/CMakeFiles/LLVMMOSDisassembler.dir/MOSDisassembler.cpp.o
[71/74] Linking CXX static library lib/libLLVMMOSDisassembler.a
[72/74] Linking CXX executable bin/llvm-mc
[73/74] Linking CXX executable bin/llvm-objdump
2026-09-30T02:12:40Z build rc=0
2026-09-30T02:12:47Z lit rc=0
