ninja: Entering directory `/work/build/0029-cross-target-build'
[1/54] Building MOSGenAsmWriter.inc...
[2/54] Building MOSGenAsmMatcher.inc...
[3/54] Building MOSGenCallingConv.inc...
[4/54] Building MOSGenDAGISel.inc...
[5/54] Building MOSGenDisassemblerTables.inc...
[6/54] Building MOSGenGICombiner.inc...
[7/54] Building MOSGenGlobalISel.inc...
[8/54] Building MOSGenInstrInfo.inc...
[9/53] Building MOSGenMCCodeEmitter.inc...
[10/53] Building MOSGenMCPseudoLowering.inc...
[11/53] Building MOSGenRegisterBank.inc...
[12/53] Building MOSGenRegisterInfo.inc...
[13/53] Building MOSGenSearchableTables.inc...
[14/53] Building MOSGenSubtargetInfo.inc...
[15/52] Building CXX object lib/Target/MOS/MCTargetDesc/CMakeFiles/LLVMMOSDesc.dir/MOSInstPrinter.cpp.o
[16/52] Building CXX object lib/Target/MOS/MCTargetDesc/CMakeFiles/LLVMMOSDesc.dir/MOSAsmBackend.cpp.o
[17/52] Building CXX object lib/Target/MOS/MCTargetDesc/CMakeFiles/LLVMMOSDesc.dir/MOSELFObjectWriter.cpp.o
[18/52] Building CXX object lib/Target/MOS/MCTargetDesc/CMakeFiles/LLVMMOSDesc.dir/MOSMCAsmInfo.cpp.o
[19/52] Building CXX object lib/Target/MOS/MCTargetDesc/CMakeFiles/LLVMMOSDesc.dir/MOSMCELFStreamer.cpp.o
[20/52] Building CXX object lib/Target/MOS/MCTargetDesc/CMakeFiles/LLVMMOSDesc.dir/MOSMCCodeEmitter.cpp.o
[21/52] Building CXX object lib/Target/MOS/MCTargetDesc/CMakeFiles/LLVMMOSDesc.dir/MOSTargetStreamer.cpp.o
[22/52] Building CXX object lib/Target/MOS/MCTargetDesc/CMakeFiles/LLVMMOSDesc.dir/MOSMCTargetDesc.cpp.o
[23/52] Building CXX object lib/Target/MOS/CMakeFiles/LLVMMOSCodeGen.dir/MOSCallLowering.cpp.o
[24/52] Building CXX object lib/Target/MOS/CMakeFiles/LLVMMOSCodeGen.dir/MOSAsmPrinter.cpp.o
[25/52] Building CXX object lib/Target/MOS/CMakeFiles/LLVMMOSCodeGen.dir/MOSCallingConv.cpp.o
[26/52] Building CXX object lib/Target/MOS/CMakeFiles/LLVMMOSCodeGen.dir/MOSCombiner.cpp.o
[27/52] Building CXX object lib/Target/MOS/CMakeFiles/LLVMMOSCodeGen.dir/MOSFrameLowering.cpp.o
[28/52] Building CXX object lib/Target/MOS/CMakeFiles/LLVMMOSCodeGen.dir/MOSISelLowering.cpp.o
[29/52] Building CXX object lib/Target/MOS/CMakeFiles/LLVMMOSCodeGen.dir/MOSCopyOpt.cpp.o
[30/52] Building CXX object lib/Target/MOS/CMakeFiles/LLVMMOSCodeGen.dir/MOSInsertCopies.cpp.o
[31/52] Building CXX object lib/Target/MOS/CMakeFiles/LLVMMOSCodeGen.dir/MOSInstrInfo.cpp.o
[32/52] Building CXX object lib/Target/MOS/CMakeFiles/LLVMMOSCodeGen.dir/MOSInsertREPSEP.cpp.o
[33/52] Building CXX object lib/Target/MOS/CMakeFiles/LLVMMOSCodeGen.dir/MOSLowerSelect.cpp.o
[34/52] Building CXX object lib/Target/MOS/CMakeFiles/LLVMMOSCodeGen.dir/MOSLateOptimization.cpp.o
[35/52] Building CXX object lib/Target/MOS/MCTargetDesc/CMakeFiles/LLVMMOSDesc.dir/MOSMCInstrAnalysis.cpp.o
[36/52] Building CXX object lib/Target/MOS/CMakeFiles/LLVMMOSCodeGen.dir/MOSMCInstLower.cpp.o
[37/52] Building CXX object lib/Target/MOS/CMakeFiles/LLVMMOSCodeGen.dir/MOSInstructionSelector.cpp.o
[38/52] Building CXX object lib/Target/MOS/CMakeFiles/LLVMMOSCodeGen.dir/MOSRegisterBankInfo.cpp.o
[39/52] Building CXX object lib/Target/MOS/CMakeFiles/LLVMMOSCodeGen.dir/MOSShiftRotateChain.cpp.o
[40/52] Building CXX object lib/Target/MOS/CMakeFiles/LLVMMOSCodeGen.dir/MOSPostRAScavenging.cpp.o
[41/52] Building CXX object lib/Target/MOS/CMakeFiles/LLVMMOSCodeGen.dir/MOSLegalizerInfo.cpp.o
[42/52] Building CXX object lib/Target/MOS/CMakeFiles/LLVMMOSCodeGen.dir/MOSRegisterInfo.cpp.o
[43/52] Building CXX object lib/Target/MOS/CMakeFiles/LLVMMOSCodeGen.dir/MOSStaticStackAlloc.cpp.o
[44/52] Building CXX object lib/Target/MOS/CMakeFiles/LLVMMOSCodeGen.dir/MOSMachineScheduler.cpp.o
[45/52] Building CXX object lib/Target/MOS/AsmParser/CMakeFiles/LLVMMOSAsmParser.dir/MOSAsmParser.cpp.o
[46/52] Building CXX object lib/Target/MOS/CMakeFiles/LLVMMOSCodeGen.dir/MOSSubtarget.cpp.o
[47/52] Building CXX object lib/Target/MOS/CMakeFiles/LLVMMOSCodeGen.dir/MOSZeroPageAlloc.cpp.o
[48/52] Linking CXX static library lib/libLLVMMOSDesc.a
[49/52] Building CXX object lib/Target/MOS/CMakeFiles/LLVMMOSCodeGen.dir/MOSTargetMachine.cpp.o
[50/52] Linking CXX static library lib/libLLVMMOSAsmParser.a
[51/52] Linking CXX static library lib/libLLVMMOSCodeGen.a
[52/52] Linking CXX executable bin/llc
