/home/will/llvm-mos-65816/.scratch/carry-scheduling/docs/defects/evidence/2026-09-26-mos-carry-scheduling/scheduler-regression.mir:37:14: error: CHECK-NOT: excluded string found in input
# CHECK-NOT: ADC
             ^
<stdin>:96:29: note: found here
 %0:ac, %6:cc, dead %7:vc = ADCImm %0, 23, %4
                            ^~~

Input file: <stdin>
Check file: /home/will/llvm-mos-65816/.scratch/carry-scheduling/docs/defects/evidence/2026-09-26-mos-carry-scheduling/scheduler-regression.mir

-dump-input=help explains the following input dump.

Input was:
<<<<<<
        .
        .
        .
       91: body: | 
       92:  bb.0: 
       93:  %4:cc = LDImm1 0 
       94:  %0:ac = LDAbs 1000 
       95:  %0:ac, %5:cc = ASL %0 
       96:  %0:ac, %6:cc, dead %7:vc = ADCImm %0, 23, %4 
not:37                                 !~~                error: no match expected
       97:  %1:ac = LDAbs 1001 
       98:  %1:ac, %5:cc = ROL %1, %5 
       99:  %1:ac, %8:cc, dead %9:vc = ADCImm %1, 45, %6 
      100:  %2:ac = LDAbs 1002 
      101:  %2:ac, %5:cc = ROL %2, %5 
        .
        .
        .
>>>>>>
exit_code: 1
