$ build/split-320-321/llc/r2-320-1a3 -mtriple=mos -mcpu=mos6502 -O2 -verify-machineinstrs docs/defects/evidence/2026-10-01-imag32-reserved-pair-units/variadic-call.ll -o /dev/null
# llc sha256 9f8b456100f1b90336b1bf4d19fec2740d5d200c1b658c8e30ddbabcc33de5ce
The register $rs0 needs to be live in to %bb.1, but is missing from the live-in list.
LLVM ERROR: Invalid global physical register
PLEASE submit a bug report to https://github.com/llvm/llvm-project/issues/ and include the crash backtrace and instructions to reproduce the bug.
Stack dump:
0.	Program arguments: build/split-320-321/llc/r2-320-1a3 -mtriple=mos -mcpu=mos6502 -O2 -verify-machineinstrs docs/defects/evidence/2026-10-01-imag32-reserved-pair-units/variadic-call.ll -o /dev/null
1.	Running pass 'Function Pass Manager' on module 'docs/defects/evidence/2026-10-01-imag32-reserved-pair-units/variadic-call.ll'.
2.	Running pass 'Register Coalescer' on function '@main'
 #0 0x0000624daa6cc13b llvm::sys::PrintStackTrace(llvm::raw_ostream&, int) (build/split-320-321/llc/r2-320-1a3+0x454b13b)
 #1 0x0000624daa6c8fc1 llvm::sys::RunSignalHandlers() (build/split-320-321/llc/r2-320-1a3+0x4547fc1)
 #2 0x0000624daa6ccf4b SignalHandler(int, siginfo_t*, void*) Signals.cpp:0:0
 #3 0x0000716148c33cb0 (/usr/lib/x86_64-linux-gnu/libc.so.6+0x45cb0)
 #4 0x0000716148c941ac pthread_kill (/usr/lib/x86_64-linux-gnu/libc.so.6+0xa61ac)
 #5 0x0000716148c33b7e raise (/usr/lib/x86_64-linux-gnu/libc.so.6+0x45b7e)
 #6 0x0000716148c168ec abort (/usr/lib/x86_64-linux-gnu/libc.so.6+0x288ec)
 #7 0x0000624daa6274a5 llvm::report_fatal_error(llvm::Twine const&, bool) (build/split-320-321/llc/r2-320-1a3+0x44a64a5)
 #8 0x0000624daa6272e6 (build/split-320-321/llc/r2-320-1a3+0x44a62e6)
 #9 0x0000624da92b94a2 llvm::LiveRangeCalc::findReachingDefs(llvm::LiveRange&, llvm::MachineBasicBlock&, llvm::SlotIndex, llvm::Register, llvm::ArrayRef<llvm::SlotIndex>) (build/split-320-321/llc/r2-320-1a3+0x31384a2)
#10 0x0000624da92b8722 llvm::LiveRangeCalc::extend(llvm::LiveRange&, llvm::SlotIndex, llvm::Register, llvm::ArrayRef<llvm::SlotIndex>) (build/split-320-321/llc/r2-320-1a3+0x3137722)
#11 0x0000624da92bc0fd llvm::LiveIntervalCalc::extendToUses(llvm::LiveRange&, llvm::Register, llvm::LaneBitmask, llvm::LiveInterval*) (build/split-320-321/llc/r2-320-1a3+0x313b0fd)
#12 0x0000624da92a3c43 llvm::LiveIntervals::computeRegUnitRange(llvm::LiveRange&, llvm::MCRegUnit) (build/split-320-321/llc/r2-320-1a3+0x3122c43)
#13 0x0000624da95da5a7 (anonymous namespace)::RegisterCoalescer::joinCopy(llvm::MachineInstr*, llvm::SmallPtrSetImpl<llvm::MachineInstr*>&) RegisterCoalescer.cpp:0:0
#14 0x0000624da95d805e (anonymous namespace)::RegisterCoalescer::copyCoalesceWorkList(llvm::MutableArrayRef<llvm::MachineInstr*>) RegisterCoalescer.cpp:0:0
#15 0x0000624da95d4321 (anonymous namespace)::RegisterCoalescer::run(llvm::MachineFunction&) RegisterCoalescer.cpp:0:0
#16 0x0000624da95d59bd (anonymous namespace)::RegisterCoalescerLegacy::runOnMachineFunction(llvm::MachineFunction&) RegisterCoalescer.cpp:0:0
#17 0x0000624da9366c29 llvm::MachineFunctionPass::runOnFunction(llvm::Function&) (build/split-320-321/llc/r2-320-1a3+0x31e5c29)
#18 0x0000624da98f8f60 llvm::FPPassManager::runOnFunction(llvm::Function&) (build/split-320-321/llc/r2-320-1a3+0x3777f60)
#19 0x0000624da9901062 llvm::FPPassManager::runOnModule(llvm::Module&) (build/split-320-321/llc/r2-320-1a3+0x3780062)
#20 0x0000624da98f9d24 llvm::legacy::PassManagerImpl::run(llvm::Module&) (build/split-320-321/llc/r2-320-1a3+0x3778d24)
#21 0x0000624da82b3e4b compileModule(char**, llvm::SmallVectorImpl<llvm::PassPlugin>&, llvm::LLVMContext&, std::__cxx11::basic_string<char, std::char_traits<char>, std::allocator<char>>&) llc.cpp:0:0
#22 0x0000624da82b1113 main (build/split-320-321/llc/r2-320-1a3+0x2130113)
#23 0x0000716148c18601 (/usr/lib/x86_64-linux-gnu/libc.so.6+0x2a601)
#24 0x0000716148c18718 __libc_start_main (/usr/lib/x86_64-linux-gnu/libc.so.6+0x2a718)
#25 0x0000624da82b0325 _start (build/split-320-321/llc/r2-320-1a3+0x212f325)
exit_code=134
