llvm-lit: /work/.scratch/repin/20261010T033430Z-ardhs7qy/build-source-3rl8r2dw/llvm/utils/lit/lit/llvm/subst.py:130: note: Did not find lli in /work/build/repin/20261010T033430Z-ardhs7qy/build-source-3rl8r2dw/bin
llvm-lit: /work/.scratch/repin/20261010T033430Z-ardhs7qy/build-source-3rl8r2dw/llvm/utils/lit/lit/llvm/subst.py:130: note: Did not find llvm-install-name-tool in /work/build/repin/20261010T033430Z-ardhs7qy/build-source-3rl8r2dw/bin
llvm-lit: /work/.scratch/repin/20261010T033430Z-ardhs7qy/build-source-3rl8r2dw/llvm/utils/lit/lit/llvm/subst.py:130: note: Did not find llvm-bitcode-strip in /work/build/repin/20261010T033430Z-ardhs7qy/build-source-3rl8r2dw/bin
llvm-lit: /work/.scratch/repin/20261010T033430Z-ardhs7qy/build-source-3rl8r2dw/llvm/utils/lit/lit/llvm/subst.py:130: note: Did not find llvm-extract-bundle-entry in /work/build/repin/20261010T033430Z-ardhs7qy/build-source-3rl8r2dw/bin
llvm-lit: /work/.scratch/repin/20261010T033430Z-ardhs7qy/build-source-3rl8r2dw/llvm/utils/lit/lit/llvm/subst.py:130: note: Did not find dsymutil in /work/build/repin/20261010T033430Z-ardhs7qy/build-source-3rl8r2dw/bin
llvm-lit: /work/.scratch/repin/20261010T033430Z-ardhs7qy/build-source-3rl8r2dw/llvm/utils/lit/lit/llvm/subst.py:130: note: Did not find lli in /work/build/repin/20261010T033430Z-ardhs7qy/build-source-3rl8r2dw/bin
llvm-lit: /work/.scratch/repin/20261010T033430Z-ardhs7qy/build-source-3rl8r2dw/llvm/utils/lit/lit/llvm/subst.py:130: note: Did not find lli-child-target in /work/build/repin/20261010T033430Z-ardhs7qy/build-source-3rl8r2dw/bin
llvm-lit: /work/.scratch/repin/20261010T033430Z-ardhs7qy/build-source-3rl8r2dw/llvm/utils/lit/lit/llvm/subst.py:130: note: Did not find llubi in /work/build/repin/20261010T033430Z-ardhs7qy/build-source-3rl8r2dw/bin
llvm-lit: /work/.scratch/repin/20261010T033430Z-ardhs7qy/build-source-3rl8r2dw/llvm/utils/lit/lit/llvm/subst.py:130: note: Did not find llvm-as in /work/build/repin/20261010T033430Z-ardhs7qy/build-source-3rl8r2dw/bin
llvm-lit: /work/.scratch/repin/20261010T033430Z-ardhs7qy/build-source-3rl8r2dw/llvm/utils/lit/lit/llvm/subst.py:130: note: Did not find llvm-bcanalyzer in /work/build/repin/20261010T033430Z-ardhs7qy/build-source-3rl8r2dw/bin
llvm-lit: /work/.scratch/repin/20261010T033430Z-ardhs7qy/build-source-3rl8r2dw/llvm/utils/lit/lit/llvm/subst.py:130: note: Did not find llvm-bitcode-strip in /work/build/repin/20261010T033430Z-ardhs7qy/build-source-3rl8r2dw/bin
llvm-lit: /work/.scratch/repin/20261010T033430Z-ardhs7qy/build-source-3rl8r2dw/llvm/utils/lit/lit/llvm/subst.py:130: note: Did not find llvm-cas in /work/build/repin/20261010T033430Z-ardhs7qy/build-source-3rl8r2dw/bin
llvm-lit: /work/.scratch/repin/20261010T033430Z-ardhs7qy/build-source-3rl8r2dw/llvm/utils/lit/lit/llvm/subst.py:130: note: Did not find llvm-cgdata in /work/build/repin/20261010T033430Z-ardhs7qy/build-source-3rl8r2dw/bin
llvm-lit: /work/.scratch/repin/20261010T033430Z-ardhs7qy/build-source-3rl8r2dw/llvm/utils/lit/lit/llvm/subst.py:130: note: Did not find llvm-cov in /work/build/repin/20261010T033430Z-ardhs7qy/build-source-3rl8r2dw/bin
llvm-lit: /work/.scratch/repin/20261010T033430Z-ardhs7qy/build-source-3rl8r2dw/llvm/utils/lit/lit/llvm/subst.py:130: note: Did not find llvm-ctxprof-util in /work/build/repin/20261010T033430Z-ardhs7qy/build-source-3rl8r2dw/bin
llvm-lit: /work/.scratch/repin/20261010T033430Z-ardhs7qy/build-source-3rl8r2dw/llvm/utils/lit/lit/llvm/subst.py:130: note: Did not find llvm-cxxdump in /work/build/repin/20261010T033430Z-ardhs7qy/build-source-3rl8r2dw/bin
llvm-lit: /work/.scratch/repin/20261010T033430Z-ardhs7qy/build-source-3rl8r2dw/llvm/utils/lit/lit/llvm/subst.py:130: note: Did not find llvm-cvtres in /work/build/repin/20261010T033430Z-ardhs7qy/build-source-3rl8r2dw/bin
llvm-lit: /work/.scratch/repin/20261010T033430Z-ardhs7qy/build-source-3rl8r2dw/llvm/utils/lit/lit/llvm/subst.py:130: note: Did not find llvm-debuginfod-find in /work/build/repin/20261010T033430Z-ardhs7qy/build-source-3rl8r2dw/bin
llvm-lit: /work/.scratch/repin/20261010T033430Z-ardhs7qy/build-source-3rl8r2dw/llvm/utils/lit/lit/llvm/subst.py:130: note: Did not find llvm-debuginfo-analyzer in /work/build/repin/20261010T033430Z-ardhs7qy/build-source-3rl8r2dw/bin
llvm-lit: /work/.scratch/repin/20261010T033430Z-ardhs7qy/build-source-3rl8r2dw/llvm/utils/lit/lit/llvm/subst.py:130: note: Did not find llvm-diff in /work/build/repin/20261010T033430Z-ardhs7qy/build-source-3rl8r2dw/bin
llvm-lit: /work/.scratch/repin/20261010T033430Z-ardhs7qy/build-source-3rl8r2dw/llvm/utils/lit/lit/llvm/subst.py:130: note: Did not find llvm-dis in /work/build/repin/20261010T033430Z-ardhs7qy/build-source-3rl8r2dw/bin
llvm-lit: /work/.scratch/repin/20261010T033430Z-ardhs7qy/build-source-3rl8r2dw/llvm/utils/lit/lit/llvm/subst.py:130: note: Did not find llvm-dwarfutil in /work/build/repin/20261010T033430Z-ardhs7qy/build-source-3rl8r2dw/bin
llvm-lit: /work/.scratch/repin/20261010T033430Z-ardhs7qy/build-source-3rl8r2dw/llvm/utils/lit/lit/llvm/subst.py:130: note: Did not find llvm-dwp in /work/build/repin/20261010T033430Z-ardhs7qy/build-source-3rl8r2dw/bin
llvm-lit: /work/.scratch/repin/20261010T033430Z-ardhs7qy/build-source-3rl8r2dw/llvm/utils/lit/lit/llvm/subst.py:130: note: Did not find llvm-dlltool in /work/build/repin/20261010T033430Z-ardhs7qy/build-source-3rl8r2dw/bin
llvm-lit: /work/.scratch/repin/20261010T033430Z-ardhs7qy/build-source-3rl8r2dw/llvm/utils/lit/lit/llvm/subst.py:130: note: Did not find llvm-exegesis in /work/build/repin/20261010T033430Z-ardhs7qy/build-source-3rl8r2dw/bin
llvm-lit: /work/.scratch/repin/20261010T033430Z-ardhs7qy/build-source-3rl8r2dw/llvm/utils/lit/lit/llvm/subst.py:130: note: Did not find llvm-extract in /work/build/repin/20261010T033430Z-ardhs7qy/build-source-3rl8r2dw/bin
llvm-lit: /work/.scratch/repin/20261010T033430Z-ardhs7qy/build-source-3rl8r2dw/llvm/utils/lit/lit/llvm/subst.py:130: note: Did not find llvm-extract-bundle-entry in /work/build/repin/20261010T033430Z-ardhs7qy/build-source-3rl8r2dw/bin
llvm-lit: /work/.scratch/repin/20261010T033430Z-ardhs7qy/build-source-3rl8r2dw/llvm/utils/lit/lit/llvm/subst.py:130: note: Did not find llvm-ir2vec in /work/build/repin/20261010T033430Z-ardhs7qy/build-source-3rl8r2dw/bin
llvm-lit: /work/.scratch/repin/20261010T033430Z-ardhs7qy/build-source-3rl8r2dw/llvm/utils/lit/lit/llvm/subst.py:130: note: Did not find llvm-isel-fuzzer in /work/build/repin/20261010T033430Z-ardhs7qy/build-source-3rl8r2dw/bin
llvm-lit: /work/.scratch/repin/20261010T033430Z-ardhs7qy/build-source-3rl8r2dw/llvm/utils/lit/lit/llvm/subst.py:130: note: Did not find llvm-ifs in /work/build/repin/20261010T033430Z-ardhs7qy/build-source-3rl8r2dw/bin
llvm-lit: /work/.scratch/repin/20261010T033430Z-ardhs7qy/build-source-3rl8r2dw/llvm/utils/lit/lit/llvm/subst.py:130: note: Did not find llvm-install-name-tool in /work/build/repin/20261010T033430Z-ardhs7qy/build-source-3rl8r2dw/bin
llvm-lit: /work/.scratch/repin/20261010T033430Z-ardhs7qy/build-source-3rl8r2dw/llvm/utils/lit/lit/llvm/subst.py:130: note: Did not find llvm-jitlink in /work/build/repin/20261010T033430Z-ardhs7qy/build-source-3rl8r2dw/bin
llvm-lit: /work/.scratch/repin/20261010T033430Z-ardhs7qy/build-source-3rl8r2dw/llvm/utils/lit/lit/llvm/subst.py:130: note: Did not find llvm-opt-fuzzer in /work/build/repin/20261010T033430Z-ardhs7qy/build-source-3rl8r2dw/bin
llvm-lit: /work/.scratch/repin/20261010T033430Z-ardhs7qy/build-source-3rl8r2dw/llvm/utils/lit/lit/llvm/subst.py:130: note: Did not find llvm-lib in /work/build/repin/20261010T033430Z-ardhs7qy/build-source-3rl8r2dw/bin
llvm-lit: /work/.scratch/repin/20261010T033430Z-ardhs7qy/build-source-3rl8r2dw/llvm/utils/lit/lit/llvm/subst.py:130: note: Did not find llvm-link in /work/build/repin/20261010T033430Z-ardhs7qy/build-source-3rl8r2dw/bin
llvm-lit: /work/.scratch/repin/20261010T033430Z-ardhs7qy/build-source-3rl8r2dw/llvm/utils/lit/lit/llvm/subst.py:130: note: Did not find llvm-lto in /work/build/repin/20261010T033430Z-ardhs7qy/build-source-3rl8r2dw/bin
llvm-lit: /work/.scratch/repin/20261010T033430Z-ardhs7qy/build-source-3rl8r2dw/llvm/utils/lit/lit/llvm/subst.py:130: note: Did not find llvm-lto2 in /work/build/repin/20261010T033430Z-ardhs7qy/build-source-3rl8r2dw/bin
llvm-lit: /work/.scratch/repin/20261010T033430Z-ardhs7qy/build-source-3rl8r2dw/llvm/utils/lit/lit/llvm/subst.py:130: note: Did not find llvm-mca in /work/build/repin/20261010T033430Z-ardhs7qy/build-source-3rl8r2dw/bin
llvm-lit: /work/.scratch/repin/20261010T033430Z-ardhs7qy/build-source-3rl8r2dw/llvm/utils/lit/lit/llvm/subst.py:130: note: Did not find llvm-modextract in /work/build/repin/20261010T033430Z-ardhs7qy/build-source-3rl8r2dw/bin
llvm-lit: /work/.scratch/repin/20261010T033430Z-ardhs7qy/build-source-3rl8r2dw/llvm/utils/lit/lit/llvm/subst.py:130: note: Did not find llvm-otool in /work/build/repin/20261010T033430Z-ardhs7qy/build-source-3rl8r2dw/bin
llvm-lit: /work/.scratch/repin/20261010T033430Z-ardhs7qy/build-source-3rl8r2dw/llvm/utils/lit/lit/llvm/subst.py:130: note: Did not find llvm-pdbutil in /work/build/repin/20261010T033430Z-ardhs7qy/build-source-3rl8r2dw/bin
llvm-lit: /work/.scratch/repin/20261010T033430Z-ardhs7qy/build-source-3rl8r2dw/llvm/utils/lit/lit/llvm/subst.py:130: note: Did not find llvm-profdata in /work/build/repin/20261010T033430Z-ardhs7qy/build-source-3rl8r2dw/bin
llvm-lit: /work/.scratch/repin/20261010T033430Z-ardhs7qy/build-source-3rl8r2dw/llvm/utils/lit/lit/llvm/subst.py:130: note: Did not find llvm-profgen in /work/build/repin/20261010T033430Z-ardhs7qy/build-source-3rl8r2dw/bin
llvm-lit: /work/.scratch/repin/20261010T033430Z-ardhs7qy/build-source-3rl8r2dw/llvm/utils/lit/lit/llvm/subst.py:130: note: Did not find llvm-rc in /work/build/repin/20261010T033430Z-ardhs7qy/build-source-3rl8r2dw/bin
llvm-lit: /work/.scratch/repin/20261010T033430Z-ardhs7qy/build-source-3rl8r2dw/llvm/utils/lit/lit/llvm/subst.py:130: note: Did not find llvm-rtdyld in /work/build/repin/20261010T033430Z-ardhs7qy/build-source-3rl8r2dw/bin
llvm-lit: /work/.scratch/repin/20261010T033430Z-ardhs7qy/build-source-3rl8r2dw/llvm/utils/lit/lit/llvm/subst.py:130: note: Did not find llvm-split in /work/build/repin/20261010T033430Z-ardhs7qy/build-source-3rl8r2dw/bin
llvm-lit: /work/.scratch/repin/20261010T033430Z-ardhs7qy/build-source-3rl8r2dw/llvm/utils/lit/lit/llvm/subst.py:130: note: Did not find llvm-stress in /work/build/repin/20261010T033430Z-ardhs7qy/build-source-3rl8r2dw/bin
llvm-lit: /work/.scratch/repin/20261010T033430Z-ardhs7qy/build-source-3rl8r2dw/llvm/utils/lit/lit/llvm/subst.py:130: note: Did not find llvm-readtapi in /work/build/repin/20261010T033430Z-ardhs7qy/build-source-3rl8r2dw/bin
llvm-lit: /work/.scratch/repin/20261010T033430Z-ardhs7qy/build-source-3rl8r2dw/llvm/utils/lit/lit/llvm/subst.py:130: note: Did not find llvm-undname in /work/build/repin/20261010T033430Z-ardhs7qy/build-source-3rl8r2dw/bin
llvm-lit: /work/.scratch/repin/20261010T033430Z-ardhs7qy/build-source-3rl8r2dw/llvm/utils/lit/lit/llvm/subst.py:130: note: Did not find llvm-windres in /work/build/repin/20261010T033430Z-ardhs7qy/build-source-3rl8r2dw/bin
llvm-lit: /work/.scratch/repin/20261010T033430Z-ardhs7qy/build-source-3rl8r2dw/llvm/utils/lit/lit/llvm/subst.py:130: note: Did not find llvm-c-test in /work/build/repin/20261010T033430Z-ardhs7qy/build-source-3rl8r2dw/bin
llvm-lit: /work/.scratch/repin/20261010T033430Z-ardhs7qy/build-source-3rl8r2dw/llvm/utils/lit/lit/llvm/subst.py:130: note: Did not find llvm-xray in /work/build/repin/20261010T033430Z-ardhs7qy/build-source-3rl8r2dw/bin
llvm-lit: /work/.scratch/repin/20261010T033430Z-ardhs7qy/build-source-3rl8r2dw/llvm/utils/lit/lit/llvm/subst.py:130: note: Did not find yaml2obj in /work/build/repin/20261010T033430Z-ardhs7qy/build-source-3rl8r2dw/bin
llvm-lit: /work/.scratch/repin/20261010T033430Z-ardhs7qy/build-source-3rl8r2dw/llvm/utils/lit/lit/llvm/subst.py:130: note: Did not find obj2yaml in /work/build/repin/20261010T033430Z-ardhs7qy/build-source-3rl8r2dw/bin
llvm-lit: /work/.scratch/repin/20261010T033430Z-ardhs7qy/build-source-3rl8r2dw/llvm/utils/lit/lit/llvm/subst.py:130: note: Did not find yaml-bench in /work/build/repin/20261010T033430Z-ardhs7qy/build-source-3rl8r2dw/bin
llvm-lit: /work/.scratch/repin/20261010T033430Z-ardhs7qy/build-source-3rl8r2dw/llvm/utils/lit/lit/llvm/subst.py:130: note: Did not find verify-uselistorder in /work/build/repin/20261010T033430Z-ardhs7qy/build-source-3rl8r2dw/bin
llvm-lit: /work/.scratch/repin/20261010T033430Z-ardhs7qy/build-source-3rl8r2dw/llvm/utils/lit/lit/llvm/subst.py:130: note: Did not find sancov in /work/build/repin/20261010T033430Z-ardhs7qy/build-source-3rl8r2dw/bin
llvm-lit: /work/.scratch/repin/20261010T033430Z-ardhs7qy/build-source-3rl8r2dw/llvm/utils/lit/lit/llvm/subst.py:130: note: Did not find sanstats in /work/build/repin/20261010T033430Z-ardhs7qy/build-source-3rl8r2dw/bin
llvm-lit: /work/.scratch/repin/20261010T033430Z-ardhs7qy/build-source-3rl8r2dw/llvm/utils/lit/lit/llvm/subst.py:130: note: Did not find llvm-remarkutil in /work/build/repin/20261010T033430Z-ardhs7qy/build-source-3rl8r2dw/bin
-- Testing: 141 tests, 2 workers --
PASS: LLVM :: CodeGen/MOS/fcmp.ll (1 of 141)
PASS: LLVM :: CodeGen/MOS/char-stats.ll (2 of 141)
PASS: LLVM :: CodeGen/MOS/copy-opt-chain.mir (3 of 141)
PASS: LLVM :: CodeGen/MOS/vector-scalarize.ll (4 of 141)
PASS: LLVM :: MC/MOS/branch-range-boundary.s (5 of 141)
PASS: LLVM :: MC/MOS/eflags-ir.ll (6 of 141)
PASS: LLVM :: MC/MOS/cop-signature.s (7 of 141)
PASS: LLVM :: CodeGen/MOS/jump-table-limit.ll (8 of 141)
PASS: LLVM :: CodeGen/MOS/mixed-width-call.ll (9 of 141)
PASS: LLVM :: CodeGen/MOS/legalizer.mir (10 of 141)
PASS: LLVM :: CodeGen/MOS/cmpzero-terminator-invalid.mir (11 of 141)
PASS: LLVM :: CodeGen/MOS/inc-dec-65ce02.ll (12 of 141)
PASS: LLVM :: CodeGen/MOS/copy-phys-reg.mir (13 of 141)
PASS: LLVM :: MC/MOS/zeropage-huc6280.s (14 of 141)
PASS: LLVM :: CodeGen/MOS/instruction-selector.mir (15 of 141)
PASS: LLVM :: CodeGen/MOS/print-int.ll (16 of 141)
PASS: LLVM :: MC/MOS/eflags.s (17 of 141)
PASS: LLVM :: CodeGen/MOS/coalesce-remat.ll (18 of 141)
PASS: LLVM :: CodeGen/MOS/postrapseudos-spc700.mir (19 of 141)
PASS: LLVM :: CodeGen/MOS/immediate-remat.ll (20 of 141)
PASS: LLVM :: CodeGen/MOS/branch-relaxation.mir (21 of 141)
PASS: LLVM :: CodeGen/MOS/prologepilog.mir (22 of 141)
PASS: LLVM :: CodeGen/MOS/inc-dec.ll (23 of 141)
PASS: LLVM :: CodeGen/MOS/add-sub.ll (24 of 141)
PASS: LLVM :: MC/MOS/brk-signature.s (25 of 141)
PASS: LLVM :: CodeGen/MOS/legalizer-huc6280.mir (26 of 141)
PASS: LLVM :: CodeGen/MOS/store-zero.ll (27 of 141)
PASS: LLVM :: CodeGen/MOS/asm-printer-spc700.mir (28 of 141)
PASS: LLVM :: CodeGen/MOS/twoaddr-reschedule-physreg.mir (29 of 141)
PASS: LLVM :: MC/MOS/all-r65c02-opcodes.s (30 of 141)
PASS: LLVM :: CodeGen/MOS/call-lowering.mir (31 of 141)
PASS: LLVM :: CodeGen/MOS/hello-world.ll (32 of 141)
PASS: LLVM :: CodeGen/MOS/cmp-select.ll (33 of 141)
PASS: LLVM :: CodeGen/MOS/copy-phys-reg-huc6280.mir (34 of 141)
PASS: LLVM :: CodeGen/MOS/char-stats-norecurse.ll (35 of 141)
PASS: LLVM :: CodeGen/MOS/scmp-ucmp.ll (36 of 141)
PASS: LLVM :: CodeGen/MOS/leaf-20231021.ll (37 of 141)
PASS: LLVM :: CodeGen/MOS/copy-phys-reg-spc700.mir (38 of 141)
PASS: LLVM :: CodeGen/MOS/instruction-selector-ir-65c02.mir (39 of 141)
PASS: LLVM :: MC/MOS/addr-asciz.s (40 of 141)
PASS: LLVM :: CodeGen/MOS/instruction-selector-ir.mir (41 of 141)
PASS: LLVM :: MC/MOS/branch-range-matrix-65816.s (42 of 141)
PASS: LLVM :: CodeGen/MOS/zp-alloc.ll (43 of 141)
PASS: LLVM :: CodeGen/MOS/integer-compare.ll (44 of 141)
PASS: LLVM :: CodeGen/MOS/mos-conventional-ssa-ties.mir (45 of 141)
PASS: LLVM :: CodeGen/MOS/static-stack.ll (46 of 141)
PASS: LLVM :: CodeGen/MOS/shift-rotate.ll (47 of 141)
PASS: LLVM :: CodeGen/MOS/legalizer-ir.mir (48 of 141)
PASS: LLVM :: CodeGen/MOS/branch-relaxation-65ce02.mir (49 of 141)
PASS: LLVM :: CodeGen/MOS/legalizer-65c02.mir (50 of 141)
PASS: LLVM :: CodeGen/MOS/prologepilog-ir.mir (51 of 141)
PASS: LLVM :: CodeGen/MOS/asm-printer.mir (52 of 141)
PASS: LLVM :: CodeGen/MOS/asm-printer-ir.mir (53 of 141)
PASS: LLVM :: MC/MOS/long-branches-65ce02.s (54 of 141)
PASS: LLVM :: CodeGen/MOS/zp-alloc-preexisting.ll (55 of 141)
PASS: LLVM :: MC/MOS/branch-range-matrix-bcc8.s (56 of 141)
PASS: LLVM :: CodeGen/MOS/instruction-selector-65dtv02.mir (57 of 141)
PASS: LLVM :: CodeGen/MOS/branch-relaxation-bra.mir (58 of 141)
PASS: LLVM :: CodeGen/MOS/whole-program-zp.ll (59 of 141)
PASS: LLVM :: CodeGen/MOS/late-opt-cmpzero.mir (60 of 141)
PASS: LLVM :: CodeGen/MOS/inc-dec-65c02.ll (61 of 141)
PASS: LLVM :: CodeGen/MOS/inc-dec-6502x.ll (62 of 141)
PASS: LLVM :: MC/MOS/addressing-modes-65816.s (63 of 141)
PASS: LLVM :: CodeGen/MOS/late-opt.mir (64 of 141)
PASS: LLVM :: CodeGen/MOS/copy-phys-reg-65c02.mir (65 of 141)
PASS: LLVM :: MC/MOS/all-65c02-opcodes.s (66 of 141)
PASS: LLVM :: CodeGen/MOS/shift-rotate-chain.mir (67 of 141)
PASS: LLVM :: CodeGen/MOS/light-spill.ll (68 of 141)
PASS: LLVM :: CodeGen/MOS/indexiv.ll (69 of 141)
PASS: LLVM :: CodeGen/MOS/insert-copies.mir (70 of 141)
PASS: LLVM :: CodeGen/MOS/ret-global-addr.ll (71 of 141)
PASS: LLVM :: CodeGen/MOS/instruction-selector-spc700.mir (72 of 141)
PASS: LLVM :: CodeGen/MOS/trivial.ll (73 of 141)
PASS: LLVM :: MC/MOS/all-6502-opcodes.s (74 of 141)
PASS: LLVM :: MC/MOS/bit-branch-target-r65c02.s (75 of 141)
PASS: LLVM :: CodeGen/MOS/postrapseudos-huc6280.mir (76 of 141)
PASS: LLVM :: CodeGen/MOS/call-lowering-spc700.mir (77 of 141)
PASS: LLVM :: CodeGen/MOS/copy-phys-reg-65816.mir (78 of 141)
PASS: LLVM :: MC/MOS/long-branches-65816.s (79 of 141)
PASS: LLVM :: CodeGen/MOS/combiner.mir (80 of 141)
PASS: LLVM :: CodeGen/MOS/finalize-isel.mir (81 of 141)
PASS: LLVM :: CodeGen/MOS/copy-opt-loop.mir (82 of 141)
PASS: LLVM :: CodeGen/MOS/zeropage.ll (83 of 141)
PASS: LLVM :: CodeGen/MOS/nonreentrant-nointerrupts.ll (84 of 141)
PASS: LLVM :: CodeGen/MOS/mos-conventional-ssa.mir (85 of 141)
PASS: LLVM :: CodeGen/MOS/inlineasm-constraint.mir (86 of 141)
PASS: LLVM :: MC/MOS/modifiers.s (87 of 141)
PASS: LLVM :: CodeGen/MOS/late-opt-spc700.mir (88 of 141)
PASS: LLVM :: MC/MOS/motorola-integers-default.s (89 of 141)
PASS: LLVM :: CodeGen/MOS/indvar-simplify-20230930.ll (90 of 141)
PASS: LLVM :: MC/MOS/do-fini-array.s (91 of 141)
PASS: LLVM :: CodeGen/MOS/copy-opt.mir (92 of 141)
PASS: LLVM :: MC/MOS/align-nop.s (93 of 141)
PASS: LLVM :: MC/MOS/all-45gs02-opcodes.s (94 of 141)
PASS: LLVM :: CodeGen/MOS/postrapseudos.mir (95 of 141)
PASS: LLVM :: CodeGen/MOS/dp-pointer-arg.ll (96 of 141)
PASS: LLVM :: CodeGen/MOS/commute.mir (97 of 141)
PASS: LLVM :: CodeGen/MOS/call-lowering-stack.mir (98 of 141)
PASS: LLVM :: CodeGen/MOS/nonreentrant.ll (99 of 141)
PASS: LLVM :: CodeGen/MOS/branch-relaxation-inline-asm.mir (100 of 141)
PASS: LLVM :: CodeGen/MOS/scavenger-65c02.mir (101 of 141)
PASS: LLVM :: MC/MOS/modifiers-spc700.s (102 of 141)
PASS: LLVM :: CodeGen/MOS/internalize.mir (103 of 141)
PASS: LLVM :: CodeGen/MOS/asm-printer-huc6280.mir (104 of 141)
PASS: LLVM :: MC/MOS/all-65el02-opcodes.s (105 of 141)
PASS: LLVM :: CodeGen/MOS/instruction-selector-ir-spc700.mir (106 of 141)
PASS: LLVM :: MC/MOS/all-w65c02-opcodes.s (107 of 141)
PASS: LLVM :: MC/MOS/all-spc700-aliases.s (108 of 141)
PASS: LLVM :: CodeGen/MOS/lower-select.mir (109 of 141)
PASS: LLVM :: CodeGen/MOS/zp-alloc-deterministic.ll (110 of 141)
PASS: LLVM :: MC/MOS/pc-rel-reloc.s (111 of 141)
PASS: LLVM :: MC/MOS/uppercase-registers.s (112 of 141)
PASS: LLVM :: MC/MOS/branch-range-matrix-65ce02.s (113 of 141)
PASS: LLVM :: CodeGen/MOS/callee-saved-regs.ll (114 of 141)
PASS: LLVM :: MC/MOS/modifiers-65816.s (115 of 141)
PASS: LLVM :: CodeGen/MOS/no-csr.ll (116 of 141)
PASS: LLVM :: MC/MOS/asm-errors.s (117 of 141)
PASS: LLVM :: CodeGen/MOS/inline-asm-zp-csr.ll (118 of 141)
PASS: LLVM :: MC/MOS/all-4510-opcodes.s (119 of 141)
PASS: LLVM :: MC/MOS/do-init-array.s (120 of 141)
PASS: LLVM :: CodeGen/MOS/regalloc.mir (121 of 141)
PASS: LLVM :: CodeGen/MOS/late-opt-65816.mir (122 of 141)
PASS: LLVM :: MC/MOS/zp-regression.s (123 of 141)
PASS: LLVM :: CodeGen/MOS/late-opt-65c02.mir (124 of 141)
PASS: LLVM :: MC/MOS/do-init-stack.s (125 of 141)
PASS: LLVM :: MC/MOS/all-huc6280-opcodes.s (126 of 141)
PASS: LLVM :: MC/MOS/zeropage.s (127 of 141)
PASS: LLVM :: CodeGen/MOS/scavenger.mir (128 of 141)
PASS: LLVM :: MC/MOS/do-copy-data.s (129 of 141)
PASS: LLVM :: MC/MOS/all-6502x-opcodes.s (130 of 141)
PASS: LLVM :: MC/MOS/all-65ce02-opcodes.s (131 of 141)
PASS: LLVM :: MC/MOS/all-spc700-opcodes.s (132 of 141)
PASS: LLVM :: MC/MOS/all-65816-aliases.s (133 of 141)
PASS: LLVM :: MC/MOS/all-65dtv02-opcodes.s (134 of 141)
PASS: LLVM :: MC/MOS/all-65816-opcodes.s (135 of 141)
PASS: LLVM :: MC/MOS/inst-lda.s (136 of 141)
PASS: LLVM :: MC/MOS/ophis-hello-world.s (137 of 141)
PASS: LLVM :: MC/MOS/do-zero-bss.s (138 of 141)
UNSUPPORTED: LLVM :: CodeGen/MOS/getchar-regression.ll (139 of 141)
PASS: LLVM :: MC/MOS/branch-range-errors.s (140 of 141)
PASS: LLVM :: MC/MOS/trivial.s (141 of 141)

Testing Time: 6.35s

Total Discovered Tests: 141
  Unsupported:   1 (0.71%)
  Passed     : 140 (99.29%)
