--- |
  ; ModuleID = '/home/will/llvm-mos-65816/docs/defects/evidence/2026-09-25-trunc-imag8-i1/clang-o1.ll'
  source_filename = "docs/defects/evidence/2026-09-25-trunc-imag8-i1/source.c"
  target datalayout = "e-m:e-p:16:8-p1:8:8-i16:8-i32:8-i64:8-f32:8-f64:8-a:8-Fi8-n8"
  target triple = "mos"
  
  ; Function Attrs: mustprogress nofree norecurse nosync nounwind willreturn memory(none)
  define dso_local noundef zeroext i8 @trunc_imag8_i1(i8 noundef zeroext %0, i8 noundef zeroext %1) local_unnamed_addr #0 {
    %3 = trunc i8 %1 to i1
    br i1 %3, label %4, label %6
  
  4:                                                ; preds = %2
    %5 = sub i8 %0, %1
    br label %6
  
  6:                                                ; preds = %4, %2
    %7 = phi i8 [ %5, %4 ], [ %0, %2 ]
    ret i8 %7
  }
  
  attributes #0 = { mustprogress nofree norecurse nosync nounwind willreturn memory(none) "frame-pointer"="all" "no-trapping-math"="true" "nonreentrant" "stack-protector-buffer-size"="8" "target-cpu"="mos6502" }
  
  !llvm.module.flags = !{!0}
  !llvm.ident = !{!1}
  !llvm.errno.tbaa = !{!2}
  
  !0 = !{i32 7, !"frame-pointer", i32 2}
  !1 = !{!"clang version 23.0.0git (https://github.com/llvm-mos/llvm-mos.git 8be0546128a55e78c63ca571d466aa72a782cd36)"}
  !2 = !{!3, !3, i64 0}
  !3 = !{!"int", !4, i64 0}
  !4 = !{!"omnipotent char", !5, i64 0}
  !5 = !{!"Simple C/C++ TBAA"}
...
---
name:            trunc_imag8_i1
alignment:       1
exposesReturnsTwice: false
legalized:       true
regBankSelected: true
selected:        true
failedISel:      false
tracksRegLiveness: true
hasWinCFI:       false
noPhis:          false
isSSA:           true
noVRegs:         false
hasFakeUses:     false
callsEHReturn:   false
callsUnwindInit: false
hasEHContTarget: false
hasEHScopes:     false
hasEHFunclets:   false
isOutlined:      false
debugInstrRef:   false
failsVerification: false
tracksDebugUserValues: false
registers:
  - { id: 0, class: ac, preferred-register: '', flags: [  ] }
  - { id: 1, class: imag8, preferred-register: '', flags: [  ] }
  - { id: 2, class: gpr_lsb, preferred-register: '', flags: [  ] }
  - { id: 3, class: ac, preferred-register: '', flags: [  ] }
  - { id: 4, class: anyi8, preferred-register: '', flags: [  ] }
  - { id: 5, class: _, preferred-register: '', flags: [  ] }
  - { id: 6, class: _, preferred-register: '', flags: [  ] }
  - { id: 7, class: vc, preferred-register: '', flags: [  ] }
  - { id: 8, class: cc, preferred-register: '', flags: [  ] }
  - { id: 9, class: cc, preferred-register: '', flags: [  ] }
  - { id: 10, class: ac, preferred-register: '', flags: [  ] }
  - { id: 11, class: ac, preferred-register: '', flags: [  ] }
liveins:         []
frameInfo:
  isFrameAddressTaken: false
  isReturnAddressTaken: false
  hasStackMap:     false
  hasPatchPoint:   false
  stackSize:       0
  offsetAdjustment: 0
  maxAlignment:    1
  adjustsStack:    false
  hasCalls:        false
  framePointerPolicy: all
  stackProtector:  ''
  functionContext: ''
  maxCallFrameSize: 4294967295
  cvBytesOfCalleeSavedRegisters: 0
  hasOpaqueSPAdjustment: false
  hasVAStart:      false
  hasMustTailInVarArgFunc: false
  hasTailCall:     false
  isCalleeSavedInfoValid: false
  localFrameSize:  0
fixedStack:      []
stack:           []
entry_values:    []
callSites:       []
debugValueSubstitutions: []
constants:       []
machineFunctionInfo: {}
body:             |
  bb.1 (%ir-block.2):
    successors: %bb.2(0x40000000), %bb.3(0x40000000)
    liveins: $a, $x
  
    %0:ac = COPY $a
    %1:imag8 = COPY $x
    %11:ac = COPY %1
    %10:ac = ANDImm %11, 1
    %2:gpr_lsb = COPY %10.sublsb
    GBR %bb.3, %2, 0, implicit-def $c
    JMP %bb.2
  
  bb.2 (%ir-block.4):
    successors: %bb.3(0x80000000)
  
    %9:cc = LDCImm -1
    %3:ac, dead %8:cc, dead %7:vc = SBCImag8 %0, %1, %9
  
  bb.3 (%ir-block.6):
    %4:anyi8 = PHI %3, %bb.2, %0, %bb.1
    $a = COPY %4
    RTS implicit $a
...
