$ build/split-320-321/llc/p-321-00 -mtriple=mos -mcpu=mos6502 -O2 -verify-machineinstrs docs/defects/evidence/2026-10-01-legalizer-fold-dangling-dbg-upstream/nidx.ll -o /dev/null
# llc sha256 2f5c17683f93825767f9d4888ab6a15c929e9508ef2817c3267f9199e14d39a7

# After Detect Dead Lanes
# Machine code for function walk: IsSSA, TracksLiveness, Legalized, RegBankSelected, Selected

bb.1 (%ir-block.0):
  liveins: $a, $rs1
  %0:imag16 = COPY $rs1
  %1:yc = COPY $a
  DBG_VALUE undef %3:any, $noreg, !"q", !DIExpression(), debug-location !10; dbg.c:2 line no:3
  %4:ac = LDIndirIdx %0:imag16, %1:yc, debug-location !10 :: (load (s8) from %ir.q); dbg.c:2
  $a = COPY %4:ac, debug-location !10; dbg.c:2
  RTS implicit $a, debug-location !10; dbg.c:2

# End machine code for function walk.

*** Bad machine code: Generic virtual register use cannot be undef ***
- function:    walk
- basic block: %bb.1  (0x5b60ca63d770)
- instruction: DBG_VALUE undef %3:any, $noreg, !"q", !DIExpression(), debug-location !10; dbg.c:2 line no:3
- operand 0:   undef %3:any
LLVM ERROR: Found 1 machine code errors.
PLEASE submit a bug report to https://github.com/llvm/llvm-project/issues/ and include the crash backtrace and instructions to reproduce the bug.
Stack dump:
0.	Program arguments: build/split-320-321/llc/p-321-00 -mtriple=mos -mcpu=mos6502 -O2 -verify-machineinstrs docs/defects/evidence/2026-10-01-legalizer-fold-dangling-dbg-upstream/nidx.ll -o /dev/null
1.	Running pass 'Function Pass Manager' on module 'docs/defects/evidence/2026-10-01-legalizer-fold-dangling-dbg-upstream/nidx.ll'.
2.	Running pass 'Verify generated machine code' on function '@walk'
 #0 0x00005b60928ae98b llvm::sys::PrintStackTrace(llvm::raw_ostream&, int) (build/split-320-321/llc/p-321-00+0x452e98b)
 #1 0x00005b60928ab811 llvm::sys::RunSignalHandlers() (build/split-320-321/llc/p-321-00+0x452b811)
 #2 0x00005b60928af79b SignalHandler(int, siginfo_t*, void*) Signals.cpp:0:0
 #3 0x0000721b6fbcbcb0 (/usr/lib/x86_64-linux-gnu/libc.so.6+0x45cb0)
 #4 0x0000721b6fc2c1ac pthread_kill (/usr/lib/x86_64-linux-gnu/libc.so.6+0xa61ac)
 #5 0x0000721b6fbcbb7e raise (/usr/lib/x86_64-linux-gnu/libc.so.6+0x45b7e)
 #6 0x0000721b6fbae8ec abort (/usr/lib/x86_64-linux-gnu/libc.so.6+0x288ec)
 #7 0x00005b6092809cf5 llvm::report_fatal_error(llvm::Twine const&, bool) (build/split-320-321/llc/p-321-00+0x4489cf5)
 #8 0x00005b6091664892 (anonymous namespace)::MachineVerifier::~MachineVerifier() MachineVerifier.cpp:0:0
 #9 0x00005b6091665eaa (anonymous namespace)::MachineVerifierLegacyPass::runOnMachineFunction(llvm::MachineFunction&) MachineVerifier.cpp:0:0
#10 0x00005b6091549379 llvm::MachineFunctionPass::runOnFunction(llvm::Function&) (build/split-320-321/llc/p-321-00+0x31c9379)
#11 0x00005b6091adb750 llvm::FPPassManager::runOnFunction(llvm::Function&) (build/split-320-321/llc/p-321-00+0x375b750)
#12 0x00005b6091ae3852 llvm::FPPassManager::runOnModule(llvm::Module&) (build/split-320-321/llc/p-321-00+0x3763852)
#13 0x00005b6091adc514 llvm::legacy::PassManagerImpl::run(llvm::Module&) (build/split-320-321/llc/p-321-00+0x375c514)
#14 0x00005b60904aca8b compileModule(char**, llvm::SmallVectorImpl<llvm::PassPlugin>&, llvm::LLVMContext&, std::__cxx11::basic_string<char, std::char_traits<char>, std::allocator<char>>&) llc.cpp:0:0
#15 0x00005b60904a9d53 main (build/split-320-321/llc/p-321-00+0x2129d53)
#16 0x0000721b6fbb0601 (/usr/lib/x86_64-linux-gnu/libc.so.6+0x2a601)
#17 0x0000721b6fbb0718 __libc_start_main (/usr/lib/x86_64-linux-gnu/libc.so.6+0x2a718)
#18 0x00005b60904a8f65 _start (build/split-320-321/llc/p-321-00+0x2128f65)
exit_code=134
