$ build/split-320-321/llc/p-321-00 -mtriple=mos -mcpu=mos6502 -O0 -verify-machineinstrs docs/defects/evidence/2026-10-01-legalizer-fold-dangling-dbg-upstream/ngfield.ll -o /dev/null
# llc sha256 2f5c17683f93825767f9d4888ab6a15c929e9508ef2817c3267f9199e14d39a7

# After Detect Dead Lanes
# Machine code for function walk: IsSSA, TracksLiveness, Legalized, RegBankSelected, Selected

bb.1 (%ir-block.0):
  DBG_VALUE undef %2:any, $noreg, !"q", !DIExpression(), debug-location !10; dbg.c:2 line no:3
  %3:gpr = LDAbs @g + 1, debug-location !10 :: (load (s8) from %ir.q); dbg.c:2
  $a = COPY %3:gpr, debug-location !10; dbg.c:2
  RTS implicit $a, debug-location !10; dbg.c:2

# End machine code for function walk.

*** Bad machine code: Generic virtual register use cannot be undef ***
- function:    walk
- basic block: %bb.1  (0x61aea4490580)
- instruction: DBG_VALUE undef %2:any, $noreg, !"q", !DIExpression(), debug-location !10; dbg.c:2 line no:3
- operand 0:   undef %2:any
LLVM ERROR: Found 1 machine code errors.
PLEASE submit a bug report to https://github.com/llvm/llvm-project/issues/ and include the crash backtrace and instructions to reproduce the bug.
Stack dump:
0.	Program arguments: build/split-320-321/llc/p-321-00 -mtriple=mos -mcpu=mos6502 -O0 -verify-machineinstrs docs/defects/evidence/2026-10-01-legalizer-fold-dangling-dbg-upstream/ngfield.ll -o /dev/null
1.	Running pass 'Function Pass Manager' on module 'docs/defects/evidence/2026-10-01-legalizer-fold-dangling-dbg-upstream/ngfield.ll'.
2.	Running pass 'Verify generated machine code' on function '@walk'
 #0 0x000061ae797c098b llvm::sys::PrintStackTrace(llvm::raw_ostream&, int) (build/split-320-321/llc/p-321-00+0x452e98b)
 #1 0x000061ae797bd811 llvm::sys::RunSignalHandlers() (build/split-320-321/llc/p-321-00+0x452b811)
 #2 0x000061ae797c179b SignalHandler(int, siginfo_t*, void*) Signals.cpp:0:0
 #3 0x000072ff90e65cb0 (/usr/lib/x86_64-linux-gnu/libc.so.6+0x45cb0)
 #4 0x000072ff90ec61ac pthread_kill (/usr/lib/x86_64-linux-gnu/libc.so.6+0xa61ac)
 #5 0x000072ff90e65b7e raise (/usr/lib/x86_64-linux-gnu/libc.so.6+0x45b7e)
 #6 0x000072ff90e488ec abort (/usr/lib/x86_64-linux-gnu/libc.so.6+0x288ec)
 #7 0x000061ae7971bcf5 llvm::report_fatal_error(llvm::Twine const&, bool) (build/split-320-321/llc/p-321-00+0x4489cf5)
 #8 0x000061ae78576892 (anonymous namespace)::MachineVerifier::~MachineVerifier() MachineVerifier.cpp:0:0
 #9 0x000061ae78577eaa (anonymous namespace)::MachineVerifierLegacyPass::runOnMachineFunction(llvm::MachineFunction&) MachineVerifier.cpp:0:0
#10 0x000061ae7845b379 llvm::MachineFunctionPass::runOnFunction(llvm::Function&) (build/split-320-321/llc/p-321-00+0x31c9379)
#11 0x000061ae789ed750 llvm::FPPassManager::runOnFunction(llvm::Function&) (build/split-320-321/llc/p-321-00+0x375b750)
#12 0x000061ae789f5852 llvm::FPPassManager::runOnModule(llvm::Module&) (build/split-320-321/llc/p-321-00+0x3763852)
#13 0x000061ae789ee514 llvm::legacy::PassManagerImpl::run(llvm::Module&) (build/split-320-321/llc/p-321-00+0x375c514)
#14 0x000061ae773bea8b compileModule(char**, llvm::SmallVectorImpl<llvm::PassPlugin>&, llvm::LLVMContext&, std::__cxx11::basic_string<char, std::char_traits<char>, std::allocator<char>>&) llc.cpp:0:0
#15 0x000061ae773bbd53 main (build/split-320-321/llc/p-321-00+0x2129d53)
#16 0x000072ff90e4a601 (/usr/lib/x86_64-linux-gnu/libc.so.6+0x2a601)
#17 0x000072ff90e4a718 __libc_start_main (/usr/lib/x86_64-linux-gnu/libc.so.6+0x2a718)
#18 0x000061ae773baf65 _start (build/split-320-321/llc/p-321-00+0x2128f65)
exit_code=134
