*** Reducing Instructions (instructions)...
warning: reduction attempt on function 'newton_step' failed machine verifier (debug with -print-invalid-reduction-machine-verifier-errors)
warning: reduction attempt on function 'newton_step' failed machine verifier (debug with -print-invalid-reduction-machine-verifier-errors)
warning: reduction attempt on function 'newton_step' failed machine verifier (debug with -print-invalid-reduction-machine-verifier-errors)
warning: reduction attempt on function 'newton_step' failed machine verifier (debug with -print-invalid-reduction-machine-verifier-errors)
warning: reduction attempt on function 'newton_step' failed machine verifier (debug with -print-invalid-reduction-machine-verifier-errors)
warning: reduction attempt on function 'newton_step' failed machine verifier (debug with -print-invalid-reduction-machine-verifier-errors)
warning: reduction attempt on function 'newton_step' failed machine verifier (debug with -print-invalid-reduction-machine-verifier-errors)
warning: reduction attempt on function 'newton_step' failed machine verifier (debug with -print-invalid-reduction-machine-verifier-errors)
warning: reduction attempt on function 'newton_step' failed machine verifier (debug with -print-invalid-reduction-machine-verifier-errors)
warning: reduction attempt on function 'newton_step' failed machine verifier (debug with -print-invalid-reduction-machine-verifier-errors)
warning: reduction attempt on function 'newton_step' failed machine verifier (debug with -print-invalid-reduction-machine-verifier-errors)
warning: reduction attempt on function 'newton_step' failed machine verifier (debug with -print-invalid-reduction-machine-verifier-errors)
warning: reduction attempt on function 'newton_step' failed machine verifier (debug with -print-invalid-reduction-machine-verifier-errors)
warning: reduction attempt on function 'newton_step' failed machine verifier (debug with -print-invalid-reduction-machine-verifier-errors)
warning: reduction attempt on function 'newton_step' failed machine verifier (debug with -print-invalid-reduction-machine-verifier-errors)
warning: reduction attempt on function 'newton_step' failed machine verifier (debug with -print-invalid-reduction-machine-verifier-errors)
warning: reduction attempt on function 'newton_step' failed machine verifier (debug with -print-invalid-reduction-machine-verifier-errors)
warning: reduction attempt on function 'newton_step' failed machine verifier (debug with -print-invalid-reduction-machine-verifier-errors)
warning: reduction attempt on function 'newton_step' failed machine verifier (debug with -print-invalid-reduction-machine-verifier-errors)
warning: reduction attempt on function 'newton_step' failed machine verifier (debug with -print-invalid-reduction-machine-verifier-errors)
warning: reduction attempt on function 'newton_step' failed machine verifier (debug with -print-invalid-reduction-machine-verifier-errors)
warning: reduction attempt on function 'newton_step' failed machine verifier (debug with -print-invalid-reduction-machine-verifier-errors)
warning: reduction attempt on function 'newton_step' failed machine verifier (debug with -print-invalid-reduction-machine-verifier-errors)
warning: reduction attempt on function 'newton_step' failed machine verifier (debug with -print-invalid-reduction-machine-verifier-errors)
warning: reduction attempt on function 'newton_step' failed machine verifier (debug with -print-invalid-reduction-machine-verifier-errors)
warning: reduction attempt on function 'newton_step' failed machine verifier (debug with -print-invalid-reduction-machine-verifier-errors)
warning: reduction attempt on function 'newton_step' failed machine verifier (debug with -print-invalid-reduction-machine-verifier-errors)
warning: reduction attempt on function 'newton_step' failed machine verifier (debug with -print-invalid-reduction-machine-verifier-errors)
warning: reduction attempt on function 'newton_step' failed machine verifier (debug with -print-invalid-reduction-machine-verifier-errors)
warning: reduction attempt on function 'newton_step' failed machine verifier (debug with -print-invalid-reduction-machine-verifier-errors)
warning: reduction attempt on function 'newton_step' failed machine verifier (debug with -print-invalid-reduction-machine-verifier-errors)
warning: reduction attempt on function 'newton_step' failed machine verifier (debug with -print-invalid-reduction-machine-verifier-errors)
warning: reduction attempt on function 'newton_step' failed machine verifier (debug with -print-invalid-reduction-machine-verifier-errors)
warning: reduction attempt on function 'newton_step' failed machine verifier (debug with -print-invalid-reduction-machine-verifier-errors)
warning: reduction attempt on function 'newton_step' failed machine verifier (debug with -print-invalid-reduction-machine-verifier-errors)
warning: reduction attempt on function 'newton_step' failed machine verifier (debug with -print-invalid-reduction-machine-verifier-errors)
warning: reduction attempt on function 'newton_step' failed machine verifier (debug with -print-invalid-reduction-machine-verifier-errors)
warning: reduction attempt on function 'newton_step' failed machine verifier (debug with -print-invalid-reduction-machine-verifier-errors)
warning: reduction attempt on function 'newton_step' failed machine verifier (debug with -print-invalid-reduction-machine-verifier-errors)
warning: reduction attempt on function 'newton_step' failed machine verifier (debug with -print-invalid-reduction-machine-verifier-errors)
warning: reduction attempt on function 'newton_step' failed machine verifier (debug with -print-invalid-reduction-machine-verifier-errors)
warning: reduction attempt on function 'newton_step' failed machine verifier (debug with -print-invalid-reduction-machine-verifier-errors)
warning: reduction attempt on function 'newton_step' failed machine verifier (debug with -print-invalid-reduction-machine-verifier-errors)
warning: reduction attempt on function 'newton_step' failed machine verifier (debug with -print-invalid-reduction-machine-verifier-errors)
warning: reduction attempt on function 'newton_step' failed machine verifier (debug with -print-invalid-reduction-machine-verifier-errors)
warning: reduction attempt on function 'newton_step' failed machine verifier (debug with -print-invalid-reduction-machine-verifier-errors)
warning: reduction attempt on function 'newton_step' failed machine verifier (debug with -print-invalid-reduction-machine-verifier-errors)
warning: reduction attempt on function 'newton_step' failed machine verifier (debug with -print-invalid-reduction-machine-verifier-errors)
warning: reduction attempt on function 'newton_step' failed machine verifier (debug with -print-invalid-reduction-machine-verifier-errors)
warning: reduction attempt on function 'newton_step' failed machine verifier (debug with -print-invalid-reduction-machine-verifier-errors)
warning: reduction attempt on function 'newton_step' failed machine verifier (debug with -print-invalid-reduction-machine-verifier-errors)
warning: reduction attempt on function 'newton_step' failed machine verifier (debug with -print-invalid-reduction-machine-verifier-errors)
warning: reduction attempt on function 'newton_step' failed machine verifier (debug with -print-invalid-reduction-machine-verifier-errors)
warning: reduction attempt on function 'newton_step' failed machine verifier (debug with -print-invalid-reduction-machine-verifier-errors)
warning: reduction attempt on function 'newton_step' failed machine verifier (debug with -print-invalid-reduction-machine-verifier-errors)
warning: reduction attempt on function 'newton_step' failed machine verifier (debug with -print-invalid-reduction-machine-verifier-errors)
warning: reduction attempt on function 'newton_step' failed machine verifier (debug with -print-invalid-reduction-machine-verifier-errors)
warning: reduction attempt on function 'newton_step' failed machine verifier (debug with -print-invalid-reduction-machine-verifier-errors)
warning: reduction attempt on function 'newton_step' failed machine verifier (debug with -print-invalid-reduction-machine-verifier-errors)
warning: reduction attempt on function 'newton_step' failed machine verifier (debug with -print-invalid-reduction-machine-verifier-errors)
warning: reduction attempt on function 'newton_step' failed machine verifier (debug with -print-invalid-reduction-machine-verifier-errors)
warning: reduction attempt on function 'newton_step' failed machine verifier (debug with -print-invalid-reduction-machine-verifier-errors)
warning: reduction attempt on function 'newton_step' failed machine verifier (debug with -print-invalid-reduction-machine-verifier-errors)
warning: reduction attempt on function 'newton_step' failed machine verifier (debug with -print-invalid-reduction-machine-verifier-errors)
warning: reduction attempt on function 'newton_step' failed machine verifier (debug with -print-invalid-reduction-machine-verifier-errors)
warning: reduction attempt on function 'newton_step' failed machine verifier (debug with -print-invalid-reduction-machine-verifier-errors)
warning: reduction attempt on function 'newton_step' failed machine verifier (debug with -print-invalid-reduction-machine-verifier-errors)
warning: reduction attempt on function 'newton_step' failed machine verifier (debug with -print-invalid-reduction-machine-verifier-errors)
warning: reduction attempt on function 'newton_step' failed machine verifier (debug with -print-invalid-reduction-machine-verifier-errors)
warning: reduction attempt on function 'newton_step' failed machine verifier (debug with -print-invalid-reduction-machine-verifier-errors)
warning: reduction attempt on function 'newton_step' failed machine verifier (debug with -print-invalid-reduction-machine-verifier-errors)
warning: reduction attempt on function 'newton_step' failed machine verifier (debug with -print-invalid-reduction-machine-verifier-errors)
warning: reduction attempt on function 'newton_step' failed machine verifier (debug with -print-invalid-reduction-machine-verifier-errors)
warning: reduction attempt on function 'newton_step' failed machine verifier (debug with -print-invalid-reduction-machine-verifier-errors)
warning: reduction attempt on function 'newton_step' failed machine verifier (debug with -print-invalid-reduction-machine-verifier-errors)
warning: reduction attempt on function 'newton_step' failed machine verifier (debug with -print-invalid-reduction-machine-verifier-errors)
warning: reduction attempt on function 'newton_step' failed machine verifier (debug with -print-invalid-reduction-machine-verifier-errors)
warning: reduction attempt on function 'newton_step' failed machine verifier (debug with -print-invalid-reduction-machine-verifier-errors)
warning: reduction attempt on function 'newton_step' failed machine verifier (debug with -print-invalid-reduction-machine-verifier-errors)
warning: reduction attempt on function 'newton_step' failed machine verifier (debug with -print-invalid-reduction-machine-verifier-errors)
warning: reduction attempt on function 'newton_step' failed machine verifier (debug with -print-invalid-reduction-machine-verifier-errors)
warning: reduction attempt on function 'newton_step' failed machine verifier (debug with -print-invalid-reduction-machine-verifier-errors)
warning: reduction attempt on function 'newton_step' failed machine verifier (debug with -print-invalid-reduction-machine-verifier-errors)
warning: reduction attempt on function 'newton_step' failed machine verifier (debug with -print-invalid-reduction-machine-verifier-errors)
warning: reduction attempt on function 'newton_step' failed machine verifier (debug with -print-invalid-reduction-machine-verifier-errors)
warning: reduction attempt on function 'newton_step' failed machine verifier (debug with -print-invalid-reduction-machine-verifier-errors)
warning: reduction attempt on function 'newton_step' failed machine verifier (debug with -print-invalid-reduction-machine-verifier-errors)
warning: reduction attempt on function 'newton_step' failed machine verifier (debug with -print-invalid-reduction-machine-verifier-errors)
warning: reduction attempt on function 'newton_step' failed machine verifier (debug with -print-invalid-reduction-machine-verifier-errors)
warning: reduction attempt on function 'newton_step' failed machine verifier (debug with -print-invalid-reduction-machine-verifier-errors)
warning: reduction attempt on function 'newton_step' failed machine verifier (debug with -print-invalid-reduction-machine-verifier-errors)
warning: reduction attempt on function 'newton_step' failed machine verifier (debug with -print-invalid-reduction-machine-verifier-errors)
warning: reduction attempt on function 'newton_step' failed machine verifier (debug with -print-invalid-reduction-machine-verifier-errors)
warning: reduction attempt on function 'newton_step' failed machine verifier (debug with -print-invalid-reduction-machine-verifier-errors)
warning: reduction attempt on function 'newton_step' failed machine verifier (debug with -print-invalid-reduction-machine-verifier-errors)
warning: reduction attempt on function 'newton_step' failed machine verifier (debug with -print-invalid-reduction-machine-verifier-errors)
warning: reduction attempt on function 'newton_step' failed machine verifier (debug with -print-invalid-reduction-machine-verifier-errors)
warning: reduction attempt on function 'newton_step' failed machine verifier (debug with -print-invalid-reduction-machine-verifier-errors)
warning: reduction attempt on function 'newton_step' failed machine verifier (debug with -print-invalid-reduction-machine-verifier-errors)
warning: reduction attempt on function 'newton_step' failed machine verifier (debug with -print-invalid-reduction-machine-verifier-errors)
warning: reduction attempt on function 'newton_step' failed machine verifier (debug with -print-invalid-reduction-machine-verifier-errors)
warning: reduction attempt on function 'newton_step' failed machine verifier (debug with -print-invalid-reduction-machine-verifier-errors)
warning: reduction attempt on function 'newton_step' failed machine verifier (debug with -print-invalid-reduction-machine-verifier-errors)
warning: reduction attempt on function 'newton_step' failed machine verifier (debug with -print-invalid-reduction-machine-verifier-errors)
warning: reduction attempt on function 'newton_step' failed machine verifier (debug with -print-invalid-reduction-machine-verifier-errors)
warning: reduction attempt on function 'newton_step' failed machine verifier (debug with -print-invalid-reduction-machine-verifier-errors)
warning: reduction attempt on function 'newton_step' failed machine verifier (debug with -print-invalid-reduction-machine-verifier-errors)
warning: reduction attempt on function 'newton_step' failed machine verifier (debug with -print-invalid-reduction-machine-verifier-errors)
warning: reduction attempt on function 'newton_step' failed machine verifier (debug with -print-invalid-reduction-machine-verifier-errors)
warning: reduction attempt on function 'newton_step' failed machine verifier (debug with -print-invalid-reduction-machine-verifier-errors)
warning: reduction attempt on function 'newton_step' failed machine verifier (debug with -print-invalid-reduction-machine-verifier-errors)
warning: reduction attempt on function 'newton_step' failed machine verifier (debug with -print-invalid-reduction-machine-verifier-errors)
warning: reduction attempt on function 'newton_step' failed machine verifier (debug with -print-invalid-reduction-machine-verifier-errors)
warning: reduction attempt on function 'newton_step' failed machine verifier (debug with -print-invalid-reduction-machine-verifier-errors)
warning: reduction attempt on function 'newton_step' failed machine verifier (debug with -print-invalid-reduction-machine-verifier-errors)
warning: reduction attempt on function 'newton_step' failed machine verifier (debug with -print-invalid-reduction-machine-verifier-errors)
warning: reduction attempt on function 'newton_step' failed machine verifier (debug with -print-invalid-reduction-machine-verifier-errors)
warning: reduction attempt on function 'newton_step' failed machine verifier (debug with -print-invalid-reduction-machine-verifier-errors)
warning: reduction attempt on function 'newton_step' failed machine verifier (debug with -print-invalid-reduction-machine-verifier-errors)
warning: reduction attempt on function 'newton_step' failed machine verifier (debug with -print-invalid-reduction-machine-verifier-errors)
warning: reduction attempt on function 'newton_step' failed machine verifier (debug with -print-invalid-reduction-machine-verifier-errors)
warning: reduction attempt on function 'newton_step' failed machine verifier (debug with -print-invalid-reduction-machine-verifier-errors)
warning: reduction attempt on function 'newton_step' failed machine verifier (debug with -print-invalid-reduction-machine-verifier-errors)
warning: reduction attempt on function 'newton_step' failed machine verifier (debug with -print-invalid-reduction-machine-verifier-errors)
warning: reduction attempt on function 'newton_step' failed machine verifier (debug with -print-invalid-reduction-machine-verifier-errors)
warning: reduction attempt on function 'newton_step' failed machine verifier (debug with -print-invalid-reduction-machine-verifier-errors)
warning: reduction attempt on function 'newton_step' failed machine verifier (debug with -print-invalid-reduction-machine-verifier-errors)
warning: reduction attempt on function 'newton_step' failed machine verifier (debug with -print-invalid-reduction-machine-verifier-errors)
warning: reduction attempt on function 'newton_step' failed machine verifier (debug with -print-invalid-reduction-machine-verifier-errors)
warning: reduction attempt on function 'newton_step' failed machine verifier (debug with -print-invalid-reduction-machine-verifier-errors)
warning: reduction attempt on function 'newton_step' failed machine verifier (debug with -print-invalid-reduction-machine-verifier-errors)
warning: reduction attempt on function 'newton_step' failed machine verifier (debug with -print-invalid-reduction-machine-verifier-errors)
warning: reduction attempt on function 'newton_step' failed machine verifier (debug with -print-invalid-reduction-machine-verifier-errors)
warning: reduction attempt on function 'newton_step' failed machine verifier (debug with -print-invalid-reduction-machine-verifier-errors)
warning: reduction attempt on function 'newton_step' failed machine verifier (debug with -print-invalid-reduction-machine-verifier-errors)
warning: reduction attempt on function 'newton_step' failed machine verifier (debug with -print-invalid-reduction-machine-verifier-errors)
warning: reduction attempt on function 'newton_step' failed machine verifier (debug with -print-invalid-reduction-machine-verifier-errors)
warning: reduction attempt on function 'newton_step' failed machine verifier (debug with -print-invalid-reduction-machine-verifier-errors)
warning: reduction attempt on function 'newton_step' failed machine verifier (debug with -print-invalid-reduction-machine-verifier-errors)
warning: reduction attempt on function 'newton_step' failed machine verifier (debug with -print-invalid-reduction-machine-verifier-errors)
warning: reduction attempt on function 'newton_step' failed machine verifier (debug with -print-invalid-reduction-machine-verifier-errors)
warning: reduction attempt on function 'newton_step' failed machine verifier (debug with -print-invalid-reduction-machine-verifier-errors)
warning: reduction attempt on function 'newton_step' failed machine verifier (debug with -print-invalid-reduction-machine-verifier-errors)
warning: reduction attempt on function 'newton_step' failed machine verifier (debug with -print-invalid-reduction-machine-verifier-errors)
warning: reduction attempt on function 'newton_step' failed machine verifier (debug with -print-invalid-reduction-machine-verifier-errors)
warning: reduction attempt on function 'newton_step' failed machine verifier (debug with -print-invalid-reduction-machine-verifier-errors)
warning: reduction attempt on function 'newton_step' failed machine verifier (debug with -print-invalid-reduction-machine-verifier-errors)
warning: reduction attempt on function 'newton_step' failed machine verifier (debug with -print-invalid-reduction-machine-verifier-errors)
warning: reduction attempt on function 'newton_step' failed machine verifier (debug with -print-invalid-reduction-machine-verifier-errors)
warning: reduction attempt on function 'newton_step' failed machine verifier (debug with -print-invalid-reduction-machine-verifier-errors)
warning: reduction attempt on function 'newton_step' failed machine verifier (debug with -print-invalid-reduction-machine-verifier-errors)
warning: reduction attempt on function 'newton_step' failed machine verifier (debug with -print-invalid-reduction-machine-verifier-errors)
warning: reduction attempt on function 'newton_step' failed machine verifier (debug with -print-invalid-reduction-machine-verifier-errors)
warning: reduction attempt on function 'newton_step' failed machine verifier (debug with -print-invalid-reduction-machine-verifier-errors)
warning: reduction attempt on function 'newton_step' failed machine verifier (debug with -print-invalid-reduction-machine-verifier-errors)
warning: reduction attempt on function 'newton_step' failed machine verifier (debug with -print-invalid-reduction-machine-verifier-errors)
warning: reduction attempt on function 'newton_step' failed machine verifier (debug with -print-invalid-reduction-machine-verifier-errors)
warning: reduction attempt on function 'newton_step' failed machine verifier (debug with -print-invalid-reduction-machine-verifier-errors)
warning: reduction attempt on function 'newton_step' failed machine verifier (debug with -print-invalid-reduction-machine-verifier-errors)
warning: reduction attempt on function 'newton_step' failed machine verifier (debug with -print-invalid-reduction-machine-verifier-errors)
warning: reduction attempt on function 'newton_step' failed machine verifier (debug with -print-invalid-reduction-machine-verifier-errors)
warning: reduction attempt on function 'newton_step' failed machine verifier (debug with -print-invalid-reduction-machine-verifier-errors)
warning: reduction attempt on function 'newton_step' failed machine verifier (debug with -print-invalid-reduction-machine-verifier-errors)
warning: reduction attempt on function 'newton_step' failed machine verifier (debug with -print-invalid-reduction-machine-verifier-errors)
warning: reduction attempt on function 'newton_step' failed machine verifier (debug with -print-invalid-reduction-machine-verifier-errors)
warning: reduction attempt on function 'newton_step' failed machine verifier (debug with -print-invalid-reduction-machine-verifier-errors)
warning: reduction attempt on function 'newton_step' failed machine verifier (debug with -print-invalid-reduction-machine-verifier-errors)
warning: reduction attempt on function 'newton_step' failed machine verifier (debug with -print-invalid-reduction-machine-verifier-errors)
warning: reduction attempt on function 'newton_step' failed machine verifier (debug with -print-invalid-reduction-machine-verifier-errors)
warning: reduction attempt on function 'newton_step' failed machine verifier (debug with -print-invalid-reduction-machine-verifier-errors)
warning: reduction attempt on function 'newton_step' failed machine verifier (debug with -print-invalid-reduction-machine-verifier-errors)
warning: reduction attempt on function 'newton_step' failed machine verifier (debug with -print-invalid-reduction-machine-verifier-errors)
warning: reduction attempt on function 'newton_step' failed machine verifier (debug with -print-invalid-reduction-machine-verifier-errors)
warning: reduction attempt on function 'newton_step' failed machine verifier (debug with -print-invalid-reduction-machine-verifier-errors)
warning: reduction attempt on function 'newton_step' failed machine verifier (debug with -print-invalid-reduction-machine-verifier-errors)
warning: reduction attempt on function 'newton_step' failed machine verifier (debug with -print-invalid-reduction-machine-verifier-errors)
warning: reduction attempt on function 'newton_step' failed machine verifier (debug with -print-invalid-reduction-machine-verifier-errors)
warning: reduction attempt on function 'newton_step' failed machine verifier (debug with -print-invalid-reduction-machine-verifier-errors)
warning: reduction attempt on function 'newton_step' failed machine verifier (debug with -print-invalid-reduction-machine-verifier-errors)
warning: reduction attempt on function 'newton_step' failed machine verifier (debug with -print-invalid-reduction-machine-verifier-errors)
warning: reduction attempt on function 'newton_step' failed machine verifier (debug with -print-invalid-reduction-machine-verifier-errors)
warning: reduction attempt on function 'newton_step' failed machine verifier (debug with -print-invalid-reduction-machine-verifier-errors)
warning: reduction attempt on function 'newton_step' failed machine verifier (debug with -print-invalid-reduction-machine-verifier-errors)
warning: reduction attempt on function 'newton_step' failed machine verifier (debug with -print-invalid-reduction-machine-verifier-errors)
warning: reduction attempt on function 'newton_step' failed machine verifier (debug with -print-invalid-reduction-machine-verifier-errors)
warning: reduction attempt on function 'newton_step' failed machine verifier (debug with -print-invalid-reduction-machine-verifier-errors)
warning: reduction attempt on function 'newton_step' failed machine verifier (debug with -print-invalid-reduction-machine-verifier-errors)
warning: reduction attempt on function 'newton_step' failed machine verifier (debug with -print-invalid-reduction-machine-verifier-errors)
warning: reduction attempt on function 'newton_step' failed machine verifier (debug with -print-invalid-reduction-machine-verifier-errors)
warning: reduction attempt on function 'newton_step' failed machine verifier (debug with -print-invalid-reduction-machine-verifier-errors)
warning: reduction attempt on function 'newton_step' failed machine verifier (debug with -print-invalid-reduction-machine-verifier-errors)
warning: reduction attempt on function 'newton_step' failed machine verifier (debug with -print-invalid-reduction-machine-verifier-errors)
warning: reduction attempt on function 'newton_step' failed machine verifier (debug with -print-invalid-reduction-machine-verifier-errors)
warning: reduction attempt on function 'newton_step' failed machine verifier (debug with -print-invalid-reduction-machine-verifier-errors)
warning: reduction attempt on function 'newton_step' failed machine verifier (debug with -print-invalid-reduction-machine-verifier-errors)
warning: reduction attempt on function 'newton_step' failed machine verifier (debug with -print-invalid-reduction-machine-verifier-errors)
warning: reduction attempt on function 'newton_step' failed machine verifier (debug with -print-invalid-reduction-machine-verifier-errors)
warning: reduction attempt on function 'newton_step' failed machine verifier (debug with -print-invalid-reduction-machine-verifier-errors)
warning: reduction attempt on function 'newton_step' failed machine verifier (debug with -print-invalid-reduction-machine-verifier-errors)
warning: reduction attempt on function 'newton_step' failed machine verifier (debug with -print-invalid-reduction-machine-verifier-errors)
warning: reduction attempt on function 'newton_step' failed machine verifier (debug with -print-invalid-reduction-machine-verifier-errors)
warning: reduction attempt on function 'newton_step' failed machine verifier (debug with -print-invalid-reduction-machine-verifier-errors)
warning: reduction attempt on function 'newton_step' failed machine verifier (debug with -print-invalid-reduction-machine-verifier-errors)
warning: reduction attempt on function 'newton_step' failed machine verifier (debug with -print-invalid-reduction-machine-verifier-errors)
warning: reduction attempt on function 'newton_step' failed machine verifier (debug with -print-invalid-reduction-machine-verifier-errors)
warning: reduction attempt on function 'newton_step' failed machine verifier (debug with -print-invalid-reduction-machine-verifier-errors)
warning: reduction attempt on function 'newton_step' failed machine verifier (debug with -print-invalid-reduction-machine-verifier-errors)
warning: reduction attempt on function 'newton_step' failed machine verifier (debug with -print-invalid-reduction-machine-verifier-errors)
warning: reduction attempt on function 'newton_step' failed machine verifier (debug with -print-invalid-reduction-machine-verifier-errors)
warning: reduction attempt on function 'newton_step' failed machine verifier (debug with -print-invalid-reduction-machine-verifier-errors)
warning: reduction attempt on function 'newton_step' failed machine verifier (debug with -print-invalid-reduction-machine-verifier-errors)
warning: reduction attempt on function 'newton_step' failed machine verifier (debug with -print-invalid-reduction-machine-verifier-errors)
warning: reduction attempt on function 'newton_step' failed machine verifier (debug with -print-invalid-reduction-machine-verifier-errors)
warning: reduction attempt on function 'newton_step' failed machine verifier (debug with -print-invalid-reduction-machine-verifier-errors)
warning: reduction attempt on function 'newton_step' failed machine verifier (debug with -print-invalid-reduction-machine-verifier-errors)
warning: reduction attempt on function 'newton_step' failed machine verifier (debug with -print-invalid-reduction-machine-verifier-errors)
warning: reduction attempt on function 'newton_step' failed machine verifier (debug with -print-invalid-reduction-machine-verifier-errors)
warning: reduction attempt on function 'newton_step' failed machine verifier (debug with -print-invalid-reduction-machine-verifier-errors)
warning: reduction attempt on function 'newton_step' failed machine verifier (debug with -print-invalid-reduction-machine-verifier-errors)
warning: reduction attempt on function 'newton_step' failed machine verifier (debug with -print-invalid-reduction-machine-verifier-errors)
warning: reduction attempt on function 'newton_step' failed machine verifier (debug with -print-invalid-reduction-machine-verifier-errors)
warning: reduction attempt on function 'newton_step' failed machine verifier (debug with -print-invalid-reduction-machine-verifier-errors)
warning: reduction attempt on function 'newton_step' failed machine verifier (debug with -print-invalid-reduction-machine-verifier-errors)
warning: reduction attempt on function 'newton_step' failed machine verifier (debug with -print-invalid-reduction-machine-verifier-errors)
warning: reduction attempt on function 'newton_step' failed machine verifier (debug with -print-invalid-reduction-machine-verifier-errors)
warning: reduction attempt on function 'newton_step' failed machine verifier (debug with -print-invalid-reduction-machine-verifier-errors)
warning: reduction attempt on function 'newton_step' failed machine verifier (debug with -print-invalid-reduction-machine-verifier-errors)
warning: reduction attempt on function 'newton_step' failed machine verifier (debug with -print-invalid-reduction-machine-verifier-errors)
warning: reduction attempt on function 'newton_step' failed machine verifier (debug with -print-invalid-reduction-machine-verifier-errors)
warning: reduction attempt on function 'newton_step' failed machine verifier (debug with -print-invalid-reduction-machine-verifier-errors)
warning: reduction attempt on function 'newton_step' failed machine verifier (debug with -print-invalid-reduction-machine-verifier-errors)
warning: reduction attempt on function 'newton_step' failed machine verifier (debug with -print-invalid-reduction-machine-verifier-errors)
warning: reduction attempt on function 'newton_step' failed machine verifier (debug with -print-invalid-reduction-machine-verifier-errors)
warning: reduction attempt on function 'newton_step' failed machine verifier (debug with -print-invalid-reduction-machine-verifier-errors)
warning: reduction attempt on function 'newton_step' failed machine verifier (debug with -print-invalid-reduction-machine-verifier-errors)
warning: reduction attempt on function 'newton_step' failed machine verifier (debug with -print-invalid-reduction-machine-verifier-errors)
warning: reduction attempt on function 'newton_step' failed machine verifier (debug with -print-invalid-reduction-machine-verifier-errors)
warning: reduction attempt on function 'newton_step' failed machine verifier (debug with -print-invalid-reduction-machine-verifier-errors)
warning: reduction attempt on function 'newton_step' failed machine verifier (debug with -print-invalid-reduction-machine-verifier-errors)
warning: reduction attempt on function 'newton_step' failed machine verifier (debug with -print-invalid-reduction-machine-verifier-errors)
warning: reduction attempt on function 'newton_step' failed machine verifier (debug with -print-invalid-reduction-machine-verifier-errors)
 **** SUCCESS | Saved new best reduction to docs/defects/evidence/2026-09-25-coalescing-0015/rcundef-reduced-serial.mir
--------------------------------------------------------------------------------
*** Reducing IR references from instructions (ir-instruction-references)...
 **** SUCCESS | Saved new best reduction to docs/defects/evidence/2026-09-25-coalescing-0015/rcundef-reduced-serial.mir
--------------------------------------------------------------------------------
*** Reducing IR references from blocks (ir-block-references)...
 **** SUCCESS | Saved new best reduction to docs/defects/evidence/2026-09-25-coalescing-0015/rcundef-reduced-serial.mir
--------------------------------------------------------------------------------
*** Reducing IR references from functions (ir-function-references)...
 **** SUCCESS | Saved new best reduction to docs/defects/evidence/2026-09-25-coalescing-0015/rcundef-reduced-serial.mir
--------------------------------------------------------------------------------
*** Reducing Instruction Flags (instruction-flags)...
--------------------------------------------------------------------------------
*** Reducing register uses (register-uses)...
 **** SUCCESS | Saved new best reduction to docs/defects/evidence/2026-09-25-coalescing-0015/rcundef-reduced-serial.mir
--------------------------------------------------------------------------------
*** Reducing register defs (register-defs)...
warning: reduction attempt on function 'newton_step' failed machine verifier (debug with -print-invalid-reduction-machine-verifier-errors)
warning: reduction attempt on function 'newton_step' failed machine verifier (debug with -print-invalid-reduction-machine-verifier-errors)
warning: reduction attempt on function 'newton_step' failed machine verifier (debug with -print-invalid-reduction-machine-verifier-errors)
warning: reduction attempt on function 'newton_step' failed machine verifier (debug with -print-invalid-reduction-machine-verifier-errors)
warning: reduction attempt on function 'newton_step' failed machine verifier (debug with -print-invalid-reduction-machine-verifier-errors)
warning: reduction attempt on function 'newton_step' failed machine verifier (debug with -print-invalid-reduction-machine-verifier-errors)
warning: reduction attempt on function 'newton_step' failed machine verifier (debug with -print-invalid-reduction-machine-verifier-errors)
warning: reduction attempt on function 'newton_step' failed machine verifier (debug with -print-invalid-reduction-machine-verifier-errors)
warning: reduction attempt on function 'newton_step' failed machine verifier (debug with -print-invalid-reduction-machine-verifier-errors)
warning: reduction attempt on function 'newton_step' failed machine verifier (debug with -print-invalid-reduction-machine-verifier-errors)
warning: reduction attempt on function 'newton_step' failed machine verifier (debug with -print-invalid-reduction-machine-verifier-errors)
warning: reduction attempt on function 'newton_step' failed machine verifier (debug with -print-invalid-reduction-machine-verifier-errors)
warning: reduction attempt on function 'newton_step' failed machine verifier (debug with -print-invalid-reduction-machine-verifier-errors)
warning: reduction attempt on function 'newton_step' failed machine verifier (debug with -print-invalid-reduction-machine-verifier-errors)
warning: reduction attempt on function 'newton_step' failed machine verifier (debug with -print-invalid-reduction-machine-verifier-errors)
warning: reduction attempt on function 'newton_step' failed machine verifier (debug with -print-invalid-reduction-machine-verifier-errors)
warning: reduction attempt on function 'newton_step' failed machine verifier (debug with -print-invalid-reduction-machine-verifier-errors)
warning: reduction attempt on function 'newton_step' failed machine verifier (debug with -print-invalid-reduction-machine-verifier-errors)
warning: reduction attempt on function 'newton_step' failed machine verifier (debug with -print-invalid-reduction-machine-verifier-errors)
warning: reduction attempt on function 'newton_step' failed machine verifier (debug with -print-invalid-reduction-machine-verifier-errors)
warning: reduction attempt on function 'newton_step' failed machine verifier (debug with -print-invalid-reduction-machine-verifier-errors)
warning: reduction attempt on function 'newton_step' failed machine verifier (debug with -print-invalid-reduction-machine-verifier-errors)
warning: reduction attempt on function 'newton_step' failed machine verifier (debug with -print-invalid-reduction-machine-verifier-errors)
warning: reduction attempt on function 'newton_step' failed machine verifier (debug with -print-invalid-reduction-machine-verifier-errors)
warning: reduction attempt on function 'newton_step' failed machine verifier (debug with -print-invalid-reduction-machine-verifier-errors)
 **** SUCCESS | Saved new best reduction to docs/defects/evidence/2026-09-25-coalescing-0015/rcundef-reduced-serial.mir
--------------------------------------------------------------------------------
*** Reducing virtual register hints from functions (register-hints)...
--------------------------------------------------------------------------------
*** Reducing register masks (register-masks)...
--------------------------------------------------------------------------------
*** Reducing Instructions (instructions)...
warning: reduction attempt on function 'newton_step' failed machine verifier (debug with -print-invalid-reduction-machine-verifier-errors)
warning: reduction attempt on function 'newton_step' failed machine verifier (debug with -print-invalid-reduction-machine-verifier-errors)
warning: reduction attempt on function 'newton_step' failed machine verifier (debug with -print-invalid-reduction-machine-verifier-errors)
warning: reduction attempt on function 'newton_step' failed machine verifier (debug with -print-invalid-reduction-machine-verifier-errors)
warning: reduction attempt on function 'newton_step' failed machine verifier (debug with -print-invalid-reduction-machine-verifier-errors)
warning: reduction attempt on function 'newton_step' failed machine verifier (debug with -print-invalid-reduction-machine-verifier-errors)
warning: reduction attempt on function 'newton_step' failed machine verifier (debug with -print-invalid-reduction-machine-verifier-errors)
warning: reduction attempt on function 'newton_step' failed machine verifier (debug with -print-invalid-reduction-machine-verifier-errors)
warning: reduction attempt on function 'newton_step' failed machine verifier (debug with -print-invalid-reduction-machine-verifier-errors)
warning: reduction attempt on function 'newton_step' failed machine verifier (debug with -print-invalid-reduction-machine-verifier-errors)
warning: reduction attempt on function 'newton_step' failed machine verifier (debug with -print-invalid-reduction-machine-verifier-errors)
warning: reduction attempt on function 'newton_step' failed machine verifier (debug with -print-invalid-reduction-machine-verifier-errors)
warning: reduction attempt on function 'newton_step' failed machine verifier (debug with -print-invalid-reduction-machine-verifier-errors)
warning: reduction attempt on function 'newton_step' failed machine verifier (debug with -print-invalid-reduction-machine-verifier-errors)
warning: reduction attempt on function 'newton_step' failed machine verifier (debug with -print-invalid-reduction-machine-verifier-errors)
warning: reduction attempt on function 'newton_step' failed machine verifier (debug with -print-invalid-reduction-machine-verifier-errors)
warning: reduction attempt on function 'newton_step' failed machine verifier (debug with -print-invalid-reduction-machine-verifier-errors)
warning: reduction attempt on function 'newton_step' failed machine verifier (debug with -print-invalid-reduction-machine-verifier-errors)
warning: reduction attempt on function 'newton_step' failed machine verifier (debug with -print-invalid-reduction-machine-verifier-errors)
warning: reduction attempt on function 'newton_step' failed machine verifier (debug with -print-invalid-reduction-machine-verifier-errors)
warning: reduction attempt on function 'newton_step' failed machine verifier (debug with -print-invalid-reduction-machine-verifier-errors)
warning: reduction attempt on function 'newton_step' failed machine verifier (debug with -print-invalid-reduction-machine-verifier-errors)
warning: reduction attempt on function 'newton_step' failed machine verifier (debug with -print-invalid-reduction-machine-verifier-errors)
warning: reduction attempt on function 'newton_step' failed machine verifier (debug with -print-invalid-reduction-machine-verifier-errors)
warning: reduction attempt on function 'newton_step' failed machine verifier (debug with -print-invalid-reduction-machine-verifier-errors)
warning: reduction attempt on function 'newton_step' failed machine verifier (debug with -print-invalid-reduction-machine-verifier-errors)
warning: reduction attempt on function 'newton_step' failed machine verifier (debug with -print-invalid-reduction-machine-verifier-errors)
warning: reduction attempt on function 'newton_step' failed machine verifier (debug with -print-invalid-reduction-machine-verifier-errors)
warning: reduction attempt on function 'newton_step' failed machine verifier (debug with -print-invalid-reduction-machine-verifier-errors)
warning: reduction attempt on function 'newton_step' failed machine verifier (debug with -print-invalid-reduction-machine-verifier-errors)
warning: reduction attempt on function 'newton_step' failed machine verifier (debug with -print-invalid-reduction-machine-verifier-errors)
warning: reduction attempt on function 'newton_step' failed machine verifier (debug with -print-invalid-reduction-machine-verifier-errors)
warning: reduction attempt on function 'newton_step' failed machine verifier (debug with -print-invalid-reduction-machine-verifier-errors)
warning: reduction attempt on function 'newton_step' failed machine verifier (debug with -print-invalid-reduction-machine-verifier-errors)
warning: reduction attempt on function 'newton_step' failed machine verifier (debug with -print-invalid-reduction-machine-verifier-errors)
warning: reduction attempt on function 'newton_step' failed machine verifier (debug with -print-invalid-reduction-machine-verifier-errors)
warning: reduction attempt on function 'newton_step' failed machine verifier (debug with -print-invalid-reduction-machine-verifier-errors)
warning: reduction attempt on function 'newton_step' failed machine verifier (debug with -print-invalid-reduction-machine-verifier-errors)
warning: reduction attempt on function 'newton_step' failed machine verifier (debug with -print-invalid-reduction-machine-verifier-errors)
warning: reduction attempt on function 'newton_step' failed machine verifier (debug with -print-invalid-reduction-machine-verifier-errors)
 **** SUCCESS | Saved new best reduction to docs/defects/evidence/2026-09-25-coalescing-0015/rcundef-reduced-serial.mir
--------------------------------------------------------------------------------
*** Reducing IR references from instructions (ir-instruction-references)...
 **** SUCCESS | Saved new best reduction to docs/defects/evidence/2026-09-25-coalescing-0015/rcundef-reduced-serial.mir
--------------------------------------------------------------------------------
*** Reducing IR references from blocks (ir-block-references)...
 **** SUCCESS | Saved new best reduction to docs/defects/evidence/2026-09-25-coalescing-0015/rcundef-reduced-serial.mir
--------------------------------------------------------------------------------
*** Reducing IR references from functions (ir-function-references)...
 **** SUCCESS | Saved new best reduction to docs/defects/evidence/2026-09-25-coalescing-0015/rcundef-reduced-serial.mir
--------------------------------------------------------------------------------
*** Reducing Instruction Flags (instruction-flags)...
--------------------------------------------------------------------------------
*** Reducing register uses (register-uses)...
 **** SUCCESS | Saved new best reduction to docs/defects/evidence/2026-09-25-coalescing-0015/rcundef-reduced-serial.mir
--------------------------------------------------------------------------------
*** Reducing register defs (register-defs)...
warning: reduction attempt on function 'newton_step' failed machine verifier (debug with -print-invalid-reduction-machine-verifier-errors)
warning: reduction attempt on function 'newton_step' failed machine verifier (debug with -print-invalid-reduction-machine-verifier-errors)
warning: reduction attempt on function 'newton_step' failed machine verifier (debug with -print-invalid-reduction-machine-verifier-errors)
warning: reduction attempt on function 'newton_step' failed machine verifier (debug with -print-invalid-reduction-machine-verifier-errors)
warning: reduction attempt on function 'newton_step' failed machine verifier (debug with -print-invalid-reduction-machine-verifier-errors)
warning: reduction attempt on function 'newton_step' failed machine verifier (debug with -print-invalid-reduction-machine-verifier-errors)
warning: reduction attempt on function 'newton_step' failed machine verifier (debug with -print-invalid-reduction-machine-verifier-errors)
warning: reduction attempt on function 'newton_step' failed machine verifier (debug with -print-invalid-reduction-machine-verifier-errors)
warning: reduction attempt on function 'newton_step' failed machine verifier (debug with -print-invalid-reduction-machine-verifier-errors)
warning: reduction attempt on function 'newton_step' failed machine verifier (debug with -print-invalid-reduction-machine-verifier-errors)
 **** SUCCESS | Saved new best reduction to docs/defects/evidence/2026-09-25-coalescing-0015/rcundef-reduced-serial.mir
--------------------------------------------------------------------------------
*** Reducing virtual register hints from functions (register-hints)...
--------------------------------------------------------------------------------
*** Reducing register masks (register-masks)...
--------------------------------------------------------------------------------
Done reducing! Reduced testcase: docs/defects/evidence/2026-09-25-coalescing-0015/rcundef-reduced-serial.mir
