--- |
  ; ModuleID = '/home/will/llvm-mos-65816/docs/defects/evidence/2026-09-25-coalescing-0015/stock-identity-copy-model.mir'
  source_filename = "/home/will/llvm-mos-65816/docs/defects/evidence/2026-09-25-coalescing-0015/stock-identity-copy-model.mir"
  target datalayout = "e-m:e-p:16:8-p1:8:8-p2:32:8-p3:24:8-i16:8-i32:8-i64:8-f32:8-f64:8-a:8-Fi8-n8"
  target triple = "mos"
  
  define void @undef_lane_identity_copy() #0 {
  entry:
    unreachable
  }
  
  attributes #0 = { "target-cpu"="mos6502" }
...
---
name:            undef_lane_identity_copy
alignment:       1
exposesReturnsTwice: false
legalized:       false
regBankSelected: false
selected:        false
failedISel:      false
tracksRegLiveness: true
hasWinCFI:       false
noPhis:          true
isSSA:           false
noVRegs:         true
hasFakeUses:     false
callsEHReturn:   false
callsUnwindInit: false
hasEHContTarget: false
hasEHScopes:     false
hasEHFunclets:   false
isOutlined:      false
debugInstrRef:   false
failsVerification: false
tracksDebugUserValues: true
registers:       []
liveins:         []
frameInfo:
  isFrameAddressTaken: false
  isReturnAddressTaken: false
  hasStackMap:     false
  hasPatchPoint:   false
  stackSize:       0
  offsetAdjustment: 0
  maxAlignment:    1
  adjustsStack:    false
  hasCalls:        false
  framePointerPolicy: none
  stackProtector:  ''
  functionContext: ''
  maxCallFrameSize: 4294967295
  cvBytesOfCalleeSavedRegisters: 0
  hasOpaqueSPAdjustment: false
  hasVAStart:      false
  hasMustTailInVarArgFunc: false
  hasTailCall:     false
  isCalleeSavedInfoValid: false
  localFrameSize:  0
fixedStack:      []
stack:           []
entry_values:    []
callSites:       []
debugValueSubstitutions: []
constants:       []
machineFunctionInfo: {}
body:             |
  bb.0:
    renamable $x = LDImm 1
    renamable $rc2 = COPY killed renamable $x
    renamable $rs1 = KILL renamable $rs1
    renamable $x = COPY renamable $rc2
    STAbs killed renamable $x, 0
    renamable $x = COPY killed renamable $rc3
    STAbs killed renamable $x, 1
    RTS
...
