--- |
  ; ModuleID = '/home/will/llvm-mos-65816/docs/defects/evidence/2026-09-25-coalescing-0015/stock-identity-copy-model.mir'
  source_filename = "/home/will/llvm-mos-65816/docs/defects/evidence/2026-09-25-coalescing-0015/stock-identity-copy-model.mir"
  target datalayout = "e-m:e-p:16:8-p1:8:8-i16:8-i32:8-i64:8-f32:8-f64:8-a:8-Fi8-n8"
  target triple = "mos"
  
  define void @undef_lane_identity_copy() #0 {
  entry:
    unreachable
  }
  
  attributes #0 = { "target-cpu"="mos6502" }
...
---
name:            undef_lane_identity_copy
alignment:       1
exposesReturnsTwice: false
legalized:       false
regBankSelected: false
selected:        false
failedISel:      false
tracksRegLiveness: true
hasWinCFI:       false
noPhis:          true
isSSA:           false
noVRegs:         false
hasFakeUses:     false
callsEHReturn:   false
callsUnwindInit: false
hasEHContTarget: false
hasEHScopes:     false
hasEHFunclets:   false
isOutlined:      false
debugInstrRef:   false
failsVerification: false
tracksDebugUserValues: false
registers:
  - { id: 0, class: gpr, preferred-register: '', flags: [  ] }
  - { id: 1, class: imag16, preferred-register: '', flags: [  ] }
  - { id: 2, class: imag16, preferred-register: '', flags: [  ] }
  - { id: 3, class: gpr, preferred-register: '', flags: [  ] }
  - { id: 4, class: gpr, preferred-register: '', flags: [  ] }
liveins:         []
frameInfo:
  isFrameAddressTaken: false
  isReturnAddressTaken: false
  hasStackMap:     false
  hasPatchPoint:   false
  stackSize:       0
  offsetAdjustment: 0
  maxAlignment:    1
  adjustsStack:    false
  hasCalls:        false
  framePointerPolicy: none
  stackProtector:  ''
  functionContext: ''
  maxCallFrameSize: 4294967295
  cvBytesOfCalleeSavedRegisters: 0
  hasOpaqueSPAdjustment: false
  hasVAStart:      false
  hasMustTailInVarArgFunc: false
  hasTailCall:     false
  isCalleeSavedInfoValid: false
  localFrameSize:  0
fixedStack:      []
stack:           []
entry_values:    []
callSites:       []
debugValueSubstitutions: []
constants:       []
machineFunctionInfo: {}
body:             |
  bb.0:
    %0:gpr = LDImm 1
    undef %1.sublo:imag16 = COPY %0
    %2:imag16 = COPY %1
    %3:gpr = COPY %2.sublo
    STAbs %3, 0
    %4:gpr = COPY %2.subhi
    STAbs %4, 1
    RTS
...
