fatal error: error in backend: unable to legalize instruction: %6:_(s8) = G_LOAD_FAR_ABS 8355871 :: (volatile load (s8) from `ptr addrspace(2) inttoptr (i32 8355871 to ptr addrspace(2))`, !tbaa !6, addrspace 2) (in function: read_zext)
PLEASE submit a bug report to https://github.com/llvm/llvm-project/issues/ and include the crash backtrace, preprocessed source, and associated run script.
Stack dump:
0.	Program arguments: /home/will/llvm-mos-65816/.scratch/carry-scheduling/build/carry-baseline-install/bin/mos-clang --target=mos -mcpu=mosw65816 -Xclang -target-feature -Xclang +mos-a16 -Os -mllvm -verify-machineinstrs -S .scratch/farblit-t4/read_zext.c -o .scratch/farblit-t4/read_zext.s
1.	<eof> parser at end of file
2.	Code generation
3.	Running pass 'Function Pass Manager' on module '.scratch/farblit-t4/read_zext.c'.
4.	Running pass 'Legalizer' on function '@read_zext'
 #0 0x000056313fcde3a8 llvm::sys::PrintStackTrace(llvm::raw_ostream&, int) (/home/will/llvm-mos-65816/.scratch/carry-scheduling/build/carry-baseline-install/bin/mos-clang+0x29e03a8)
 #1 0x000056313fcdb685 llvm::sys::RunSignalHandlers() (/home/will/llvm-mos-65816/.scratch/carry-scheduling/build/carry-baseline-install/bin/mos-clang+0x29dd685)
 #2 0x000056313fc517ee (anonymous namespace)::CrashRecoveryContextImpl::HandleCrash(int, unsigned long) CrashRecoveryContext.cpp:0:0
 #3 0x000056313fc517ab (/home/will/llvm-mos-65816/.scratch/carry-scheduling/build/carry-baseline-install/bin/mos-clang+0x29537ab)
 #4 0x000056313fcd8187 llvm::sys::Process::Exit(int, bool) (/home/will/llvm-mos-65816/.scratch/carry-scheduling/build/carry-baseline-install/bin/mos-clang+0x29da187)
 #5 0x000056313ef163f6 (/home/will/llvm-mos-65816/.scratch/carry-scheduling/build/carry-baseline-install/bin/mos-clang+0x1c183f6)
 #6 0x000056313fc57236 llvm::report_fatal_error(llvm::Twine const&, bool) (/home/will/llvm-mos-65816/.scratch/carry-scheduling/build/carry-baseline-install/bin/mos-clang+0x2959236)
 #7 0x000056313fc57418 (/home/will/llvm-mos-65816/.scratch/carry-scheduling/build/carry-baseline-install/bin/mos-clang+0x2959418)
 #8 0x00005631414374bc (/home/will/llvm-mos-65816/.scratch/carry-scheduling/build/carry-baseline-install/bin/mos-clang+0x41394bc)
 #9 0x0000563141437808 llvm::reportGISelFailure(llvm::MachineFunction&, llvm::MachineOptimizationRemarkEmitter&, char const*, llvm::StringRef, llvm::MachineInstr const&) (/home/will/llvm-mos-65816/.scratch/carry-scheduling/build/carry-baseline-install/bin/mos-clang+0x4139808)
#10 0x00005631413d1ac6 llvm::Legalizer::runOnMachineFunction(llvm::MachineFunction&) (/home/will/llvm-mos-65816/.scratch/carry-scheduling/build/carry-baseline-install/bin/mos-clang+0x40d3ac6)
#11 0x000056313f2e9433 llvm::MachineFunctionPass::runOnFunction(llvm::Function&) (/home/will/llvm-mos-65816/.scratch/carry-scheduling/build/carry-baseline-install/bin/mos-clang+0x1feb433)
#12 0x000056313f81b05a llvm::FPPassManager::runOnFunction(llvm::Function&) (/home/will/llvm-mos-65816/.scratch/carry-scheduling/build/carry-baseline-install/bin/mos-clang+0x251d05a)
#13 0x000056313f8216fc llvm::FPPassManager::runOnModule(llvm::Module&) (/home/will/llvm-mos-65816/.scratch/carry-scheduling/build/carry-baseline-install/bin/mos-clang+0x25236fc)
#14 0x000056313f81bd89 llvm::legacy::PassManagerImpl::run(llvm::Module&) (/home/will/llvm-mos-65816/.scratch/carry-scheduling/build/carry-baseline-install/bin/mos-clang+0x251dd89)
#15 0x000056314038d6a5 clang::emitBackendOutput(clang::CompilerInstance&, clang::CodeGenOptions&, llvm::StringRef, llvm::Module*, clang::BackendAction, llvm::IntrusiveRefCntPtr<llvm::vfs::FileSystem>, std::unique_ptr<llvm::raw_pwrite_stream, std::default_delete<llvm::raw_pwrite_stream>>, clang::BackendConsumer*) (/home/will/llvm-mos-65816/.scratch/carry-scheduling/build/carry-baseline-install/bin/mos-clang+0x308f6a5)
#16 0x00005631403a2a60 clang::BackendConsumer::HandleTranslationUnit(clang::ASTContext&) (/home/will/llvm-mos-65816/.scratch/carry-scheduling/build/carry-baseline-install/bin/mos-clang+0x30a4a60)
#17 0x0000563141ca35d9 clang::ParseAST(clang::Sema&, bool, bool) (/home/will/llvm-mos-65816/.scratch/carry-scheduling/build/carry-baseline-install/bin/mos-clang+0x49a55d9)
#18 0x00005631408bd66d clang::FrontendAction::Execute() (/home/will/llvm-mos-65816/.scratch/carry-scheduling/build/carry-baseline-install/bin/mos-clang+0x35bf66d)
#19 0x0000563140825f0b clang::CompilerInstance::ExecuteAction(clang::FrontendAction&) (/home/will/llvm-mos-65816/.scratch/carry-scheduling/build/carry-baseline-install/bin/mos-clang+0x3527f0b)
#20 0x0000563140997069 clang::ExecuteCompilerInvocation(clang::CompilerInstance*) (/home/will/llvm-mos-65816/.scratch/carry-scheduling/build/carry-baseline-install/bin/mos-clang+0x3699069)
#21 0x000056313ef15cfb cc1_main(llvm::ArrayRef<char const*>, char const*, void*) (/home/will/llvm-mos-65816/.scratch/carry-scheduling/build/carry-baseline-install/bin/mos-clang+0x1c17cfb)
#22 0x000056313ef126d7 ExecuteCC1Tool(llvm::SmallVectorImpl<char const*>&, llvm::ToolContext const&, llvm::IntrusiveRefCntPtr<llvm::vfs::FileSystem>) driver.cpp:0:0
#23 0x000056313ef1410d int llvm::function_ref<int (llvm::SmallVectorImpl<char const*>&)>::callback_fn<clang_main(int, char**, llvm::ToolContext const&)::$_0>(long, llvm::SmallVectorImpl<char const*>&) driver.cpp:0:0
#24 0x000056314066f909 void llvm::function_ref<void ()>::callback_fn<clang::driver::CC1Command::Execute(llvm::ArrayRef<std::optional<llvm::StringRef>>, std::__cxx11::basic_string<char, std::char_traits<char>, std::allocator<char>>*, bool*) const::$_0>(long) Job.cpp:0:0
#25 0x000056313fc51788 llvm::CrashRecoveryContext::RunSafely(llvm::function_ref<void ()>) (/home/will/llvm-mos-65816/.scratch/carry-scheduling/build/carry-baseline-install/bin/mos-clang+0x2953788)
#26 0x000056314066f2b5 clang::driver::CC1Command::Execute(llvm::ArrayRef<std::optional<llvm::StringRef>>, std::__cxx11::basic_string<char, std::char_traits<char>, std::allocator<char>>*, bool*) const (/home/will/llvm-mos-65816/.scratch/carry-scheduling/build/carry-baseline-install/bin/mos-clang+0x33712b5)
#27 0x00005631406312ef clang::driver::Compilation::ExecuteCommand(clang::driver::Command const&, clang::driver::Command const*&, bool) const (/home/will/llvm-mos-65816/.scratch/carry-scheduling/build/carry-baseline-install/bin/mos-clang+0x33332ef)
#28 0x000056314063148e clang::driver::Compilation::ExecuteJobs(clang::driver::JobList const&, llvm::SmallVectorImpl<std::pair<int, clang::driver::Command const*>>&, bool) const (/home/will/llvm-mos-65816/.scratch/carry-scheduling/build/carry-baseline-install/bin/mos-clang+0x333348e)
#29 0x000056314064cb6d clang::driver::Driver::ExecuteCompilation(clang::driver::Compilation&, llvm::SmallVectorImpl<std::pair<int, clang::driver::Command const*>>&) (/home/will/llvm-mos-65816/.scratch/carry-scheduling/build/carry-baseline-install/bin/mos-clang+0x334eb6d)
#30 0x000056313ef12124 clang_main(int, char**, llvm::ToolContext const&) (/home/will/llvm-mos-65816/.scratch/carry-scheduling/build/carry-baseline-install/bin/mos-clang+0x1c14124)
#31 0x000056313ef2080d main (/home/will/llvm-mos-65816/.scratch/carry-scheduling/build/carry-baseline-install/bin/mos-clang+0x1c2280d)
#32 0x00007a22d4c2a601 (/usr/lib/x86_64-linux-gnu/libc.so.6+0x2a601)
#33 0x00007a22d4c2a718 __libc_start_main (/usr/lib/x86_64-linux-gnu/libc.so.6+0x2a718)
#34 0x000056313ef103a5 _start (/home/will/llvm-mos-65816/.scratch/carry-scheduling/build/carry-baseline-install/bin/mos-clang+0x1c123a5)
