llvm-lit: /work/build/register-exhaustion-src/llvm/utils/lit/lit/llvm/subst.py:130: note: Did not find lli in /work/build/0029-cross-target-build/bin
llvm-lit: /work/build/register-exhaustion-src/llvm/utils/lit/lit/llvm/subst.py:130: note: Did not find llvm-strip in /work/build/0029-cross-target-build/bin
llvm-lit: /work/build/register-exhaustion-src/llvm/utils/lit/lit/llvm/subst.py:130: note: Did not find llvm-install-name-tool in /work/build/0029-cross-target-build/bin
llvm-lit: /work/build/register-exhaustion-src/llvm/utils/lit/lit/llvm/subst.py:130: note: Did not find llvm-bitcode-strip in /work/build/0029-cross-target-build/bin
llvm-lit: /work/build/register-exhaustion-src/llvm/utils/lit/lit/llvm/subst.py:130: note: Did not find llvm-extract-bundle-entry in /work/build/0029-cross-target-build/bin
llvm-lit: /work/build/register-exhaustion-src/llvm/utils/lit/lit/llvm/subst.py:130: note: Did not find dsymutil in /work/build/0029-cross-target-build/bin
llvm-lit: /work/build/register-exhaustion-src/llvm/utils/lit/lit/llvm/subst.py:130: note: Did not find lli in /work/build/0029-cross-target-build/bin
llvm-lit: /work/build/register-exhaustion-src/llvm/utils/lit/lit/llvm/subst.py:130: note: Did not find lli-child-target in /work/build/0029-cross-target-build/bin
llvm-lit: /work/build/register-exhaustion-src/llvm/utils/lit/lit/llvm/subst.py:130: note: Did not find llubi in /work/build/0029-cross-target-build/bin
llvm-lit: /work/build/register-exhaustion-src/llvm/utils/lit/lit/llvm/subst.py:130: note: Did not find llvm-ar in /work/build/0029-cross-target-build/bin
llvm-lit: /work/build/register-exhaustion-src/llvm/utils/lit/lit/llvm/subst.py:130: note: Did not find llvm-addr2line in /work/build/0029-cross-target-build/bin
llvm-lit: /work/build/register-exhaustion-src/llvm/utils/lit/lit/llvm/subst.py:130: note: Did not find llvm-bcanalyzer in /work/build/0029-cross-target-build/bin
llvm-lit: /work/build/register-exhaustion-src/llvm/utils/lit/lit/llvm/subst.py:130: note: Did not find llvm-bitcode-strip in /work/build/0029-cross-target-build/bin
llvm-lit: /work/build/register-exhaustion-src/llvm/utils/lit/lit/llvm/subst.py:130: note: Did not find llvm-cas in /work/build/0029-cross-target-build/bin
llvm-lit: /work/build/register-exhaustion-src/llvm/utils/lit/lit/llvm/subst.py:130: note: Did not find llvm-cov in /work/build/0029-cross-target-build/bin
llvm-lit: /work/build/register-exhaustion-src/llvm/utils/lit/lit/llvm/subst.py:130: note: Did not find llvm-ctxprof-util in /work/build/0029-cross-target-build/bin
llvm-lit: /work/build/register-exhaustion-src/llvm/utils/lit/lit/llvm/subst.py:130: note: Did not find llvm-cxxdump in /work/build/0029-cross-target-build/bin
llvm-lit: /work/build/register-exhaustion-src/llvm/utils/lit/lit/llvm/subst.py:130: note: Did not find llvm-cvtres in /work/build/0029-cross-target-build/bin
llvm-lit: /work/build/register-exhaustion-src/llvm/utils/lit/lit/llvm/subst.py:130: note: Did not find llvm-debuginfod-find in /work/build/0029-cross-target-build/bin
llvm-lit: /work/build/register-exhaustion-src/llvm/utils/lit/lit/llvm/subst.py:130: note: Did not find llvm-debuginfo-analyzer in /work/build/0029-cross-target-build/bin
llvm-lit: /work/build/register-exhaustion-src/llvm/utils/lit/lit/llvm/subst.py:130: note: Did not find llvm-diff in /work/build/0029-cross-target-build/bin
llvm-lit: /work/build/register-exhaustion-src/llvm/utils/lit/lit/llvm/subst.py:130: note: Did not find llvm-dwarfutil in /work/build/0029-cross-target-build/bin
llvm-lit: /work/build/register-exhaustion-src/llvm/utils/lit/lit/llvm/subst.py:130: note: Did not find llvm-dwp in /work/build/0029-cross-target-build/bin
llvm-lit: /work/build/register-exhaustion-src/llvm/utils/lit/lit/llvm/subst.py:130: note: Did not find llvm-dlltool in /work/build/0029-cross-target-build/bin
llvm-lit: /work/build/register-exhaustion-src/llvm/utils/lit/lit/llvm/subst.py:130: note: Did not find llvm-exegesis in /work/build/0029-cross-target-build/bin
llvm-lit: /work/build/register-exhaustion-src/llvm/utils/lit/lit/llvm/subst.py:130: note: Did not find llvm-extract in /work/build/0029-cross-target-build/bin
llvm-lit: /work/build/register-exhaustion-src/llvm/utils/lit/lit/llvm/subst.py:130: note: Did not find llvm-extract-bundle-entry in /work/build/0029-cross-target-build/bin
llvm-lit: /work/build/register-exhaustion-src/llvm/utils/lit/lit/llvm/subst.py:130: note: Did not find llvm-ir2vec in /work/build/0029-cross-target-build/bin
llvm-lit: /work/build/register-exhaustion-src/llvm/utils/lit/lit/llvm/subst.py:130: note: Did not find llvm-isel-fuzzer in /work/build/0029-cross-target-build/bin
llvm-lit: /work/build/register-exhaustion-src/llvm/utils/lit/lit/llvm/subst.py:130: note: Did not find llvm-ifs in /work/build/0029-cross-target-build/bin
llvm-lit: /work/build/register-exhaustion-src/llvm/utils/lit/lit/llvm/subst.py:130: note: Did not find llvm-install-name-tool in /work/build/0029-cross-target-build/bin
llvm-lit: /work/build/register-exhaustion-src/llvm/utils/lit/lit/llvm/subst.py:130: note: Did not find llvm-jitlink in /work/build/0029-cross-target-build/bin
llvm-lit: /work/build/register-exhaustion-src/llvm/utils/lit/lit/llvm/subst.py:130: note: Did not find llvm-opt-fuzzer in /work/build/0029-cross-target-build/bin
llvm-lit: /work/build/register-exhaustion-src/llvm/utils/lit/lit/llvm/subst.py:130: note: Did not find llvm-lib in /work/build/0029-cross-target-build/bin
llvm-lit: /work/build/register-exhaustion-src/llvm/utils/lit/lit/llvm/subst.py:130: note: Did not find llvm-lto in /work/build/0029-cross-target-build/bin
llvm-lit: /work/build/register-exhaustion-src/llvm/utils/lit/lit/llvm/subst.py:130: note: Did not find llvm-mca in /work/build/0029-cross-target-build/bin
llvm-lit: /work/build/register-exhaustion-src/llvm/utils/lit/lit/llvm/subst.py:130: note: Did not find llvm-modextract in /work/build/0029-cross-target-build/bin
llvm-lit: /work/build/register-exhaustion-src/llvm/utils/lit/lit/llvm/subst.py:130: note: Did not find llvm-otool in /work/build/0029-cross-target-build/bin
llvm-lit: /work/build/register-exhaustion-src/llvm/utils/lit/lit/llvm/subst.py:130: note: Did not find llvm-pdbutil in /work/build/0029-cross-target-build/bin
llvm-lit: /work/build/register-exhaustion-src/llvm/utils/lit/lit/llvm/subst.py:130: note: Did not find llvm-profgen in /work/build/0029-cross-target-build/bin
llvm-lit: /work/build/register-exhaustion-src/llvm/utils/lit/lit/llvm/subst.py:130: note: Did not find llvm-ranlib in /work/build/0029-cross-target-build/bin
llvm-lit: /work/build/register-exhaustion-src/llvm/utils/lit/lit/llvm/subst.py:130: note: Did not find llvm-rc in /work/build/0029-cross-target-build/bin
llvm-lit: /work/build/register-exhaustion-src/llvm/utils/lit/lit/llvm/subst.py:130: note: Did not find llvm-rtdyld in /work/build/0029-cross-target-build/bin
llvm-lit: /work/build/register-exhaustion-src/llvm/utils/lit/lit/llvm/subst.py:130: note: Did not find llvm-split in /work/build/0029-cross-target-build/bin
llvm-lit: /work/build/register-exhaustion-src/llvm/utils/lit/lit/llvm/subst.py:130: note: Did not find llvm-stress in /work/build/0029-cross-target-build/bin
llvm-lit: /work/build/register-exhaustion-src/llvm/utils/lit/lit/llvm/subst.py:130: note: Did not find llvm-strings in /work/build/0029-cross-target-build/bin
llvm-lit: /work/build/register-exhaustion-src/llvm/utils/lit/lit/llvm/subst.py:130: note: Did not find llvm-strip in /work/build/0029-cross-target-build/bin
llvm-lit: /work/build/register-exhaustion-src/llvm/utils/lit/lit/llvm/subst.py:130: note: Did not find llvm-readtapi in /work/build/0029-cross-target-build/bin
llvm-lit: /work/build/register-exhaustion-src/llvm/utils/lit/lit/llvm/subst.py:130: note: Did not find llvm-undname in /work/build/0029-cross-target-build/bin
llvm-lit: /work/build/register-exhaustion-src/llvm/utils/lit/lit/llvm/subst.py:130: note: Did not find llvm-windres in /work/build/0029-cross-target-build/bin
llvm-lit: /work/build/register-exhaustion-src/llvm/utils/lit/lit/llvm/subst.py:130: note: Did not find llvm-c-test in /work/build/0029-cross-target-build/bin
llvm-lit: /work/build/register-exhaustion-src/llvm/utils/lit/lit/llvm/subst.py:130: note: Did not find llvm-cxxfilt in /work/build/0029-cross-target-build/bin
llvm-lit: /work/build/register-exhaustion-src/llvm/utils/lit/lit/llvm/subst.py:130: note: Did not find llvm-xray in /work/build/0029-cross-target-build/bin
llvm-lit: /work/build/register-exhaustion-src/llvm/utils/lit/lit/llvm/subst.py:130: note: Did not find obj2yaml in /work/build/0029-cross-target-build/bin
llvm-lit: /work/build/register-exhaustion-src/llvm/utils/lit/lit/llvm/subst.py:130: note: Did not find yaml-bench in /work/build/0029-cross-target-build/bin
llvm-lit: /work/build/register-exhaustion-src/llvm/utils/lit/lit/llvm/subst.py:130: note: Did not find llvm-symbolizer in /work/build/0029-cross-target-build/bin
llvm-lit: /work/build/register-exhaustion-src/llvm/utils/lit/lit/llvm/subst.py:130: note: Did not find sancov in /work/build/0029-cross-target-build/bin
llvm-lit: /work/build/register-exhaustion-src/llvm/utils/lit/lit/llvm/subst.py:130: note: Did not find sanstats in /work/build/0029-cross-target-build/bin
llvm-lit: /work/build/register-exhaustion-src/llvm/utils/lit/lit/llvm/subst.py:130: note: Did not find llvm-remarkutil in /work/build/0029-cross-target-build/bin
-- Testing: 134 tests, 3 workers --
Testing:  0.. 10.. 20.. 30.. 40.. 50.. 60.. 70.. 80
FAIL: LLVM :: CodeGen/MOS/regalloc-spc700.mir (85 of 134)
Testing:  0.. 10.. 20.. 30.. 40.. 50.. 60.. 70.. 80.. 90.. 
********************
Failed Tests (1):
  LLVM :: CodeGen/MOS/regalloc-spc700.mir


Testing Time: 2.50s

Total Discovered Tests: 134
  Unsupported:   1 (0.75%)
  Passed     : 132 (98.51%)
  Failed     :   1 (0.75%)
