*** Stripping Debug Info (strip-debug-info)...
--------------------------------------------------------------------------------
*** Reducing Functions (functions)...
 **** SUCCESS | Saved new best reduction to boids-reduced.ll
--------------------------------------------------------------------------------
*** Reducing Function Bodies (function-bodies)...
 **** SUCCESS | Saved new best reduction to boids-reduced.ll
--------------------------------------------------------------------------------
*** Reducing Special Globals (special-globals)...
--------------------------------------------------------------------------------
*** Reducing Aliases (aliases)...
--------------------------------------------------------------------------------
*** Reducing Ifuncs (ifuncs)...
--------------------------------------------------------------------------------
*** Reducing conditional branches to true (simplify-conditionals-true)...
 **** SUCCESS | Saved new best reduction to boids-reduced.ll
--------------------------------------------------------------------------------
*** Reducing conditional branches to false (simplify-conditionals-false)...
 **** SUCCESS | Saved new best reduction to boids-reduced.ll
--------------------------------------------------------------------------------
*** Replace unconditional by return (simplify-unconditional-branch)...
--------------------------------------------------------------------------------
*** Reducing Invokes (invokes)...
--------------------------------------------------------------------------------
*** Removing Unreachable Basic Blocks (unreachable-basic-blocks)...
--------------------------------------------------------------------------------
*** Reducing Basic Blocks (basic-blocks)...
 **** SUCCESS | Saved new best reduction to boids-reduced.ll
--------------------------------------------------------------------------------
*** Reducing using SimplifyCFG (simplify-cfg)...
 **** SUCCESS | Saved new best reduction to boids-reduced.ll
--------------------------------------------------------------------------------
*** Reducing Function Data (function-data)...
--------------------------------------------------------------------------------
*** Reducing GlobalValues (global-values)...
 **** SUCCESS | Saved new best reduction to boids-reduced.ll
--------------------------------------------------------------------------------
*** Reducing GlobalObjects (global-objects)...
 **** SUCCESS | Saved new best reduction to boids-reduced.ll
--------------------------------------------------------------------------------
*** Reducing GV Initializers (global-initializers)...
 **** SUCCESS | Saved new best reduction to boids-reduced.ll
--------------------------------------------------------------------------------
*** Reducing GlobalVariables (global-variables)...
 **** SUCCESS | Saved new best reduction to boids-reduced.ll
--------------------------------------------------------------------------------
*** Reducing DIMetadata (di-metadata)...
--------------------------------------------------------------------------------
*** Reducing DbgRecords (dbg-records)...
--------------------------------------------------------------------------------
*** Reducing Distinct Metadata (distinct-metadata)...
--------------------------------------------------------------------------------
*** Reducing Metadata (metadata)...
 **** SUCCESS | Saved new best reduction to boids-reduced.ll
--------------------------------------------------------------------------------
*** Reducing Named Metadata (named-metadata)...
--------------------------------------------------------------------------------
*** Reducing Arguments (arguments)...
 **** SUCCESS | Saved new best reduction to boids-reduced.ll
--------------------------------------------------------------------------------
*** Reducing Instructions (instructions)...
 **** SUCCESS | Saved new best reduction to boids-reduced.ll
--------------------------------------------------------------------------------
*** Simplifying Instructions (simplify-instructions)...
 **** SUCCESS | Saved new best reduction to boids-reduced.ll
--------------------------------------------------------------------------------
*** Running passes (ir-passes)...
 **** SUCCESS | Saved new best reduction to boids-reduced.ll
--------------------------------------------------------------------------------
*** Reducing Operands to zero (operands-zero)...
--------------------------------------------------------------------------------
*** Reducing Operands to one (operands-one)...
--------------------------------------------------------------------------------
*** Reducing Operands to NaN (operands-nan)...
--------------------------------------------------------------------------------
*** Reducing Operands to poison (operands-poison)...
--------------------------------------------------------------------------------
*** Converting operands to function arguments (operands-to-args)...
 **** SUCCESS | Saved new best reduction to boids-reduced.ll
--------------------------------------------------------------------------------
*** Reducing operands by skipping over instructions (operands-skip)...
--------------------------------------------------------------------------------
*** Reducing Operand Bundles (operand-bundles)...
--------------------------------------------------------------------------------
*** Reducing Attributes (attributes)...
 **** SUCCESS | Saved new best reduction to boids-reduced.ll
--------------------------------------------------------------------------------
*** Reducing target-features (target-features-attr)...
--------------------------------------------------------------------------------
*** Reducing Module Data (module-data)...
 **** SUCCESS | Saved new best reduction to boids-reduced.ll
--------------------------------------------------------------------------------
*** Reducing Opcodes (opcodes)...
--------------------------------------------------------------------------------
*** Converting arguments to function return value (arguments-to-return)...
--------------------------------------------------------------------------------
*** Early return of instructions (instructions-to-return)...
--------------------------------------------------------------------------------
*** Reducing Volatile Instructions (volatile)...
--------------------------------------------------------------------------------
*** Reducing Atomic Ordering (atomic-ordering)...
--------------------------------------------------------------------------------
*** Reducing Atomic Sync Scopes (syncscopes)...
--------------------------------------------------------------------------------
*** Reducing Instruction Flags (instruction-flags)...
--------------------------------------------------------------------------------
*** Inlining callsites (inline-call-sites)...
--------------------------------------------------------------------------------
*** Sinking defs to uses (sink-defs-to-uses)...
 **** SUCCESS | Saved new best reduction to boids-reduced.ll
--------------------------------------------------------------------------------
*** Stripping Debug Info (strip-debug-info)...
--------------------------------------------------------------------------------
*** Reducing Functions (functions)...
 **** SUCCESS | Saved new best reduction to boids-reduced.ll
--------------------------------------------------------------------------------
*** Reducing Function Bodies (function-bodies)...
--------------------------------------------------------------------------------
*** Reducing Special Globals (special-globals)...
--------------------------------------------------------------------------------
*** Reducing Aliases (aliases)...
--------------------------------------------------------------------------------
*** Reducing Ifuncs (ifuncs)...
--------------------------------------------------------------------------------
*** Reducing conditional branches to true (simplify-conditionals-true)...
--------------------------------------------------------------------------------
*** Reducing conditional branches to false (simplify-conditionals-false)...
--------------------------------------------------------------------------------
*** Replace unconditional by return (simplify-unconditional-branch)...
--------------------------------------------------------------------------------
*** Reducing Invokes (invokes)...
--------------------------------------------------------------------------------
*** Removing Unreachable Basic Blocks (unreachable-basic-blocks)...
--------------------------------------------------------------------------------
*** Reducing Basic Blocks (basic-blocks)...
--------------------------------------------------------------------------------
*** Reducing using SimplifyCFG (simplify-cfg)...
 **** SUCCESS | Saved new best reduction to boids-reduced.ll
--------------------------------------------------------------------------------
*** Reducing Function Data (function-data)...
--------------------------------------------------------------------------------
*** Reducing GlobalValues (global-values)...
--------------------------------------------------------------------------------
*** Reducing GlobalObjects (global-objects)...
--------------------------------------------------------------------------------
*** Reducing GV Initializers (global-initializers)...
--------------------------------------------------------------------------------
*** Reducing GlobalVariables (global-variables)...
 **** SUCCESS | Saved new best reduction to boids-reduced.ll
--------------------------------------------------------------------------------
*** Reducing DIMetadata (di-metadata)...
--------------------------------------------------------------------------------
*** Reducing DbgRecords (dbg-records)...
--------------------------------------------------------------------------------
*** Reducing Distinct Metadata (distinct-metadata)...
--------------------------------------------------------------------------------
*** Reducing Metadata (metadata)...
--------------------------------------------------------------------------------
*** Reducing Named Metadata (named-metadata)...
--------------------------------------------------------------------------------
*** Reducing Arguments (arguments)...
--------------------------------------------------------------------------------
*** Reducing Instructions (instructions)...
--------------------------------------------------------------------------------
*** Simplifying Instructions (simplify-instructions)...
--------------------------------------------------------------------------------
*** Running passes (ir-passes)...
 **** SUCCESS | Saved new best reduction to boids-reduced.ll
--------------------------------------------------------------------------------
*** Reducing Operands to zero (operands-zero)...
--------------------------------------------------------------------------------
*** Reducing Operands to one (operands-one)...
--------------------------------------------------------------------------------
*** Reducing Operands to NaN (operands-nan)...
--------------------------------------------------------------------------------
*** Reducing Operands to poison (operands-poison)...
--------------------------------------------------------------------------------
*** Converting operands to function arguments (operands-to-args)...
--------------------------------------------------------------------------------
*** Reducing operands by skipping over instructions (operands-skip)...
--------------------------------------------------------------------------------
*** Reducing Operand Bundles (operand-bundles)...
--------------------------------------------------------------------------------
*** Reducing Attributes (attributes)...
--------------------------------------------------------------------------------
*** Reducing target-features (target-features-attr)...
--------------------------------------------------------------------------------
*** Reducing Module Data (module-data)...
 **** SUCCESS | Saved new best reduction to boids-reduced.ll
--------------------------------------------------------------------------------
*** Reducing Opcodes (opcodes)...
--------------------------------------------------------------------------------
*** Converting arguments to function return value (arguments-to-return)...
--------------------------------------------------------------------------------
*** Early return of instructions (instructions-to-return)...
--------------------------------------------------------------------------------
*** Reducing Volatile Instructions (volatile)...
--------------------------------------------------------------------------------
*** Reducing Atomic Ordering (atomic-ordering)...
--------------------------------------------------------------------------------
*** Reducing Atomic Sync Scopes (syncscopes)...
--------------------------------------------------------------------------------
*** Reducing Instruction Flags (instruction-flags)...
--------------------------------------------------------------------------------
*** Inlining callsites (inline-call-sites)...
--------------------------------------------------------------------------------
*** Sinking defs to uses (sink-defs-to-uses)...
 **** SUCCESS | Saved new best reduction to boids-reduced.ll
--------------------------------------------------------------------------------
*** Stripping Debug Info (strip-debug-info)...
--------------------------------------------------------------------------------
*** Reducing Functions (functions)...
--------------------------------------------------------------------------------
*** Reducing Function Bodies (function-bodies)...
--------------------------------------------------------------------------------
*** Reducing Special Globals (special-globals)...
--------------------------------------------------------------------------------
*** Reducing Aliases (aliases)...
--------------------------------------------------------------------------------
*** Reducing Ifuncs (ifuncs)...
--------------------------------------------------------------------------------
*** Reducing conditional branches to true (simplify-conditionals-true)...
--------------------------------------------------------------------------------
*** Reducing conditional branches to false (simplify-conditionals-false)...
--------------------------------------------------------------------------------
*** Replace unconditional by return (simplify-unconditional-branch)...
--------------------------------------------------------------------------------
*** Reducing Invokes (invokes)...
--------------------------------------------------------------------------------
*** Removing Unreachable Basic Blocks (unreachable-basic-blocks)...
--------------------------------------------------------------------------------
*** Reducing Basic Blocks (basic-blocks)...
--------------------------------------------------------------------------------
*** Reducing using SimplifyCFG (simplify-cfg)...
 **** SUCCESS | Saved new best reduction to boids-reduced.ll
--------------------------------------------------------------------------------
*** Reducing Function Data (function-data)...
--------------------------------------------------------------------------------
*** Reducing GlobalValues (global-values)...
--------------------------------------------------------------------------------
*** Reducing GlobalObjects (global-objects)...
--------------------------------------------------------------------------------
*** Reducing GV Initializers (global-initializers)...
--------------------------------------------------------------------------------
*** Reducing GlobalVariables (global-variables)...
--------------------------------------------------------------------------------
*** Reducing DIMetadata (di-metadata)...
--------------------------------------------------------------------------------
*** Reducing DbgRecords (dbg-records)...
--------------------------------------------------------------------------------
*** Reducing Distinct Metadata (distinct-metadata)...
--------------------------------------------------------------------------------
*** Reducing Metadata (metadata)...
--------------------------------------------------------------------------------
*** Reducing Named Metadata (named-metadata)...
--------------------------------------------------------------------------------
*** Reducing Arguments (arguments)...
--------------------------------------------------------------------------------
*** Reducing Instructions (instructions)...
--------------------------------------------------------------------------------
*** Simplifying Instructions (simplify-instructions)...
--------------------------------------------------------------------------------
*** Running passes (ir-passes)...
 **** SUCCESS | Saved new best reduction to boids-reduced.ll
--------------------------------------------------------------------------------
*** Reducing Operands to zero (operands-zero)...
--------------------------------------------------------------------------------
*** Reducing Operands to one (operands-one)...
--------------------------------------------------------------------------------
*** Reducing Operands to NaN (operands-nan)...
--------------------------------------------------------------------------------
*** Reducing Operands to poison (operands-poison)...
--------------------------------------------------------------------------------
*** Converting operands to function arguments (operands-to-args)...
--------------------------------------------------------------------------------
*** Reducing operands by skipping over instructions (operands-skip)...
--------------------------------------------------------------------------------
*** Reducing Operand Bundles (operand-bundles)...
--------------------------------------------------------------------------------
*** Reducing Attributes (attributes)...
--------------------------------------------------------------------------------
*** Reducing target-features (target-features-attr)...
--------------------------------------------------------------------------------
*** Reducing Module Data (module-data)...
--------------------------------------------------------------------------------
*** Reducing Opcodes (opcodes)...
--------------------------------------------------------------------------------
*** Converting arguments to function return value (arguments-to-return)...
--------------------------------------------------------------------------------
*** Early return of instructions (instructions-to-return)...
--------------------------------------------------------------------------------
*** Reducing Volatile Instructions (volatile)...
--------------------------------------------------------------------------------
*** Reducing Atomic Ordering (atomic-ordering)...
--------------------------------------------------------------------------------
*** Reducing Atomic Sync Scopes (syncscopes)...
--------------------------------------------------------------------------------
*** Reducing Instruction Flags (instruction-flags)...
--------------------------------------------------------------------------------
*** Inlining callsites (inline-call-sites)...
--------------------------------------------------------------------------------
*** Sinking defs to uses (sink-defs-to-uses)...
 **** SUCCESS | Saved new best reduction to boids-reduced.ll
--------------------------------------------------------------------------------
Done reducing! Reduced testcase: boids-reduced.ll
rc=0
