$ /home/will/llvm-mos-65816/build/spc700-hint/llc/fix-06bc967d -mtriple=mos -mcpu=mosspc700 -run-pass=greedy,virtregrewriter -verify-machineinstrs docs/defects/evidence/2026-10-10-spc700-hint-repair/regalloc-spc700.mir -o -
# llc sha256 55e62f61a5e111a541a2543eb82e6f83884183f8ea197ec5a54eb44ea35a0978
--- |
  ; ModuleID = 'docs/defects/evidence/2026-10-10-spc700-hint-repair/regalloc-spc700.mir'
  source_filename = "docs/defects/evidence/2026-10-10-spc700-hint-repair/regalloc-spc700.mir"
  target datalayout = "e-m:e-p:16:8-p1:8:8-i16:8-i32:8-i64:8-f32:8-f64:8-a:8-Fi8-n8"
  target triple = "mos"
  
  define void @indirect_thunk_opcode() #0 {
  entry:
    unreachable
  }
  
  define void @indirect_thunk_opcode_across_call() #0 {
  entry:
    unreachable
  }
  
  attributes #0 = { "target-cpu"="mosspc700" }
...
---
name:            indirect_thunk_opcode
alignment:       1
exposesReturnsTwice: false
legalized:       true
regBankSelected: true
selected:        false
failedISel:      false
tracksRegLiveness: true
hasWinCFI:       false
noPhis:          true
isSSA:           false
noVRegs:         true
hasFakeUses:     false
callsEHReturn:   false
callsUnwindInit: false
hasEHContTarget: false
hasEHScopes:     false
hasEHFunclets:   false
isOutlined:      false
debugInstrRef:   false
failsVerification: false
tracksDebugUserValues: true
registers:       []
liveins:         []
frameInfo:
  isFrameAddressTaken: false
  isReturnAddressTaken: false
  hasStackMap:     false
  hasPatchPoint:   false
  stackSize:       0
  offsetAdjustment: 0
  maxAlignment:    1
  adjustsStack:    false
  hasCalls:        false
  framePointerPolicy: none
  stackProtector:  ''
  functionContext: ''
  maxCallFrameSize: 4294967295
  cvBytesOfCalleeSavedRegisters: 0
  hasOpaqueSPAdjustment: false
  hasVAStart:      false
  hasMustTailInVarArgFunc: false
  hasTailCall:     false
  isCalleeSavedInfoValid: false
  localFrameSize:  0
fixedStack:      []
stack:           []
entry_values:    []
callSites:       []
debugValueSubstitutions: []
constants:       []
machineFunctionInfo: {}
body:             |
  bb.0.entry:
    renamable $x = LDImm 95
    $rc17 = COPY killed renamable $x
    JSR &__rc17, mos_csr, implicit $rc17
    RTS
...
---
name:            indirect_thunk_opcode_across_call
alignment:       1
exposesReturnsTwice: false
legalized:       true
regBankSelected: true
selected:        false
failedISel:      false
tracksRegLiveness: true
hasWinCFI:       false
noPhis:          true
isSSA:           false
noVRegs:         true
hasFakeUses:     false
callsEHReturn:   false
callsUnwindInit: false
hasEHContTarget: false
hasEHScopes:     false
hasEHFunclets:   false
isOutlined:      false
debugInstrRef:   false
failsVerification: false
tracksDebugUserValues: true
registers:       []
liveins:         []
frameInfo:
  isFrameAddressTaken: false
  isReturnAddressTaken: false
  hasStackMap:     false
  hasPatchPoint:   false
  stackSize:       0
  offsetAdjustment: 0
  maxAlignment:    1
  adjustsStack:    false
  hasCalls:        false
  framePointerPolicy: none
  stackProtector:  ''
  functionContext: ''
  maxCallFrameSize: 4294967295
  cvBytesOfCalleeSavedRegisters: 0
  hasOpaqueSPAdjustment: false
  hasVAStart:      false
  hasMustTailInVarArgFunc: false
  hasTailCall:     false
  isCalleeSavedInfoValid: false
  localFrameSize:  0
fixedStack:      []
stack:           []
entry_values:    []
callSites:       []
debugValueSubstitutions: []
constants:       []
machineFunctionInfo: {}
body:             |
  bb.0.entry:
    renamable $rc20 = LDImm 95
    JSR &fn, mos_csr
    $rc17 = COPY killed renamable $rc20
    JSR &__rc17, mos_csr, implicit $rc17
    RTS
...
exit_code=0
