# toolchain=/home/will/llvm-mos-65816/build/llvm-mos-install clang=ceff21dd020e3bd121a7b000482fa7ae024044080c1833a087c1a51107841989 (clang-24) llc=a78958b0194092f58a62c779b5059330a31a6c365620343cb4031f24a9fad16b lld=fcbcca66684b13cb80b3eb4b5cb6e536caf10ae14ac151226f4bb80934b55287
# cwd=/home/will/llvm-mos-65816
$ /home/will/llvm-mos-65816/build/llvm-mos-install/bin/mos-clang --target=mos -mcpu=mosw65816 -O3 -c -o /dev/null docs/defects/evidence/2026-10-11-demo-build-failures/ascast/ascast_sim.i
fatal error: error in backend: unable to legalize instruction: %3:_(s32) = G_MERGE_VALUES %4:_(s8), %5:_(s8), %6:_(s8), %6:_(s8) (in function: ac_to_far)
PLEASE submit a bug report to https://github.com/llvm/llvm-project/issues/ and include the crash backtrace and dumped files.
Stack dump:
0.	Program arguments: /home/will/llvm-mos-65816/build/llvm-mos-install/bin/mos-clang --target=mos -mcpu=mosw65816 -O3 -c -o /dev/null docs/defects/evidence/2026-10-11-demo-build-failures/ascast/ascast_sim.i
1.	<eof> parser at end of file
2.	Code generation
3.	Running pass 'Function Pass Manager' on module 'examples/snes/corpus/ascast_sim.c'.
4.	Running pass 'Legalizer' on function '@ac_to_far'
 #0 0x0000642ab6ff220b llvm::sys::PrintStackTrace(llvm::raw_ostream&, int) (/home/will/llvm-mos-65816/build/llvm-mos-install/bin/mos-clang+0x262c20b)
 #1 0x0000642ab6fef465 llvm::sys::RunSignalHandlers() (/home/will/llvm-mos-65816/build/llvm-mos-install/bin/mos-clang+0x2629465)
 #2 0x0000642ab6f61b3e (anonymous namespace)::CrashRecoveryContextImpl::HandleCrash(int, unsigned long) CrashRecoveryContext.cpp:0:0
 #3 0x0000642ab6f61afb (/home/will/llvm-mos-65816/build/llvm-mos-install/bin/mos-clang+0x259bafb)
 #4 0x0000642ab6febf77 llvm::sys::Process::Exit(int, bool) (/home/will/llvm-mos-65816/build/llvm-mos-install/bin/mos-clang+0x2625f77)
 #5 0x0000642ab627a896 (/home/will/llvm-mos-65816/build/llvm-mos-install/bin/mos-clang+0x18b4896)
 #6 0x0000642ab6f68366 llvm::report_fatal_error(llvm::Twine const&, bool) (/home/will/llvm-mos-65816/build/llvm-mos-install/bin/mos-clang+0x25a2366)
 #7 0x0000642ab6f68548 (/home/will/llvm-mos-65816/build/llvm-mos-install/bin/mos-clang+0x25a2548)
 #8 0x0000642ab87490fc (/home/will/llvm-mos-65816/build/llvm-mos-install/bin/mos-clang+0x3d830fc)
 #9 0x0000642ab8749448 llvm::reportGISelFailure(llvm::MachineFunction&, llvm::MachineOptimizationRemarkEmitter&, char const*, llvm::StringRef, llvm::MachineInstr const&) (/home/will/llvm-mos-65816/build/llvm-mos-install/bin/mos-clang+0x3d83448)
#10 0x0000642ab86e830d runLegalizerOnMachineFunction(llvm::MachineFunction&, llvm::function_ref<llvm::GISelCSEInfo* ()>, llvm::function_ref<llvm::GISelValueTracking* ()>, llvm::LibcallLoweringInfo const*) Legalizer.cpp:0:0
#11 0x0000642ab86e808d llvm::LegalizerLegacy::runOnMachineFunction(llvm::MachineFunction&) (/home/will/llvm-mos-65816/build/llvm-mos-install/bin/mos-clang+0x3d2208d)
#12 0x0000642ab662b392 llvm::MachineFunctionPass::runOnFunction(llvm::Function&) (/home/will/llvm-mos-65816/build/llvm-mos-install/bin/mos-clang+0x1c65392)
#13 0x0000642ab6b25f44 llvm::FPPassManager::runOnFunction(llvm::Function&) (/home/will/llvm-mos-65816/build/llvm-mos-install/bin/mos-clang+0x215ff44)
#14 0x0000642ab6b2c26c llvm::FPPassManager::runOnModule(llvm::Module&) (/home/will/llvm-mos-65816/build/llvm-mos-install/bin/mos-clang+0x216626c)
#15 0x0000642ab6b26cce llvm::legacy::PassManagerImpl::run(llvm::Module&) (/home/will/llvm-mos-65816/build/llvm-mos-install/bin/mos-clang+0x2160cce)
#16 0x0000642ab85a417d llvm::runCodeGenPipeline(llvm::TargetMachine&, llvm::Module&, llvm::raw_pwrite_stream&, std::unique_ptr<llvm::ToolOutputFile, std::default_delete<llvm::ToolOutputFile>>&, llvm::CodeGenFileType, bool, bool, bool, llvm::IntrusiveRefCntPtr<llvm::vfs::FileSystem>) (/home/will/llvm-mos-65816/build/llvm-mos-install/bin/mos-clang+0x3bde17d)
#17 0x0000642ab7690fd9 (anonymous namespace)::EmitAssemblyHelper::emitAssembly(clang::BackendAction, std::unique_ptr<llvm::raw_pwrite_stream, std::default_delete<llvm::raw_pwrite_stream>>, clang::BackendConsumer*) BackendUtil.cpp:0:0
#18 0x0000642ab769070b clang::emitBackendOutput(clang::CompilerInstance&, clang::CodeGenOptions&, llvm::Module*, clang::BackendAction, llvm::IntrusiveRefCntPtr<llvm::vfs::FileSystem>, std::unique_ptr<llvm::raw_pwrite_stream, std::default_delete<llvm::raw_pwrite_stream>>, clang::BackendConsumer*) (/home/will/llvm-mos-65816/build/llvm-mos-install/bin/mos-clang+0x2cca70b)
#19 0x0000642ab76ab860 clang::BackendConsumer::HandleTranslationUnit(clang::ASTContext&) (/home/will/llvm-mos-65816/build/llvm-mos-install/bin/mos-clang+0x2ce5860)
#20 0x0000642ab8fcb2d9 clang::ParseAST(clang::Sema&, bool, bool) (/home/will/llvm-mos-65816/build/llvm-mos-install/bin/mos-clang+0x46052d9)
#21 0x0000642ab7bc2d0d clang::FrontendAction::Execute() (/home/will/llvm-mos-65816/build/llvm-mos-install/bin/mos-clang+0x31fcd0d)
#22 0x0000642ab7b4061d clang::CompilerInstance::ExecuteAction(clang::FrontendAction&) (/home/will/llvm-mos-65816/build/llvm-mos-install/bin/mos-clang+0x317a61d)
#23 0x0000642ab7c706e1 clang::ExecuteCompilerInvocation(clang::CompilerInstance*) (/home/will/llvm-mos-65816/build/llvm-mos-install/bin/mos-clang+0x32aa6e1)
#24 0x0000642ab627a1a9 cc1_main(llvm::ArrayRef<char const*>, char const*, void*) (/home/will/llvm-mos-65816/build/llvm-mos-install/bin/mos-clang+0x18b41a9)
#25 0x0000642ab6276d4c ExecuteCC1Tool(llvm::SmallVectorImpl<char const*>&, llvm::ToolContext const&, llvm::IntrusiveRefCntPtr<llvm::vfs::FileSystem>) driver.cpp:0:0
#26 0x0000642ab62786e3 int llvm::function_ref<int (llvm::SmallVectorImpl<char const*>&)>::callback_fn<clang_main(int, char**, llvm::ToolContext const&)::$_0>(long, llvm::SmallVectorImpl<char const*>&) driver.cpp:0:0
#27 0x0000642ab7988a19 void llvm::function_ref<void ()>::callback_fn<clang::driver::CC1Command::Execute(llvm::ArrayRef<std::optional<llvm::StringRef>>, std::__cxx11::basic_string<char, std::char_traits<char>, std::allocator<char>>*, bool*) const::$_0>(long) Job.cpp:0:0
#28 0x0000642ab6f61ad8 llvm::CrashRecoveryContext::RunSafely(llvm::function_ref<void ()>) (/home/will/llvm-mos-65816/build/llvm-mos-install/bin/mos-clang+0x259bad8)
#29 0x0000642ab79883cd clang::driver::CC1Command::Execute(llvm::ArrayRef<std::optional<llvm::StringRef>>, std::__cxx11::basic_string<char, std::char_traits<char>, std::allocator<char>>*, bool*) const (/home/will/llvm-mos-65816/build/llvm-mos-install/bin/mos-clang+0x2fc23cd)
#30 0x0000642ab79471cf clang::driver::Compilation::ExecuteCommand(clang::driver::Command const&, clang::driver::Command const*&, bool) const (/home/will/llvm-mos-65816/build/llvm-mos-install/bin/mos-clang+0x2f811cf)
#31 0x0000642ab7947b38 clang::driver::Compilation::ExecuteJobs(clang::driver::JobList const&, llvm::SmallVectorImpl<std::pair<int, clang::driver::Command const*>>&, bool) const (/home/will/llvm-mos-65816/build/llvm-mos-install/bin/mos-clang+0x2f81b38)
#32 0x0000642ab7967d7d clang::driver::Driver::ExecuteCompilation(clang::driver::Compilation&, llvm::SmallVectorImpl<std::pair<int, clang::driver::Command const*>>&) (/home/will/llvm-mos-65816/build/llvm-mos-install/bin/mos-clang+0x2fa1d7d)
#33 0x0000642ab627672c clang_main(int, char**, llvm::ToolContext const&) (/home/will/llvm-mos-65816/build/llvm-mos-install/bin/mos-clang+0x18b072c)
#34 0x0000642ab62847e6 main (/home/will/llvm-mos-65816/build/llvm-mos-install/bin/mos-clang+0x18be7e6)
#35 0x000079e08802a601 (/usr/lib/x86_64-linux-gnu/libc.so.6+0x2a601)
#36 0x000079e08802a718 __libc_start_main (/usr/lib/x86_64-linux-gnu/libc.so.6+0x2a718)
#37 0x0000642ab6274965 _start (/home/will/llvm-mos-65816/build/llvm-mos-install/bin/mos-clang+0x18ae965)
rc=1
