Printing analysis 'Scalar Evolution Analysis' for function 'far_rt_blit':
Classifying expressions for: @far_rt_blit
  %p = inttoptr i32 %a to ptr addrspace(2)
  -->  %p U: full-set S: full-set
  %j = phi i8 [ 0, %entry ], [ %j1, %loop ]
  -->  {0,+,1}<nuw><nsw><%loop> U: [0,64) S: [0,64)		Exits: 63		LoopDispositions: { %loop: Computable }
  %x = zext i8 %j to i32
  -->  {0,+,1}<nuw><nsw><%loop> U: [0,64) S: [0,64)		Exits: 63		LoopDispositions: { %loop: Computable }
  %q = getelementptr inbounds i8, ptr addrspace(2) %p, i32 %x
  -->  {%p,+,1}<nuw><%loop> U: full-set S: full-set		Exits: (63 + %p)		LoopDispositions: { %loop: Computable }
  %v = load i8, ptr addrspace(2) %q, align 1
  -->  %v U: full-set S: full-set		Exits: <<Unknown>>		LoopDispositions: { %loop: Variant }
  %d = getelementptr inbounds i8, ptr %dst, i8 %j
  -->  {%dst,+,1}<nuw><%loop> U: full-set S: full-set		Exits: (63 + %dst)		LoopDispositions: { %loop: Computable }
  %j1 = add nuw nsw i8 %j, 1
  -->  {1,+,1}<nuw><nsw><%loop> U: [1,65) S: [1,65)		Exits: 64		LoopDispositions: { %loop: Computable }
Determining loop execution counts for: @far_rt_blit
Loop %loop: backedge-taken count is i8 63
Loop %loop: constant max backedge-taken count is i8 63
Loop %loop: symbolic max backedge-taken count is i8 63
Loop %loop: Trip multiple is 64
Printing analysis 'Scalar Evolution Analysis' for function 'far_rt_blit':
Classifying expressions for: @far_rt_blit
  %p = inttoptr i32 %a to ptr addrspace(2)
  -->  %p U: full-set S: full-set
  %j = phi i8 [ 0, %entry ], [ %j1, %loop ]
  -->  {0,+,1}<nuw><nsw><%loop> U: [0,64) S: [0,64)		Exits: 63		LoopDispositions: { %loop: Computable }
  %x = zext i8 %j to i32
  -->  {0,+,1}<nuw><nsw><%loop> U: [0,64) S: [0,64)		Exits: 63		LoopDispositions: { %loop: Computable }
  %q = getelementptr inbounds i8, ptr addrspace(2) %p, i32 %x
  -->  {%p,+,1}<nuw><%loop> U: full-set S: full-set		Exits: (63 + %p)		LoopDispositions: { %loop: Computable }
  %v = load i8, ptr addrspace(2) %q, align 1
  -->  %v U: full-set S: full-set		Exits: <<Unknown>>		LoopDispositions: { %loop: Variant }
  %0 = zext nneg i8 %j to i16
  -->  {0,+,1}<nuw><nsw><%loop> U: [0,64) S: [0,64)		Exits: 63		LoopDispositions: { %loop: Computable }
  %scevgep = getelementptr i8, ptr %dst, i16 %0
  -->  {%dst,+,1}<nuw><%loop> U: full-set S: full-set		Exits: (63 + %dst)		LoopDispositions: { %loop: Computable }
  %j1 = add nuw nsw i8 %j, 1
  -->  {1,+,1}<nuw><nsw><%loop> U: [1,65) S: [1,65)		Exits: 64		LoopDispositions: { %loop: Computable }
Determining loop execution counts for: @far_rt_blit
Loop %loop: backedge-taken count is i8 63
Loop %loop: constant max backedge-taken count is i8 63
Loop %loop: symbolic max backedge-taken count is i8 63
Loop %loop: Trip multiple is 64
