llvm-lit: /work/build/register-exhaustion-src/llvm/utils/lit/lit/llvm/subst.py:130: note: Did not find lli in /work/build/0029-cross-target-build/bin
llvm-lit: /work/build/register-exhaustion-src/llvm/utils/lit/lit/llvm/subst.py:130: note: Did not find llvm-strip in /work/build/0029-cross-target-build/bin
llvm-lit: /work/build/register-exhaustion-src/llvm/utils/lit/lit/llvm/subst.py:130: note: Did not find llvm-install-name-tool in /work/build/0029-cross-target-build/bin
llvm-lit: /work/build/register-exhaustion-src/llvm/utils/lit/lit/llvm/subst.py:130: note: Did not find llvm-bitcode-strip in /work/build/0029-cross-target-build/bin
llvm-lit: /work/build/register-exhaustion-src/llvm/utils/lit/lit/llvm/subst.py:130: note: Did not find llvm-extract-bundle-entry in /work/build/0029-cross-target-build/bin
llvm-lit: /work/build/register-exhaustion-src/llvm/utils/lit/lit/llvm/subst.py:130: note: Did not find dsymutil in /work/build/0029-cross-target-build/bin
llvm-lit: /work/build/register-exhaustion-src/llvm/utils/lit/lit/llvm/subst.py:130: note: Did not find lli in /work/build/0029-cross-target-build/bin
llvm-lit: /work/build/register-exhaustion-src/llvm/utils/lit/lit/llvm/subst.py:130: note: Did not find lli-child-target in /work/build/0029-cross-target-build/bin
llvm-lit: /work/build/register-exhaustion-src/llvm/utils/lit/lit/llvm/subst.py:130: note: Did not find llubi in /work/build/0029-cross-target-build/bin
llvm-lit: /work/build/register-exhaustion-src/llvm/utils/lit/lit/llvm/subst.py:130: note: Did not find llvm-ar in /work/build/0029-cross-target-build/bin
llvm-lit: /work/build/register-exhaustion-src/llvm/utils/lit/lit/llvm/subst.py:130: note: Did not find llvm-addr2line in /work/build/0029-cross-target-build/bin
llvm-lit: /work/build/register-exhaustion-src/llvm/utils/lit/lit/llvm/subst.py:130: note: Did not find llvm-bcanalyzer in /work/build/0029-cross-target-build/bin
llvm-lit: /work/build/register-exhaustion-src/llvm/utils/lit/lit/llvm/subst.py:130: note: Did not find llvm-bitcode-strip in /work/build/0029-cross-target-build/bin
llvm-lit: /work/build/register-exhaustion-src/llvm/utils/lit/lit/llvm/subst.py:130: note: Did not find llvm-cas in /work/build/0029-cross-target-build/bin
llvm-lit: /work/build/register-exhaustion-src/llvm/utils/lit/lit/llvm/subst.py:130: note: Did not find llvm-cov in /work/build/0029-cross-target-build/bin
llvm-lit: /work/build/register-exhaustion-src/llvm/utils/lit/lit/llvm/subst.py:130: note: Did not find llvm-ctxprof-util in /work/build/0029-cross-target-build/bin
llvm-lit: /work/build/register-exhaustion-src/llvm/utils/lit/lit/llvm/subst.py:130: note: Did not find llvm-cxxdump in /work/build/0029-cross-target-build/bin
llvm-lit: /work/build/register-exhaustion-src/llvm/utils/lit/lit/llvm/subst.py:130: note: Did not find llvm-cvtres in /work/build/0029-cross-target-build/bin
llvm-lit: /work/build/register-exhaustion-src/llvm/utils/lit/lit/llvm/subst.py:130: note: Did not find llvm-debuginfod-find in /work/build/0029-cross-target-build/bin
llvm-lit: /work/build/register-exhaustion-src/llvm/utils/lit/lit/llvm/subst.py:130: note: Did not find llvm-debuginfo-analyzer in /work/build/0029-cross-target-build/bin
llvm-lit: /work/build/register-exhaustion-src/llvm/utils/lit/lit/llvm/subst.py:130: note: Did not find llvm-diff in /work/build/0029-cross-target-build/bin
llvm-lit: /work/build/register-exhaustion-src/llvm/utils/lit/lit/llvm/subst.py:130: note: Did not find llvm-dwarfutil in /work/build/0029-cross-target-build/bin
llvm-lit: /work/build/register-exhaustion-src/llvm/utils/lit/lit/llvm/subst.py:130: note: Did not find llvm-dwp in /work/build/0029-cross-target-build/bin
llvm-lit: /work/build/register-exhaustion-src/llvm/utils/lit/lit/llvm/subst.py:130: note: Did not find llvm-dlltool in /work/build/0029-cross-target-build/bin
llvm-lit: /work/build/register-exhaustion-src/llvm/utils/lit/lit/llvm/subst.py:130: note: Did not find llvm-exegesis in /work/build/0029-cross-target-build/bin
llvm-lit: /work/build/register-exhaustion-src/llvm/utils/lit/lit/llvm/subst.py:130: note: Did not find llvm-extract in /work/build/0029-cross-target-build/bin
llvm-lit: /work/build/register-exhaustion-src/llvm/utils/lit/lit/llvm/subst.py:130: note: Did not find llvm-extract-bundle-entry in /work/build/0029-cross-target-build/bin
llvm-lit: /work/build/register-exhaustion-src/llvm/utils/lit/lit/llvm/subst.py:130: note: Did not find llvm-ir2vec in /work/build/0029-cross-target-build/bin
llvm-lit: /work/build/register-exhaustion-src/llvm/utils/lit/lit/llvm/subst.py:130: note: Did not find llvm-isel-fuzzer in /work/build/0029-cross-target-build/bin
llvm-lit: /work/build/register-exhaustion-src/llvm/utils/lit/lit/llvm/subst.py:130: note: Did not find llvm-ifs in /work/build/0029-cross-target-build/bin
llvm-lit: /work/build/register-exhaustion-src/llvm/utils/lit/lit/llvm/subst.py:130: note: Did not find llvm-install-name-tool in /work/build/0029-cross-target-build/bin
llvm-lit: /work/build/register-exhaustion-src/llvm/utils/lit/lit/llvm/subst.py:130: note: Did not find llvm-jitlink in /work/build/0029-cross-target-build/bin
llvm-lit: /work/build/register-exhaustion-src/llvm/utils/lit/lit/llvm/subst.py:130: note: Did not find llvm-opt-fuzzer in /work/build/0029-cross-target-build/bin
llvm-lit: /work/build/register-exhaustion-src/llvm/utils/lit/lit/llvm/subst.py:130: note: Did not find llvm-lib in /work/build/0029-cross-target-build/bin
llvm-lit: /work/build/register-exhaustion-src/llvm/utils/lit/lit/llvm/subst.py:130: note: Did not find llvm-lto in /work/build/0029-cross-target-build/bin
llvm-lit: /work/build/register-exhaustion-src/llvm/utils/lit/lit/llvm/subst.py:130: note: Did not find llvm-mca in /work/build/0029-cross-target-build/bin
llvm-lit: /work/build/register-exhaustion-src/llvm/utils/lit/lit/llvm/subst.py:130: note: Did not find llvm-modextract in /work/build/0029-cross-target-build/bin
llvm-lit: /work/build/register-exhaustion-src/llvm/utils/lit/lit/llvm/subst.py:130: note: Did not find llvm-otool in /work/build/0029-cross-target-build/bin
llvm-lit: /work/build/register-exhaustion-src/llvm/utils/lit/lit/llvm/subst.py:130: note: Did not find llvm-pdbutil in /work/build/0029-cross-target-build/bin
llvm-lit: /work/build/register-exhaustion-src/llvm/utils/lit/lit/llvm/subst.py:130: note: Did not find llvm-profgen in /work/build/0029-cross-target-build/bin
llvm-lit: /work/build/register-exhaustion-src/llvm/utils/lit/lit/llvm/subst.py:130: note: Did not find llvm-ranlib in /work/build/0029-cross-target-build/bin
llvm-lit: /work/build/register-exhaustion-src/llvm/utils/lit/lit/llvm/subst.py:130: note: Did not find llvm-rc in /work/build/0029-cross-target-build/bin
llvm-lit: /work/build/register-exhaustion-src/llvm/utils/lit/lit/llvm/subst.py:130: note: Did not find llvm-rtdyld in /work/build/0029-cross-target-build/bin
llvm-lit: /work/build/register-exhaustion-src/llvm/utils/lit/lit/llvm/subst.py:130: note: Did not find llvm-split in /work/build/0029-cross-target-build/bin
llvm-lit: /work/build/register-exhaustion-src/llvm/utils/lit/lit/llvm/subst.py:130: note: Did not find llvm-stress in /work/build/0029-cross-target-build/bin
llvm-lit: /work/build/register-exhaustion-src/llvm/utils/lit/lit/llvm/subst.py:130: note: Did not find llvm-strings in /work/build/0029-cross-target-build/bin
llvm-lit: /work/build/register-exhaustion-src/llvm/utils/lit/lit/llvm/subst.py:130: note: Did not find llvm-strip in /work/build/0029-cross-target-build/bin
llvm-lit: /work/build/register-exhaustion-src/llvm/utils/lit/lit/llvm/subst.py:130: note: Did not find llvm-readtapi in /work/build/0029-cross-target-build/bin
llvm-lit: /work/build/register-exhaustion-src/llvm/utils/lit/lit/llvm/subst.py:130: note: Did not find llvm-undname in /work/build/0029-cross-target-build/bin
llvm-lit: /work/build/register-exhaustion-src/llvm/utils/lit/lit/llvm/subst.py:130: note: Did not find llvm-windres in /work/build/0029-cross-target-build/bin
llvm-lit: /work/build/register-exhaustion-src/llvm/utils/lit/lit/llvm/subst.py:130: note: Did not find llvm-c-test in /work/build/0029-cross-target-build/bin
llvm-lit: /work/build/register-exhaustion-src/llvm/utils/lit/lit/llvm/subst.py:130: note: Did not find llvm-cxxfilt in /work/build/0029-cross-target-build/bin
llvm-lit: /work/build/register-exhaustion-src/llvm/utils/lit/lit/llvm/subst.py:130: note: Did not find llvm-xray in /work/build/0029-cross-target-build/bin
llvm-lit: /work/build/register-exhaustion-src/llvm/utils/lit/lit/llvm/subst.py:130: note: Did not find obj2yaml in /work/build/0029-cross-target-build/bin
llvm-lit: /work/build/register-exhaustion-src/llvm/utils/lit/lit/llvm/subst.py:130: note: Did not find yaml-bench in /work/build/0029-cross-target-build/bin
llvm-lit: /work/build/register-exhaustion-src/llvm/utils/lit/lit/llvm/subst.py:130: note: Did not find llvm-symbolizer in /work/build/0029-cross-target-build/bin
llvm-lit: /work/build/register-exhaustion-src/llvm/utils/lit/lit/llvm/subst.py:130: note: Did not find sancov in /work/build/0029-cross-target-build/bin
llvm-lit: /work/build/register-exhaustion-src/llvm/utils/lit/lit/llvm/subst.py:130: note: Did not find sanstats in /work/build/0029-cross-target-build/bin
llvm-lit: /work/build/register-exhaustion-src/llvm/utils/lit/lit/llvm/subst.py:130: note: Did not find llvm-remarkutil in /work/build/0029-cross-target-build/bin
-- Testing: 157 tests, 4 workers --
PASS: LLVM :: MC/MOS/eflags.s (1 of 157)
PASS: LLVM :: CodeGen/MOS/legalizer.mir (2 of 157)
PASS: LLVM :: CodeGen/MOS/inc-dec-65ce02.ll (3 of 157)
PASS: LLVM :: CodeGen/MOS/jump-table-limit.ll (4 of 157)
PASS: LLVM :: MC/MOS/eflags-ir.ll (5 of 157)
PASS: LLVM :: MC/MOS/branch-range-boundary.s (6 of 157)
PASS: LLVM :: CodeGen/MOS/native-index-copy-cost.mir (7 of 157)
PASS: LLVM :: CodeGen/MOS/far-indir-indexed.ll (8 of 157)
PASS: LLVM :: CodeGen/MOS/nonreentrant-nointerrupts.ll (9 of 157)
PASS: LLVM :: CodeGen/MOS/a16-byte-store.ll (10 of 157)
PASS: LLVM :: CodeGen/MOS/far-loop-range.mir (11 of 157)
PASS: LLVM :: CodeGen/MOS/instruction-selector.mir (12 of 157)
PASS: LLVM :: CodeGen/MOS/shift-rotate.ll (13 of 157)
PASS: LLVM :: CodeGen/MOS/far-native-word.ll (14 of 157)
PASS: LLVM :: CodeGen/MOS/scmp-ucmp.ll (15 of 157)
PASS: LLVM :: CodeGen/MOS/far-global-long-x.ll (16 of 157)
PASS: LLVM :: CodeGen/MOS/vector-scalarize.ll (17 of 157)
PASS: LLVM :: CodeGen/MOS/a16-indirect-byte-store.ll (18 of 157)
PASS: LLVM :: CodeGen/MOS/anyext-masked-byte.ll (19 of 157)
PASS: LLVM :: CodeGen/MOS/anyext-wide.mir (20 of 157)
PASS: LLVM :: CodeGen/MOS/integer-compare.ll (21 of 157)
PASS: LLVM :: CodeGen/MOS/zp-byte-index.ll (22 of 157)
PASS: LLVM :: CodeGen/MOS/far-addressing.ll (23 of 157)
PASS: LLVM :: CodeGen/MOS/fcmp.ll (24 of 157)
PASS: LLVM :: CodeGen/MOS/hello-world.ll (25 of 157)
PASS: LLVM :: CodeGen/MOS/char-stats.ll (26 of 157)
PASS: LLVM :: CodeGen/MOS/xy16-near-indir-y.ll (27 of 157)
PASS: LLVM :: CodeGen/MOS/far-absolute-extload.mir (28 of 157)
PASS: LLVM :: CodeGen/MOS/branch-relaxation-65ce02.mir (29 of 157)
PASS: LLVM :: CodeGen/MOS/inc-dec.ll (30 of 157)
PASS: LLVM :: CodeGen/MOS/char-stats-norecurse.ll (31 of 157)
PASS: LLVM :: CodeGen/MOS/far-phi.ll (32 of 157)
PASS: LLVM :: MC/MOS/long-branches-65ce02.s (33 of 157)
PASS: LLVM :: CodeGen/MOS/store-zero.ll (34 of 157)
PASS: LLVM :: CodeGen/MOS/prologepilog-ir.mir (35 of 157)
PASS: LLVM :: CodeGen/MOS/zp-alloc.ll (36 of 157)
PASS: LLVM :: CodeGen/MOS/print-int.ll (37 of 157)
PASS: LLVM :: CodeGen/MOS/far-memset.ll (38 of 157)
PASS: LLVM :: CodeGen/MOS/insert-rep-sep-stack.mir (39 of 157)
PASS: LLVM :: CodeGen/MOS/inc-dec-6502x.ll (40 of 157)
PASS: LLVM :: CodeGen/MOS/combiner.mir (41 of 157)
PASS: LLVM :: CodeGen/MOS/branch-relaxation-bra.mir (42 of 157)
PASS: LLVM :: CodeGen/MOS/copy-opt-chain.mir (43 of 157)
PASS: LLVM :: CodeGen/MOS/add-sub.ll (44 of 157)
PASS: LLVM :: CodeGen/MOS/inc-dec-65c02.ll (45 of 157)
PASS: LLVM :: CodeGen/MOS/static-stack.ll (46 of 157)
PASS: LLVM :: CodeGen/MOS/shift-rotate-chain.mir (47 of 157)
PASS: LLVM :: CodeGen/MOS/a16-immediate-width.ll (48 of 157)
PASS: LLVM :: CodeGen/MOS/light-spill.ll (49 of 157)
PASS: LLVM :: CodeGen/MOS/inline-asm-zp-csr.ll (50 of 157)
PASS: LLVM :: CodeGen/MOS/copy-opt-loop.mir (51 of 157)
PASS: LLVM :: CodeGen/MOS/immediate-remat.ll (52 of 157)
PASS: LLVM :: CodeGen/MOS/asm-printer.mir (53 of 157)
PASS: LLVM :: CodeGen/MOS/legalizer-ir.mir (54 of 157)
PASS: LLVM :: CodeGen/MOS/callee-saved-regs.ll (55 of 157)
PASS: LLVM :: CodeGen/MOS/indvar-simplify-20230930.ll (56 of 157)
PASS: LLVM :: CodeGen/MOS/zeropage.ll (57 of 157)
PASS: LLVM :: CodeGen/MOS/indexiv.ll (58 of 157)
PASS: LLVM :: CodeGen/MOS/dp-pointer-arg.ll (59 of 157)
PASS: LLVM :: CodeGen/MOS/whole-program-zp.ll (60 of 157)
PASS: LLVM :: CodeGen/MOS/no-csr.ll (61 of 157)
PASS: LLVM :: CodeGen/MOS/instruction-selector-ir.mir (62 of 157)
PASS: LLVM :: MC/MOS/addressing-modes-65816.s (63 of 157)
PASS: LLVM :: MC/MOS/modifiers-spc700.s (64 of 157)
PASS: LLVM :: MC/MOS/branch-range-matrix-bcc8.s (65 of 157)
PASS: LLVM :: CodeGen/MOS/zp-alloc-preexisting.ll (66 of 157)
PASS: LLVM :: CodeGen/MOS/insert-copies.mir (67 of 157)
PASS: LLVM :: CodeGen/MOS/leaf-20231021.ll (68 of 157)
PASS: LLVM :: CodeGen/MOS/asm-printer-spc700.mir (69 of 157)
PASS: LLVM :: CodeGen/MOS/coalesce-remat.ll (70 of 157)
PASS: LLVM :: CodeGen/MOS/prologepilog.mir (71 of 157)
PASS: LLVM :: CodeGen/MOS/branch-relaxation.mir (72 of 157)
PASS: LLVM :: CodeGen/MOS/late-opt-65c02.mir (73 of 157)
PASS: LLVM :: CodeGen/MOS/copy-opt.mir (74 of 157)
PASS: LLVM :: CodeGen/MOS/cmp-select.ll (75 of 157)
PASS: LLVM :: CodeGen/MOS/inlineasm-constraint.mir (76 of 157)
PASS: LLVM :: CodeGen/MOS/copy-phys-reg-65c02.mir (77 of 157)
PASS: LLVM :: CodeGen/MOS/scavenger-65c02.mir (78 of 157)
PASS: LLVM :: MC/MOS/pc-rel-reloc.s (79 of 157)
PASS: LLVM :: CodeGen/MOS/finalize-isel.mir (80 of 157)
PASS: LLVM :: CodeGen/MOS/long-address-symbol-printer.mir (81 of 157)
PASS: LLVM :: CodeGen/MOS/late-opt.mir (82 of 157)
PASS: LLVM :: CodeGen/MOS/ret-global-addr.ll (83 of 157)
PASS: LLVM :: CodeGen/MOS/copy-phys-reg.mir (84 of 157)
PASS: LLVM :: CodeGen/MOS/call-lowering-stack.mir (85 of 157)
PASS: LLVM :: CodeGen/MOS/internalize.mir (86 of 157)
PASS: LLVM :: CodeGen/MOS/instruction-selector-ir-spc700.mir (87 of 157)
PASS: LLVM :: CodeGen/MOS/trivial.ll (88 of 157)
PASS: LLVM :: CodeGen/MOS/legalizer-huc6280.mir (89 of 157)
PASS: LLVM :: CodeGen/MOS/call-lowering.mir (90 of 157)
PASS: LLVM :: CodeGen/MOS/copy-phys-reg-huc6280.mir (91 of 157)
PASS: LLVM :: CodeGen/MOS/instruction-selector-spc700.mir (92 of 157)
PASS: LLVM :: CodeGen/MOS/zp-alloc-deterministic.ll (93 of 157)
PASS: LLVM :: CodeGen/MOS/commute.mir (94 of 157)
PASS: LLVM :: CodeGen/MOS/postrapseudos.mir (95 of 157)
PASS: LLVM :: CodeGen/MOS/nonreentrant.ll (96 of 157)
PASS: LLVM :: CodeGen/MOS/insert-rep-sep-cloned-kills.mir (97 of 157)
PASS: LLVM :: CodeGen/MOS/asm-printer-huc6280.mir (98 of 157)
PASS: LLVM :: CodeGen/MOS/legalizer-indexed-offset-observer.mir (99 of 157)
PASS: LLVM :: CodeGen/MOS/scavenger.mir (100 of 157)
PASS: LLVM :: CodeGen/MOS/lower-select.mir (101 of 157)
PASS: LLVM :: CodeGen/MOS/copy-phys-reg-spc700.mir (102 of 157)
PASS: LLVM :: CodeGen/MOS/copy-phys-reg-65816.mir (103 of 157)
PASS: LLVM :: CodeGen/MOS/interrupt-width-65816.ll (104 of 157)
PASS: LLVM :: MC/MOS/all-6502x-opcodes.s (105 of 157)
PASS: LLVM :: CodeGen/MOS/regalloc.mir (106 of 157)
PASS: LLVM :: MC/MOS/branch-range-matrix-65ce02.s (107 of 157)
PASS: LLVM :: MC/MOS/modifier-width-65816.s (108 of 157)
PASS: LLVM :: CodeGen/MOS/postrapseudos-spc700.mir (109 of 157)
PASS: LLVM :: CodeGen/MOS/instruction-selector-ir-65c02.mir (110 of 157)
PASS: LLVM :: MC/MOS/long-address-roundtrip-65816.s (111 of 157)
PASS: LLVM :: CodeGen/MOS/call-lowering-spc700.mir (112 of 157)
PASS: LLVM :: CodeGen/MOS/postrapseudos-huc6280.mir (113 of 157)
PASS: LLVM :: CodeGen/MOS/asm-printer-ir.mir (114 of 157)
PASS: LLVM :: CodeGen/MOS/legalizer-65c02.mir (115 of 157)
PASS: LLVM :: CodeGen/MOS/late-opt-65816.mir (116 of 157)
PASS: LLVM :: CodeGen/MOS/instruction-selector-65dtv02.mir (117 of 157)
PASS: LLVM :: CodeGen/MOS/branch-relaxation-inline-asm.mir (118 of 157)
PASS: LLVM :: MC/MOS/modifiers.s (119 of 157)
PASS: LLVM :: MC/MOS/zeropage-huc6280.s (120 of 157)
PASS: LLVM :: MC/MOS/do-init-array.s (121 of 157)
PASS: LLVM :: MC/MOS/branch-range-matrix-65816.s (122 of 157)
PASS: LLVM :: MC/MOS/modifiers-65816.s (123 of 157)
PASS: LLVM :: MC/MOS/long-branches-65816.s (124 of 157)
PASS: LLVM :: MC/MOS/addr-asciz.s (125 of 157)
PASS: LLVM :: MC/MOS/motorola-integers-default.s (126 of 157)
PASS: LLVM :: MC/MOS/zeropage.s (127 of 157)
PASS: LLVM :: MC/MOS/zp-regression.s (128 of 157)
PASS: LLVM :: MC/MOS/all-65el02-opcodes.s (129 of 157)
PASS: LLVM :: MC/MOS/align-nop.s (130 of 157)
PASS: LLVM :: MC/MOS/all-6502-opcodes.s (131 of 157)
PASS: LLVM :: MC/MOS/all-65816-opcodes.s (132 of 157)
PASS: LLVM :: MC/MOS/bit-branch-target-r65c02.s (133 of 157)
PASS: LLVM :: MC/MOS/ophis-hello-world.s (134 of 157)
PASS: LLVM :: MC/MOS/all-spc700-aliases.s (135 of 157)
PASS: LLVM :: MC/MOS/all-65ce02-opcodes.s (136 of 157)
PASS: LLVM :: MC/MOS/all-65816-aliases.s (137 of 157)
PASS: LLVM :: MC/MOS/asm-errors.s (138 of 157)
PASS: LLVM :: MC/MOS/all-spc700-opcodes.s (139 of 157)
PASS: LLVM :: MC/MOS/all-65c02-opcodes.s (140 of 157)
PASS: LLVM :: MC/MOS/do-copy-data.s (141 of 157)
PASS: LLVM :: MC/MOS/all-65dtv02-opcodes.s (142 of 157)
PASS: LLVM :: MC/MOS/all-r65c02-opcodes.s (143 of 157)
PASS: LLVM :: MC/MOS/do-init-stack.s (144 of 157)
PASS: LLVM :: MC/MOS/all-huc6280-opcodes.s (145 of 157)
PASS: LLVM :: MC/MOS/modifier-width.s (146 of 157)
PASS: LLVM :: MC/MOS/all-w65c02-opcodes.s (147 of 157)
PASS: LLVM :: MC/MOS/do-fini-array.s (148 of 157)
PASS: LLVM :: MC/MOS/modifier-width-errors.s (149 of 157)
PASS: LLVM :: MC/MOS/branch-range-errors.s (150 of 157)
UNSUPPORTED: LLVM :: CodeGen/MOS/getchar-regression.ll (151 of 157)
PASS: LLVM :: MC/MOS/trivial.s (152 of 157)
PASS: LLVM :: MC/MOS/uppercase-registers.s (153 of 157)
PASS: LLVM :: MC/MOS/all-4510-opcodes.s (154 of 157)
PASS: LLVM :: MC/MOS/inst-lda.s (155 of 157)
PASS: LLVM :: MC/MOS/all-45gs02-opcodes.s (156 of 157)
PASS: LLVM :: MC/MOS/do-zero-bss.s (157 of 157)

Testing Time: 3.20s

Total Discovered Tests: 157
  Unsupported:   1 (0.64%)
  Passed     : 156 (99.36%)
