Unexpected physical register copy.
UNREACHABLE executed at /home/will/llvm-mos-65816/.scratch/upstream-pin-2026-10-09/source/llvm/lib/Target/MOS/MOSRegisterInfo.cpp:1667!
PLEASE submit a bug report to https://github.com/llvm/llvm-project/issues/ and include the crash backtrace and instructions to reproduce the bug.
Stack dump:
0.	Program arguments: /home/will/llvm-mos-65816/.scratch/upstream-pin-2026-10-09/build/bin/llc -mtriple=mos -mcpu=mosw65816 -mattr=+mos-a16,+mos-xy16 -verify-machineinstrs /home/will/llvm-mos-65816/docs/defects/evidence/2026-10-10-pin-native-copy/far-global-long-x.ll -o /dev/null
1.	Running pass 'Function Pass Manager' on module '/home/will/llvm-mos-65816/docs/defects/evidence/2026-10-10-pin-native-copy/far-global-long-x.ll'.
2.	Running pass 'Greedy Register Allocator' on function '@load_byte_wide_index'
Stack dump without symbol names (ensure you have llvm-symbolizer in your PATH or set the environment var `LLVM_SYMBOLIZER_PATH` to point to it):
0  llc       0x000062a24d7b199b llvm::sys::PrintStackTrace(llvm::raw_ostream&, int) + 43
1  llc       0x000062a24d7b23ec
2  libc.so.6 0x000078abf8645cb0
3  libc.so.6 0x000078abf86a61ac pthread_kill + 284
4  libc.so.6 0x000078abf8645b7e gsignal + 30
5  libc.so.6 0x000078abf86288ec abort + 39
6  llc       0x000062a24d701e85
7  llc       0x000062a24e47f9e8
8  llc       0x000062a24e47db20
9  llc       0x000062a24e2f270a
10 llc       0x000062a24e323cc6
11 llc       0x000062a24e3245e7
12 llc       0x000062a24e2f1747 llvm::RegAllocBase::allocatePhysRegs() + 695
13 llc       0x000062a24e316a51
14 llc       0x000062a24e328fc1
15 llc       0x000062a24ddd88c8 llvm::MachineFunctionPass::runOnFunction(llvm::Function&) + 504
16 llc       0x000062a24da8ef81 llvm::FPPassManager::runOnFunction(llvm::Function&) + 1089
17 llc       0x000062a24da95c22 llvm::FPPassManager::runOnModule(llvm::Module&) + 50
18 llc       0x000062a24da8fb44 llvm::legacy::PassManagerImpl::run(llvm::Module&) + 1716
19 llc       0x000062a24d7b9927
20 llc       0x000062a24d7b64c1 llcMain + 1729
21 llc       0x000062a24d70142f main + 63
22 libc.so.6 0x000078abf862a601
23 libc.so.6 0x000078abf862a718 __libc_start_main + 136
24 llc       0x000062a24d701325 _start + 37
