     VMA      LMA     Size Align Out     In      Symbol
       0        0        0     1 __rc0 = 0x00
       0        0        0     1 __rc1 = __rc0 + 1
       0        0        0     1 PROVIDE(__rc2 = __rc1 + 1)
       0        0        0     1 __rc3 = __rc2 + 1
       0        0        0     1 PROVIDE(__rc4 = __rc3 + 1)
       0        0        0     1 __rc5 = __rc4 + 1
       0        0        0     1 PROVIDE(__rc6 = __rc5 + 1)
       0        0        0     1 __rc7 = __rc6 + 1
       0        0        0     1 PROVIDE(__rc8 = __rc7 + 1)
       0        0        0     1 __rc9 = __rc8 + 1
       0        0        0     1 PROVIDE(__rc10 = __rc9 + 1)
       0        0        0     1 __rc11 = __rc10 + 1
       0        0        0     1 PROVIDE(__rc12 = __rc11 + 1)
       0        0        0     1 __rc13 = __rc12 + 1
       0        0        0     1 PROVIDE(__rc14 = __rc13 + 1)
       0        0        0     1 __rc15 = __rc14 + 1
       0        0        0     1 PROVIDE(__rc16 = __rc15 + 1)
       0        0        0     1 __rc17 = __rc16 + 1
       0        0        0     1 PROVIDE(__rc18 = __rc17 + 1)
       0        0        0     1 __rc19 = __rc18 + 1
       0        0        0     1 PROVIDE(__rc20 = __rc19 + 1)
       0        0        0     1 __rc21 = __rc20 + 1
       0        0        0     1 PROVIDE(__rc22 = __rc21 + 1)
       0        0        0     1 __rc23 = __rc22 + 1
       0        0        0     1 PROVIDE(__rc24 = __rc23 + 1)
       0        0        0     1 __rc25 = __rc24 + 1
       0        0        0     1 PROVIDE(__rc26 = __rc25 + 1)
       0        0        0     1 __rc27 = __rc26 + 1
       0        0        0     1 PROVIDE(__rc28 = __rc27 + 1)
       0        0        0     1 __rc29 = __rc28 + 1
       0        0        0     1 PROVIDE(__rc30 = __rc29 + 1)
       0        0        0     1 __rc31 = __rc30 + 1
       0        0        0     1 
       0        0        0     1 __stack = 0x2000
    8000     8000      117     1 .text
    8000     8000        0     1         _init = .
    8000     8000        0     1         _start = .
    8000     8000       18     1         /home/will/llvm-mos-65816/build/defect-baselines/2026-09-26-far-memset/sdk/bin/../mos-platform/snes/lib/crt0.o:(.init.50)
    8006     8006        0     1                 $xl.0
    800e     800e        0     1                 $mh.1
    8013     8013        0     1                 $mh.2
    8018     8018        8     1         /home/will/llvm-mos-65816/build/defect-baselines/2026-09-26-far-memset/sdk/bin/../mos-platform/snes/lib/libcrt0.a(init-stack.S.obj):(.init.100)
    8018     8018        0     1                 __do_init_stack
    8020     8020        3     1         /home/will/llvm-mos-65816/build/defect-baselines/2026-09-26-far-memset/sdk/bin/../mos-platform/snes/lib/libcrt0.a(zero-bss.c.obj):(.init.200)
    8020     8020        0     1                 __do_zero_bss
    8023     8023        3     1         /home/will/llvm-mos-65816/build/defect-baselines/2026-09-26-far-memset/sdk/bin/../mos-platform/snes/lib/crt0.o:(.call_main)
    8026     8026        3     1         /home/will/llvm-mos-65816/build/defect-baselines/2026-09-26-far-memset/sdk/bin/../mos-platform/snes/lib/libcrt0.a(exit-custom.S.obj):(.after_main)
    8026     8026        0     1                 __after_main
    8029     8029        0     1         _fini = .
    8029     8029        1     1         /home/will/llvm-mos-65816/build/defect-baselines/2026-09-26-far-memset/sdk/bin/../mos-platform/snes/lib/crt0.o:(.fini_rts)
    802a     802a       60     1         /home/will/llvm-mos-65816/docs/defects/evidence/2026-09-26-far-memset/june-c-entry/input.o:(.text)
    802a     802a        0     1                 $xh.0
    802a     802a       60     1                 main
    803c     803c        0     1                 $mh.1
    803e     803e        0     1                 $xh.2
    804d     804d        0     1                 $xh.3
    8053     8053        0     1                 $mh.4
    805a     805a        0     1                 $mh.5
    8060     8060        0     1                 $mh.6
    8066     8066        0     1                 $mh.7
    807e     807e        0     1                 $ml.8
    808a     808a        4     1         /home/will/llvm-mos-65816/build/defect-baselines/2026-09-26-far-memset/sdk/bin/../mos-platform/snes/lib/crt0.o:(.text)
    808a     808a        0     1                 irq
    808b     808b        0     1                 nmi
    808c     808c        0     1                 brk
    808d     808d        0     1                 cop
    808e     808e       13     1         /home/will/llvm-mos-65816/build/defect-baselines/2026-09-26-far-memset/sdk/bin/../mos-platform/snes/lib/libcrt0.a(zero-bss.c.obj):(.text.__zero_bss)
    808e     808e       13     1                 __zero_bss
    80a1     80a1       53     1         /home/will/llvm-mos-65816/build/defect-baselines/2026-09-26-far-memset/sdk/bin/../mos-platform/snes/lib/libc.a(mem-far.c.obj):(.text.__memset_far)
    80a1     80a1        0     1                 $xh.0
    80a1     80a1       53     1                 __memset_far
    80ab     80ab        0     1                 $xh.1
    80b3     80b3        0     1                 $xh.2
    80ba     80ba        0     1                 $xh.3
    80cd     80cd        0     1                 $mh.4
    80d3     80d3        0     1                 $mh.5
    80e3     80e3        0     1                 $xh.6
    80f4     80f4        5     1         /home/will/llvm-mos-65816/docs/defects/evidence/2026-09-26-far-memset/june-c-entry/input.sfc.lto.o:(.text.exit)
    80f4     80f4        5     1                 exit
    80f9     80f9       1e     1         /home/will/llvm-mos-65816/docs/defects/evidence/2026-09-26-far-memset/june-c-entry/input.sfc.lto.o:(.text.__memset)
    80f9     80f9        0     1                 $xh.1
    80f9     80f9       1e     1                 __memset
    8109     8109        0     1                 $xh.2
    810f     810f        0     1                 $xh.3
    8117     8117        0     1         __init_array_start = .
    8117     8117        0     1         __init_array_end = .
    8117     8117        0     1         __fini_array_start = .
    8117     8117        0     1         __fini_array_end = .
     200      200        0     1 .data
     200      200        0     1         __data_start = .
     200      200        0     1         __data_end = .
     200      200        0     1 __data_load_start = LOADADDR(.data)
     200      200        0     1 __data_size = SIZEOF(.data)
      20       20        0     1 .zp.data
      20       20        0     1         __zp_data_start = .
      20       20        0     1 __zp_data_load_start = LOADADDR(.zp.data)
      20       20        0     1 __zp_data_size = SIZEOF(.zp.data)
      20       20        0     1 .zp.bss
      20       20        0     1         __zp_bss_start = .
      20       20        0     1 __zp_bss_size = SIZEOF(.zp.bss)
     200      200        2     1 .bss
     200      200        0     1         __bss_start = .
     200      200        2     1         /home/will/llvm-mos-65816/docs/defects/evidence/2026-09-26-far-memset/june-c-entry/input.o:(.bss)
     200      200        2     1                 corpus_result
     202      202        0     1         __bss_end = .
     202      202        0     1 __bss_size = SIZEOF(.bss)
     202      202        0     1 .noinit
     202      202        0     1         __heap_start = ALIGN(., 2)
    ffb0     ffb0       30     1 .snes_header
    ffb0     ffb0       30     1         /home/will/llvm-mos-65816/build/defect-baselines/2026-09-26-far-memset/sdk/bin/../mos-platform/snes/lib/crt0.o:(.snes_header)
    ffb0     ffb0        0     1                 __snes_header
    ffe0     ffe0       10     1 .snes_vectors_native
    ffe0     ffe0        2     1         SHORT(0x0000)
    ffe2     ffe2        2     1         SHORT(0x0000)
    ffe4     ffe4        2     1         SHORT(cop)
    ffe6     ffe6        2     1         SHORT(brk)
    ffe8     ffe8        2     1         SHORT(0x0000)
    ffea     ffea        2     1         SHORT(nmi)
    ffec     ffec        2     1         SHORT(0x0000)
    ffee     ffee        2     1         SHORT(irq)
    fff0     fff0       10     1 .snes_vectors_emu
    fff0     fff0        2     1         SHORT(0x0000)
    fff2     fff2        2     1         SHORT(0x0000)
    fff4     fff4        2     1         SHORT(cop)
    fff6     fff6        2     1         SHORT(0x0000)
    fff8     fff8        2     1         SHORT(0x0000)
    fffa     fffa        2     1         SHORT(nmi)
    fffc     fffc        2     1         SHORT(_start)
    fffe     fffe        2     1         SHORT(irq)
       0        0       d4     1 .comment
       0        0       d4     1         <internal>:(.comment)
       0        0      610     4 .symtab
       0        0      610     4         <internal>:(.symtab)
       0        0       82     1 .shstrtab
       0        0       82     1         <internal>:(.shstrtab)
       0        0      34e     1 .strtab
       0        0      34e     1         <internal>:(.strtab)
