loading initial cache file /home/will/llvm-mos-65816/.scratch/sjlj-restoration/test-suite/cmake/caches/O3.cmake
loading initial cache file /home/will/llvm-mos-65816/.scratch/sjlj-restoration/test-suite/cmake/caches/target-mos.cmake
-- The C compiler identification is Clang 24.0.0
-- The CXX compiler identification is Clang 24.0.0
-- Detecting C compiler ABI info
-- Detecting C compiler ABI info - done
-- Check for working C compiler: /home/will/llvm-mos-65816/.scratch/sjlj-restoration/llvm-mos/bin/mos-sim-clang - skipped
-- Detecting C compile features
-- Detecting C compile features - done
-- Detecting CXX compiler ABI info
-- Detecting CXX compiler ABI info - done
-- Check for working CXX compiler: /home/will/llvm-mos-65816/.scratch/sjlj-restoration/llvm-mos/bin/mos-sim-clang++ - skipped
-- Detecting CXX compile features
-- Detecting CXX compile features - done
-- Could NOT find OpenMP_C (missing: OpenMP_C_FLAGS OpenMP_C_LIB_NAMES) 
-- Could NOT find OpenMP_CXX (missing: OpenMP_CXX_FLAGS OpenMP_CXX_LIB_NAMES) 
-- Could NOT find OpenMP (missing: OpenMP_C_FOUND OpenMP_CXX_FOUND) 
-- Check target operating system - Generic
-- Adding directory SingleSource
-- Performing Test SETJMP_LONGJMP_HAS_CXX_EXCEPTIONS
-- Performing Test SETJMP_LONGJMP_HAS_CXX_EXCEPTIONS - Failed
-- Performing Test COMPILER_HAS_MATRIX_FLAG
-- Performing Test COMPILER_HAS_MATRIX_FLAG - Success
-- Looking for mmap
-- Looking for mmap - not found
-- Configuring done (7.4s)
-- Generating done (2.3s)
-- Build files have been written to: /home/will/llvm-mos-65816/.scratch/sjlj-restoration/mos-unfixed-O3
