llvm-lit: /home/will/llvm-mos-65816/vendor/llvm-mos/llvm/utils/lit/lit/main.py:74: note: The test suite configuration requested an individual test timeout of 0 seconds but a timeout of 10 seconds was requested on the command line. Forcing timeout to be 10 seconds.
-- Testing: 6 tests, 6 workers --
PASS: test-suite :: SingleSource/UnitTests/longjmp-zero.test (1 of 6)
********** TEST 'test-suite :: SingleSource/UnitTests/longjmp-zero.test' RESULTS **********
compile_time: 0.0000 
exec_time: 0.0000 
hash: "" 
link_time: 1.0167 
size: 4729 
********************
PASS: test-suite :: SingleSource/UnitTests/SetjmpLongjmp/C/WhileLoop.test (2 of 6)
********** TEST 'test-suite :: SingleSource/UnitTests/SetjmpLongjmp/C/WhileLoop.test' RESULTS **********
compile_time: 0.0000 
exec_time: 0.0098 
hash: "" 
link_time: 1.1038 
size: 4446 
********************
PASS: test-suite :: SingleSource/UnitTests/SetjmpLongjmp/C/SimpleCTest.test (3 of 6)
********** TEST 'test-suite :: SingleSource/UnitTests/SetjmpLongjmp/C/SimpleCTest.test' RESULTS **********
compile_time: 0.0000 
exec_time: 0.0010 
hash: "" 
link_time: 1.0316 
size: 567 
********************
PASS: test-suite :: SingleSource/UnitTests/SetjmpLongjmp/C/MultipleSetjmp.test (4 of 6)
********** TEST 'test-suite :: SingleSource/UnitTests/SetjmpLongjmp/C/MultipleSetjmp.test' RESULTS **********
compile_time: 0.0000 
exec_time: 0.0000 
hash: "" 
link_time: 1.1100 
size: 4606 
********************
PASS: test-suite :: SingleSource/UnitTests/SetjmpLongjmp/C/FarJump.test (5 of 6)
********** TEST 'test-suite :: SingleSource/UnitTests/SetjmpLongjmp/C/FarJump.test' RESULTS **********
compile_time: 0.0000 
exec_time: 0.0000 
hash: "" 
link_time: 0.9875 
size: 875 
********************
PASS: test-suite :: SingleSource/UnitTests/SetjmpLongjmp/C/Looping.test (6 of 6)
********** TEST 'test-suite :: SingleSource/UnitTests/SetjmpLongjmp/C/Looping.test' RESULTS **********
compile_time: 0.0000 
exec_time: 0.0009 
hash: "" 
link_time: 0.9927 
size: 4371 
********************

Testing Time: 0.41s

Total Discovered Tests: 6
  Passed: 6 (100.00%)
