$ /home/will/llvm-mos-65816/build/aarch64-asm-type-fix/llc -mtriple=aarch64 -global-isel=0 -O2 -verify-machineinstrs /home/will/llvm-mos-65816/docs/defects/evidence/2026-09-25-aarch64-vector-asm/forms/callbr-input-64.ll -o /dev/null
llc: /work/build/selectiondag-inlineasm-fix/SelectionDAGBuilder.cpp:774: void getCopyToPartsVector(SelectionDAG &, const SDLoc &, SDValue, SDValue *, unsigned int, MVT, const Value *, std::optional<CallingConv::ID>): Assertion `RegisterVT == PartVT && "Part type doesn't match vector breakdown!"' failed.
PLEASE submit a bug report to https://github.com/llvm/llvm-project/issues/ and include the crash backtrace and instructions to reproduce the bug.
Stack dump:
0.	Program arguments: /home/will/llvm-mos-65816/build/aarch64-asm-type-fix/llc -mtriple=aarch64 -global-isel=0 -O2 -verify-machineinstrs /home/will/llvm-mos-65816/docs/defects/evidence/2026-09-25-aarch64-vector-asm/forms/callbr-input-64.ll -o /dev/null
1.	Running pass 'Function Pass Manager' on module '/home/will/llvm-mos-65816/docs/defects/evidence/2026-09-25-aarch64-vector-asm/forms/callbr-input-64.ll'.
2.	Running pass 'AArch64 Instruction Selection' on function '@f'
Stack dump without symbol names (ensure you have llvm-symbolizer in your PATH or set the environment var `LLVM_SYMBOLIZER_PATH` to point to it):
0  llc       0x000059c580ace01b llvm::sys::PrintStackTrace(llvm::raw_ostream&, int) + 43
1  llc       0x000059c580acaea1 llvm::sys::RunSignalHandlers() + 369
2  llc       0x000059c580acee2b
3  libc.so.6 0x000078dad1a45cb0
4  libc.so.6 0x000078dad1aa61ac pthread_kill + 284
5  libc.so.6 0x000078dad1a45b7e gsignal + 30
6  libc.so.6 0x000078dad1a288ec abort + 39
7  libc.so.6 0x000078dad1a29979
8  libc.so.6 0x000078dad1a3bf75 __assert_fail + 181
9  llc       0x000059c5807bf323
10 llc       0x000059c5807bcff9 llvm::RegsForValue::getCopyToRegs(llvm::SDValue, llvm::SelectionDAG&, llvm::SDLoc const&, llvm::SDValue&, llvm::SDValue*, llvm::Value const*, llvm::ISD::NodeType) const + 617
11 llc       0x000059c5807e1f5b llvm::SelectionDAGBuilder::visitInlineAsm(llvm::CallBase const&, llvm::BasicBlock const*) + 5739
12 llc       0x000059c5807c8c0d llvm::SelectionDAGBuilder::visitCallBr(llvm::CallBrInst const&) + 125
13 llc       0x000059c5807c3236 llvm::SelectionDAGBuilder::visit(llvm::Instruction const&) + 246
14 llc       0x000059c580898aa5 llvm::SelectionDAGISel::SelectBasicBlock(llvm::ilist_iterator_w_bits<llvm::ilist_detail::node_options<llvm::Instruction, true, false, void, true, llvm::BasicBlock>, false, true>, llvm::ilist_iterator_w_bits<llvm::ilist_detail::node_options<llvm::Instruction, true, false, void, true, llvm::BasicBlock>, false, true>, bool&) + 261
15 llc       0x000059c58089803a llvm::SelectionDAGISel::SelectAllBasicBlocks(llvm::Function const&) + 6858
16 llc       0x000059c580895301 llvm::SelectionDAGISel::runOnMachineFunction(llvm::MachineFunction&) + 609
17 llc       0x000059c58089299c llvm::SelectionDAGISelLegacy::runOnMachineFunction(llvm::MachineFunction&) + 140
18 llc       0x000059c57f768fa9 llvm::MachineFunctionPass::runOnFunction(llvm::Function&) + 649
19 llc       0x000059c57fcfb790 llvm::FPPassManager::runOnFunction(llvm::Function&) + 1120
20 llc       0x000059c57fd03892 llvm::FPPassManager::runOnModule(llvm::Module&) + 50
21 llc       0x000059c57fcfc554 llvm::legacy::PassManagerImpl::run(llvm::Module&) + 2228
22 llc       0x000059c57e6cb74b
23 llc       0x000059c57e6c8a13 main + 1443
24 libc.so.6 0x000078dad1a2a601
25 libc.so.6 0x000078dad1a2a718 __libc_start_main + 136
26 llc       0x000059c57e6c7c25 _start + 37
exit_code=-6
