$ /home/will/llvm-mos-65816/build/aarch64-asm-type-fix/llc -mtriple=aarch64 -global-isel=0 -O0 -verify-machineinstrs /home/will/llvm-mos-65816/docs/defects/evidence/2026-09-25-aarch64-vector-asm/forms/callbr-64.ll -o /dev/null
llc: /work/build/selectiondag-inlineasm-fix/SelectionDAGBuilder.cpp:369: SDValue getCopyFromPartsVector(SelectionDAG &, const SDLoc &, const SDValue *, unsigned int, MVT, EVT, const Value *, SDValue, std::optional<CallingConv::ID>): Assertion `RegisterVT == PartVT && "Part type doesn't match vector breakdown!"' failed.
PLEASE submit a bug report to https://github.com/llvm/llvm-project/issues/ and include the crash backtrace and instructions to reproduce the bug.
Stack dump:
0.	Program arguments: /home/will/llvm-mos-65816/build/aarch64-asm-type-fix/llc -mtriple=aarch64 -global-isel=0 -O0 -verify-machineinstrs /home/will/llvm-mos-65816/docs/defects/evidence/2026-09-25-aarch64-vector-asm/forms/callbr-64.ll -o /dev/null
1.	Running pass 'Function Pass Manager' on module '/home/will/llvm-mos-65816/docs/defects/evidence/2026-09-25-aarch64-vector-asm/forms/callbr-64.ll'.
2.	Running pass 'AArch64 Instruction Selection' on function '@f'
Stack dump without symbol names (ensure you have llvm-symbolizer in your PATH or set the environment var `LLVM_SYMBOLIZER_PATH` to point to it):
0  llc       0x00006031509da01b llvm::sys::PrintStackTrace(llvm::raw_ostream&, int) + 43
1  llc       0x00006031509d6ea1 llvm::sys::RunSignalHandlers() + 369
2  llc       0x00006031509dae2b
3  libc.so.6 0x000071dd56245cb0
4  libc.so.6 0x000071dd562a61ac pthread_kill + 284
5  libc.so.6 0x000071dd56245b7e gsignal + 30
6  libc.so.6 0x000071dd562288ec abort + 39
7  libc.so.6 0x000071dd56229979
8  libc.so.6 0x000071dd5623bf75 __assert_fail + 181
9  llc       0x00006031506c8be8
10 llc       0x00006031506c6695 llvm::RegsForValue::getCopyFromRegs(llvm::SelectionDAG&, llvm::FunctionLoweringInfo&, llvm::SDLoc const&, llvm::SDValue&, llvm::SDValue*, llvm::Value const*) const + 2421
11 llc       0x00006031506ef625 llvm::SelectionDAGBuilder::visitInlineAsm(llvm::CallBase const&, llvm::BasicBlock const*) + 11573
12 llc       0x00006031506d4c0d llvm::SelectionDAGBuilder::visitCallBr(llvm::CallBrInst const&) + 125
13 llc       0x00006031506cf236 llvm::SelectionDAGBuilder::visit(llvm::Instruction const&) + 246
14 llc       0x00006031507a4aa5 llvm::SelectionDAGISel::SelectBasicBlock(llvm::ilist_iterator_w_bits<llvm::ilist_detail::node_options<llvm::Instruction, true, false, void, true, llvm::BasicBlock>, false, true>, llvm::ilist_iterator_w_bits<llvm::ilist_detail::node_options<llvm::Instruction, true, false, void, true, llvm::BasicBlock>, false, true>, bool&) + 261
15 llc       0x00006031507a403a llvm::SelectionDAGISel::SelectAllBasicBlocks(llvm::Function const&) + 6858
16 llc       0x00006031507a1301 llvm::SelectionDAGISel::runOnMachineFunction(llvm::MachineFunction&) + 609
17 llc       0x000060315079e99c llvm::SelectionDAGISelLegacy::runOnMachineFunction(llvm::MachineFunction&) + 140
18 llc       0x000060314f674fa9 llvm::MachineFunctionPass::runOnFunction(llvm::Function&) + 649
19 llc       0x000060314fc07790 llvm::FPPassManager::runOnFunction(llvm::Function&) + 1120
20 llc       0x000060314fc0f892 llvm::FPPassManager::runOnModule(llvm::Module&) + 50
21 llc       0x000060314fc08554 llvm::legacy::PassManagerImpl::run(llvm::Module&) + 2228
22 llc       0x000060314e5d774b
23 llc       0x000060314e5d4a13 main + 1443
24 libc.so.6 0x000071dd5622a601
25 libc.so.6 0x000071dd5622a718 __libc_start_main + 136
26 llc       0x000060314e5d3c25 _start + 37
exit_code=-6
