$ /home/will/llvm-mos-65816/build/aarch64-asm-type-fix/llc -mtriple=aarch64 -global-isel=0 -O0 -verify-machineinstrs /home/will/llvm-mos-65816/docs/defects/evidence/2026-09-25-aarch64-vector-asm/forms/indirect-64.ll -o /dev/null
llc: /work/build/selectiondag-inlineasm-fix/SelectionDAGBuilder.cpp:369: SDValue getCopyFromPartsVector(SelectionDAG &, const SDLoc &, const SDValue *, unsigned int, MVT, EVT, const Value *, SDValue, std::optional<CallingConv::ID>): Assertion `RegisterVT == PartVT && "Part type doesn't match vector breakdown!"' failed.
PLEASE submit a bug report to https://github.com/llvm/llvm-project/issues/ and include the crash backtrace and instructions to reproduce the bug.
Stack dump:
0.	Program arguments: /home/will/llvm-mos-65816/build/aarch64-asm-type-fix/llc -mtriple=aarch64 -global-isel=0 -O0 -verify-machineinstrs /home/will/llvm-mos-65816/docs/defects/evidence/2026-09-25-aarch64-vector-asm/forms/indirect-64.ll -o /dev/null
1.	Running pass 'Function Pass Manager' on module '/home/will/llvm-mos-65816/docs/defects/evidence/2026-09-25-aarch64-vector-asm/forms/indirect-64.ll'.
2.	Running pass 'AArch64 Instruction Selection' on function '@f'
Stack dump without symbol names (ensure you have llvm-symbolizer in your PATH or set the environment var `LLVM_SYMBOLIZER_PATH` to point to it):
0  llc       0x0000559d2594a01b llvm::sys::PrintStackTrace(llvm::raw_ostream&, int) + 43
1  llc       0x0000559d25946ea1 llvm::sys::RunSignalHandlers() + 369
2  llc       0x0000559d2594ae2b
3  libc.so.6 0x000074e0ac245cb0
4  libc.so.6 0x000074e0ac2a61ac pthread_kill + 284
5  libc.so.6 0x000074e0ac245b7e gsignal + 30
6  libc.so.6 0x000074e0ac2288ec abort + 39
7  libc.so.6 0x000074e0ac229979
8  libc.so.6 0x000074e0ac23bf75 __assert_fail + 181
9  llc       0x0000559d25638be8
10 llc       0x0000559d25636695 llvm::RegsForValue::getCopyFromRegs(llvm::SelectionDAG&, llvm::FunctionLoweringInfo&, llvm::SDLoc const&, llvm::SDValue&, llvm::SDValue*, llvm::Value const*) const + 2421
11 llc       0x0000559d2565f625 llvm::SelectionDAGBuilder::visitInlineAsm(llvm::CallBase const&, llvm::BasicBlock const*) + 11573
12 llc       0x0000559d2563f236 llvm::SelectionDAGBuilder::visit(llvm::Instruction const&) + 246
13 llc       0x0000559d25714aa5 llvm::SelectionDAGISel::SelectBasicBlock(llvm::ilist_iterator_w_bits<llvm::ilist_detail::node_options<llvm::Instruction, true, false, void, true, llvm::BasicBlock>, false, true>, llvm::ilist_iterator_w_bits<llvm::ilist_detail::node_options<llvm::Instruction, true, false, void, true, llvm::BasicBlock>, false, true>, bool&) + 261
14 llc       0x0000559d25713b9b llvm::SelectionDAGISel::SelectAllBasicBlocks(llvm::Function const&) + 5675
15 llc       0x0000559d25711301 llvm::SelectionDAGISel::runOnMachineFunction(llvm::MachineFunction&) + 609
16 llc       0x0000559d2570e99c llvm::SelectionDAGISelLegacy::runOnMachineFunction(llvm::MachineFunction&) + 140
17 llc       0x0000559d245e4fa9 llvm::MachineFunctionPass::runOnFunction(llvm::Function&) + 649
18 llc       0x0000559d24b77790 llvm::FPPassManager::runOnFunction(llvm::Function&) + 1120
19 llc       0x0000559d24b7f892 llvm::FPPassManager::runOnModule(llvm::Module&) + 50
20 llc       0x0000559d24b78554 llvm::legacy::PassManagerImpl::run(llvm::Module&) + 2228
21 llc       0x0000559d2354774b
22 llc       0x0000559d23544a13 main + 1443
23 libc.so.6 0x000074e0ac22a601
24 libc.so.6 0x000074e0ac22a718 __libc_start_main + 136
25 llc       0x0000559d23543c25 _start + 37
exit_code=-6
