$ /home/will/llvm-mos-65816/build/aarch64-asm-type-fix/llc -mtriple=aarch64 -global-isel=0 -O0 -verify-machineinstrs /home/will/llvm-mos-65816/docs/defects/evidence/2026-09-25-aarch64-vector-asm/forms/input-64.ll -o /dev/null
llc: /work/build/selectiondag-inlineasm-fix/SelectionDAGBuilder.cpp:774: void getCopyToPartsVector(SelectionDAG &, const SDLoc &, SDValue, SDValue *, unsigned int, MVT, const Value *, std::optional<CallingConv::ID>): Assertion `RegisterVT == PartVT && "Part type doesn't match vector breakdown!"' failed.
PLEASE submit a bug report to https://github.com/llvm/llvm-project/issues/ and include the crash backtrace and instructions to reproduce the bug.
Stack dump:
0.	Program arguments: /home/will/llvm-mos-65816/build/aarch64-asm-type-fix/llc -mtriple=aarch64 -global-isel=0 -O0 -verify-machineinstrs /home/will/llvm-mos-65816/docs/defects/evidence/2026-09-25-aarch64-vector-asm/forms/input-64.ll -o /dev/null
1.	Running pass 'Function Pass Manager' on module '/home/will/llvm-mos-65816/docs/defects/evidence/2026-09-25-aarch64-vector-asm/forms/input-64.ll'.
2.	Running pass 'AArch64 Instruction Selection' on function '@f'
Stack dump without symbol names (ensure you have llvm-symbolizer in your PATH or set the environment var `LLVM_SYMBOLIZER_PATH` to point to it):
0  llc       0x0000584a01f9401b llvm::sys::PrintStackTrace(llvm::raw_ostream&, int) + 43
1  llc       0x0000584a01f90ea1 llvm::sys::RunSignalHandlers() + 369
2  llc       0x0000584a01f94e2b
3  libc.so.6 0x0000714bc9045cb0
4  libc.so.6 0x0000714bc90a61ac pthread_kill + 284
5  libc.so.6 0x0000714bc9045b7e gsignal + 30
6  libc.so.6 0x0000714bc90288ec abort + 39
7  libc.so.6 0x0000714bc9029979
8  libc.so.6 0x0000714bc903bf75 __assert_fail + 181
9  llc       0x0000584a01c85323
10 llc       0x0000584a01c82ff9 llvm::RegsForValue::getCopyToRegs(llvm::SDValue, llvm::SelectionDAG&, llvm::SDLoc const&, llvm::SDValue&, llvm::SDValue*, llvm::Value const*, llvm::ISD::NodeType) const + 617
11 llc       0x0000584a01ca7f5b llvm::SelectionDAGBuilder::visitInlineAsm(llvm::CallBase const&, llvm::BasicBlock const*) + 5739
12 llc       0x0000584a01c89236 llvm::SelectionDAGBuilder::visit(llvm::Instruction const&) + 246
13 llc       0x0000584a01d5eaa5 llvm::SelectionDAGISel::SelectBasicBlock(llvm::ilist_iterator_w_bits<llvm::ilist_detail::node_options<llvm::Instruction, true, false, void, true, llvm::BasicBlock>, false, true>, llvm::ilist_iterator_w_bits<llvm::ilist_detail::node_options<llvm::Instruction, true, false, void, true, llvm::BasicBlock>, false, true>, bool&) + 261
14 llc       0x0000584a01d5db9b llvm::SelectionDAGISel::SelectAllBasicBlocks(llvm::Function const&) + 5675
15 llc       0x0000584a01d5b301 llvm::SelectionDAGISel::runOnMachineFunction(llvm::MachineFunction&) + 609
16 llc       0x0000584a01d5899c llvm::SelectionDAGISelLegacy::runOnMachineFunction(llvm::MachineFunction&) + 140
17 llc       0x0000584a00c2efa9 llvm::MachineFunctionPass::runOnFunction(llvm::Function&) + 649
18 llc       0x0000584a011c1790 llvm::FPPassManager::runOnFunction(llvm::Function&) + 1120
19 llc       0x0000584a011c9892 llvm::FPPassManager::runOnModule(llvm::Module&) + 50
20 llc       0x0000584a011c2554 llvm::legacy::PassManagerImpl::run(llvm::Module&) + 2228
21 llc       0x00005849ffb9174b
22 llc       0x00005849ffb8ea13 main + 1443
23 libc.so.6 0x0000714bc902a601
24 libc.so.6 0x0000714bc902a718 __libc_start_main + 136
25 llc       0x00005849ffb8dc25 _start + 37
exit_code=-6
