llvm-lit: /work/vendor/llvm-mos/llvm/utils/lit/lit/llvm/subst.py:130: note: Did not find lli in /work/build/llvm-mos/bin
llvm-lit: /work/vendor/llvm-mos/llvm/utils/lit/lit/llvm/subst.py:130: note: Did not find llvm-install-name-tool in /work/build/llvm-mos/bin
llvm-lit: /work/vendor/llvm-mos/llvm/utils/lit/lit/llvm/subst.py:130: note: Did not find llvm-bitcode-strip in /work/build/llvm-mos/bin
llvm-lit: /work/vendor/llvm-mos/llvm/utils/lit/lit/llvm/subst.py:130: note: Did not find dsymutil in /work/build/llvm-mos/bin
llvm-lit: /work/vendor/llvm-mos/llvm/utils/lit/lit/llvm/subst.py:130: note: Did not find lli in /work/build/llvm-mos/bin
llvm-lit: /work/vendor/llvm-mos/llvm/utils/lit/lit/llvm/subst.py:130: note: Did not find lli-child-target in /work/build/llvm-mos/bin
llvm-lit: /work/vendor/llvm-mos/llvm/utils/lit/lit/llvm/subst.py:130: note: Did not find llubi in /work/build/llvm-mos/bin
llvm-lit: /work/vendor/llvm-mos/llvm/utils/lit/lit/llvm/subst.py:130: note: Did not find llvm-as in /work/build/llvm-mos/bin
llvm-lit: /work/vendor/llvm-mos/llvm/utils/lit/lit/llvm/subst.py:130: note: Did not find llvm-bcanalyzer in /work/build/llvm-mos/bin
llvm-lit: /work/vendor/llvm-mos/llvm/utils/lit/lit/llvm/subst.py:130: note: Did not find llvm-bitcode-strip in /work/build/llvm-mos/bin
llvm-lit: /work/vendor/llvm-mos/llvm/utils/lit/lit/llvm/subst.py:130: note: Did not find llvm-cas in /work/build/llvm-mos/bin
llvm-lit: /work/vendor/llvm-mos/llvm/utils/lit/lit/llvm/subst.py:130: note: Did not find llvm-cgdata in /work/build/llvm-mos/bin
llvm-lit: /work/vendor/llvm-mos/llvm/utils/lit/lit/llvm/subst.py:130: note: Did not find llvm-cov in /work/build/llvm-mos/bin
llvm-lit: /work/vendor/llvm-mos/llvm/utils/lit/lit/llvm/subst.py:130: note: Did not find llvm-ctxprof-util in /work/build/llvm-mos/bin
llvm-lit: /work/vendor/llvm-mos/llvm/utils/lit/lit/llvm/subst.py:130: note: Did not find llvm-cxxdump in /work/build/llvm-mos/bin
llvm-lit: /work/vendor/llvm-mos/llvm/utils/lit/lit/llvm/subst.py:130: note: Did not find llvm-cvtres in /work/build/llvm-mos/bin
llvm-lit: /work/vendor/llvm-mos/llvm/utils/lit/lit/llvm/subst.py:130: note: Did not find llvm-debuginfod-find in /work/build/llvm-mos/bin
llvm-lit: /work/vendor/llvm-mos/llvm/utils/lit/lit/llvm/subst.py:130: note: Did not find llvm-debuginfo-analyzer in /work/build/llvm-mos/bin
llvm-lit: /work/vendor/llvm-mos/llvm/utils/lit/lit/llvm/subst.py:130: note: Did not find llvm-diff in /work/build/llvm-mos/bin
llvm-lit: /work/vendor/llvm-mos/llvm/utils/lit/lit/llvm/subst.py:130: note: Did not find llvm-dwarfutil in /work/build/llvm-mos/bin
llvm-lit: /work/vendor/llvm-mos/llvm/utils/lit/lit/llvm/subst.py:130: note: Did not find llvm-dwp in /work/build/llvm-mos/bin
llvm-lit: /work/vendor/llvm-mos/llvm/utils/lit/lit/llvm/subst.py:130: note: Did not find llvm-dlltool in /work/build/llvm-mos/bin
llvm-lit: /work/vendor/llvm-mos/llvm/utils/lit/lit/llvm/subst.py:130: note: Did not find llvm-exegesis in /work/build/llvm-mos/bin
llvm-lit: /work/vendor/llvm-mos/llvm/utils/lit/lit/llvm/subst.py:130: note: Did not find llvm-ir2vec in /work/build/llvm-mos/bin
llvm-lit: /work/vendor/llvm-mos/llvm/utils/lit/lit/llvm/subst.py:130: note: Did not find llvm-isel-fuzzer in /work/build/llvm-mos/bin
llvm-lit: /work/vendor/llvm-mos/llvm/utils/lit/lit/llvm/subst.py:130: note: Did not find llvm-ifs in /work/build/llvm-mos/bin
llvm-lit: /work/vendor/llvm-mos/llvm/utils/lit/lit/llvm/subst.py:130: note: Did not find llvm-install-name-tool in /work/build/llvm-mos/bin
llvm-lit: /work/vendor/llvm-mos/llvm/utils/lit/lit/llvm/subst.py:130: note: Did not find llvm-jitlink in /work/build/llvm-mos/bin
llvm-lit: /work/vendor/llvm-mos/llvm/utils/lit/lit/llvm/subst.py:130: note: Did not find llvm-opt-fuzzer in /work/build/llvm-mos/bin
llvm-lit: /work/vendor/llvm-mos/llvm/utils/lit/lit/llvm/subst.py:130: note: Did not find llvm-lib in /work/build/llvm-mos/bin
llvm-lit: /work/vendor/llvm-mos/llvm/utils/lit/lit/llvm/subst.py:130: note: Did not find llvm-link in /work/build/llvm-mos/bin
llvm-lit: /work/vendor/llvm-mos/llvm/utils/lit/lit/llvm/subst.py:130: note: Did not find llvm-lto in /work/build/llvm-mos/bin
llvm-lit: /work/vendor/llvm-mos/llvm/utils/lit/lit/llvm/subst.py:130: note: Did not find llvm-lto2 in /work/build/llvm-mos/bin
llvm-lit: /work/vendor/llvm-mos/llvm/utils/lit/lit/llvm/subst.py:130: note: Did not find llvm-mca in /work/build/llvm-mos/bin
llvm-lit: /work/vendor/llvm-mos/llvm/utils/lit/lit/llvm/subst.py:130: note: Did not find llvm-modextract in /work/build/llvm-mos/bin
llvm-lit: /work/vendor/llvm-mos/llvm/utils/lit/lit/llvm/subst.py:130: note: Did not find llvm-otool in /work/build/llvm-mos/bin
llvm-lit: /work/vendor/llvm-mos/llvm/utils/lit/lit/llvm/subst.py:130: note: Did not find llvm-pdbutil in /work/build/llvm-mos/bin
llvm-lit: /work/vendor/llvm-mos/llvm/utils/lit/lit/llvm/subst.py:130: note: Did not find llvm-profdata in /work/build/llvm-mos/bin
llvm-lit: /work/vendor/llvm-mos/llvm/utils/lit/lit/llvm/subst.py:130: note: Did not find llvm-profgen in /work/build/llvm-mos/bin
llvm-lit: /work/vendor/llvm-mos/llvm/utils/lit/lit/llvm/subst.py:130: note: Did not find llvm-rc in /work/build/llvm-mos/bin
llvm-lit: /work/vendor/llvm-mos/llvm/utils/lit/lit/llvm/subst.py:130: note: Did not find llvm-rtdyld in /work/build/llvm-mos/bin
llvm-lit: /work/vendor/llvm-mos/llvm/utils/lit/lit/llvm/subst.py:130: note: Did not find llvm-sim in /work/build/llvm-mos/bin
llvm-lit: /work/vendor/llvm-mos/llvm/utils/lit/lit/llvm/subst.py:130: note: Did not find llvm-split in /work/build/llvm-mos/bin
llvm-lit: /work/vendor/llvm-mos/llvm/utils/lit/lit/llvm/subst.py:130: note: Did not find llvm-stress in /work/build/llvm-mos/bin
llvm-lit: /work/vendor/llvm-mos/llvm/utils/lit/lit/llvm/subst.py:130: note: Did not find llvm-readtapi in /work/build/llvm-mos/bin
llvm-lit: /work/vendor/llvm-mos/llvm/utils/lit/lit/llvm/subst.py:130: note: Did not find llvm-undname in /work/build/llvm-mos/bin
llvm-lit: /work/vendor/llvm-mos/llvm/utils/lit/lit/llvm/subst.py:130: note: Did not find llvm-windres in /work/build/llvm-mos/bin
llvm-lit: /work/vendor/llvm-mos/llvm/utils/lit/lit/llvm/subst.py:130: note: Did not find llvm-c-test in /work/build/llvm-mos/bin
llvm-lit: /work/vendor/llvm-mos/llvm/utils/lit/lit/llvm/subst.py:130: note: Did not find llvm-xray in /work/build/llvm-mos/bin
llvm-lit: /work/vendor/llvm-mos/llvm/utils/lit/lit/llvm/subst.py:130: note: Did not find yaml2obj in /work/build/llvm-mos/bin
llvm-lit: /work/vendor/llvm-mos/llvm/utils/lit/lit/llvm/subst.py:130: note: Did not find obj2yaml in /work/build/llvm-mos/bin
llvm-lit: /work/vendor/llvm-mos/llvm/utils/lit/lit/llvm/subst.py:130: note: Did not find yaml-bench in /work/build/llvm-mos/bin
llvm-lit: /work/vendor/llvm-mos/llvm/utils/lit/lit/llvm/subst.py:130: note: Did not find verify-uselistorder in /work/build/llvm-mos/bin
llvm-lit: /work/vendor/llvm-mos/llvm/utils/lit/lit/llvm/subst.py:130: note: Did not find sancov in /work/build/llvm-mos/bin
llvm-lit: /work/vendor/llvm-mos/llvm/utils/lit/lit/llvm/subst.py:130: note: Did not find sanstats in /work/build/llvm-mos/bin
llvm-lit: /work/vendor/llvm-mos/llvm/utils/lit/lit/llvm/subst.py:130: note: Did not find llvm-remarkutil in /work/build/llvm-mos/bin
-- Testing: 168 tests, 8 workers --
FAIL: LLVM :: CodeGen/MOS/scavenger-p-undef-6502.ll (1 of 168)
******************** TEST 'LLVM :: CodeGen/MOS/scavenger-p-undef-6502.ll' FAILED ********************
Exit Code: 2

Command Output (stdout):
--
# RUN: at line 1
/work/build/llvm-mos/bin/llc -mtriple=mos -mcpu=mos6502 -O0 -stop-after=prolog-epilog -verify-machineinstrs < /work/vendor/llvm-mos/llvm/test/CodeGen/MOS/scavenger-p-undef-6502.ll | /work/build/llvm-mos/bin/FileCheck /work/vendor/llvm-mos/llvm/test/CodeGen/MOS/scavenger-p-undef-6502.ll
# executed command: /work/build/llvm-mos/bin/llc -mtriple=mos -mcpu=mos6502 -O0 -stop-after=prolog-epilog -verify-machineinstrs
# .---command stderr------------
# | LLVM ERROR: "prolog-epilog" pass is not registered.
# `-----------------------------
# error: command failed with exit status: 1
# executed command: /work/build/llvm-mos/bin/FileCheck /work/vendor/llvm-mos/llvm/test/CodeGen/MOS/scavenger-p-undef-6502.ll
# .---command stderr------------
# | FileCheck error: '<stdin>' is empty.
# | FileCheck command line:  /work/build/llvm-mos/bin/FileCheck /work/vendor/llvm-mos/llvm/test/CodeGen/MOS/scavenger-p-undef-6502.ll
# `-----------------------------
# error: command failed with exit status: 2

--

********************
FAIL: LLVM :: MC/MOS/addressing-modes-65816.s (2 of 168)
******************** TEST 'LLVM :: MC/MOS/addressing-modes-65816.s' FAILED ********************
Exit Code: 1

Command Output (stdout):
--
# RUN: at line 1
/work/build/llvm-mos/bin/llvm-mc -triple mos -mcpu=mosw65816 -motorola-integers --filetype=obj -o=/work/build/llvm-mos/test/MC/MOS/Output/addressing-modes-65816.s.tmp.obj /work/vendor/llvm-mos/llvm/test/MC/MOS/addressing-modes-65816.s
# executed command: /work/build/llvm-mos/bin/llvm-mc -triple mos -mcpu=mosw65816 -motorola-integers --filetype=obj -o=/work/build/llvm-mos/test/MC/MOS/Output/addressing-modes-65816.s.tmp.obj /work/vendor/llvm-mos/llvm/test/MC/MOS/addressing-modes-65816.s
# RUN: at line 2
/work/build/llvm-mos/bin/llvm-objdump --all-headers --print-imm-hex -D /work/build/llvm-mos/test/MC/MOS/Output/addressing-modes-65816.s.tmp.obj | /work/build/llvm-mos/bin/FileCheck /work/vendor/llvm-mos/llvm/test/MC/MOS/addressing-modes-65816.s
# executed command: /work/build/llvm-mos/bin/llvm-objdump --all-headers --print-imm-hex -D /work/build/llvm-mos/test/MC/MOS/Output/addressing-modes-65816.s.tmp.obj
# executed command: /work/build/llvm-mos/bin/FileCheck /work/vendor/llvm-mos/llvm/test/MC/MOS/addressing-modes-65816.s
# .---command stderr------------
# | /work/vendor/llvm-mos/llvm/test/MC/MOS/addressing-modes-65816.s:70:22: error: CHECK: expected string not found in input
# |  lda addr24 ; CHECK: af 00 00 00
# |                      ^
# | <stdin>:113:38: note: scanning from here
# |  0003032d: R_MOS_ADDR24 .text+0x30303
# |                                      ^
# | <stdin>:176:9: note: possible intended match here
# |  30375: bf 00 00 00 lda mos24($0),x ; 0x0 <.text>
# |         ^
# | 
# | Input file: <stdin>
# | Check file: /work/vendor/llvm-mos/llvm/test/MC/MOS/addressing-modes-65816.s
# | 
# | -dump-input=help explains the following input dump.
# | 
# | Input was:
# | <<<<<<
# |             .
# |             .
# |             .
# |           108:  30324: af 00 00 00 lda mos24($0) ; 0x0 <.text> 
# |           109:  00030325: R_MOS_ADDR24 .text+0x1 
# |           110:  30328: af 00 00 00 lda mos24($0) ; 0x0 <.text> 
# |           111:  00030329: R_MOS_ADDR24 .text+0x202 
# |           112:  3032c: af 00 00 00 lda mos24($0) ; 0x0 <.text> 
# |           113:  0003032d: R_MOS_ADDR24 .text+0x30303 
# | check:70'0                                          X error: no match found
# |           114:  30330: ad 00 00 lda $0 ; 0x0 <.text> 
# | check:70'0     ~~~~~~~~~~~~~~~~~~~~~~~~~~~~~~~~~~~~~~
# |           115:  00030331: R_MOS_ADDR16 .text+0x30303 
# | check:70'0     ~~~~~~~~~~~~~~~~~~~~~~~~~~~~~~~~~~~~~~
# |           116:  30333: a5 00 lda $0 ; 0x0 <.text> 
# | check:70'0     ~~~~~~~~~~~~~~~~~~~~~~~~~~~~~~~~~~~
# |           117:  00030334: R_MOS_ADDR8 .text+0x1 
# | check:70'0     ~~~~~~~~~~~~~~~~~~~~~~~~~~~~~~~~~
# |           118:  30335: a5 00 lda $0 ; 0x0 <.text> 
# | check:70'0     ~~~~~~~~~~~~~~~~~~~~~~~~~~~~~~~~~~~
# |             .
# |             .
# |             .
# |           171:  0003036d: R_MOS_ADDR16 .text+0x1 
# | check:70'0     ~~~~~~~~~~~~~~~~~~~~~~~~~~~~~~~~~~
# |           172:  3036f: b9 00 00 lda $0,y ; 0x0 <.text> 
# | check:70'0     ~~~~~~~~~~~~~~~~~~~~~~~~~~~~~~~~~~~~~~~~
# |           173:  00030370: R_MOS_ADDR16 .text+0x202 
# | check:70'0     ~~~~~~~~~~~~~~~~~~~~~~~~~~~~~~~~~~~~
# |           174:  30372: b9 00 00 lda $0,y ; 0x0 <.text> 
# | check:70'0     ~~~~~~~~~~~~~~~~~~~~~~~~~~~~~~~~~~~~~~~~
# |           175:  00030373: R_MOS_ADDR16 .text+0x30303 
# | check:70'0     ~~~~~~~~~~~~~~~~~~~~~~~~~~~~~~~~~~~~~~
# |           176:  30375: bf 00 00 00 lda mos24($0),x ; 0x0 <.text> 
# | check:70'0     ~~~~~~~~~~~~~~~~~~~~~~~~~~~~~~~~~~~~~~~~~~~~~~~~~~
# | check:70'1             ?                                          possible intended match
# |           177:  00030376: R_MOS_ADDR24 .text+0x1 
# | check:70'0     ~~~~~~~~~~~~~~~~~~~~~~~~~~~~~~~~~~
# |           178:  30379: bf 00 00 00 lda mos24($0),x ; 0x0 <.text> 
# | check:70'0     ~~~~~~~~~~~~~~~~~~~~~~~~~~~~~~~~~~~~~~~~~~~~~~~~~~
# |           179:  0003037a: R_MOS_ADDR24 .text+0x202 
# | check:70'0     ~~~~~~~~~~~~~~~~~~~~~~~~~~~~~~~~~~~~
# |           180:  3037d: bf 00 00 00 lda mos24($0),x ; 0x0 <.text> 
# | check:70'0     ~~~~~~~~~~~~~~~~~~~~~~~~~~~~~~~~~~~~~~~~~~~~~~~~~~
# |           181:  0003037e: R_MOS_ADDR24 .text+0x30303 
# | check:70'0     ~~~~~~~~~~~~~~~~~~~~~~~~~~~~~~~~~~~~~~
# |             .
# |             .
# |             .
# | >>>>>>
# `-----------------------------
# error: command failed with exit status: 1

--

********************
FAIL: LLVM :: CodeGen/MOS/legalizer.mir (3 of 168)
******************** TEST 'LLVM :: CodeGen/MOS/legalizer.mir' FAILED ********************
Exit Code: 2

Command Output (stdout):
--
# RUN: at line 2
/work/build/llvm-mos/bin/llc -mtriple=mos -run-pass=legalizer -verify-machineinstrs -o - /work/vendor/llvm-mos/llvm/test/CodeGen/MOS/legalizer.mir | /work/build/llvm-mos/bin/FileCheck /work/vendor/llvm-mos/llvm/test/CodeGen/MOS/legalizer.mir
# executed command: /work/build/llvm-mos/bin/llc -mtriple=mos -run-pass=legalizer -verify-machineinstrs -o - /work/vendor/llvm-mos/llvm/test/CodeGen/MOS/legalizer.mir
# .---command stderr------------
# | LLVM ERROR: unable to legalize instruction: %4:_(s8) = G_TRUNC %1:_(s8) (in function: load_zp_constant_ptradd_8)
# `-----------------------------
# error: command failed with exit status: 1
# executed command: /work/build/llvm-mos/bin/FileCheck /work/vendor/llvm-mos/llvm/test/CodeGen/MOS/legalizer.mir
# .---command stderr------------
# | FileCheck error: '<stdin>' is empty.
# | FileCheck command line:  /work/build/llvm-mos/bin/FileCheck /work/vendor/llvm-mos/llvm/test/CodeGen/MOS/legalizer.mir
# `-----------------------------
# error: command failed with exit status: 2

--

********************
FAIL: LLVM :: CodeGen/MOS/shift-rotate.ll (4 of 168)
******************** TEST 'LLVM :: CodeGen/MOS/shift-rotate.ll' FAILED ********************
Exit Code: 1

Command Output (stdout):
--
# RUN: at line 2
/work/build/llvm-mos/bin/llc -verify-machineinstrs < /work/vendor/llvm-mos/llvm/test/CodeGen/MOS/shift-rotate.ll | /work/build/llvm-mos/bin/FileCheck /work/vendor/llvm-mos/llvm/test/CodeGen/MOS/shift-rotate.ll
# executed command: /work/build/llvm-mos/bin/llc -verify-machineinstrs
# executed command: /work/build/llvm-mos/bin/FileCheck /work/vendor/llvm-mos/llvm/test/CodeGen/MOS/shift-rotate.ll
# .---command stderr------------
# | /work/vendor/llvm-mos/llvm/test/CodeGen/MOS/shift-rotate.ll:349:15: error: CHECK-NEXT: is not on the line after the previous match
# | ; CHECK-NEXT: txa
# |               ^
# | <stdin>:373:2: note: 'next' match was here
# |  txa
# |  ^
# | <stdin>:371:18: note: previous match ended here
# | ; %bb.0: ; %entry
# |                  ^
# | <stdin>:372:1: note: non-matching line after previous match is here
# |  stx __rc2
# | ^
# | /work/vendor/llvm-mos/llvm/test/CodeGen/MOS/shift-rotate.ll:368:15: error: CHECK-NEXT: expected string not found in input
# | ; CHECK-NEXT: sec
# |               ^
# | <stdin>:397:18: note: scanning from here
# | ; %bb.1: ; %entry
# |                  ^
# | <stdin>:400:13: note: possible intended match here
# | .LBB21_2: ; %entry
# |             ^
# | /work/vendor/llvm-mos/llvm/test/CodeGen/MOS/shift-rotate.ll:397:15: error: CHECK-NEXT: expected string not found in input
# | ; CHECK-NEXT: lda __rc2
# |               ^
# | <stdin>:429:18: note: scanning from here
# | ; %bb.0: ; %entry
# |                  ^
# | <stdin>:430:2: note: possible intended match here
# |  ldy __rc2
# |  ^
# | 
# | Input file: <stdin>
# | Check file: /work/vendor/llvm-mos/llvm/test/CodeGen/MOS/shift-rotate.ll
# | 
# | -dump-input=help explains the following input dump.
# | 
# | Input was:
# | <<<<<<
# |             .
# |             .
# |             .
# |           368:  .globl ashr_8 ; -- Begin function ashr_8 
# |           369:  .type ashr_8,@function 
# |           370: ashr_8: ; @ashr_8 
# |           371: ; %bb.0: ; %entry 
# |           372:  stx __rc2 
# |           373:  txa 
# | next:349        !~~  error: match on wrong line
# |           374:  bpl .LBB20_2 
# |           375: ; %bb.1: ; %entry 
# |           376:  lda #255 
# |           377:  jmp .LBB20_3 
# |           378: .LBB20_2: ; %entry 
# |             .
# |             .
# |             .
# |           392: ashr_15: ; @ashr_15 
# |           393: ; %bb.0: ; %entry 
# |           394:  stx __rc2 
# |           395:  txa 
# |           396:  bpl .LBB21_2 
# |           397: ; %bb.1: ; %entry 
# | next:368'0                      X error: no match found
# |           398:  lda #255 
# | next:368'0     ~~~~~~~~~~
# |           399:  jmp .LBB21_3 
# | next:368'0     ~~~~~~~~~~~~~~
# |           400: .LBB21_2: ; %entry 
# | next:368'0     ~~~~~~~~~~~~~~~~~~~
# | next:368'1                 ?       possible intended match
# |           401:  lda #0 
# | next:368'0     ~~~~~~~~
# |           402: .LBB21_3: ; %entry 
# | next:368'0     ~~~~~~~~~~~~~~~~~~~
# |           403:  asl __rc2 
# | next:368'0     ~~~~~~~~~~~
# |           404:  ldx #1 
# | next:368'0     ~~~~~~~~
# |           405:  bcs .LBB21_5 
# | next:368'0     ~~~~~~~~~~~~~~
# |             .
# |             .
# |             .
# |           424:  .size ashr_15, .Lfunc_end21-ashr_15 
# | next:368'0     ~~~~~~~~~~~~~~~~~~~~~~~~~~~~~~~~~~~~~
# |           425:  ; -- End function 
# | next:368'0     ~~~~~~~~~~~~~~~~~~~
# |           426:  .globl ashr_16 ; -- Begin function ashr_16 
# | next:368'0     ~~~~~~~~~~~~~~~~~~~~~~~~~~~~~~~~~~~~~~~~~~~~
# |           427:  .type ashr_16,@function 
# | next:368'0     ~~~~~~~~~~~~~~~~~~~~~~~~~
# |           428: ashr_16: ; @ashr_16 
# | next:368'0     ~~~~~~~~
# |           429: ; %bb.0: ; %entry 
# | next:397'0                      X error: no match found
# |           430:  ldy __rc2 
# | next:397'0     ~~~~~~~~~~~
# | next:397'1      ?          possible intended match
# |           431:  ldx __rc3 
# | next:397'0     ~~~~~~~~~~~
# |           432:  stx __rc4 
# | next:397'0     ~~~~~~~~~~~
# |           433:  bpl .LBB22_2 
# | next:397'0     ~~~~~~~~~~~~~~
# |           434: ; %bb.1: ; %entry 
# | next:397'0     ~~~~~~~~~~~~~~~~~~
# |           435:  lda #255 
# | next:397'0     ~~~~~~~~~~
# |             .
# |             .
# |             .
# | >>>>>>
# `-----------------------------
# error: command failed with exit status: 1

--

********************
PASS: LLVM :: CodeGen/MOS/inline-asm-multi-register.ll (5 of 168)
PASS: LLVM :: CodeGen/MOS/instruction-selector.mir (6 of 168)
PASS: LLVM :: MC/MOS/eflags.s (7 of 168)
PASS: LLVM :: CodeGen/MOS/far-indir-indexed.ll (8 of 168)
PASS: LLVM :: CodeGen/MOS/inc-dec-65ce02.ll (9 of 168)
PASS: LLVM :: MC/MOS/eflags-ir.ll (10 of 168)
PASS: LLVM :: CodeGen/MOS/jump-table-limit.ll (11 of 168)
PASS: LLVM :: CodeGen/MOS/inline-spiller-coalesce-scratch-vreg.ll (12 of 168)
PASS: LLVM :: CodeGen/MOS/return-frame-address.ll (13 of 168)
PASS: LLVM :: CodeGen/MOS/inline-asm-indirect-output.ll (14 of 168)
PASS: LLVM :: CodeGen/MOS/spill-hoist-scratch-vreg.ll (15 of 168)
PASS: LLVM :: CodeGen/MOS/far-legalizer-bridges.ll (16 of 168)
PASS: LLVM :: CodeGen/MOS/zero-page-indexed.mir (17 of 168)
PASS: LLVM :: CodeGen/MOS/twoaddr-reschedule-physreg.mir (18 of 168)
PASS: LLVM :: CodeGen/MOS/far-call.ll (19 of 168)
PASS: LLVM :: CodeGen/MOS/char-stats-norecurse.ll (20 of 168)
PASS: LLVM :: CodeGen/MOS/mixed-width-call.ll (21 of 168)
PASS: LLVM :: CodeGen/MOS/far-addressing.ll (22 of 168)
PASS: LLVM :: CodeGen/MOS/far-phi.ll (23 of 168)
PASS: LLVM :: CodeGen/MOS/store-zero.ll (24 of 168)
PASS: LLVM :: MC/MOS/brk-signature.s (25 of 168)
PASS: LLVM :: CodeGen/MOS/zero-page-indexed-stz.mir (26 of 168)
PASS: LLVM :: CodeGen/MOS/inc-dec-6502x.ll (27 of 168)
PASS: LLVM :: CodeGen/MOS/hello-world.ll (28 of 168)
PASS: LLVM :: MC/MOS/65816-block-move-bank-order.s (29 of 168)
PASS: LLVM :: CodeGen/MOS/prologepilog-ir.mir (30 of 168)
PASS: LLVM :: CodeGen/MOS/legalizer-huc6280.mir (31 of 168)
PASS: LLVM :: CodeGen/MOS/print-int.ll (32 of 168)
PASS: LLVM :: CodeGen/MOS/zero-page-indexed.ll (33 of 168)
PASS: LLVM :: CodeGen/MOS/instruction-selector-ir.mir (34 of 168)
PASS: LLVM :: CodeGen/MOS/a16-indirect-byte-store.ll (35 of 168)
PASS: LLVM :: CodeGen/MOS/zp-alloc-preexisting.ll (36 of 168)
PASS: LLVM :: CodeGen/MOS/register-named-globals.ll (37 of 168)
PASS: LLVM :: MC/MOS/register-named-symbols.s (38 of 168)
PASS: LLVM :: CodeGen/MOS/char-stats.ll (39 of 168)
PASS: LLVM :: CodeGen/MOS/inline-asm-physreg-width.ll (40 of 168)
PASS: LLVM :: CodeGen/MOS/integer-compare.ll (41 of 168)
PASS: LLVM :: CodeGen/MOS/postrapseudos-huc6280.mir (42 of 168)
PASS: LLVM :: CodeGen/MOS/zp-alloc.ll (43 of 168)
PASS: LLVM :: CodeGen/MOS/copy-opt.mir (44 of 168)
PASS: LLVM :: CodeGen/MOS/a16-byte-store.ll (45 of 168)
PASS: LLVM :: CodeGen/MOS/regalloc.mir (46 of 168)
PASS: LLVM :: CodeGen/MOS/asm-printer-spc700.mir (47 of 168)
PASS: LLVM :: MC/MOS/addr-asciz-invalid-modifier.s (48 of 168)
PASS: LLVM :: CodeGen/MOS/branch-relaxation-bra.mir (49 of 168)
PASS: LLVM :: CodeGen/MOS/cmpzero-terminator-invalid.mir (50 of 168)
PASS: LLVM :: CodeGen/MOS/call-lowering.mir (51 of 168)
PASS: LLVM :: CodeGen/MOS/copy-phys-reg-reuse-dst.mir (52 of 168)
PASS: LLVM :: CodeGen/MOS/leaf-20231021.ll (53 of 168)
PASS: LLVM :: CodeGen/MOS/immediate-remat.ll (54 of 168)
PASS: LLVM :: MC/MOS/register-named-symbols-65816.s (55 of 168)
PASS: LLVM :: MC/MOS/addr-asciz-roundtrip.s (56 of 168)
PASS: LLVM :: CodeGen/MOS/copy-opt-loop.mir (57 of 168)
PASS: LLVM :: CodeGen/MOS/late-opt-65816.mir (58 of 168)
PASS: LLVM :: CodeGen/MOS/branch-relaxation-inline-asm.mir (59 of 168)
PASS: LLVM :: CodeGen/MOS/copy-opt-chain.mir (60 of 168)
PASS: LLVM :: CodeGen/MOS/ret-global-addr.ll (61 of 168)
PASS: LLVM :: MC/MOS/long-address-roundtrip-65816.s (62 of 168)
PASS: LLVM :: CodeGen/MOS/virtregrewriter-undef-lane-identity-copy.mir (63 of 168)
PASS: LLVM :: CodeGen/MOS/inc-dec.ll (64 of 168)
PASS: LLVM :: CodeGen/MOS/dp-pointer-arg.ll (65 of 168)
PASS: LLVM :: CodeGen/MOS/combiner.mir (66 of 168)
PASS: LLVM :: CodeGen/MOS/indexiv.ll (67 of 168)
PASS: LLVM :: CodeGen/MOS/zeropage.ll (68 of 168)
PASS: LLVM :: CodeGen/MOS/instruction-selector-ir-spc700.mir (69 of 168)
PASS: LLVM :: CodeGen/MOS/insert-copies.mir (70 of 168)
PASS: LLVM :: CodeGen/MOS/late-opt.mir (71 of 168)
PASS: LLVM :: CodeGen/MOS/instruction-selector-spc700.mir (72 of 168)
PASS: LLVM :: MC/MOS/modifiers-65816.s (73 of 168)
PASS: LLVM :: CodeGen/MOS/trivial.ll (74 of 168)
PASS: LLVM :: CodeGen/MOS/add-sub.ll (75 of 168)
PASS: LLVM :: CodeGen/MOS/light-spill.ll (76 of 168)
PASS: LLVM :: CodeGen/MOS/static-stack.ll (77 of 168)
PASS: LLVM :: CodeGen/MOS/scavenger-p-undef.mir (78 of 168)
PASS: LLVM :: CodeGen/MOS/finalize-isel.mir (79 of 168)
PASS: LLVM :: CodeGen/MOS/interrupt-width-65816.ll (80 of 168)
PASS: LLVM :: CodeGen/MOS/call-lowering-spc700.mir (81 of 168)
PASS: LLVM :: CodeGen/MOS/late-opt-65c02.mir (82 of 168)
PASS: LLVM :: CodeGen/MOS/inlineasm-constraint.mir (83 of 168)
PASS: LLVM :: MC/MOS/zeropage.s (84 of 168)
PASS: LLVM :: CodeGen/MOS/insert-rep-sep-cloned-kills.mir (85 of 168)
PASS: LLVM :: CodeGen/MOS/no-csr.ll (86 of 168)
PASS: LLVM :: CodeGen/MOS/a16-immediate-width.ll (87 of 168)
PASS: LLVM :: CodeGen/MOS/postrapseudos.mir (88 of 168)
PASS: LLVM :: CodeGen/MOS/inc-dec-65c02.ll (89 of 168)
PASS: LLVM :: CodeGen/MOS/shift-rotate-chain.mir (90 of 168)
PASS: LLVM :: CodeGen/MOS/prefetch.ll (91 of 168)
PASS: LLVM :: CodeGen/MOS/return-address-spc700.ll (92 of 168)
PASS: LLVM :: CodeGen/MOS/copy-phys-reg.mir (93 of 168)
PASS: LLVM :: CodeGen/MOS/legalizer-ir.mir (94 of 168)
PASS: LLVM :: CodeGen/MOS/cmp-select.ll (95 of 168)
PASS: LLVM :: CodeGen/MOS/copy-phys-reg-liveness.mir (96 of 168)
PASS: LLVM :: CodeGen/MOS/whole-program-zp.ll (97 of 168)
PASS: LLVM :: CodeGen/MOS/indvar-simplify-20230930.ll (98 of 168)
PASS: LLVM :: CodeGen/MOS/asm-printer.mir (99 of 168)
PASS: LLVM :: CodeGen/MOS/scavenger-65c02.mir (100 of 168)
PASS: LLVM :: CodeGen/MOS/postrapseudos-spc700.mir (101 of 168)
PASS: LLVM :: CodeGen/MOS/scavenger.mir (102 of 168)
PASS: LLVM :: CodeGen/MOS/inline-asm-zp-csr.ll (103 of 168)
PASS: LLVM :: MC/MOS/modifiers.s (104 of 168)
PASS: LLVM :: MC/MOS/addr-asciz.s (105 of 168)
PASS: LLVM :: CodeGen/MOS/copy-phys-reg-65816.mir (106 of 168)
PASS: LLVM :: CodeGen/MOS/lower-select.mir (107 of 168)
PASS: LLVM :: CodeGen/MOS/coalesce-remat.ll (108 of 168)
PASS: LLVM :: CodeGen/MOS/a16-trunc-i32.ll (109 of 168)
PASS: LLVM :: CodeGen/MOS/virtregrewriter-copy-liveness.mir (110 of 168)
PASS: LLVM :: MC/MOS/zeropage-huc6280.s (111 of 168)
PASS: LLVM :: MC/MOS/all-65dtv02-opcodes.s (112 of 168)
PASS: LLVM :: CodeGen/MOS/nonreentrant-nointerrupts.ll (113 of 168)
PASS: LLVM :: CodeGen/MOS/late-opt-cmpzero.mir (114 of 168)
PASS: LLVM :: CodeGen/MOS/callee-saved-regs.ll (115 of 168)
PASS: LLVM :: CodeGen/MOS/zp-alloc-deterministic.ll (116 of 168)
PASS: LLVM :: CodeGen/MOS/late-opt-spc700.mir (117 of 168)
PASS: LLVM :: MC/MOS/modifiers-spc700.s (118 of 168)
PASS: LLVM :: CodeGen/MOS/asm-printer-huc6280.mir (119 of 168)
PASS: LLVM :: CodeGen/MOS/instruction-selector-65dtv02.mir (120 of 168)
PASS: LLVM :: MC/MOS/align-nop.s (121 of 168)
PASS: LLVM :: CodeGen/MOS/commute.mir (122 of 168)
PASS: LLVM :: MC/MOS/trivial.s (123 of 168)
PASS: LLVM :: CodeGen/MOS/instruction-selector-ir-65c02.mir (124 of 168)
PASS: LLVM :: MC/MOS/asm-errors.s (125 of 168)
PASS: LLVM :: CodeGen/MOS/prologepilog.mir (126 of 168)
PASS: LLVM :: CodeGen/MOS/copy-phys-reg-spc700.mir (127 of 168)
PASS: LLVM :: CodeGen/MOS/asm-printer-ir.mir (128 of 168)
PASS: LLVM :: MC/MOS/all-w65c02-opcodes.s (129 of 168)
PASS: LLVM :: CodeGen/MOS/legalizer-65c02.mir (130 of 168)
PASS: LLVM :: CodeGen/MOS/branch-relaxation.mir (131 of 168)
PASS: LLVM :: CodeGen/MOS/nonreentrant.ll (132 of 168)
PASS: LLVM :: CodeGen/MOS/copy-phys-reg-huc6280.mir (133 of 168)
PASS: LLVM :: MC/MOS/do-init-stack.s (134 of 168)
PASS: LLVM :: CodeGen/MOS/internalize.mir (135 of 168)
PASS: LLVM :: CodeGen/MOS/copy-phys-reg-65c02.mir (136 of 168)
PASS: LLVM :: MC/MOS/long-branches-65ce02.s (137 of 168)
PASS: LLVM :: MC/MOS/all-spc700-aliases.s (138 of 168)
PASS: LLVM :: MC/MOS/long-branches-65816.s (139 of 168)
PASS: LLVM :: CodeGen/MOS/call-lowering-stack.mir (140 of 168)
PASS: LLVM :: MC/MOS/do-init-array.s (141 of 168)
PASS: LLVM :: MC/MOS/do-copy-data.s (142 of 168)
PASS: LLVM :: MC/MOS/uppercase-registers.s (143 of 168)
PASS: LLVM :: MC/MOS/do-fini-array.s (144 of 168)
PASS: LLVM :: MC/MOS/motorola-integers-default.s (145 of 168)
PASS: LLVM :: MC/MOS/pc-rel-reloc.s (146 of 168)
PASS: LLVM :: MC/MOS/all-spc700-opcodes.s (147 of 168)
PASS: LLVM :: MC/MOS/modifier-width-errors.s (148 of 168)
PASS: LLVM :: MC/MOS/all-65el02-opcodes.s (149 of 168)
PASS: LLVM :: MC/MOS/zp-regression.s (150 of 168)
PASS: LLVM :: MC/MOS/do-zero-bss.s (151 of 168)
PASS: LLVM :: MC/MOS/all-6502-opcodes.s (152 of 168)
PASS: LLVM :: MC/MOS/all-65ce02-opcodes.s (153 of 168)
PASS: LLVM :: MC/MOS/modifier-width.s (154 of 168)
PASS: LLVM :: MC/MOS/all-6502x-opcodes.s (155 of 168)
PASS: LLVM :: MC/MOS/all-45gs02-opcodes.s (156 of 168)
PASS: LLVM :: MC/MOS/all-65816-opcodes.s (157 of 168)
PASS: LLVM :: MC/MOS/all-4510-opcodes.s (158 of 168)
PASS: LLVM :: MC/MOS/branch-range-errors.s (159 of 168)
PASS: LLVM :: MC/MOS/modifier-width-65816.s (160 of 168)
PASS: LLVM :: MC/MOS/all-65816-aliases.s (161 of 168)
UNSUPPORTED: LLVM :: CodeGen/MOS/getchar-regression.ll (162 of 168)
UNSUPPORTED: LLVM :: CodeGen/MOS/legalizer-indexed-offset-observer.mir (163 of 168)
PASS: LLVM :: MC/MOS/all-huc6280-opcodes.s (164 of 168)
PASS: LLVM :: MC/MOS/all-65c02-opcodes.s (165 of 168)
PASS: LLVM :: MC/MOS/all-r65c02-opcodes.s (166 of 168)
PASS: LLVM :: MC/MOS/ophis-hello-world.s (167 of 168)
PASS: LLVM :: MC/MOS/inst-lda.s (168 of 168)
********************
Failed Tests (4):
  LLVM :: CodeGen/MOS/legalizer.mir
  LLVM :: CodeGen/MOS/scavenger-p-undef-6502.ll
  LLVM :: CodeGen/MOS/shift-rotate.ll
  LLVM :: MC/MOS/addressing-modes-65816.s


Testing Time: 2.00s

Total Discovered Tests: 168
  Unsupported:   2 (1.19%)
  Passed     : 162 (96.43%)
  Failed     :   4 (2.38%)
