; ModuleID = '/home/will/llvm-mos-65816/.scratch/upstream-pin-2026-10-09/source/clang/test/CodeGen/builtin-prefetch-arg-type.c'
source_filename = "/home/will/llvm-mos-65816/.scratch/upstream-pin-2026-10-09/source/clang/test/CodeGen/builtin-prefetch-arg-type.c"
target datalayout = "e-P1-p:16:8-i8:8-i16:8-i32:8-i64:8-f32:8-f64:8-n8:16-a:8"
target triple = "avr"

; Function Attrs: noinline nounwind optnone
define dso_local void @test_int(ptr noundef %p) addrspace(1) #0 {
entry:
  %p.addr = alloca ptr, align 1
  store ptr %p, ptr %p.addr, align 1
  %0 = load ptr, ptr %p.addr, align 1
  call addrspace(1) void @llvm.prefetch.p0(ptr %0, i32 1, i32 3, i32 1)
  ret void
}

; Function Attrs: nocallback nofree nosync nounwind willreturn memory(argmem: readwrite, inaccessiblemem: readwrite)
declare void @llvm.prefetch.p0(ptr readonly captures(none), i32 immarg range(i32 0, 2), i32 immarg range(i32 0, 4), i32 immarg range(i32 0, 2)) addrspace(1) #1

; Function Attrs: noinline nounwind optnone
define dso_local void @test_long(ptr noundef %p) addrspace(1) #0 {
entry:
  %p.addr = alloca ptr, align 1
  store ptr %p, ptr %p.addr, align 1
  %0 = load ptr, ptr %p.addr, align 1
  call addrspace(1) void @llvm.prefetch.p0(ptr %0, i32 1, i32 3, i32 1)
  ret void
}

; Function Attrs: noinline nounwind optnone
define dso_local void @test_defaulted_hints(ptr noundef %p) addrspace(1) #0 {
entry:
  %p.addr = alloca ptr, align 1
  store ptr %p, ptr %p.addr, align 1
  %0 = load ptr, ptr %p.addr, align 1
  call addrspace(1) void @llvm.prefetch.p0(ptr %0, i32 0, i32 3, i32 1)
  ret void
}

attributes #0 = { noinline nounwind optnone "no-trapping-math"="true" "stack-protector-buffer-size"="8" }
attributes #1 = { nocallback nofree nosync nounwind willreturn memory(argmem: readwrite, inaccessiblemem: readwrite) }

!llvm.module.flags = !{!0}
!llvm.ident = !{!1}

!0 = !{i32 1, !"wchar_size", i32 2}
!1 = !{!"clang version 24.0.0git (/home/will/llvm-mos-65816/.scratch/upstream-pin-2026-10-09/source/clang f24948c7d1a4b9f162d4d0192ccceecab1e441ff)"}
