llvm-lit: /work/build/register-exhaustion-src/llvm/utils/lit/lit/llvm/subst.py:130: note: Did not find lli in /work/build/0029-cross-target-build/bin
llvm-lit: /work/build/register-exhaustion-src/llvm/utils/lit/lit/llvm/subst.py:130: note: Did not find llvm-strip in /work/build/0029-cross-target-build/bin
llvm-lit: /work/build/register-exhaustion-src/llvm/utils/lit/lit/llvm/subst.py:130: note: Did not find llvm-install-name-tool in /work/build/0029-cross-target-build/bin
llvm-lit: /work/build/register-exhaustion-src/llvm/utils/lit/lit/llvm/subst.py:130: note: Did not find llvm-bitcode-strip in /work/build/0029-cross-target-build/bin
llvm-lit: /work/build/register-exhaustion-src/llvm/utils/lit/lit/llvm/subst.py:130: note: Did not find llvm-extract-bundle-entry in /work/build/0029-cross-target-build/bin
llvm-lit: /work/build/register-exhaustion-src/llvm/utils/lit/lit/llvm/subst.py:130: note: Did not find dsymutil in /work/build/0029-cross-target-build/bin
llvm-lit: /work/build/register-exhaustion-src/llvm/utils/lit/lit/llvm/subst.py:130: note: Did not find lli in /work/build/0029-cross-target-build/bin
llvm-lit: /work/build/register-exhaustion-src/llvm/utils/lit/lit/llvm/subst.py:130: note: Did not find lli-child-target in /work/build/0029-cross-target-build/bin
llvm-lit: /work/build/register-exhaustion-src/llvm/utils/lit/lit/llvm/subst.py:130: note: Did not find llubi in /work/build/0029-cross-target-build/bin
llvm-lit: /work/build/register-exhaustion-src/llvm/utils/lit/lit/llvm/subst.py:130: note: Did not find llvm-ar in /work/build/0029-cross-target-build/bin
llvm-lit: /work/build/register-exhaustion-src/llvm/utils/lit/lit/llvm/subst.py:130: note: Did not find llvm-addr2line in /work/build/0029-cross-target-build/bin
llvm-lit: /work/build/register-exhaustion-src/llvm/utils/lit/lit/llvm/subst.py:130: note: Did not find llvm-bcanalyzer in /work/build/0029-cross-target-build/bin
llvm-lit: /work/build/register-exhaustion-src/llvm/utils/lit/lit/llvm/subst.py:130: note: Did not find llvm-bitcode-strip in /work/build/0029-cross-target-build/bin
llvm-lit: /work/build/register-exhaustion-src/llvm/utils/lit/lit/llvm/subst.py:130: note: Did not find llvm-cas in /work/build/0029-cross-target-build/bin
llvm-lit: /work/build/register-exhaustion-src/llvm/utils/lit/lit/llvm/subst.py:130: note: Did not find llvm-cov in /work/build/0029-cross-target-build/bin
llvm-lit: /work/build/register-exhaustion-src/llvm/utils/lit/lit/llvm/subst.py:130: note: Did not find llvm-ctxprof-util in /work/build/0029-cross-target-build/bin
llvm-lit: /work/build/register-exhaustion-src/llvm/utils/lit/lit/llvm/subst.py:130: note: Did not find llvm-cxxdump in /work/build/0029-cross-target-build/bin
llvm-lit: /work/build/register-exhaustion-src/llvm/utils/lit/lit/llvm/subst.py:130: note: Did not find llvm-cvtres in /work/build/0029-cross-target-build/bin
llvm-lit: /work/build/register-exhaustion-src/llvm/utils/lit/lit/llvm/subst.py:130: note: Did not find llvm-debuginfod-find in /work/build/0029-cross-target-build/bin
llvm-lit: /work/build/register-exhaustion-src/llvm/utils/lit/lit/llvm/subst.py:130: note: Did not find llvm-debuginfo-analyzer in /work/build/0029-cross-target-build/bin
llvm-lit: /work/build/register-exhaustion-src/llvm/utils/lit/lit/llvm/subst.py:130: note: Did not find llvm-diff in /work/build/0029-cross-target-build/bin
llvm-lit: /work/build/register-exhaustion-src/llvm/utils/lit/lit/llvm/subst.py:130: note: Did not find llvm-dwarfutil in /work/build/0029-cross-target-build/bin
llvm-lit: /work/build/register-exhaustion-src/llvm/utils/lit/lit/llvm/subst.py:130: note: Did not find llvm-dwp in /work/build/0029-cross-target-build/bin
llvm-lit: /work/build/register-exhaustion-src/llvm/utils/lit/lit/llvm/subst.py:130: note: Did not find llvm-dlltool in /work/build/0029-cross-target-build/bin
llvm-lit: /work/build/register-exhaustion-src/llvm/utils/lit/lit/llvm/subst.py:130: note: Did not find llvm-exegesis in /work/build/0029-cross-target-build/bin
llvm-lit: /work/build/register-exhaustion-src/llvm/utils/lit/lit/llvm/subst.py:130: note: Did not find llvm-extract in /work/build/0029-cross-target-build/bin
llvm-lit: /work/build/register-exhaustion-src/llvm/utils/lit/lit/llvm/subst.py:130: note: Did not find llvm-extract-bundle-entry in /work/build/0029-cross-target-build/bin
llvm-lit: /work/build/register-exhaustion-src/llvm/utils/lit/lit/llvm/subst.py:130: note: Did not find llvm-ir2vec in /work/build/0029-cross-target-build/bin
llvm-lit: /work/build/register-exhaustion-src/llvm/utils/lit/lit/llvm/subst.py:130: note: Did not find llvm-isel-fuzzer in /work/build/0029-cross-target-build/bin
llvm-lit: /work/build/register-exhaustion-src/llvm/utils/lit/lit/llvm/subst.py:130: note: Did not find llvm-ifs in /work/build/0029-cross-target-build/bin
llvm-lit: /work/build/register-exhaustion-src/llvm/utils/lit/lit/llvm/subst.py:130: note: Did not find llvm-install-name-tool in /work/build/0029-cross-target-build/bin
llvm-lit: /work/build/register-exhaustion-src/llvm/utils/lit/lit/llvm/subst.py:130: note: Did not find llvm-jitlink in /work/build/0029-cross-target-build/bin
llvm-lit: /work/build/register-exhaustion-src/llvm/utils/lit/lit/llvm/subst.py:130: note: Did not find llvm-opt-fuzzer in /work/build/0029-cross-target-build/bin
llvm-lit: /work/build/register-exhaustion-src/llvm/utils/lit/lit/llvm/subst.py:130: note: Did not find llvm-lib in /work/build/0029-cross-target-build/bin
llvm-lit: /work/build/register-exhaustion-src/llvm/utils/lit/lit/llvm/subst.py:130: note: Did not find llvm-lto in /work/build/0029-cross-target-build/bin
llvm-lit: /work/build/register-exhaustion-src/llvm/utils/lit/lit/llvm/subst.py:130: note: Did not find llvm-mca in /work/build/0029-cross-target-build/bin
llvm-lit: /work/build/register-exhaustion-src/llvm/utils/lit/lit/llvm/subst.py:130: note: Did not find llvm-modextract in /work/build/0029-cross-target-build/bin
llvm-lit: /work/build/register-exhaustion-src/llvm/utils/lit/lit/llvm/subst.py:130: note: Did not find llvm-otool in /work/build/0029-cross-target-build/bin
llvm-lit: /work/build/register-exhaustion-src/llvm/utils/lit/lit/llvm/subst.py:130: note: Did not find llvm-pdbutil in /work/build/0029-cross-target-build/bin
llvm-lit: /work/build/register-exhaustion-src/llvm/utils/lit/lit/llvm/subst.py:130: note: Did not find llvm-profgen in /work/build/0029-cross-target-build/bin
llvm-lit: /work/build/register-exhaustion-src/llvm/utils/lit/lit/llvm/subst.py:130: note: Did not find llvm-ranlib in /work/build/0029-cross-target-build/bin
llvm-lit: /work/build/register-exhaustion-src/llvm/utils/lit/lit/llvm/subst.py:130: note: Did not find llvm-rc in /work/build/0029-cross-target-build/bin
llvm-lit: /work/build/register-exhaustion-src/llvm/utils/lit/lit/llvm/subst.py:130: note: Did not find llvm-rtdyld in /work/build/0029-cross-target-build/bin
llvm-lit: /work/build/register-exhaustion-src/llvm/utils/lit/lit/llvm/subst.py:130: note: Did not find llvm-split in /work/build/0029-cross-target-build/bin
llvm-lit: /work/build/register-exhaustion-src/llvm/utils/lit/lit/llvm/subst.py:130: note: Did not find llvm-stress in /work/build/0029-cross-target-build/bin
llvm-lit: /work/build/register-exhaustion-src/llvm/utils/lit/lit/llvm/subst.py:130: note: Did not find llvm-strings in /work/build/0029-cross-target-build/bin
llvm-lit: /work/build/register-exhaustion-src/llvm/utils/lit/lit/llvm/subst.py:130: note: Did not find llvm-strip in /work/build/0029-cross-target-build/bin
llvm-lit: /work/build/register-exhaustion-src/llvm/utils/lit/lit/llvm/subst.py:130: note: Did not find llvm-readtapi in /work/build/0029-cross-target-build/bin
llvm-lit: /work/build/register-exhaustion-src/llvm/utils/lit/lit/llvm/subst.py:130: note: Did not find llvm-undname in /work/build/0029-cross-target-build/bin
llvm-lit: /work/build/register-exhaustion-src/llvm/utils/lit/lit/llvm/subst.py:130: note: Did not find llvm-windres in /work/build/0029-cross-target-build/bin
llvm-lit: /work/build/register-exhaustion-src/llvm/utils/lit/lit/llvm/subst.py:130: note: Did not find llvm-c-test in /work/build/0029-cross-target-build/bin
llvm-lit: /work/build/register-exhaustion-src/llvm/utils/lit/lit/llvm/subst.py:130: note: Did not find llvm-cxxfilt in /work/build/0029-cross-target-build/bin
llvm-lit: /work/build/register-exhaustion-src/llvm/utils/lit/lit/llvm/subst.py:130: note: Did not find llvm-xray in /work/build/0029-cross-target-build/bin
llvm-lit: /work/build/register-exhaustion-src/llvm/utils/lit/lit/llvm/subst.py:130: note: Did not find obj2yaml in /work/build/0029-cross-target-build/bin
llvm-lit: /work/build/register-exhaustion-src/llvm/utils/lit/lit/llvm/subst.py:130: note: Did not find yaml-bench in /work/build/0029-cross-target-build/bin
llvm-lit: /work/build/register-exhaustion-src/llvm/utils/lit/lit/llvm/subst.py:130: note: Did not find llvm-symbolizer in /work/build/0029-cross-target-build/bin
llvm-lit: /work/build/register-exhaustion-src/llvm/utils/lit/lit/llvm/subst.py:130: note: Did not find sancov in /work/build/0029-cross-target-build/bin
llvm-lit: /work/build/register-exhaustion-src/llvm/utils/lit/lit/llvm/subst.py:130: note: Did not find sanstats in /work/build/0029-cross-target-build/bin
llvm-lit: /work/build/register-exhaustion-src/llvm/utils/lit/lit/llvm/subst.py:130: note: Did not find llvm-remarkutil in /work/build/0029-cross-target-build/bin
-- Testing: 140 tests, 3 workers --
PASS: LLVM :: CodeGen/MOS/inc-dec-65ce02.ll (1 of 140)
PASS: LLVM :: CodeGen/MOS/legalizer.mir (2 of 140)
PASS: LLVM :: CodeGen/MOS/cmpzero-terminator-invalid.mir (3 of 140)
PASS: LLVM :: MC/MOS/eflags-ir.ll (4 of 140)
PASS: LLVM :: CodeGen/MOS/vector-scalarize.ll (5 of 140)
PASS: LLVM :: MC/MOS/branch-range-boundary.s (6 of 140)
PASS: LLVM :: CodeGen/MOS/instruction-selector.mir (7 of 140)
PASS: LLVM :: CodeGen/MOS/shift-rotate.ll (8 of 140)
PASS: LLVM :: MC/MOS/brk-signature.s (9 of 140)
PASS: LLVM :: CodeGen/MOS/scmp-ucmp.ll (10 of 140)
PASS: LLVM :: CodeGen/MOS/jump-table-limit.ll (11 of 140)
PASS: LLVM :: MC/MOS/eflags.s (12 of 140)
PASS: LLVM :: CodeGen/MOS/fcmp.ll (13 of 140)
PASS: LLVM :: CodeGen/MOS/integer-compare.ll (14 of 140)
PASS: LLVM :: CodeGen/MOS/branch-relaxation-65ce02.mir (15 of 140)
PASS: LLVM :: CodeGen/MOS/char-stats-norecurse.ll (16 of 140)
PASS: LLVM :: CodeGen/MOS/branch-relaxation-bra.mir (17 of 140)
PASS: LLVM :: MC/MOS/cop-signature.s (18 of 140)
PASS: LLVM :: CodeGen/MOS/char-stats.ll (19 of 140)
PASS: LLVM :: CodeGen/MOS/hello-world.ll (20 of 140)
PASS: LLVM :: CodeGen/MOS/inc-dec.ll (21 of 140)
PASS: LLVM :: CodeGen/MOS/print-int.ll (22 of 140)
PASS: LLVM :: CodeGen/MOS/store-zero.ll (23 of 140)
PASS: LLVM :: CodeGen/MOS/static-stack.ll (24 of 140)
PASS: LLVM :: MC/MOS/long-branches-65ce02.s (25 of 140)
PASS: LLVM :: CodeGen/MOS/combiner.mir (26 of 140)
PASS: LLVM :: CodeGen/MOS/add-sub.ll (27 of 140)
PASS: LLVM :: CodeGen/MOS/inc-dec-65c02.ll (28 of 140)
PASS: LLVM :: CodeGen/MOS/copy-opt-loop.mir (29 of 140)
PASS: LLVM :: CodeGen/MOS/mos-conventional-ssa-ties.mir (30 of 140)
PASS: LLVM :: CodeGen/MOS/inc-dec-6502x.ll (31 of 140)
PASS: LLVM :: CodeGen/MOS/prologepilog-ir.mir (32 of 140)
PASS: LLVM :: CodeGen/MOS/copy-opt-chain.mir (33 of 140)
PASS: LLVM :: MC/MOS/long-branches-65816.s (34 of 140)
PASS: LLVM :: CodeGen/MOS/inline-asm-zp-csr.ll (35 of 140)
PASS: LLVM :: MC/MOS/branch-range-matrix-bcc8.s (36 of 140)
PASS: LLVM :: CodeGen/MOS/immediate-remat.ll (37 of 140)
PASS: LLVM :: CodeGen/MOS/zp-alloc.ll (38 of 140)
PASS: LLVM :: CodeGen/MOS/asm-printer-spc700.mir (39 of 140)
PASS: LLVM :: CodeGen/MOS/shift-rotate-chain.mir (40 of 140)
PASS: LLVM :: CodeGen/MOS/asm-printer.mir (41 of 140)
PASS: LLVM :: CodeGen/MOS/copy-opt.mir (42 of 140)
PASS: LLVM :: MC/MOS/addressing-modes-65816.s (43 of 140)
PASS: LLVM :: CodeGen/MOS/zp-alloc-preexisting.ll (44 of 140)
PASS: LLVM :: CodeGen/MOS/mos-conventional-ssa.mir (45 of 140)
PASS: LLVM :: CodeGen/MOS/legalizer-ir.mir (46 of 140)
PASS: LLVM :: CodeGen/MOS/indexiv.ll (47 of 140)
PASS: LLVM :: CodeGen/MOS/late-opt.mir (48 of 140)
PASS: LLVM :: CodeGen/MOS/no-csr.ll (49 of 140)
PASS: LLVM :: CodeGen/MOS/instruction-selector-ir.mir (50 of 140)
PASS: LLVM :: CodeGen/MOS/coalesce-remat.ll (51 of 140)
PASS: LLVM :: CodeGen/MOS/prologepilog.mir (52 of 140)
PASS: LLVM :: CodeGen/MOS/insert-copies.mir (53 of 140)
PASS: LLVM :: CodeGen/MOS/legalizer-65c02.mir (54 of 140)
PASS: LLVM :: MC/MOS/zeropage-huc6280.s (55 of 140)
PASS: LLVM :: CodeGen/MOS/cmp-select.ll (56 of 140)
PASS: LLVM :: CodeGen/MOS/scavenger.mir (57 of 140)
PASS: LLVM :: CodeGen/MOS/scavenger-65c02.mir (58 of 140)
PASS: LLVM :: CodeGen/MOS/legalizer-huc6280.mir (59 of 140)
PASS: LLVM :: CodeGen/MOS/ret-global-addr.ll (60 of 140)
PASS: LLVM :: CodeGen/MOS/late-opt-spc700.mir (61 of 140)
PASS: LLVM :: CodeGen/MOS/light-spill.ll (62 of 140)
PASS: LLVM :: CodeGen/MOS/copy-phys-reg-huc6280.mir (63 of 140)
PASS: LLVM :: CodeGen/MOS/indvar-simplify-20230930.ll (64 of 140)
PASS: LLVM :: CodeGen/MOS/leaf-20231021.ll (65 of 140)
PASS: LLVM :: CodeGen/MOS/trivial.ll (66 of 140)
PASS: LLVM :: CodeGen/MOS/whole-program-zp.ll (67 of 140)
PASS: LLVM :: CodeGen/MOS/postrapseudos.mir (68 of 140)
PASS: LLVM :: CodeGen/MOS/copy-phys-reg-65c02.mir (69 of 140)
PASS: LLVM :: CodeGen/MOS/zeropage.ll (70 of 140)
PASS: LLVM :: CodeGen/MOS/call-lowering.mir (71 of 140)
PASS: LLVM :: CodeGen/MOS/instruction-selector-ir-spc700.mir (72 of 140)
PASS: LLVM :: CodeGen/MOS/dp-pointer-arg.ll (73 of 140)
PASS: LLVM :: CodeGen/MOS/instruction-selector-ir-65c02.mir (74 of 140)
PASS: LLVM :: CodeGen/MOS/commute.mir (75 of 140)
PASS: LLVM :: CodeGen/MOS/callee-saved-regs.ll (76 of 140)
PASS: LLVM :: CodeGen/MOS/copy-phys-reg.mir (77 of 140)
PASS: LLVM :: CodeGen/MOS/asm-printer-huc6280.mir (78 of 140)
PASS: LLVM :: CodeGen/MOS/regalloc.mir (79 of 140)
PASS: LLVM :: CodeGen/MOS/finalize-isel.mir (80 of 140)
PASS: LLVM :: CodeGen/MOS/instruction-selector-65dtv02.mir (81 of 140)
PASS: LLVM :: CodeGen/MOS/lower-select.mir (82 of 140)
PASS: LLVM :: CodeGen/MOS/call-lowering-stack.mir (83 of 140)
PASS: LLVM :: CodeGen/MOS/instruction-selector-spc700.mir (84 of 140)
PASS: LLVM :: CodeGen/MOS/asm-printer-ir.mir (85 of 140)
PASS: LLVM :: CodeGen/MOS/branch-relaxation.mir (86 of 140)
PASS: LLVM :: CodeGen/MOS/zp-alloc-deterministic.ll (87 of 140)
PASS: LLVM :: CodeGen/MOS/call-lowering-spc700.mir (88 of 140)
PASS: LLVM :: CodeGen/MOS/inlineasm-constraint.mir (89 of 140)
PASS: LLVM :: CodeGen/MOS/late-opt-65c02.mir (90 of 140)
PASS: LLVM :: CodeGen/MOS/internalize.mir (91 of 140)
PASS: LLVM :: CodeGen/MOS/copy-phys-reg-65816.mir (92 of 140)
PASS: LLVM :: CodeGen/MOS/nonreentrant.ll (93 of 140)
PASS: LLVM :: CodeGen/MOS/late-opt-cmpzero.mir (94 of 140)
PASS: LLVM :: CodeGen/MOS/copy-phys-reg-spc700.mir (95 of 140)
PASS: LLVM :: MC/MOS/zeropage.s (96 of 140)
PASS: LLVM :: MC/MOS/branch-range-matrix-65816.s (97 of 140)
PASS: LLVM :: MC/MOS/align-nop.s (98 of 140)
PASS: LLVM :: CodeGen/MOS/postrapseudos-huc6280.mir (99 of 140)
PASS: LLVM :: CodeGen/MOS/late-opt-65816.mir (100 of 140)
PASS: LLVM :: MC/MOS/modifiers.s (101 of 140)
PASS: LLVM :: MC/MOS/modifiers-spc700.s (102 of 140)
PASS: LLVM :: MC/MOS/zp-regression.s (103 of 140)
PASS: LLVM :: CodeGen/MOS/nonreentrant-nointerrupts.ll (104 of 140)
PASS: LLVM :: MC/MOS/pc-rel-reloc.s (105 of 140)
PASS: LLVM :: MC/MOS/motorola-integers-default.s (106 of 140)
PASS: LLVM :: MC/MOS/bit-branch-target-r65c02.s (107 of 140)
PASS: LLVM :: CodeGen/MOS/branch-relaxation-inline-asm.mir (108 of 140)
PASS: LLVM :: MC/MOS/all-45gs02-opcodes.s (109 of 140)
PASS: LLVM :: MC/MOS/all-huc6280-opcodes.s (110 of 140)
PASS: LLVM :: MC/MOS/modifiers-65816.s (111 of 140)
PASS: LLVM :: MC/MOS/branch-range-matrix-65ce02.s (112 of 140)
PASS: LLVM :: MC/MOS/addr-asciz.s (113 of 140)
PASS: LLVM :: MC/MOS/all-65816-aliases.s (114 of 140)
PASS: LLVM :: MC/MOS/all-65dtv02-opcodes.s (115 of 140)
PASS: LLVM :: MC/MOS/all-spc700-opcodes.s (116 of 140)
PASS: LLVM :: MC/MOS/uppercase-registers.s (117 of 140)
PASS: LLVM :: MC/MOS/all-6502-opcodes.s (118 of 140)
PASS: LLVM :: CodeGen/MOS/postrapseudos-spc700.mir (119 of 140)
FAIL: LLVM :: CodeGen/MOS/regalloc-spc700.mir (120 of 140)
******************** TEST 'LLVM :: CodeGen/MOS/regalloc-spc700.mir' FAILED ********************
Exit Code: 2

Command Output (stdout):
--
# RUN: at line 2
/work/build/0029-cross-target-build/bin/llc -mtriple=mos -mcpu=mosspc700 -run-pass=greedy,virtregrewriter -verify-machineinstrs -o - /work/build/register-exhaustion-src/llvm/test/CodeGen/MOS/regalloc-spc700.mir | /work/build/0029-cross-target-build/bin/FileCheck /work/build/register-exhaustion-src/llvm/test/CodeGen/MOS/regalloc-spc700.mir
# executed command: /work/build/0029-cross-target-build/bin/llc -mtriple=mos -mcpu=mosspc700 -run-pass=greedy,virtregrewriter -verify-machineinstrs -o - /work/build/register-exhaustion-src/llvm/test/CodeGen/MOS/regalloc-spc700.mir
# .---command stderr------------
# | llc: /work/build/register-exhaustion-src/llvm/lib/CodeGen/AllocationOrder.cpp:103: static AllocationOrder llvm::AllocationOrder::create(Register, const VirtRegMap &, const RegisterClassInfo &, const LiveRegMatrix *): Assertion `all_of(AO.hints(), [&](MCPhysReg Hint) { return is_contained(AO.Order, Hint); }) && "Target hint is outside allocation order."' failed.
# | PLEASE submit a bug report to https://github.com/llvm/llvm-project/issues/ and include the crash backtrace and instructions to reproduce the bug.
# | Stack dump:
# | 0.	Program arguments: /work/build/0029-cross-target-build/bin/llc -mtriple=mos -mcpu=mosspc700 -run-pass=greedy,virtregrewriter -verify-machineinstrs -o - /work/build/register-exhaustion-src/llvm/test/CodeGen/MOS/regalloc-spc700.mir
# | 1.	Running pass 'Function Pass Manager' on module '/work/build/register-exhaustion-src/llvm/test/CodeGen/MOS/regalloc-spc700.mir'.
# | 2.	Running pass 'Greedy Register Allocator' on function '@indirect_thunk_opcode'
# |  #0 0x000063d9c218995b llvm::sys::PrintStackTrace(llvm::raw_ostream&, int) (/work/build/0029-cross-target-build/bin/llc+0x135695b)
# |  #1 0x000063d9c21866c1 llvm::sys::RunSignalHandlers() (/work/build/0029-cross-target-build/bin/llc+0x13536c1)
# |  #2 0x000063d9c218a39b SignalHandler(int, siginfo_t*, void*) Signals.cpp:0:0
# |  #3 0x0000774a3acbecb0 (/usr/lib/x86_64-linux-gnu/libc.so.6+0x45cb0)
# |  #4 0x0000774a3ad1f1ac pthread_kill (/usr/lib/x86_64-linux-gnu/libc.so.6+0xa61ac)
# |  #5 0x0000774a3acbeb7e raise (/usr/lib/x86_64-linux-gnu/libc.so.6+0x45b7e)
# |  #6 0x0000774a3aca18ec abort (/usr/lib/x86_64-linux-gnu/libc.so.6+0x288ec)
# |  #7 0x0000774a3aca2979 (/usr/lib/x86_64-linux-gnu/libc.so.6+0x29979)
# |  #8 0x0000774a3acb4f75 __assert_fail (/usr/lib/x86_64-linux-gnu/libc.so.6+0x3bf75)
# |  #9 0x000063d9c2d756b1 llvm::AllocationOrder::create(llvm::Register, llvm::VirtRegMap const&, llvm::RegisterClassInfo const&, llvm::LiveRegMatrix const*) AllocationOrder.cpp:0:0
# | #10 0x000063d9c2dab139 llvm::RAGreedy::selectOrSplitImpl(llvm::LiveInterval const&, llvm::SmallVectorImpl<llvm::Register>&, llvm::SmallSet<llvm::Register, 16u, std::less<llvm::Register>>&, llvm::SmallVector<std::pair<llvm::LiveInterval const*, llvm::MCRegister>, 8u>&, unsigned int) RegAllocGreedy.cpp:0:0
# | #11 0x000063d9c2dab9d7 llvm::RAGreedy::selectOrSplit(llvm::LiveInterval const&, llvm::SmallVectorImpl<llvm::Register>&) RegAllocGreedy.cpp:0:0
# | #12 0x000063d9c2d73aea llvm::RegAllocBase::allocatePhysRegs() (/work/build/0029-cross-target-build/bin/llc+0x1f40aea)
# | #13 0x000063d9c2d9d587 llvm::RAGreedy::run(llvm::MachineFunction&) RegAllocGreedy.cpp:0:0
# | #14 0x000063d9c2db03d9 (anonymous namespace)::RAGreedyLegacy::runOnMachineFunction(llvm::MachineFunction&) RegAllocGreedy.cpp:0:0
# | #15 0x000063d9c27f8d1d llvm::MachineFunctionPass::runOnFunction(llvm::Function&) (/work/build/0029-cross-target-build/bin/llc+0x19c5d1d)
# | #16 0x000063d9c2478a92 llvm::FPPassManager::runOnFunction(llvm::Function&) (/work/build/0029-cross-target-build/bin/llc+0x1645a92)
# | #17 0x000063d9c2480ea2 llvm::FPPassManager::runOnModule(llvm::Module&) (/work/build/0029-cross-target-build/bin/llc+0x164dea2)
# | #18 0x000063d9c2479904 llvm::legacy::PassManagerImpl::run(llvm::Module&) (/work/build/0029-cross-target-build/bin/llc+0x1646904)
# | #19 0x000063d9c2191637 compileModule(char**, llvm::SmallVectorImpl<llvm::PassPlugin>&, llvm::LLVMContext&, std::__cxx11::basic_string<char, std::char_traits<char>, std::allocator<char>>&) llcdriver.cpp:0:0
# | #20 0x000063d9c218e9b3 llcMain (/work/build/0029-cross-target-build/bin/llc+0x135b9b3)
# | #21 0x000063d9c20ca4af main (/work/build/0029-cross-target-build/bin/llc+0x12974af)
# | #22 0x0000774a3aca3601 (/usr/lib/x86_64-linux-gnu/libc.so.6+0x2a601)
# | #23 0x0000774a3aca3718 __libc_start_main (/usr/lib/x86_64-linux-gnu/libc.so.6+0x2a718)
# | #24 0x000063d9c20ca3a5 _start (/work/build/0029-cross-target-build/bin/llc+0x12973a5)
# `-----------------------------
# error: command failed with exit status: -6
# executed command: /work/build/0029-cross-target-build/bin/FileCheck /work/build/register-exhaustion-src/llvm/test/CodeGen/MOS/regalloc-spc700.mir
# .---command stderr------------
# | FileCheck error: '<stdin>' is empty.
# | FileCheck command line:  /work/build/0029-cross-target-build/bin/FileCheck /work/build/register-exhaustion-src/llvm/test/CodeGen/MOS/regalloc-spc700.mir
# `-----------------------------
# error: command failed with exit status: 2

--

********************
PASS: LLVM :: MC/MOS/all-65ce02-opcodes.s (121 of 140)
PASS: LLVM :: MC/MOS/do-init-stack.s (122 of 140)
PASS: LLVM :: MC/MOS/do-init-array.s (123 of 140)
PASS: LLVM :: MC/MOS/branch-range-errors.s (124 of 140)
PASS: LLVM :: MC/MOS/all-r65c02-opcodes.s (125 of 140)
PASS: LLVM :: MC/MOS/do-zero-bss.s (126 of 140)
PASS: LLVM :: MC/MOS/all-65816-opcodes.s (127 of 140)
PASS: LLVM :: MC/MOS/asm-errors.s (128 of 140)
PASS: LLVM :: MC/MOS/all-6502x-opcodes.s (129 of 140)
PASS: LLVM :: MC/MOS/inst-lda.s (130 of 140)
PASS: LLVM :: MC/MOS/all-65c02-opcodes.s (131 of 140)
PASS: LLVM :: MC/MOS/all-4510-opcodes.s (132 of 140)
PASS: LLVM :: MC/MOS/all-spc700-aliases.s (133 of 140)
PASS: LLVM :: MC/MOS/ophis-hello-world.s (134 of 140)
PASS: LLVM :: MC/MOS/all-65el02-opcodes.s (135 of 140)
PASS: LLVM :: MC/MOS/all-w65c02-opcodes.s (136 of 140)
PASS: LLVM :: MC/MOS/do-copy-data.s (137 of 140)
PASS: LLVM :: MC/MOS/trivial.s (138 of 140)
PASS: LLVM :: MC/MOS/do-fini-array.s (139 of 140)
UNSUPPORTED: LLVM :: CodeGen/MOS/getchar-regression.ll (140 of 140)
********************
Failed Tests (1):
  LLVM :: CodeGen/MOS/regalloc-spc700.mir


Testing Time: 2.69s

Total Discovered Tests: 140
  Unsupported:   1 (0.71%)
  Passed     : 138 (98.57%)
  Failed     :   1 (0.71%)
