ninja: Entering directory `/work/build/0029-cross-target-build'
[0/1] Re-running CMake...
-- Doxygen disabled.
-- Could NOT find LibXml2 (missing: LIBXML2_LIBRARY LIBXML2_INCLUDE_DIR) (found version "")
-- Could NOT find LibEdit (missing: LibEdit_INCLUDE_DIRS LibEdit_LIBRARIES) 
-- LLVM host triple: x86_64-unknown-linux-gnu
-- Native target architecture is X86
-- Threads enabled.
-- Ninja version: 1.13.2
-- Could NOT find OCaml (missing: OCAMLFIND OCAML_VERSION OCAML_STDLIB_PATH) 
-- Could NOT find OCaml (missing: OCAMLFIND OCAML_VERSION OCAML_STDLIB_PATH) 
-- OCaml bindings disabled.
-- LLVM default target triple: x86_64-unknown-linux-gnu
-- Building with -fPIC
-- Precompiled headers enabled.
-- Targeting X86
-- Targeting ARM
-- Targeting AArch64
-- Targeting MOS
-- Not building llvm-mt because libxml2 is not available
-- Registering ExampleIRTransforms as a pass plugin (static build: OFF)
-- Registering Bye as a pass plugin (static build: OFF)
-- Failed to find LLVM FileCheck
-- Google Benchmark version: v1.9.5, normalized to 1.9.5
CMake Warning at /work/build/register-exhaustion-src/third-party/benchmark/CMakeLists.txt:329 (message):
  Using std::regex with exceptions disabled is not fully supported


-- Configuring done (5.7s)
-- Generating done (3.0s)
-- Build files have been written to: /work/build/0029-cross-target-build
[1/1526] Building CXX object lib/Support/CMakeFiles/LLVMSupport.dir/APFloat.cpp.o
[2/1526] Linking CXX static library lib/libLLVMSupport.a
[3/1526] Linking CXX executable bin/llvm-min-tblgen
[4/1526] Building GenVT.inc...
[5/1477] Building TargetLibraryInfo.inc...
[6/1477] Building AArch64TargetParserDef.inc...
[7/1476] Building ARMTargetParserDef.inc...
[8/1476] Building PPCGenTargetFeatures.inc...
[9/1475] Building R600TargetParserDef.inc...
[10/1475] Building RISCVTargetParserDef.inc...
[11/1473] Building Attributes.inc...
[12/1473] Building IntrinsicEnums.inc...
[13/810] Building IntrinsicImpl.inc...
[14/810] Building IntrinsicsAArch64.h...
[15/809] Building IntrinsicsAMDGPU.h...
[16/808] Building IntrinsicsARM.h...
[17/805] Building IntrinsicsAVR.h...
[18/805] Building IntrinsicsBPF.h...
[19/805] Building IntrinsicsDirectX.h...
[20/804] Building IntrinsicsHexagon.h...
[21/802] Building IntrinsicsLoongArch.h...
[22/802] Building IntrinsicsMips.h...
[23/802] Building IntrinsicsNVPTX.h...
[24/800] Building IntrinsicsPowerPC.h...
[25/800] Building IntrinsicsR600.h...
[26/800] Building IntrinsicsRISCV.h...
[27/800] Building IntrinsicsS390.h...
[28/800] Building IntrinsicsSPIRV.h...
[29/800] Building IntrinsicsVE.h...
[30/800] Building IntrinsicsWebAssembly.h...
[31/798] Building AMDGPUTargetParserDef.inc...
[32/793] Building IntrinsicsX86.h...
[33/789] Building RuntimeLibcalls.inc...
[34/424] Building OMP.h.inc...
[35/418] Building OMP.inc...
[36/416] Building IntrinsicsXCore.h...
[37/414] Linking CXX executable bin/FileCheck
[38/414] Linking CXX executable bin/llvm-tblgen
[39/414] Building X86GenAsmMatcher.inc...
[40/414] Building CXX object lib/CodeGen/CMakeFiles/LLVMCodeGen.dir/MachineOperand.cpp.o
[41/414] Building X86GenAsmWriter.inc...
[42/414] Building X86GenAsmWriter1.inc...
[43/414] Building X86GenCallingConv.inc...
[44/414] Building X86GenDisassemblerTables.inc...
[45/414] Building X86GenExegesis.inc...
[46/414] Building X86GenDAGISel.inc...
[47/414] Building X86GenFoldTables.inc...
[48/414] Building X86GenFastISel.inc...
[49/414] Building X86GenGlobalISel.inc...
[50/414] Building X86GenInstrMapping.inc...
[51/414] Building X86GenMnemonicTables.inc...
[52/414] Building X86GenPostLegalizeGICombiner.inc...
[53/414] Building X86GenInstrInfo.inc...
[54/414] Building X86GenPreLegalizeGICombiner.inc...
[55/414] Building X86GenRegisterBank.inc...
[56/414] Building X86GenRegisterInfo.inc...
[57/413] Building X86GenSDNodeInfo.inc...
[58/413] Building ARMGenAsmMatcher.inc...
[59/413] Building ARMGenAsmWriter.inc...
[60/413] Building ARMGenCallingConv.inc...
[61/413] Building ARMGenDAGISel.inc...
[62/413] Building ARMGenDisassemblerTables.inc...
[63/413] Building ARMGenFastISel.inc...
[64/413] Building X86GenSubtargetInfo.inc...
[65/328] Building ARMGenGlobalISel.inc...
[66/328] Building ARMGenMCCodeEmitter.inc...
[67/328] Building ARMGenMCPseudoLowering.inc...
[68/328] Building ARMGenInstrInfo.inc...
[69/328] Building ARMGenRegisterBank.inc...
[70/328] Building ARMGenRegisterInfo.inc...
[71/328] Building ARMGenSDNodeInfo.inc...
[72/328] Building ARMGenSystemRegister.inc...
[73/328] Building ARMGenSubtargetInfo.inc...
[74/262] Building AArch64GenAsmWriter.inc...
[75/262] Building AArch64GenAsmMatcher.inc...
[76/262] Building AArch64GenCallingConv.inc...
[77/262] Building AArch64GenAsmWriter1.inc...
[78/262] Building AArch64GenDisassemblerTables.inc...
[79/262] Building AArch64GenExegesis.inc...
[80/262] Building AArch64GenDAGISel.inc...
[81/262] Building AArch64GenFastISel.inc...
[82/262] Building AArch64GenGlobalISel.inc...
[83/262] Building AArch64GenMCCodeEmitter.inc...
[84/262] Building AArch64GenMCPseudoLowering.inc...
[85/262] Building AArch64GenO0PreLegalizeGICombiner.inc...
[86/262] Building AArch64GenPostLegalizeGICombiner.inc...
[87/262] Building AArch64GenPostLegalizeGILowering.inc...
[88/262] Building AArch64GenPreLegalizeGICombiner.inc...
[89/262] Building AArch64GenRegisterBank.inc...
[90/262] Building AArch64GenRegisterInfo.inc...
[91/262] Building AArch64GenSDNodeInfo.inc...
[92/262] Building AArch64GenInstrInfo.inc...
[93/262] Building AArch64GenSystemOperands.inc...
[94/262] Building MOSGenAsmMatcher.inc...
[95/262] Building MOSGenAsmWriter.inc...
[96/262] Building MOSGenCallingConv.inc...
[97/262] Building MOSGenDAGISel.inc...
[98/262] Building MOSGenDisassemblerTables.inc...
[99/262] Building MOSGenGICombiner.inc...
[100/262] Building MOSGenGlobalISel.inc...
[101/262] Building MOSGenInstrInfo.inc...
[102/261] Building MOSGenMCCodeEmitter.inc...
[103/261] Building MOSGenMCPseudoLowering.inc...
[104/261] Building MOSGenRegisterBank.inc...
[105/261] Building MOSGenRegisterInfo.inc...
[106/261] Building MOSGenSearchableTables.inc...
[107/261] Building MOSGenSubtargetInfo.inc...
[108/261] Building AArch64GenSubtargetInfo.inc...
[109/175] Building CXX object lib/Target/MOS/MCTargetDesc/CMakeFiles/LLVMMOSDesc.dir/MOSELFObjectWriter.cpp.o
[110/175] Building CXX object lib/Target/MOS/MCTargetDesc/CMakeFiles/LLVMMOSDesc.dir/MOSInstPrinter.cpp.o
[111/175] Building CXX object lib/Target/MOS/MCTargetDesc/CMakeFiles/LLVMMOSDesc.dir/MOSAsmBackend.cpp.o
[112/175] Building CXX object lib/Target/MOS/MCTargetDesc/CMakeFiles/LLVMMOSDesc.dir/MOSMCAsmInfo.cpp.o
[113/175] Building CXX object lib/Target/MOS/MCTargetDesc/CMakeFiles/LLVMMOSDesc.dir/MOSMCCodeEmitter.cpp.o
[114/175] Building CXX object lib/Target/MOS/MCTargetDesc/CMakeFiles/LLVMMOSDesc.dir/MOSMCELFStreamer.cpp.o
[115/175] Building CXX object lib/Target/MOS/MCTargetDesc/CMakeFiles/LLVMMOSDesc.dir/MOSMCTargetDesc.cpp.o
[116/175] Building CXX object lib/Target/MOS/MCTargetDesc/CMakeFiles/LLVMMOSDesc.dir/MOSTargetStreamer.cpp.o
[117/175] Building CXX object lib/Target/MOS/MCTargetDesc/CMakeFiles/LLVMMOSDesc.dir/MOSMCInstrAnalysis.cpp.o
[118/175] Building CXX object lib/Target/MOS/CMakeFiles/LLVMMOSCodeGen.dir/MOSCallLowering.cpp.o
[119/175] Building CXX object lib/Target/MOS/CMakeFiles/LLVMMOSCodeGen.dir/MOSAsmPrinter.cpp.o
[120/175] Building CXX object lib/Target/MOS/CMakeFiles/LLVMMOSCodeGen.dir/MOSCallingConv.cpp.o
[121/175] Building CXX object lib/Target/MOS/CMakeFiles/LLVMMOSCodeGen.dir/MOSCopyOpt.cpp.o
[122/175] Building CXX object lib/Target/MOS/CMakeFiles/LLVMMOSCodeGen.dir/MOSFrameLowering.cpp.o
[123/175] Building CXX object lib/Target/MOS/CMakeFiles/LLVMMOSCodeGen.dir/MOSCombiner.cpp.o
[124/175] Building CXX object lib/Target/MOS/CMakeFiles/LLVMMOSCodeGen.dir/MOSInsertCopies.cpp.o
[125/175] Building CXX object lib/Target/MOS/CMakeFiles/LLVMMOSCodeGen.dir/MOSISelLowering.cpp.o
[126/175] Building CXX object lib/Target/MOS/CMakeFiles/LLVMMOSCodeGen.dir/MOSInstrInfo.cpp.o
[127/175] Building CXX object lib/Target/MOS/CMakeFiles/LLVMMOSCodeGen.dir/MOSLateOptimization.cpp.o
[128/175] Building CXX object lib/Target/MOS/CMakeFiles/LLVMMOSCodeGen.dir/MOSInstructionSelector.cpp.o
[129/175] Building CXX object lib/Target/MOS/CMakeFiles/LLVMMOSCodeGen.dir/MOSLowerSelect.cpp.o
[130/175] Building CXX object lib/Target/MOS/CMakeFiles/LLVMMOSCodeGen.dir/MOSLegalizerInfo.cpp.o
[131/175] Building CXX object lib/Target/MOS/CMakeFiles/LLVMMOSCodeGen.dir/MOSMCInstLower.cpp.o
[132/175] Building CXX object lib/Target/MOS/CMakeFiles/LLVMMOSCodeGen.dir/MOSMachineScheduler.cpp.o
[133/175] Building CXX object lib/Target/MOS/CMakeFiles/LLVMMOSCodeGen.dir/MOSPostRAScavenging.cpp.o
[134/175] Building CXX object lib/Target/MOS/CMakeFiles/LLVMMOSCodeGen.dir/MOSRegisterBankInfo.cpp.o
[135/175] Building CXX object lib/Target/MOS/CMakeFiles/LLVMMOSCodeGen.dir/MOSShiftRotateChain.cpp.o
[136/175] Building CXX object lib/Target/MOS/CMakeFiles/LLVMMOSCodeGen.dir/MOSRegisterInfo.cpp.o
[137/175] Building CXX object lib/Target/MOS/CMakeFiles/LLVMMOSCodeGen.dir/MOSStaticStackAlloc.cpp.o
[138/175] Building CXX object lib/Target/MOS/CMakeFiles/LLVMMOSCodeGen.dir/MOSSubtarget.cpp.o
[139/175] Building CXX object lib/Target/MOS/CMakeFiles/LLVMMOSCodeGen.dir/MOSTargetObjectFile.cpp.o
[140/175] Building CXX object lib/Target/MOS/CMakeFiles/LLVMMOSCodeGen.dir/MOSTargetMachine.cpp.o
[141/175] Building CXX object lib/Target/MOS/CMakeFiles/LLVMMOSCodeGen.dir/MOSZeroPageAlloc.cpp.o
[142/175] Building Opts.inc...
[143/174] Building ObjdumpOpts.inc...
[144/173] Building CXX object lib/CodeGen/MIRParser/CMakeFiles/LLVMMIRParser.dir/MILexer.cpp.o
[145/173] Building CXX object lib/Target/MOS/AsmParser/CMakeFiles/LLVMMOSAsmParser.dir/MOSAsmParser.cpp.o
[146/173] Building CXX object lib/CodeGen/MIRParser/CMakeFiles/LLVMMIRParser.dir/MIParser.cpp.o
[147/173] Building Opts.inc...
[148/172] Building OtoolOpts.inc...
[149/171] Linking CXX executable bin/count
[150/171] Linking CXX static library lib/libLLVMCodeGen.a
[151/171] Linking CXX static library lib/libLLVMMOSDesc.a
[152/171] Linking CXX static library lib/libLLVMMIRParser.a
[153/171] Linking CXX static library lib/libLLVMMOSCodeGen.a
[154/171] Linking CXX static library lib/libLLVMMOSAsmParser.a
[155/171] Linking CXX executable bin/llvm-readobj
[156/171] Linking CXX executable bin/not
[157/171] Linking CXX executable bin/split-file
[158/171] Linking CXX executable bin/llvm-nm
[159/171] Generating ../../bin/llvm-readelf
[160/171] Linking CXX executable bin/llc
[161/171] Linking CXX executable bin/llvm-as
[162/171] Linking CXX executable bin/llvm-dis
[163/171] Linking CXX executable bin/llvm-link
[164/171] Linking CXX executable bin/opt
[165/171] Linking CXX executable bin/verify-uselistorder
[166/171] Linking CXX executable bin/yaml2obj
[167/171] Building CXX object lib/Target/MOS/Disassembler/CMakeFiles/LLVMMOSDisassembler.dir/MOSDisassembler.cpp.o
[168/171] Linking CXX static library lib/libLLVMMOSDisassembler.a
[169/171] Linking CXX executable bin/llvm-mc
[170/171] Linking CXX executable bin/llvm-objdump
