ninja: Entering directory `build/llvm-mos'
[1/60] Building MOSGenGICombiner.inc...
[2/60] Building MOSGenCallingConv.inc...
[3/60] Building MOSGenDisassemblerTables.inc...
[4/60] Building MOSGenAsmWriter.inc...
[5/60] Building MOSGenAsmMatcher.inc...
[6/60] Building MOSGenDAGISel.inc...
[7/60] Building MOSGenMCPseudoLowering.inc...
[8/60] Building MOSGenRegisterBank.inc...
[9/60] Building MOSGenMCCodeEmitter.inc...
[10/60] Building MOSGenRegisterInfo.inc...
[11/60] Building MOSGenGlobalISel.inc...
[12/60] Building MOSGenInstrInfo.inc...
[13/60] Building MOSGenSearchableTables.inc...
[14/60] Building MOSGenSubtargetInfo.inc...
[15/60] Building CXX object lib/Target/MOS/MCTargetDesc/CMakeFiles/LLVMMOSDesc.dir/MOSMCAsmInfo.cpp.o
[16/60] Building CXX object lib/Target/MOS/MCTargetDesc/CMakeFiles/LLVMMOSDesc.dir/MOSInstPrinter.cpp.o
[17/60] Building CXX object lib/Target/MOS/MCTargetDesc/CMakeFiles/LLVMMOSDesc.dir/MOSELFObjectWriter.cpp.o
[18/60] Building CXX object lib/Target/MOS/MCTargetDesc/CMakeFiles/LLVMMOSDesc.dir/MOSMCCodeEmitter.cpp.o
[19/60] Building CXX object lib/Target/MOS/MCTargetDesc/CMakeFiles/LLVMMOSDesc.dir/MOSMCELFStreamer.cpp.o
[20/60] Building CXX object lib/Target/MOS/MCTargetDesc/CMakeFiles/LLVMMOSDesc.dir/MOSTargetStreamer.cpp.o
[21/60] Building CXX object lib/Target/MOS/MCTargetDesc/CMakeFiles/LLVMMOSDesc.dir/MOSMCTargetDesc.cpp.o
[22/60] Building CXX object lib/Target/MOS/CMakeFiles/LLVMMOSCodeGen.dir/MOSCallingConv.cpp.o
[23/60] Building CXX object lib/Target/MOS/CMakeFiles/LLVMMOSCodeGen.dir/MOSCallLowering.cpp.o
[24/60] Building CXX object lib/Target/MOS/CMakeFiles/LLVMMOSCodeGen.dir/MOSAsmPrinter.cpp.o
[25/60] Building CXX object lib/Target/MOS/MCTargetDesc/CMakeFiles/LLVMMOSDesc.dir/MOSMCInstrAnalysis.cpp.o
[26/60] Building CXX object lib/Target/MOS/MCTargetDesc/CMakeFiles/LLVMMOSDesc.dir/MOSAsmBackend.cpp.o
[27/60] Building CXX object lib/Target/MOS/CMakeFiles/LLVMMOSCodeGen.dir/MOSInsertCopies.cpp.o
[28/60] Building CXX object lib/Target/MOS/CMakeFiles/LLVMMOSCodeGen.dir/MOSCopyOpt.cpp.o
[29/60] Building CXX object lib/Target/MOS/CMakeFiles/LLVMMOSCodeGen.dir/MOSFrameLowering.cpp.o
[30/60] Building CXX object lib/Target/MOS/CMakeFiles/LLVMMOSCodeGen.dir/MOSIndexIV.cpp.o
[31/60] Building CXX object lib/Target/MOS/CMakeFiles/LLVMMOSCodeGen.dir/MOSCombiner.cpp.o
/work/vendor/llvm-mos/llvm/lib/Target/MOS/MOSCombiner.cpp:462:15: warning: unused function 'nearAbsLoad' [-Wunused-function]
  462 | static GLoad *nearAbsLoad(Register R, const MachineRegisterInfo &MRI) {
      |               ^~~~~~~~~~~
/work/vendor/llvm-mos/llvm/lib/Target/MOS/MOSCombiner.cpp:474:13: warning: unused function 'isCommutativeAlu' [-Wunused-function]
  474 | static bool isCommutativeAlu(unsigned Opc) {
      |             ^~~~~~~~~~~~~~~~
2 warnings generated.
[32/60] Building CXX object lib/Target/MOS/CMakeFiles/LLVMMOSCodeGen.dir/MOSISelLowering.cpp.o
[33/60] Building CXX object lib/Target/MOS/CMakeFiles/LLVMMOSCodeGen.dir/MOSInsertREPSEP.cpp.o
[34/60] Building CXX object lib/Target/MOS/CMakeFiles/LLVMMOSCodeGen.dir/MOSLateOptimization.cpp.o
[35/60] Building CXX object lib/Target/MOS/CMakeFiles/LLVMMOSCodeGen.dir/MOSInstrInfo.cpp.o
[36/60] Building CXX object lib/Target/MOS/CMakeFiles/LLVMMOSCodeGen.dir/MOSLowerReturnAddress.cpp.o
[37/60] Building CXX object lib/Target/MOS/CMakeFiles/LLVMMOSCodeGen.dir/MOSMachineScheduler.cpp.o
[38/60] Building CXX object lib/Target/MOS/CMakeFiles/LLVMMOSCodeGen.dir/MOSLowerSelect.cpp.o
[39/60] Building CXX object lib/Target/MOS/CMakeFiles/LLVMMOSCodeGen.dir/MOSPostRAScavenging.cpp.o
[40/60] Building CXX object lib/Target/MOS/CMakeFiles/LLVMMOSCodeGen.dir/MOSRegisterBankInfo.cpp.o
[41/60] Building CXX object lib/Target/MOS/CMakeFiles/LLVMMOSCodeGen.dir/MOSMCInstLower.cpp.o
[42/60] Building CXX object lib/Target/MOS/CMakeFiles/LLVMMOSCodeGen.dir/MOSInstructionSelector.cpp.o
[43/60] Building CXX object lib/Target/MOS/CMakeFiles/LLVMMOSCodeGen.dir/MOSShiftRotateChain.cpp.o
[44/60] Building CXX object lib/Target/MOS/CMakeFiles/LLVMMOSCodeGen.dir/MOSLegalizerInfo.cpp.o
[45/60] Building CXX object lib/Target/MOS/CMakeFiles/LLVMMOSCodeGen.dir/MOSSubtarget.cpp.o
[46/60] Building CXX object lib/Target/MOS/CMakeFiles/LLVMMOSCodeGen.dir/MOSTargetObjectFile.cpp.o
[47/60] Building CXX object lib/Target/MOS/CMakeFiles/LLVMMOSCodeGen.dir/MOSStaticStackAlloc.cpp.o
[48/60] Linking CXX static library lib/libLLVMMOSDesc.a
[49/60] Building CXX object lib/Target/MOS/CMakeFiles/LLVMMOSCodeGen.dir/MOSRegisterInfo.cpp.o
[50/60] Building CXX object lib/Target/MOS/AsmParser/CMakeFiles/LLVMMOSAsmParser.dir/MOSAsmParser.cpp.o
[51/60] Linking CXX static library lib/libLLVMMOSAsmParser.a
[52/60] Building CXX object lib/Target/MOS/CMakeFiles/LLVMMOSCodeGen.dir/MOSZeroPageAlloc.cpp.o
[53/60] Building CXX object lib/Target/MOS/CMakeFiles/LLVMMOSCodeGen.dir/MOSTargetMachine.cpp.o
[54/60] Linking CXX static library lib/libLLVMMOSCodeGen.a
[55/60] Building CXX object lib/Target/MOS/Disassembler/CMakeFiles/LLVMMOSDisassembler.dir/MOSDisassembler.cpp.o
[56/60] Linking CXX executable bin/llc
[57/60] Linking CXX static library lib/libLLVMMOSDisassembler.a
[58/60] Linking CXX executable bin/lld
[59/60] Linking CXX executable bin/clang-23
[60/60] Creating executable symlink bin/clang
