$ build/split-320-321/llc/r3-321-11 -mtriple=mos -mcpu=moshuc6280 -O2 docs/defects/evidence/2026-10-01-huc-blockmove-frameindex/blockmove-stack.ll -o -
# llc build/split-320-321/llc/r3-321-11 sha256 eb4183faa87e8e8d009f10dbb051cec4f695a3e43bf6a600062a05d8ee78a5d4
	.zeropage	__rc0
	.zeropage	__rc1
	.zeropage	__rc2
	.zeropage	__rc3
	.zeropage	__rc4
	.zeropage	__rc5
	.zeropage	__rc6
	.zeropage	__rc7
	.zeropage	__rc8
	.zeropage	__rc9
	.zeropage	__rc10
	.zeropage	__rc11
	.zeropage	__rc12
	.zeropage	__rc13
	.zeropage	__rc14
	.zeropage	__rc15
	.zeropage	__rc16
	.zeropage	__rc17
	.zeropage	__rc18
	.zeropage	__rc19
	.zeropage	__rc20
	.zeropage	__rc21
	.zeropage	__rc22
	.zeropage	__rc23
	.zeropage	__rc24
	.zeropage	__rc25
	.zeropage	__rc26
	.zeropage	__rc27
	.zeropage	__rc28
	.zeropage	__rc29
	.zeropage	__rc30
	.zeropage	__rc31
	.file	"blockmove-stack.ll"
	.text
	.globl	fill                            ; -- Begin function fill
	.type	fill,@function
fill:                                   ; @fill
; %bb.0:
	tii	.L__const.fill.line,.Lfill_sstk,#16
	tii	.L__const.fill.line+16,.Lfill_sstk+16,#16
	ldx	#mos16lo(.Lfill_sstk)
	ldy	#mos16hi(.Lfill_sstk)
	stx	__rc2
	sty	__rc3
	jmp	use
.Lfunc_end0:
	.size	fill, .Lfunc_end0-fill
                                        ; -- End function
	.type	.L__const.fill.line,@object     ; @__const.fill.line
	.section	.rodata.cst32,"aM",@progbits,32
.L__const.fill.line:
	.ascii	"0123456789abcdefghijklmnopqrstuv"
	.size	.L__const.fill.line, 32

	.type	.Lstatic_stack,@object          ; @static_stack
	.section	.noinit,"aw",@nobits
	.p2align	4, 0x0
.Lstatic_stack:
	.zero	32
	.size	.Lstatic_stack, 32

.Lfill_sstk = .Lstatic_stack
	.size	.Lfill_sstk, 32
	.section	".note.GNU-stack","",@progbits
	;Declaring this symbol tells the CRT that the stack pointer needs to be initialized.
	.globl	__do_init_stack
exit_code=0
